ACFAIL				= C76B, L: SPADDCOLSPR
ACLOOP				= C6EE, L: SPADDCOLSPR
ACNOCRY				= C6DD, L: SPADDCOLSPR
ACNOCRY3			= C73E, L: SPADDCOLSPR
ADJLOOP				= C509, L: SPMOVESPRABS
ADJUSTGRAPHICS			= C64C, L: SPMOVESPRABS
APBRANCH1			= 62FD, L: MK2
APBRANCH2			= 6340, L: MK2
APBRANCH3			= 632C, L: MK2
APBRANCH4			= 6323, L: MK2
APGET4BITS			= 6315, L: MK2
APLOOP				= 6302, L: MK2
APLOOP0				= 62FF, L: MK2
APSKIP2				= 635F, L: MK2
APSKIP3				= 6368, L: MK2
APWRITEBYTE			= 631F, L: MK2
AP_FINISHUP			= 636B, L: MK2
AP_FINISHUP2			= 636E, L: MK2
AP_GETBIT			= 6381, L: MK2
AP_GETGAMMA			= 638D, L: MK2
AP_GETGAMMALOOP			= 6390, L: MK2
AP_R0_GAMMA			= 6375, L: MK2
ATMAXCOUNT			= C998, L: SPGETKEY
BASE_GRAPHICS			= 5EB6, G: ZX82_CRT0
BROKEN				= C4E7, L: SPINTRECT
CALL_ROM3			= 5EAA, G: ZX82_CRT0
CLEANUP				= 5E9F, G: ZX82_CRT0
CLEANUP_EXIT			= 5EA0, L: ZX82_CRT0
CLEAR				= D04F, L: SPUPDATENOW
CNT_1A				= B066, L: MK2
CNT_1B				= B06A, L: MK2
CNT_2				= B077, L: MK2
COLOURSPRITE			= D04D, L: SPUPDATENOW
COMPUTEDISP			= C629, L: SPMOVESPRABS
CONT				= C90E, L: SPCREATESPR
CONT1				= CAD8, L: SPINITIALIZE
COORDS				= 5EB4, G: ZX82_CRT0
COPYBUFFER			= D05A, L: SPUPDATENOW
COUNT				= C952, L: SPGETKEY
CSENTER				= C8F7, L: SPCREATESPR
CSFAIL1				= C92F, L: SPCREATESPR
CSFAIL2				= C931, L: SPCREATESPR
CSLOOP				= C8E3, L: SPCREATESPR
CSNOCRY				= C925, L: SPCREATESPR
CURRENT_INST			= AFC4, L: MK2
DEPACK				= 62FA, L: MK2
DIRTYAREA			= CE81, L: SPUPDATENOW
DIRTYLOOP			= CE5B, L: SPUPDATENOW
DIV_1A				= B06D, L: MK2
DIV_1B				= B070, L: MK2
DIV_2				= B07A, L: MK2
DN_LOOP0			= B1A3, L: MK2
DN_LOOP1			= B1AB, L: MK2
DONE				= CE1C, L: SPREGISTERHOOKLAST
DOSPRITE			= CF43, L: SPUPDATENOW
DRAWCHAR			= CEF1, L: SPUPDATENOW
DRUMS				= B149, L: MK2
DRUM_NOISE			= B19F, L: MK2
DRUM_NOISE1			= B189, L: MK2
DRUM_NOISE2			= B191, L: MK2
DRUM_NOISE3			= B199, L: MK2
DRUM_TABLE			= B234, L: MK2
DRUM_TONE			= B16C, L: MK2
DRUM_TONE1			= B156, L: MK2
DRUM_TONE2			= B15A, L: MK2
DRUM_TONE3			= B15E, L: MK2
DRUM_TONE4			= B162, L: MK2
DRUM_TONE5			= B166, L: MK2
DRUM_TONE6			= B16A, L: MK2
DT_LOOP0			= B173, L: MK2
DT_LOOP1			= B180, L: MK2
ENEMS_LOOP_CONTINUE_A		= A570, L: MK2
ENTRY				= B6F0, L: L_DIV_U
ENTRYLP				= CAB4, L: SPINITIALIZE
EXITCOUNT			= 5EBC, G: ZX82_CRT0
EXITSP				= 5EBA, G: ZX82_CRT0
EXIT_PLAYER			= B054, L: MK2
FADE_OUT_BUCLE			= 9533, L: MK2
FADE_OUT_EXTERN			= 952D, L: MK2
FREQ_TABLE			= B1BC, L: MK2
FSCLIPSTRUCT			= 5F2D, L: MK2
GENERICISR			= C836, L: SPCREATEGENERICISR
HEAPBLOCKS			= 5EBF, G: ZX82_CRT0
HEAPLAST			= 5EBD, G: ZX82_CRT0
HIDE_SPRITES_ENEMS_LOOP		= A9E9, L: MK2
IB1				= C7B8, L: SPADDMEMORY
IB2				= C7BF, L: SPADDMEMORY
INK_DONE			= 953A, L: MK2
INSTRUM_TBL			= B045, L: MK2
INVALIDATE			= C61A, L: SPMOVESPRABS
INVCOLLP			= C3D2, L: SPINVALIDATE
INVFULLCHAR			= C3E5, L: SPINVALIDATE
INVROWLP			= C3E7, L: SPINVALIDATE
I_1				= B2C4, L: MK2
I_100				= 9850, L: MK2
I_101				= 9828, L: MK2
I_102_I_101			= 982B, L: MK2
I_103				= 9886, L: MK2
I_104				= 9886, L: MK2
I_105				= 98BD, L: MK2
I_106				= 98BD, L: MK2
I_107				= 98E2, L: MK2
I_108				= 98F0, L: MK2
I_109				= 9903, L: MK2
I_110				= 9990, L: MK2
I_111				= 9990, L: MK2
I_112				= 9964, L: MK2
I_114				= 99F4, L: MK2
I_115				= 99F4, L: MK2
I_116				= 99CC, L: MK2
I_118				= 9A47, L: MK2
I_119				= 9A4A, L: MK2
I_120				= 9AFC, L: MK2
I_121				= 9A83, L: MK2
I_122				= 9A81, L: MK2
I_124_I_121			= 9A86, L: MK2
I_125				= 9AC5, L: MK2
I_126				= 9AC2, L: MK2
I_127				= 9AFC, L: MK2
I_128				= 9AFC, L: MK2
I_129				= 9AFC, L: MK2
I_13				= 63D1, L: MK2
I_130				= 9B33, L: MK2
I_131				= 9B0B, L: MK2
I_132_I_131			= 9B0E, L: MK2
I_133				= 9B68, L: MK2
I_134				= 9B68, L: MK2
I_135				= 9B9D, L: MK2
I_136				= 9B9D, L: MK2
I_137				= 9BC2, L: MK2
I_138				= 9BD0, L: MK2
I_139				= 9BE3, L: MK2
I_140				= 9C70, L: MK2
I_141				= 9C70, L: MK2
I_142				= 9C44, L: MK2
I_144				= 9CD8, L: MK2
I_145				= 9CD8, L: MK2
I_146				= 9CAC, L: MK2
I_148				= 9CEC, L: MK2
I_149				= 9CFD, L: MK2
I_15				= 8C6A, L: MK2
I_150				= 9CFD, L: MK2
I_151				= 9D34, L: MK2
I_152				= 9D1C, L: MK2
I_153_I_152			= 9D1F, L: MK2
I_154				= 9D80, L: MK2
I_155				= 9D80, L: MK2
I_156				= 9D67, L: MK2
I_157				= 9E17, L: MK2
I_158				= 9E1E, L: MK2
I_159				= 9E8A, L: MK2
I_160				= 9EA3, L: MK2
I_161				= 9EB5, L: MK2
I_162				= 9FDA, L: MK2
I_163				= 9EBA, L: MK2
I_164				= 9FD7, L: MK2
I_165				= 9F27, L: MK2
I_166_I_165			= 9F2A, L: MK2
I_168				= 9FD7, L: MK2
I_169				= 9F49, L: MK2
I_17				= 8DCC, L: MK2
I_170				= 9F4F, L: MK2
I_171				= 9FD7, L: MK2
I_172				= A04B, L: MK2
I_173				= A5AA, L: MK2
I_174				= A055, L: MK2
I_175				= A0E6, L: MK2
I_176				= A570, L: MK2
I_177				= A103, L: MK2
I_179				= A4AA, L: MK2
I_18				= 8DB5, L: MK2
I_180				= A108, L: MK2
I_181				= A11B, L: MK2
I_182				= A122, L: MK2
I_183				= A18A, L: MK2
I_184				= A179, L: MK2
I_186				= A1BD, L: MK2
I_187				= A1AC, L: MK2
I_189				= A1C0, L: MK2
I_19				= 8DCF, L: MK2
I_191				= A41E, L: MK2
I_192				= A1DF, L: MK2
I_193				= A1F2, L: MK2
I_194				= A229, L: MK2
I_195				= A22C, L: MK2
I_196				= A266, L: MK2
I_197				= A384, L: MK2
I_198				= A387, L: MK2
I_199				= A41E, L: MK2
I_20				= 8DDC, L: MK2
I_200				= A493, L: MK2
I_201				= A482, L: MK2
I_202_I_201			= A485, L: MK2
I_203				= A496, L: MK2
I_204				= A570, L: MK2
I_205				= A525, L: MK2
I_206				= A4DC, L: MK2
I_207				= A4F2, L: MK2
I_208				= A570, L: MK2
I_209				= A558, L: MK2
I_21				= 8E02, L: MK2
I_210_I_209			= A55B, L: MK2
I_211				= A569, L: MK2
I_212				= A570, L: MK2
I_213				= A611, L: MK2
I_214				= A72E, L: MK2
I_215				= A731, L: MK2
I_216				= A782, L: MK2
I_217				= A78C, L: MK2
I_218				= A75D, L: MK2
I_219				= A76B, L: MK2
I_22				= 8DE6, L: MK2
I_220				= A77A, L: MK2
I_221				= A764, L: MK2
I_222				= A782, L: MK2
I_223				= A7B3, L: MK2
I_224				= A896, L: MK2
I_225				= A871, L: MK2
I_226				= A7C9, L: MK2
I_228				= A7E3, L: MK2
I_229				= A7E6, L: MK2
I_23				= 8E92, L: MK2
I_230				= A893, L: MK2
I_231				= A882, L: MK2
I_232				= A893, L: MK2
I_233				= A893, L: MK2
I_234				= A8B4, L: MK2
I_235				= A8E4, L: MK2
I_236				= A91F, L: MK2
I_237				= A900, L: MK2
I_238_I_237			= A903, L: MK2
I_239				= A953, L: MK2
I_24				= 8E9D, L: MK2
I_240				= A953, L: MK2
I_241				= A93A, L: MK2
I_242_I_241			= A93D, L: MK2
I_243				= A990, L: MK2
I_244				= A96E, L: MK2
I_245_I_244			= A971, L: MK2
I_246				= A9C7, L: MK2
I_247				= A9C7, L: MK2
I_248				= A9AB, L: MK2
I_249_I_248			= A9AE, L: MK2
I_25				= 9296, L: MK2
I_250				= A9E8, L: MK2
I_251				= AA8C, L: MK2
I_252				= AA96, L: MK2
I_253				= AA6E, L: MK2
I_254				= AAE9, L: MK2
I_255				= AB87, L: MK2
I_256				= AAEE, L: MK2
I_257				= AB8B, L: MK2
I_258				= AF28, L: MK2
I_259				= AC06, L: MK2
I_26				= 8ECA, L: MK2
I_260				= AEFC, L: MK2
I_261				= AC1E, L: MK2
I_262				= AC42, L: MK2
I_263				= ACC2, L: MK2
I_264				= AC84, L: MK2
I_266				= ACDF, L: MK2
I_267				= ACE5, L: MK2
I_268				= ACF8, L: MK2
I_269				= AD1C, L: MK2
I_27				= 90D6, L: MK2
I_270				= AD1C, L: MK2
I_271				= AE32, L: MK2
I_272				= AD94, L: MK2
I_273				= AD76, L: MK2
I_274				= ADD5, L: MK2
I_276				= ADD5, L: MK2
I_277				= ADA7, L: MK2
I_278				= ADAD, L: MK2
I_279				= ADBE, L: MK2
I_280				= AE23, L: MK2
I_281				= AE2B, L: MK2
I_282				= AE53, L: MK2
I_283				= AE50, L: MK2
I_284				= AEA8, L: MK2
I_285				= AEA8, L: MK2
I_286				= AEA8, L: MK2
I_287				= AEA2, L: MK2
I_288_I_287			= AEA5, L: MK2
I_289				= AECB, L: MK2
I_29				= 90D3, L: MK2
I_290				= AEBF, L: MK2
I_292				= AEE2, L: MK2
I_293				= AEDB, L: MK2
I_295				= AEF6, L: MK2
I_296				= AF17, L: MK2
I_297				= AF1A, L: MK2
I_30				= 8ED8, L: MK2
I_31				= 8F09, L: MK2
I_32				= 8F2E, L: MK2
I_33				= 8F53, L: MK2
I_34				= 8FD3, L: MK2
I_35				= 8FD6, L: MK2
I_36				= 8FE7, L: MK2
I_37				= 9028, L: MK2
I_38				= 902B, L: MK2
I_39				= 903C, L: MK2
I_40				= 907D, L: MK2
I_41				= 9080, L: MK2
I_42				= 9091, L: MK2
I_43				= 90AC, L: MK2
I_44				= 90C4, L: MK2
I_45				= 90C7, L: MK2
I_46				= 928D, L: MK2
I_47				= 90E4, L: MK2
I_48				= 928D, L: MK2
I_50				= 928A, L: MK2
I_51				= 90F2, L: MK2
I_52				= 9132, L: MK2
I_53				= 914B, L: MK2
I_54				= 9188, L: MK2
I_55				= 91A4, L: MK2
I_56				= 91C0, L: MK2
I_57				= 91E7, L: MK2
I_58				= 9215, L: MK2
I_59				= 9222, L: MK2
I_60				= 9228, L: MK2
I_61				= 922F, L: MK2
I_62				= 9270, L: MK2
I_63				= 9244, L: MK2
I_64				= 9273, L: MK2
I_65				= 927B, L: MK2
I_66				= 9283, L: MK2
I_69				= 9322, L: MK2
I_70				= 9325, L: MK2
I_71				= 9390, L: MK2
I_72				= 9389, L: MK2
I_73_I_72			= 938C, L: MK2
I_74				= 94B3, L: MK2
I_75				= 94C2, L: MK2
I_76				= 94A3, L: MK2
I_77				= 9501, L: MK2
I_78				= 9510, L: MK2
I_79				= 94F1, L: MK2
I_80				= 956A, L: MK2
I_81				= 9588, L: MK2
I_82				= 9581, L: MK2
I_83				= 9588, L: MK2
I_84				= 959A, L: MK2
I_85				= 959F, L: MK2
I_86				= 962D, L: MK2
I_87				= 9654, L: MK2
I_88				= 9764, L: MK2
I_89				= 9767, L: MK2
I_90				= 9819, L: MK2
I_91				= 97A0, L: MK2
I_92				= 979E, L: MK2
I_94_I_91			= 97A3, L: MK2
I_95				= 97E2, L: MK2
I_96				= 97DF, L: MK2
I_97				= 9819, L: MK2
I_98				= 9819, L: MK2
I_99				= 9819, L: MK2
JKLOOP				= CD58, L: SPJOYKEYBOARD
JPHL				= C93A, L: SPCREATESPR
JPHL				= C851, L: SPCREATEGENERICISR
JPHL				= C796, L: SPDELETESPR
JPHL				= C77C, L: SPADDCOLSPR
KEMPTBL				= CD1D, L: SPJOYKEMPSTON
KEYOK				= C94C, L: SP_GETKEY
KEYROWLOOP			= C972, L: SPGETKEY
L8098				= AFCD, L: MK2
L809B				= AFD0, L: MK2
L8168				= B08A, L: MK2
L8171				= B093, L: MK2
L8173				= B095, L: MK2
L8179				= B09B, L: MK2
L817B				= B09D, L: MK2
L8184				= B0A6, L: MK2
L8186				= B0A8, L: MK2
L818A				= B0AC, L: MK2
L8193				= B0B5, L: MK2
L8195				= B0B7, L: MK2
L819B				= B0BD, L: MK2
L819D				= B0BF, L: MK2
L81A6				= B0C8, L: MK2
L81A8				= B0CA, L: MK2
L81AC				= B0CE, L: MK2
L81B5				= B0D7, L: MK2
L81B7				= B0D9, L: MK2
L81BD				= B0DF, L: MK2
L81BF				= B0E1, L: MK2
L81C8				= B0EA, L: MK2
L81CA				= B0EC, L: MK2
L81CE				= B0F0, L: MK2
L81D7				= B0F9, L: MK2
L81D9				= B0FB, L: MK2
L81DF				= B101, L: MK2
L81E1				= B103, L: MK2
L81EA				= B10C, L: MK2
L81EC				= B10E, L: MK2
L81F9				= B11B, L: MK2
L81FB				= B11D, L: MK2
L8201				= B123, L: MK2
L8203				= B125, L: MK2
L820C				= B12E, L: MK2
L820E				= B130, L: MK2
LOADNOROTATE			= D143, L: SPUPDATENOW
LOADTYPE			= D0D5, L: SPUPDATENOW
LOOP				= CE11, L: SPREGISTERHOOKLAST
LOOP				= CAD0, L: SPINITIALIZE
LOOP				= C781, L: SPDELETESPR
L_AND				= B6CA, G: L_AND
L_ASL				= B6D1, G: L_ASL
L_ASL1				= B6D2, L: L_ASL
L_ASR				= B6D8, G: L_ASR
L_ASR1				= B6D9, L: L_ASR
L_ASR_U				= B6E2, G: L_ASR_U
L_ASR_U_1			= B6E3, L: L_ASR_U
L_DCAL				= 5EA9, G: ZX82_CRT0
L_DIV1				= B6F7, L: L_DIV_U
L_DIV2				= B701, L: L_DIV_U
L_DIV_U				= B6EC, G: L_DIV_U
L_EQ				= B70B, G: L_EQ
L_GCHAR				= B712, G: L_GCHAR
L_GE				= B718, G: L_GE
L_GINT				= B726, G: L_GINT
L_GINTSPSP			= B72B, G: L_GINTSPSP
L_GT				= B734, G: L_GT
L_LE				= B740, G: L_LE
L_LNEG				= B74E, G: L_LNEG
L_LT				= B753, G: L_LT
L_NE				= B75F, G: L_NE
L_NEG				= B766, G: L_NEG
L_OR				= B76E, G: L_OR
L_PINT				= B775, G: L_PINT
L_SXT				= B77B, G: L_SXT
L_SXT				= B713, L: L_GCHAR
L_UGE				= B780, G: L_UGE
L_UGT				= B788, G: L_UGT
L_ULE				= B78E, G: L_ULE
L_ULT				= B796, G: L_ULT
MAIN_LOOP			= AF82, L: MK2
MASKNOROTATE			= D08A, L: SPUPDATENOW
MUSICDATA			= B246, L: MK2
MUSICSTART			= AF29, L: MK2
MVCOLLOOP			= C556, L: SPMOVESPRABS
MVROWLOOP			= C55C, L: SPMOVESPRABS
NEXTDATA			= 8A54, L: MK2
NEXTSCANROW			= C987, L: SPGETKEY
NEXT_PATTERN			= AF6E, L: MK2
NOADD				= CAE2, L: SPINITIALIZE
NOCAPS				= CDB9, L: SPKEYPRESSED
NOCAPS				= C9C5, L: SPGETKEY
NODEC1				= C5E6, L: SPMOVESPRABS
NOFIRE				= CD58, L: SPJOYKEYBOARD
NOINC				= CE3C, L: SPTILEENTRY
NOINC				= C6B1, L: SPTBLLOOKUP
NOINC1				= CE73, L: SPUPDATENOW
NOINC1				= C72A, L: SPADDCOLSPR
NOINC1				= C57E, L: SPMOVESPRABS
NOINC1				= C3CE, L: SPINVALIDATE
NOINC10				= CF2A, L: SPUPDATENOW
NOINC11				= CECD, L: SPUPDATENOW
NOINC2				= C5B7, L: SPMOVESPRABS
NOINC2				= C3E1, L: SPINVALIDATE
NOINC3				= C5D8, L: SPMOVESPRABS
NOINC3				= C3F2, L: SPINVALIDATE
NOINC4				= C5F2, L: SPMOVESPRABS
NOINC5				= C658, L: SPMOVESPRABS
NOKEYS				= C9D3, L: SPGETKEY
NOMORESPRITES			= D07C, L: SPUPDATENOW
NONEXT1				= C592, L: SPMOVESPRABS
NONEXT2				= C5FF, L: SPMOVESPRABS
NOPRESS				= CD63, L: SPJOYKEYBOARD
NOPRESS				= C982, L: SPGETKEY
NOSYM				= CDC5, L: SPKEYPRESSED
NOSYM				= C9D0, L: SPGETKEY
NOTACROSSBLK1			= CE6B, L: SPUPDATENOW
NOTACROSSBLK2			= CEBB, L: SPUPDATENOW
NOTCOMPRESS			= C909, L: SPCREATESPR
NOTDISPLAYED			= C5FF, L: SPMOVESPRABS
NOTDONE				= C566, L: SPMOVESPRABS
NOTE_PTR			= B1BA, L: MK2
NOTINDLIST			= C592, L: SPMOVESPRABS
NOTLOAD				= CF1F, L: SPUPDATENOW
NOTNEGATIVE			= C647, L: SPMOVESPRABS
NO_PATTERN_LOOP			= AF79, L: MK2
ORNOROTATE			= D2A0, L: SPUPDATENOW
ORTYPE				= D21A, L: SPUPDATENOW
OTHER				= B02E, L: MK2
OUT_1				= B073, L: MK2
OUT_2				= B07D, L: MK2
PAPER_DONE			= 9542, L: MK2
PAT0				= B256, L: MK2
PAT1				= B28D, L: MK2
PATTERNDATA			= B24E, L: MK2
PATTERN_ADDR			= B1B7, L: MK2
PATTERN_LOOP_BEGIN		= AF78, L: MK2
PATTERN_LOOP_END		= AF74, L: MK2
PATTERN_PTR			= B1B9, L: MK2
PDLOOP				= C5AF, L: SPMOVESPRABS
PLAYER				= AF4D, L: MK2
PLAYER_WAIT_KEY			= B085, L: MK2
PLAY_NOTE			= B07E, L: MK2
POPREG				= C864, L: SPCREATEGENERICISR
POSITION			= C839, L: SPCREATEGENERICISR
PRINT_STR_LOOP			= 8D01, L: MK2
PUSHREG				= C842, L: SPCREATEGENERICISR
PUTHERE				= C5C9, L: SPMOVESPRABS
READDATA			= 89FC, L: MK2
READDATA_SOUND			= 8A05, L: MK2
READ_LOOP			= AF85, L: MK2
REENTER				= CE73, L: SPUPDATENOW
RENDER				= B05C, L: MK2
RND				= 9458, L: MK2
ROTLP				= CAB7, L: SPINITIALIZE
ROTTBLLP			= CAAD, L: SPINITIALIZE
RUNHOOKS			= C852, L: SPCREATEGENERICISR
SCANLOOP			= C96E, L: SPGETKEY
SET_NOTE2			= AFF6, L: MK2
SET_STOP			= B00A, L: MK2
SET_STOP2			= B023, L: MK2
SFXROUTINENOISE			= 8A58, L: MK2
SFXROUTINENOISE_BORDER		= 8A66, L: MK2
SFXROUTINENOISE_L0		= 8A5F, L: MK2
SFXROUTINENOISE_L1		= 8A63, L: MK2
SFXROUTINENOISE_L2		= 8A73, L: MK2
SFXROUTINETONE			= 8A17, L: MK2
SFXROUTINETONE_BORDER		= 8A31, L: MK2
SFXROUTINETONE_DUTY		= 8A2C, L: MK2
SFXROUTINETONE_L0		= 8A26, L: MK2
SFXROUTINETONE_L1		= 8A2A, L: MK2
SINC1TBL			= CD7D, L: SPJOYSINCLAIR1
SKIP				= C9AF, L: SPGETKEY
SKIP1				= C668, L: SPMOVESPRABS
SKIP2				= C678, L: SPMOVESPRABS
SKIPUPDATECOL			= D087, L: SPUPDATENOW
SKIP_CH1			= B04E, L: MK2
SND_TICK			= 5EC1, G: ZX82_CRT0
SOUNDEFFECTSDATA		= 8A87, L: MK2
SOUNDEFFECTSDATA_SFX0		= 8A9F, L: MK2
SOUNDEFFECTSDATA_SFX1		= 8AAB, L: MK2
SOUNDEFFECTSDATA_SFX10		= 8B71, L: MK2
SOUNDEFFECTSDATA_SFX11		= 8B79, L: MK2
SOUNDEFFECTSDATA_SFX2		= 8AB7, L: MK2
SOUNDEFFECTSDATA_SFX3		= 8AD1, L: MK2
SOUNDEFFECTSDATA_SFX4		= 8ADD, L: MK2
SOUNDEFFECTSDATA_SFX5		= 8AE9, L: MK2
SOUNDEFFECTSDATA_SFX6		= 8AF5, L: MK2
SOUNDEFFECTSDATA_SFX7		= 8B0C, L: MK2
SOUNDEFFECTSDATA_SFX8		= 8B4F, L: MK2
SOUNDEFFECTSDATA_SFX9		= 8B69, L: MK2
SOUND_PLAY			= 89EB, L: MK2
SPADDCOLSPR			= C6D2, G: SPADDCOLSPR
SPADDMEMORY			= C7B0, G: SPADDMEMORY
SPALLOC				= C801, G: SPBLOCKALLOC
SPBIT2MASK			= C6A3, G: SPBIT2MASK
SPBITLEFT2MASK			= C400, G: SPBITLEFT2MASK
SPBITRIGHT2MASK			= C408, G: SPBITRIGHT2MASK
SPBLOCKALLOC			= C7F7, G: SPBLOCKALLOC
SPBORDER			= C81C, G: SPBORDER
SPBORDERCLR			= C81B, G: SPBORDER
SPCOMPDIRTYADDR			= C410, G: SPCOMPDIRTYADDR
SPCOMPDLISTADDR			= B79C, G: SPCOMPDLISTADDR
SPCREATEGENERICISR		= C82D, G: SPCREATEGENERICISR
SPCREATESPR			= C892, G: SPCREATESPR
SPDELETESPR			= C77D, G: SPDELETESPR
SPDIRTYCHARS			= C425, G: SPDIRTYCHARS
SPDISPLAYLIST			= B7AD, G: SPDISPLAYLIST
SPDSLOOP			= C78E, G: SPDELETESPR
SPFB1				= C7D1, G: SPFREEBLOCK
SPFB2				= C7DC, G: SPFREEBLOCK
SPFREEBLOCK			= C7CC, G: SPFREEBLOCK
SPGETKEY			= C967, G: SPGETKEY
SPINITIALIZE			= CA87, G: SPINITIALIZE
SPINITIM2			= CCF5, G: SPINITIM2
SPINKEY				= C956, G: SPGETKEY
SPINTRECT			= C485, G: SPINTRECT
SPINTSMALLIVAL			= C4B6, G: SPINTRECT
SPINVALIDATE			= C3AD, G: SPINVALIDATE
SPINVALIDATEP			= C3B5, G: SPINVALIDATE
SPJOYKEMPSTON			= CD12, G: SPJOYKEMPSTON
SPJOYKEYBOARD			= CD4B, G: SPJOYKEYBOARD
SPJOYSINCLAIR1			= CD71, G: SPJOYSINCLAIR1
SPKEYDEBOUNCE			= C953, G: SPGETKEY
SPKEYPRESSED			= CDAD, G: SPKEYPRESSED
SPKEYREPEATPERIOD		= C955, G: SPGETKEY
SPKEYSTARTREPEAT		= C954, G: SPGETKEY
SPKEYTRANSTBL			= C9DB, G: SPKEYTRANSTBL
SPMOVESPRABS			= C4F0, G: SPMOVESPRABS
SPMOVESPRABSC			= C517, G: SPMOVESPRABS
SPMOVESPRABSNC			= C4FE, G: SPMOVESPRABS
SPNULLSPRPTR			= C67B, G: SPNULLSPRPTR
SPPRINTATINV			= C68B, G: SPPRINTATINV
SPPTINSMALLIVAL			= C4DB, G: SPINTRECT
SPQUEUETABLE			= C7E7, G: SPQUEUETABLE
SPREGISTERHOOK			= CE08, G: SPREGISTERHOOKLAST
SPREGISTERHOOKLAST		= CE08, G: SPREGISTERHOOKLAST
SPRITELOOP			= CF3F, L: SPUPDATENOW
SPTBLLOOKUP			= C6AB, G: SPTBLLOOKUP
SPTILEARRAY			= CAEA, G: SPTILEARRAY
SPTILEENTRY			= CE33, G: SPTILEENTRY
SPUPDATENOW			= CE52, G: SPUPDATENOW
SPWAITFORNOKEY			= D2D6, G: SPWAITFORNOKEY
SP_ADDCOLSPR			= C6B3, G: SP_ADDCOLSPR
SP_ADDMEMORY			= C797, G: SP_ADDMEMORY
SP_BLOCKALLOC			= C7E9, G: SP_BLOCKALLOC
SP_BORDER			= C812, G: SP_BORDER
SP_CREATEGENERICISR		= C824, G: SP_CREATEGENERICISR
SP_CREATESPR			= C875, G: SP_CREATESPR
SP_FREEBLOCK			= C93B, G: SP_FREEBLOCK
SP_GETKEY			= C946, G: SP_GETKEY
SP_INITIALIZE			= CA7B, G: SP_INITIALIZE
SP_INITIM2			= CCEA, G: SP_INITIM2
SP_JOYKEMPSTON			= CD0B, G: SP_JOYKEMPSTON
SP_JOYKEYBOARD			= CD3D, G: SP_JOYKEYBOARD
SP_JOYSINCLAIR1			= CD6A, G: SP_JOYSINCLAIR1
SP_KEYPRESSED			= CD9D, G: SP_KEYPRESSED
SP_PRINTATINV			= CDD1, G: SP_PRINTATINV
SP_REGISTERHOOK			= CDE3, G: SP_REGISTERHOOK
SP_REGISTERHOOKLAST		= CDF9, G: SP_REGISTERHOOKLAST
SP_TILEARRAY			= CE25, G: SP_TILEARRAY
SP_UPDATENOW			= CE44, G: SP_UPDATENOW
SP_WAITFORNOKEY			= D2D2, G: SP_WAITFORNOKEY
START				= 5E88, L: ZX82_CRT0
START1				= 5EA5, L: ZX82_CRT0
STATE				= C951, L: SPGETKEY
TEMPCOLOUR			= CE50, L: SPUPDATENOW
TEMPGRAPHIC			= CE48, L: SPUPDATENOW
TILEONLY			= CEC2, L: SPUPDATENOW
TOOMANYKEYS			= C9D3, L: SPGETKEY
TRYOTHERWAY			= C4CA, L: SPINTRECT
UPDATE_ATTRS			= CE51, G: SPUPDATENOW
USERTILE			= CAE5, L: SPINITIALIZE
VPCLIPSTRUCT			= 5F29, L: MK2
XINSCREEN			= C53F, L: SPMOVESPRABS
XORNOROTATE			= D1E8, L: SPUPDATENOW
XORTYPE				= D162, L: SPUPDATENOW
YINSCREEN			= C52F, L: SPMOVESPRABS
_ABS				= 9589, G: MK2
_ACTION_PRESSED			= B43A, G: MK2
_ACTIVE				= B3E4, G: MK2
_ACTIVE_SLEEP			= A75D, G: MK2
_ADDSIGN			= 9554, G: MK2
_ADVANCE_WORM			= A5AB, G: MK2
_ADVANCE_WORM_NO_INC_Y		= A624, L: MK2
_AD_FREE			= B45A, G: MK2
_ANIMATE			= B441, G: MK2
_AT1				= B437, G: MK2
_AT2				= B438, G: MK2
_ATTR				= 93F1, G: MK2
_ATTR_DO			= 9403, L: MK2
_ATTR_RESET			= 93FF, L: MK2
_BADDIES			= 8568, G: MK2
_BEEP_FX			= 8BA6, G: MK2
_BEHS				= 5EEC, G: MK2
_BS				= B3EB, G: MK2
_BUTTON_PRESSED			= 8D9C, G: MK2
_CM_TWO_POINTS			= 9394, G: MK2
_CM_TWO_POINTS_AT1_DO		= 93A5, L: MK2
_CM_TWO_POINTS_AT1_DONE		= 93BF, L: MK2
_CM_TWO_POINTS_AT1_RESET	= 93A2, L: MK2
_CM_TWO_POINTS_AT2_DO		= 93D3, L: MK2
_CM_TWO_POINTS_AT2_DONE		= 93ED, L: MK2
_CM_TWO_POINTS_AT2_RESET	= 93D0, L: MK2
_COLLIDE			= 92B7, G: MK2
_COLLIDE_PIXEL			= 9328, G: MK2
_CORTINA			= 952B, G: MK2
_CX1				= B43B, G: MK2
_CX2				= B43C, G: MK2
_CY1				= B43D, G: MK2
_CY2				= B43E, G: MK2
_DISTANCE			= 9DBE, G: MK2
_DO_GRAVITY			= 5F33, G: MK2
_DO_RESPAWN			= B3E6, G: MK2
_DRAW_COLOURED_TILE		= 8BCE, G: MK2
_DRAW_COLOURED_TILE_GAMEAREA	= 8C45, G: MK2
_DRAW_INVALIDATE_COLOURED_TILE_G= 8C3E, G: MK2
_DRAW_OBJS			= 8CE7, G: MK2
_DRAW_SCR			= A713, G: MK2
_DRAW_SCR_ADVANCE_LOOP		= A688, L: MK2
_DRAW_SCR_ADVANCE_LOOP_DONE	= A699, L: MK2
_DRAW_SCR_ALT_TILE_DONE		= A5DD, L: MK2
_DRAW_SCR_ALT_TILE_SKIP		= A5DC, L: MK2
_DRAW_SCR_BACKGROUND		= A62C, G: MK2
_DRAW_SCR_GET_SCR_ADDRESS	= A648, L: MK2
_DRAW_SCR_LOOP			= A66C, L: MK2
_DRAW_SCR_LOOP_DONE		= A69E, L: MK2
_DRAW_SCR_RLE			= A65E, L: MK2
_ENEMS_COLLISION_SKIP		= A570, L: MK2
_ENEMS_INIT			= 9EAB, G: MK2
_ENEMS_MOVE			= A03C, G: MK2
_ENEMS_MOVE_SPR_ABS		= 9FDB, G: MK2
_ENEM_FRAMES			= 92A7, G: MK2
_ENIT				= B405, G: MK2
_ENOFFS				= B3FA, G: MK2
_ENOFFSMASI			= B6BA, G: MK2
_EN_AN_BASE_FRAME		= B2FB, G: MK2
_EN_AN_COUNT			= B6C6, G: MK2
_EN_AN_C_F			= B300, G: MK2
_EN_AN_N_F			= B33F, G: MK2
_EN_AN_STATE			= B31A, G: MK2
_EN_AN_VX			= B411, G: MK2
_EN_AN_VY			= B415, G: MK2
_EN_AN_X			= B447, G: MK2
_EN_AN_Y			= B44D, G: MK2
_FLAGS				= B31D, G: MK2
_FLICK_SCREEN			= A8E5, G: MK2
_FZX1				= B40B, G: MK2
_FZX2				= B40C, G: MK2
_FZY1				= B40D, G: MK2
_FZY2				= B40E, G: MK2
_F_ZONE_AC			= B436, G: MK2
_GAME_ENDING			= 948C, G: MK2
_GAME_OVER			= 94CB, G: MK2
_GEN_PT				= B3EE, G: MK2
_GPAUX				= B34D, G: MK2
_GPC				= B444, G: MK2
_GPCX				= B408, G: MK2
_GPCY				= B40F, G: MK2
_GPD				= B445, G: MK2
_GPIT				= B410, G: MK2
_GPJT				= B418, G: MK2
_GPS				= B454, G: MK2
_GPT				= B455, G: MK2
_GPX				= B6B4, G: MK2
_GPXX				= B42D, G: MK2
_GPY				= B6B5, G: MK2
_GPYY				= B42E, G: MK2
_GP_GEN				= B3F7, G: MK2
_HALF_LIFE			= 5F31, G: MK2
_HIDE_SPRITES			= A9C8, G: MK2
_HIT				= B453, G: MK2
_HIT_H				= B348, G: MK2
_HIT_V				= B349, G: MK2
_HOTSPOTS			= 8982, G: MK2
_HOTSPOTS_SETUP_DO		= A6D6, L: MK2
_HOTSPOTS_SETUP_DONE		= A712, L: MK2
_HOTSPOTS_SETUP_SET		= A70A, L: MK2
_HOTSPOTS_SETUP_SET_REFILL	= A709, L: MK2
_HOTSPOT_X			= B2FE, G: MK2
_HOTSPOT_Y			= B2FF, G: MK2
_INIT_HOTSPOTS			= 9626, G: MK2
_INVALIDATE_TILE		= 8C14, G: MK2
_INVALIDATE_VIEWPORT		= 8C2E, G: MK2
_ISR				= 8BC1, G: MK2
_IS_RENDERING			= B6BD, G: MK2
_JOYFUNC			= B406, G: MK2
_KEYS				= B41F, G: MK2
_KEYSCANCODES			= 5ED4, G: MK2
_KEYS_OLD			= B6B8, G: MK2
_KILLABLE			= B3F9, G: MK2
_KILLED_OLD			= B34A, G: MK2
_LEVEL				= 5F32, G: MK2
_LIFE_OLD			= B3EC, G: MK2
_LIMIT				= 9E6E, G: MK2
_LINE_OF_TEXT_LOOP		= 9D8B, L: MK2
_MAIN				= AA14, G: MK2
_MAINCOUNTER			= B431, G: MK2
_MAIN_SCRIPT			= 5F37, G: MK2
_MAIN_SCRIPT_OFFSET		= B41A, G: MK2
_MAP				= 69DD, G: MK2
_MAP_ATTR			= B34E, G: MK2
_MAP_POINTER			= B308, G: MK2
_MAX_TILANIMS			= B3E7, G: MK2
_MSC_INIT_ALL			= 8DD2, G: MK2
_MY_MALLOC			= 5F1C, G: MK2
_NEXT_SCRIPT			= B442, G: MK2
_NO_DRAW			= B3F0, G: MK2
_N_PANT				= B401, G: MK2
_OBJS_OLD			= B42F, G: MK2
_ORIG_TILE			= B6C4, G: MK2
_O_PANT				= B403, G: MK2
_PAD0				= B3FE, G: MK2
_PLAYER_CALC_BOUNDING_BOX	= 96C5, G: MK2
_PLAYER_FRAMES			= 9297, G: MK2
_PLAYER_INIT			= 9655, G: MK2
_PLAYER_KILL			= 9706, G: MK2
_PLAYER_MOVE			= 9722, G: MK2
_PLAYING			= B41C, G: MK2
_POSSEE				= B6C3, G: MK2
_PREGOTTEN			= B347, G: MK2
_PRINT_MESSAGE			= 8D51, G: MK2
_PRINT_NUMBER2			= 8C98, G: MK2
_PRINT_STR			= 8CFE, G: MK2
_PTGMX				= B3F2, G: MK2
_PTGMY				= B3F3, G: MK2
_PTX1				= B432, G: MK2
_PTX2				= B433, G: MK2
_PTY1				= B434, G: MK2
_PTY2				= B435, G: MK2
_P_C_F				= B345, G: MK2
_P_DISPARANDO			= B6C9, G: MK2
_P_ENGINE			= B3ED, G: MK2
_P_FACING			= B33D, G: MK2
_P_FACING_H			= B6BE, G: MK2
_P_FACING_V			= B6C1, G: MK2
_P_FRAME			= B33E, G: MK2
_P_G				= B446, G: MK2
_P_GOTTEN			= B40A, G: MK2
_P_JMP_CT			= B400, G: MK2
_P_JMP_ON			= B402, G: MK2
_P_KEYS				= B414, G: MK2
_P_KILLED			= B3FD, G: MK2
_P_KILLME			= B3FF, G: MK2
_P_LIFE				= B404, G: MK2
_P_N_F				= B34B, G: MK2
_P_OBJS				= B409, G: MK2
_P_STATE			= B3F1, G: MK2
_P_STATE_CT			= B440, G: MK2
_P_SUBFRAME			= B43F, G: MK2
_P_THRUST			= B6C2, G: MK2
_P_VX				= B42B, G: MK2
_P_VY				= B42C, G: MK2
_P_X				= B458, G: MK2
_P_Y				= B6B2, G: MK2
_QTILE				= 9422, G: MK2
_QTILE_DO			= 9434, L: MK2
_QTILE_RESET			= 9430, L: MK2
_RAM_ADDRESS			= 639D, G: MK2
_RAM_DESTINATION		= 639F, G: MK2
_RAND				= 9458, G: MK2
_RANDRES			= 9457, G: MK2
_RDA				= B456, G: MK2
_RDB				= B457, G: MK2
_RDX				= B6B6, G: MK2
_RDY				= B6B7, G: MK2
_READXY				= 8E2A, G: MK2
_READ_BYTE			= 8E03, G: MK2
_READ_VBYTE			= 8E14, G: MK2
_RELOC_PLAYER			= 8E51, G: MK2
_RUN_ENTERING_SCRIPT		= 9D81, G: MK2
_RUN_FIRE_SCRIPT		= A795, G: MK2
_RUN_SCRIPT			= 8E67, G: MK2
_SCRIPT				= 62F8, G: MK2
_SCRIPT_RESULT			= 5F34, G: MK2
_SC_C				= B419, G: MK2
_SC_CONTINUAR			= 5F36, G: MK2
_SC_M				= B41D, G: MK2
_SC_N				= B41E, G: MK2
_SC_TERMINADO			= 5F35, G: MK2
_SC_X				= B429, G: MK2
_SC_Y				= B42A, G: MK2
_SEED1				= 9453, G: MK2
_SEED2				= 9455, G: MK2
_SELECT_JOYFUNC			= A7B0, G: MK2
_SILENT_LEVEL			= B3FB, G: MK2
_SPACER				= 8BCC, G: MK2
_SPRITE_10_A			= 80D8, G: MK2
_SPRITE_10_B			= 8108, G: MK2
_SPRITE_10_C			= 8138, G: MK2
_SPRITE_11_A			= 8168, G: MK2
_SPRITE_11_B			= 8198, G: MK2
_SPRITE_11_C			= 81C8, G: MK2
_SPRITE_12_A			= 81F8, G: MK2
_SPRITE_12_B			= 8228, G: MK2
_SPRITE_12_C			= 8258, G: MK2
_SPRITE_13_A			= 8288, G: MK2
_SPRITE_13_B			= 82B8, G: MK2
_SPRITE_13_C			= 82E8, G: MK2
_SPRITE_14_A			= 8318, G: MK2
_SPRITE_14_B			= 8348, G: MK2
_SPRITE_14_C			= 8378, G: MK2
_SPRITE_15_A			= 83A8, G: MK2
_SPRITE_15_B			= 83D8, G: MK2
_SPRITE_15_C			= 8408, G: MK2
_SPRITE_16_A			= 8438, G: MK2
_SPRITE_16_B			= 8468, G: MK2
_SPRITE_16_C			= 8498, G: MK2
_SPRITE_18_A			= 84D8, G: MK2
_SPRITE_18_B			= 8508, L: MK2
_SPRITE_18_C			= 8538, L: MK2
_SPRITE_1_A			= 7BC8, G: MK2
_SPRITE_1_B			= 7BF8, G: MK2
_SPRITE_1_C			= 7C28, G: MK2
_SPRITE_2_A			= 7C58, G: MK2
_SPRITE_2_B			= 7C88, G: MK2
_SPRITE_2_C			= 7CB8, G: MK2
_SPRITE_3_A			= 7CE8, G: MK2
_SPRITE_3_B			= 7D18, G: MK2
_SPRITE_3_C			= 7D48, G: MK2
_SPRITE_4_A			= 7D78, G: MK2
_SPRITE_4_B			= 7DA8, G: MK2
_SPRITE_4_C			= 7DD8, G: MK2
_SPRITE_5_A			= 7E08, G: MK2
_SPRITE_5_B			= 7E38, G: MK2
_SPRITE_5_C			= 7E68, G: MK2
_SPRITE_6_A			= 7E98, G: MK2
_SPRITE_6_B			= 7EC8, G: MK2
_SPRITE_6_C			= 7EF8, G: MK2
_SPRITE_7_A			= 7F28, G: MK2
_SPRITE_7_B			= 7F58, G: MK2
_SPRITE_7_C			= 7F88, G: MK2
_SPRITE_8_A			= 7FB8, G: MK2
_SPRITE_8_B			= 7FE8, G: MK2
_SPRITE_8_C			= 8018, G: MK2
_SPRITE_9_A			= 8048, G: MK2
_SPRITE_9_B			= 8078, G: MK2
_SPRITE_9_C			= 80A8, G: MK2
_SP_MOVILES			= B2E1, G: MK2
_SP_PLAYER			= B3F5, G: MK2
_SRAND				= 947F, G: MK2
_STD_SEED			= 5EB8, G: ZX82_CRT0
_STEP				= 9519, G: MK2
_STOP_PLAYER			= 8E3D, G: MK2
_SUCCESS			= B6C5, G: MK2
_S_ENDING			= 68A9, G: MK2
_S_MARCO			= 68A9, G: MK2
_S_TITLE			= 63D2, G: MK2
_TACOUNT			= B3FC, G: MK2
_TAIT				= B430, G: MK2
_TILANIMS_ADD			= 95B7, G: MK2
_TILANIMS_DO			= 95D3, G: MK2
_TILANIMS_FT			= B2EB, G: MK2
_TILANIMS_NO_FLICK		= 95FD, L: MK2
_TILANIMS_TAIT_0_SKIP		= 95E3, L: MK2
_TILANIMS_XY			= B30A, G: MK2
_TILANIM_RESET			= 95A0, G: MK2
_TILESET			= 72B8, G: MK2
_TOCADO				= B6BC, G: MK2
_UNPACK				= 63A1, G: MK2
_UPDATE_HUD			= A897, G: MK2
_UPDATE_TILE			= 8D20, G: MK2
_UTAUX				= 8D1F, G: MK2
_U_FREE				= 5F27, G: MK2
_U_MALLOC			= 5F25, G: MK2
_VFPRINTF			= 5EAA, G: ZX82_CRT0
_WALL_H				= B6B9, G: MK2
_WALL_V				= B6BB, G: MK2
_WARP_TO_LEVEL			= B3F4, G: MK2
__BADDIES_POINTER		= B6BF, G: MK2
__EN_LIFE			= B439, G: MK2
__EN_MX				= B306, G: MK2
__EN_MY				= B307, G: MK2
__EN_T				= B2DE, G: MK2
__EN_X				= B2DF, G: MK2
__EN_X1				= B2E7, G: MK2
__EN_X2				= B2E9, G: MK2
__EN_Y				= B2E0, G: MK2
__EN_Y1				= B2E8, G: MK2
__EN_Y2				= B2EA, G: MK2
__N				= B3E5, G: MK2
__SGOIOBLK			= 5EC2, G: ZX82_CRT0
__T				= B3E8, G: MK2
__X				= B3E9, G: MK2
__Y				= B3EA, G: MK2


START				= 5E88, L: ZX82_CRT0
CLEANUP				= 5E9F, G: ZX82_CRT0
CLEANUP_EXIT			= 5EA0, L: ZX82_CRT0
START1				= 5EA5, L: ZX82_CRT0
L_DCAL				= 5EA9, G: ZX82_CRT0
_VFPRINTF			= 5EAA, G: ZX82_CRT0
CALL_ROM3			= 5EAA, G: ZX82_CRT0
COORDS				= 5EB4, G: ZX82_CRT0
BASE_GRAPHICS			= 5EB6, G: ZX82_CRT0
_STD_SEED			= 5EB8, G: ZX82_CRT0
EXITSP				= 5EBA, G: ZX82_CRT0
EXITCOUNT			= 5EBC, G: ZX82_CRT0
HEAPLAST			= 5EBD, G: ZX82_CRT0
HEAPBLOCKS			= 5EBF, G: ZX82_CRT0
SND_TICK			= 5EC1, G: ZX82_CRT0
__SGOIOBLK			= 5EC2, G: ZX82_CRT0
_KEYSCANCODES			= 5ED4, G: MK2
_BEHS				= 5EEC, G: MK2
_MY_MALLOC			= 5F1C, G: MK2
_U_MALLOC			= 5F25, G: MK2
_U_FREE				= 5F27, G: MK2
VPCLIPSTRUCT			= 5F29, L: MK2
FSCLIPSTRUCT			= 5F2D, L: MK2
_HALF_LIFE			= 5F31, G: MK2
_LEVEL				= 5F32, G: MK2
_DO_GRAVITY			= 5F33, G: MK2
_SCRIPT_RESULT			= 5F34, G: MK2
_SC_TERMINADO			= 5F35, G: MK2
_SC_CONTINUAR			= 5F36, G: MK2
_MAIN_SCRIPT			= 5F37, G: MK2
_SCRIPT				= 62F8, G: MK2
DEPACK				= 62FA, L: MK2
APBRANCH1			= 62FD, L: MK2
APLOOP0				= 62FF, L: MK2
APLOOP				= 6302, L: MK2
APGET4BITS			= 6315, L: MK2
APWRITEBYTE			= 631F, L: MK2
APBRANCH4			= 6323, L: MK2
APBRANCH3			= 632C, L: MK2
APBRANCH2			= 6340, L: MK2
APSKIP2				= 635F, L: MK2
APSKIP3				= 6368, L: MK2
AP_FINISHUP			= 636B, L: MK2
AP_FINISHUP2			= 636E, L: MK2
AP_R0_GAMMA			= 6375, L: MK2
AP_GETBIT			= 6381, L: MK2
AP_GETGAMMA			= 638D, L: MK2
AP_GETGAMMALOOP			= 6390, L: MK2
_RAM_ADDRESS			= 639D, G: MK2
_RAM_DESTINATION		= 639F, G: MK2
_UNPACK				= 63A1, G: MK2
I_13				= 63D1, L: MK2
_S_TITLE			= 63D2, G: MK2
_S_ENDING			= 68A9, G: MK2
_S_MARCO			= 68A9, G: MK2
_MAP				= 69DD, G: MK2
_TILESET			= 72B8, G: MK2
_SPRITE_1_A			= 7BC8, G: MK2
_SPRITE_1_B			= 7BF8, G: MK2
_SPRITE_1_C			= 7C28, G: MK2
_SPRITE_2_A			= 7C58, G: MK2
_SPRITE_2_B			= 7C88, G: MK2
_SPRITE_2_C			= 7CB8, G: MK2
_SPRITE_3_A			= 7CE8, G: MK2
_SPRITE_3_B			= 7D18, G: MK2
_SPRITE_3_C			= 7D48, G: MK2
_SPRITE_4_A			= 7D78, G: MK2
_SPRITE_4_B			= 7DA8, G: MK2
_SPRITE_4_C			= 7DD8, G: MK2
_SPRITE_5_A			= 7E08, G: MK2
_SPRITE_5_B			= 7E38, G: MK2
_SPRITE_5_C			= 7E68, G: MK2
_SPRITE_6_A			= 7E98, G: MK2
_SPRITE_6_B			= 7EC8, G: MK2
_SPRITE_6_C			= 7EF8, G: MK2
_SPRITE_7_A			= 7F28, G: MK2
_SPRITE_7_B			= 7F58, G: MK2
_SPRITE_7_C			= 7F88, G: MK2
_SPRITE_8_A			= 7FB8, G: MK2
_SPRITE_8_B			= 7FE8, G: MK2
_SPRITE_8_C			= 8018, G: MK2
_SPRITE_9_A			= 8048, G: MK2
_SPRITE_9_B			= 8078, G: MK2
_SPRITE_9_C			= 80A8, G: MK2
_SPRITE_10_A			= 80D8, G: MK2
_SPRITE_10_B			= 8108, G: MK2
_SPRITE_10_C			= 8138, G: MK2
_SPRITE_11_A			= 8168, G: MK2
_SPRITE_11_B			= 8198, G: MK2
_SPRITE_11_C			= 81C8, G: MK2
_SPRITE_12_A			= 81F8, G: MK2
_SPRITE_12_B			= 8228, G: MK2
_SPRITE_12_C			= 8258, G: MK2
_SPRITE_13_A			= 8288, G: MK2
_SPRITE_13_B			= 82B8, G: MK2
_SPRITE_13_C			= 82E8, G: MK2
_SPRITE_14_A			= 8318, G: MK2
_SPRITE_14_B			= 8348, G: MK2
_SPRITE_14_C			= 8378, G: MK2
_SPRITE_15_A			= 83A8, G: MK2
_SPRITE_15_B			= 83D8, G: MK2
_SPRITE_15_C			= 8408, G: MK2
_SPRITE_16_A			= 8438, G: MK2
_SPRITE_16_B			= 8468, G: MK2
_SPRITE_16_C			= 8498, G: MK2
_SPRITE_18_A			= 84D8, G: MK2
_SPRITE_18_B			= 8508, L: MK2
_SPRITE_18_C			= 8538, L: MK2
_BADDIES			= 8568, G: MK2
_HOTSPOTS			= 8982, G: MK2
SOUND_PLAY			= 89EB, L: MK2
READDATA			= 89FC, L: MK2
READDATA_SOUND			= 8A05, L: MK2
SFXROUTINETONE			= 8A17, L: MK2
SFXROUTINETONE_L0		= 8A26, L: MK2
SFXROUTINETONE_L1		= 8A2A, L: MK2
SFXROUTINETONE_DUTY		= 8A2C, L: MK2
SFXROUTINETONE_BORDER		= 8A31, L: MK2
NEXTDATA			= 8A54, L: MK2
SFXROUTINENOISE			= 8A58, L: MK2
SFXROUTINENOISE_L0		= 8A5F, L: MK2
SFXROUTINENOISE_L1		= 8A63, L: MK2
SFXROUTINENOISE_BORDER		= 8A66, L: MK2
SFXROUTINENOISE_L2		= 8A73, L: MK2
SOUNDEFFECTSDATA		= 8A87, L: MK2
SOUNDEFFECTSDATA_SFX0		= 8A9F, L: MK2
SOUNDEFFECTSDATA_SFX1		= 8AAB, L: MK2
SOUNDEFFECTSDATA_SFX2		= 8AB7, L: MK2
SOUNDEFFECTSDATA_SFX3		= 8AD1, L: MK2
SOUNDEFFECTSDATA_SFX4		= 8ADD, L: MK2
SOUNDEFFECTSDATA_SFX5		= 8AE9, L: MK2
SOUNDEFFECTSDATA_SFX6		= 8AF5, L: MK2
SOUNDEFFECTSDATA_SFX7		= 8B0C, L: MK2
SOUNDEFFECTSDATA_SFX8		= 8B4F, L: MK2
SOUNDEFFECTSDATA_SFX9		= 8B69, L: MK2
SOUNDEFFECTSDATA_SFX10		= 8B71, L: MK2
SOUNDEFFECTSDATA_SFX11		= 8B79, L: MK2
_BEEP_FX			= 8BA6, G: MK2
_ISR				= 8BC1, G: MK2
_SPACER				= 8BCC, G: MK2
_DRAW_COLOURED_TILE		= 8BCE, G: MK2
_INVALIDATE_TILE		= 8C14, G: MK2
_INVALIDATE_VIEWPORT		= 8C2E, G: MK2
_DRAW_INVALIDATE_COLOURED_TILE_G= 8C3E, G: MK2
_DRAW_COLOURED_TILE_GAMEAREA	= 8C45, G: MK2
I_15				= 8C6A, L: MK2
_PRINT_NUMBER2			= 8C98, G: MK2
_DRAW_OBJS			= 8CE7, G: MK2
_PRINT_STR			= 8CFE, G: MK2
PRINT_STR_LOOP			= 8D01, L: MK2
_UTAUX				= 8D1F, G: MK2
_UPDATE_TILE			= 8D20, G: MK2
_PRINT_MESSAGE			= 8D51, G: MK2
_BUTTON_PRESSED			= 8D9C, G: MK2
I_18				= 8DB5, L: MK2
I_17				= 8DCC, L: MK2
I_19				= 8DCF, L: MK2
_MSC_INIT_ALL			= 8DD2, G: MK2
I_20				= 8DDC, L: MK2
I_22				= 8DE6, L: MK2
I_21				= 8E02, L: MK2
_READ_BYTE			= 8E03, G: MK2
_READ_VBYTE			= 8E14, G: MK2
_READXY				= 8E2A, G: MK2
_STOP_PLAYER			= 8E3D, G: MK2
_RELOC_PLAYER			= 8E51, G: MK2
_RUN_SCRIPT			= 8E67, G: MK2
I_23				= 8E92, L: MK2
I_24				= 8E9D, L: MK2
I_26				= 8ECA, L: MK2
I_30				= 8ED8, L: MK2
I_31				= 8F09, L: MK2
I_32				= 8F2E, L: MK2
I_33				= 8F53, L: MK2
I_34				= 8FD3, L: MK2
I_35				= 8FD6, L: MK2
I_36				= 8FE7, L: MK2
I_37				= 9028, L: MK2
I_38				= 902B, L: MK2
I_39				= 903C, L: MK2
I_40				= 907D, L: MK2
I_41				= 9080, L: MK2
I_42				= 9091, L: MK2
I_43				= 90AC, L: MK2
I_44				= 90C4, L: MK2
I_45				= 90C7, L: MK2
I_29				= 90D3, L: MK2
I_27				= 90D6, L: MK2
I_47				= 90E4, L: MK2
I_51				= 90F2, L: MK2
I_52				= 9132, L: MK2
I_53				= 914B, L: MK2
I_54				= 9188, L: MK2
I_55				= 91A4, L: MK2
I_56				= 91C0, L: MK2
I_57				= 91E7, L: MK2
I_58				= 9215, L: MK2
I_59				= 9222, L: MK2
I_60				= 9228, L: MK2
I_61				= 922F, L: MK2
I_63				= 9244, L: MK2
I_62				= 9270, L: MK2
I_64				= 9273, L: MK2
I_65				= 927B, L: MK2
I_66				= 9283, L: MK2
I_50				= 928A, L: MK2
I_48				= 928D, L: MK2
I_46				= 928D, L: MK2
I_25				= 9296, L: MK2
_PLAYER_FRAMES			= 9297, G: MK2
_ENEM_FRAMES			= 92A7, G: MK2
_COLLIDE			= 92B7, G: MK2
I_69				= 9322, L: MK2
I_70				= 9325, L: MK2
_COLLIDE_PIXEL			= 9328, G: MK2
I_72				= 9389, L: MK2
I_73_I_72			= 938C, L: MK2
I_71				= 9390, L: MK2
_CM_TWO_POINTS			= 9394, G: MK2
_CM_TWO_POINTS_AT1_RESET	= 93A2, L: MK2
_CM_TWO_POINTS_AT1_DO		= 93A5, L: MK2
_CM_TWO_POINTS_AT1_DONE		= 93BF, L: MK2
_CM_TWO_POINTS_AT2_RESET	= 93D0, L: MK2
_CM_TWO_POINTS_AT2_DO		= 93D3, L: MK2
_CM_TWO_POINTS_AT2_DONE		= 93ED, L: MK2
_ATTR				= 93F1, G: MK2
_ATTR_RESET			= 93FF, L: MK2
_ATTR_DO			= 9403, L: MK2
_QTILE				= 9422, G: MK2
_QTILE_RESET			= 9430, L: MK2
_QTILE_DO			= 9434, L: MK2
_SEED1				= 9453, G: MK2
_SEED2				= 9455, G: MK2
_RANDRES			= 9457, G: MK2
_RAND				= 9458, G: MK2
RND				= 9458, L: MK2
_SRAND				= 947F, G: MK2
_GAME_ENDING			= 948C, G: MK2
I_76				= 94A3, L: MK2
I_74				= 94B3, L: MK2
I_75				= 94C2, L: MK2
_GAME_OVER			= 94CB, G: MK2
I_79				= 94F1, L: MK2
I_77				= 9501, L: MK2
I_78				= 9510, L: MK2
_STEP				= 9519, G: MK2
_CORTINA			= 952B, G: MK2
FADE_OUT_EXTERN			= 952D, L: MK2
FADE_OUT_BUCLE			= 9533, L: MK2
INK_DONE			= 953A, L: MK2
PAPER_DONE			= 9542, L: MK2
_ADDSIGN			= 9554, G: MK2
I_80				= 956A, L: MK2
I_82				= 9581, L: MK2
I_83				= 9588, L: MK2
I_81				= 9588, L: MK2
_ABS				= 9589, G: MK2
I_84				= 959A, L: MK2
I_85				= 959F, L: MK2
_TILANIM_RESET			= 95A0, G: MK2
_TILANIMS_ADD			= 95B7, G: MK2
_TILANIMS_DO			= 95D3, G: MK2
_TILANIMS_TAIT_0_SKIP		= 95E3, L: MK2
_TILANIMS_NO_FLICK		= 95FD, L: MK2
_INIT_HOTSPOTS			= 9626, G: MK2
I_86				= 962D, L: MK2
I_87				= 9654, L: MK2
_PLAYER_INIT			= 9655, G: MK2
_PLAYER_CALC_BOUNDING_BOX	= 96C5, G: MK2
_PLAYER_KILL			= 9706, G: MK2
_PLAYER_MOVE			= 9722, G: MK2
I_88				= 9764, L: MK2
I_89				= 9767, L: MK2
I_92				= 979E, L: MK2
I_91				= 97A0, L: MK2
I_94_I_91			= 97A3, L: MK2
I_96				= 97DF, L: MK2
I_95				= 97E2, L: MK2
I_99				= 9819, L: MK2
I_98				= 9819, L: MK2
I_97				= 9819, L: MK2
I_90				= 9819, L: MK2
I_101				= 9828, L: MK2
I_102_I_101			= 982B, L: MK2
I_100				= 9850, L: MK2
I_103				= 9886, L: MK2
I_104				= 9886, L: MK2
I_105				= 98BD, L: MK2
I_106				= 98BD, L: MK2
I_107				= 98E2, L: MK2
I_108				= 98F0, L: MK2
I_109				= 9903, L: MK2
I_112				= 9964, L: MK2
I_111				= 9990, L: MK2
I_110				= 9990, L: MK2
I_116				= 99CC, L: MK2
I_114				= 99F4, L: MK2
I_115				= 99F4, L: MK2
I_118				= 9A47, L: MK2
I_119				= 9A4A, L: MK2
I_122				= 9A81, L: MK2
I_121				= 9A83, L: MK2
I_124_I_121			= 9A86, L: MK2
I_126				= 9AC2, L: MK2
I_125				= 9AC5, L: MK2
I_128				= 9AFC, L: MK2
I_129				= 9AFC, L: MK2
I_127				= 9AFC, L: MK2
I_120				= 9AFC, L: MK2
I_131				= 9B0B, L: MK2
I_132_I_131			= 9B0E, L: MK2
I_130				= 9B33, L: MK2
I_133				= 9B68, L: MK2
I_134				= 9B68, L: MK2
I_135				= 9B9D, L: MK2
I_136				= 9B9D, L: MK2
I_137				= 9BC2, L: MK2
I_138				= 9BD0, L: MK2
I_139				= 9BE3, L: MK2
I_142				= 9C44, L: MK2
I_141				= 9C70, L: MK2
I_140				= 9C70, L: MK2
I_146				= 9CAC, L: MK2
I_144				= 9CD8, L: MK2
I_145				= 9CD8, L: MK2
I_148				= 9CEC, L: MK2
I_150				= 9CFD, L: MK2
I_149				= 9CFD, L: MK2
I_152				= 9D1C, L: MK2
I_153_I_152			= 9D1F, L: MK2
I_151				= 9D34, L: MK2
I_156				= 9D67, L: MK2
I_154				= 9D80, L: MK2
I_155				= 9D80, L: MK2
_RUN_ENTERING_SCRIPT		= 9D81, G: MK2
_LINE_OF_TEXT_LOOP		= 9D8B, L: MK2
_DISTANCE			= 9DBE, G: MK2
I_157				= 9E17, L: MK2
I_158				= 9E1E, L: MK2
_LIMIT				= 9E6E, G: MK2
I_159				= 9E8A, L: MK2
I_160				= 9EA3, L: MK2
_ENEMS_INIT			= 9EAB, G: MK2
I_161				= 9EB5, L: MK2
I_163				= 9EBA, L: MK2
I_165				= 9F27, L: MK2
I_166_I_165			= 9F2A, L: MK2
I_169				= 9F49, L: MK2
I_170				= 9F4F, L: MK2
I_171				= 9FD7, L: MK2
I_168				= 9FD7, L: MK2
I_164				= 9FD7, L: MK2
I_162				= 9FDA, L: MK2
_ENEMS_MOVE_SPR_ABS		= 9FDB, G: MK2
_ENEMS_MOVE			= A03C, G: MK2
I_172				= A04B, L: MK2
I_174				= A055, L: MK2
I_175				= A0E6, L: MK2
I_177				= A103, L: MK2
I_180				= A108, L: MK2
I_181				= A11B, L: MK2
I_182				= A122, L: MK2
I_184				= A179, L: MK2
I_183				= A18A, L: MK2
I_187				= A1AC, L: MK2
I_186				= A1BD, L: MK2
I_189				= A1C0, L: MK2
I_192				= A1DF, L: MK2
I_193				= A1F2, L: MK2
I_194				= A229, L: MK2
I_195				= A22C, L: MK2
I_196				= A266, L: MK2
I_197				= A384, L: MK2
I_198				= A387, L: MK2
I_199				= A41E, L: MK2
I_191				= A41E, L: MK2
I_201				= A482, L: MK2
I_202_I_201			= A485, L: MK2
I_200				= A493, L: MK2
I_203				= A496, L: MK2
I_179				= A4AA, L: MK2
I_206				= A4DC, L: MK2
I_207				= A4F2, L: MK2
I_205				= A525, L: MK2
I_209				= A558, L: MK2
I_210_I_209			= A55B, L: MK2
I_211				= A569, L: MK2
_ENEMS_COLLISION_SKIP		= A570, L: MK2
I_212				= A570, L: MK2
I_208				= A570, L: MK2
I_204				= A570, L: MK2
I_176				= A570, L: MK2
ENEMS_LOOP_CONTINUE_A		= A570, L: MK2
I_173				= A5AA, L: MK2
_ADVANCE_WORM			= A5AB, G: MK2
_DRAW_SCR_ALT_TILE_SKIP		= A5DC, L: MK2
_DRAW_SCR_ALT_TILE_DONE		= A5DD, L: MK2
I_213				= A611, L: MK2
_ADVANCE_WORM_NO_INC_Y		= A624, L: MK2
_DRAW_SCR_BACKGROUND		= A62C, G: MK2
_DRAW_SCR_GET_SCR_ADDRESS	= A648, L: MK2
_DRAW_SCR_RLE			= A65E, L: MK2
_DRAW_SCR_LOOP			= A66C, L: MK2
_DRAW_SCR_ADVANCE_LOOP		= A688, L: MK2
_DRAW_SCR_ADVANCE_LOOP_DONE	= A699, L: MK2
_DRAW_SCR_LOOP_DONE		= A69E, L: MK2
_HOTSPOTS_SETUP_DO		= A6D6, L: MK2
_HOTSPOTS_SETUP_SET_REFILL	= A709, L: MK2
_HOTSPOTS_SETUP_SET		= A70A, L: MK2
_HOTSPOTS_SETUP_DONE		= A712, L: MK2
_DRAW_SCR			= A713, G: MK2
I_214				= A72E, L: MK2
I_215				= A731, L: MK2
_ACTIVE_SLEEP			= A75D, G: MK2
I_218				= A75D, L: MK2
I_221				= A764, L: MK2
I_219				= A76B, L: MK2
I_220				= A77A, L: MK2
I_222				= A782, L: MK2
I_216				= A782, L: MK2
I_217				= A78C, L: MK2
_RUN_FIRE_SCRIPT		= A795, G: MK2
_SELECT_JOYFUNC			= A7B0, G: MK2
I_223				= A7B3, L: MK2
I_226				= A7C9, L: MK2
I_228				= A7E3, L: MK2
I_229				= A7E6, L: MK2
I_225				= A871, L: MK2
I_231				= A882, L: MK2
I_233				= A893, L: MK2
I_232				= A893, L: MK2
I_230				= A893, L: MK2
I_224				= A896, L: MK2
_UPDATE_HUD			= A897, G: MK2
I_234				= A8B4, L: MK2
I_235				= A8E4, L: MK2
_FLICK_SCREEN			= A8E5, G: MK2
I_237				= A900, L: MK2
I_238_I_237			= A903, L: MK2
I_236				= A91F, L: MK2
I_241				= A93A, L: MK2
I_242_I_241			= A93D, L: MK2
I_240				= A953, L: MK2
I_239				= A953, L: MK2
I_244				= A96E, L: MK2
I_245_I_244			= A971, L: MK2
I_243				= A990, L: MK2
I_248				= A9AB, L: MK2
I_249_I_248			= A9AE, L: MK2
I_246				= A9C7, L: MK2
I_247				= A9C7, L: MK2
_HIDE_SPRITES			= A9C8, G: MK2
I_250				= A9E8, L: MK2
HIDE_SPRITES_ENEMS_LOOP		= A9E9, L: MK2
_MAIN				= AA14, G: MK2
I_253				= AA6E, L: MK2
I_251				= AA8C, L: MK2
I_252				= AA96, L: MK2
I_254				= AAE9, L: MK2
I_256				= AAEE, L: MK2
I_255				= AB87, L: MK2
I_257				= AB8B, L: MK2
I_259				= AC06, L: MK2
I_261				= AC1E, L: MK2
I_262				= AC42, L: MK2
I_264				= AC84, L: MK2
I_263				= ACC2, L: MK2
I_266				= ACDF, L: MK2
I_267				= ACE5, L: MK2
I_268				= ACF8, L: MK2
I_270				= AD1C, L: MK2
I_269				= AD1C, L: MK2
I_273				= AD76, L: MK2
I_272				= AD94, L: MK2
I_277				= ADA7, L: MK2
I_278				= ADAD, L: MK2
I_279				= ADBE, L: MK2
I_274				= ADD5, L: MK2
I_276				= ADD5, L: MK2
I_280				= AE23, L: MK2
I_281				= AE2B, L: MK2
I_271				= AE32, L: MK2
I_283				= AE50, L: MK2
I_282				= AE53, L: MK2
I_287				= AEA2, L: MK2
I_288_I_287			= AEA5, L: MK2
I_285				= AEA8, L: MK2
I_286				= AEA8, L: MK2
I_284				= AEA8, L: MK2
I_290				= AEBF, L: MK2
I_289				= AECB, L: MK2
I_293				= AEDB, L: MK2
I_292				= AEE2, L: MK2
I_295				= AEF6, L: MK2
I_260				= AEFC, L: MK2
I_296				= AF17, L: MK2
I_297				= AF1A, L: MK2
I_258				= AF28, L: MK2
MUSICSTART			= AF29, L: MK2
PLAYER				= AF4D, L: MK2
NEXT_PATTERN			= AF6E, L: MK2
PATTERN_LOOP_END		= AF74, L: MK2
PATTERN_LOOP_BEGIN		= AF78, L: MK2
NO_PATTERN_LOOP			= AF79, L: MK2
MAIN_LOOP			= AF82, L: MK2
READ_LOOP			= AF85, L: MK2
CURRENT_INST			= AFC4, L: MK2
L8098				= AFCD, L: MK2
L809B				= AFD0, L: MK2
SET_NOTE2			= AFF6, L: MK2
SET_STOP			= B00A, L: MK2
SET_STOP2			= B023, L: MK2
OTHER				= B02E, L: MK2
INSTRUM_TBL			= B045, L: MK2
SKIP_CH1			= B04E, L: MK2
EXIT_PLAYER			= B054, L: MK2
RENDER				= B05C, L: MK2
CNT_1A				= B066, L: MK2
CNT_1B				= B06A, L: MK2
DIV_1A				= B06D, L: MK2
DIV_1B				= B070, L: MK2
OUT_1				= B073, L: MK2
CNT_2				= B077, L: MK2
DIV_2				= B07A, L: MK2
OUT_2				= B07D, L: MK2
PLAY_NOTE			= B07E, L: MK2
PLAYER_WAIT_KEY			= B085, L: MK2
L8168				= B08A, L: MK2
L8171				= B093, L: MK2
L8173				= B095, L: MK2
L8179				= B09B, L: MK2
L817B				= B09D, L: MK2
L8184				= B0A6, L: MK2
L8186				= B0A8, L: MK2
L818A				= B0AC, L: MK2
L8193				= B0B5, L: MK2
L8195				= B0B7, L: MK2
L819B				= B0BD, L: MK2
L819D				= B0BF, L: MK2
L81A6				= B0C8, L: MK2
L81A8				= B0CA, L: MK2
L81AC				= B0CE, L: MK2
L81B5				= B0D7, L: MK2
L81B7				= B0D9, L: MK2
L81BD				= B0DF, L: MK2
L81BF				= B0E1, L: MK2
L81C8				= B0EA, L: MK2
L81CA				= B0EC, L: MK2
L81CE				= B0F0, L: MK2
L81D7				= B0F9, L: MK2
L81D9				= B0FB, L: MK2
L81DF				= B101, L: MK2
L81E1				= B103, L: MK2
L81EA				= B10C, L: MK2
L81EC				= B10E, L: MK2
L81F9				= B11B, L: MK2
L81FB				= B11D, L: MK2
L8201				= B123, L: MK2
L8203				= B125, L: MK2
L820C				= B12E, L: MK2
L820E				= B130, L: MK2
DRUMS				= B149, L: MK2
DRUM_TONE1			= B156, L: MK2
DRUM_TONE2			= B15A, L: MK2
DRUM_TONE3			= B15E, L: MK2
DRUM_TONE4			= B162, L: MK2
DRUM_TONE5			= B166, L: MK2
DRUM_TONE6			= B16A, L: MK2
DRUM_TONE			= B16C, L: MK2
DT_LOOP0			= B173, L: MK2
DT_LOOP1			= B180, L: MK2
DRUM_NOISE1			= B189, L: MK2
DRUM_NOISE2			= B191, L: MK2
DRUM_NOISE3			= B199, L: MK2
DRUM_NOISE			= B19F, L: MK2
DN_LOOP0			= B1A3, L: MK2
DN_LOOP1			= B1AB, L: MK2
PATTERN_ADDR			= B1B7, L: MK2
PATTERN_PTR			= B1B9, L: MK2
NOTE_PTR			= B1BA, L: MK2
FREQ_TABLE			= B1BC, L: MK2
DRUM_TABLE			= B234, L: MK2
MUSICDATA			= B246, L: MK2
PATTERNDATA			= B24E, L: MK2
PAT0				= B256, L: MK2
PAT1				= B28D, L: MK2
I_1				= B2C4, L: MK2
__EN_T				= B2DE, G: MK2
__EN_X				= B2DF, G: MK2
__EN_Y				= B2E0, G: MK2
_SP_MOVILES			= B2E1, G: MK2
__EN_X1				= B2E7, G: MK2
__EN_Y1				= B2E8, G: MK2
__EN_X2				= B2E9, G: MK2
__EN_Y2				= B2EA, G: MK2
_TILANIMS_FT			= B2EB, G: MK2
_EN_AN_BASE_FRAME		= B2FB, G: MK2
_HOTSPOT_X			= B2FE, G: MK2
_HOTSPOT_Y			= B2FF, G: MK2
_EN_AN_C_F			= B300, G: MK2
__EN_MX				= B306, G: MK2
__EN_MY				= B307, G: MK2
_MAP_POINTER			= B308, G: MK2
_TILANIMS_XY			= B30A, G: MK2
_EN_AN_STATE			= B31A, G: MK2
_FLAGS				= B31D, G: MK2
_P_FACING			= B33D, G: MK2
_P_FRAME			= B33E, G: MK2
_EN_AN_N_F			= B33F, G: MK2
_P_C_F				= B345, G: MK2
_PREGOTTEN			= B347, G: MK2
_HIT_H				= B348, G: MK2
_HIT_V				= B349, G: MK2
_KILLED_OLD			= B34A, G: MK2
_P_N_F				= B34B, G: MK2
_GPAUX				= B34D, G: MK2
_MAP_ATTR			= B34E, G: MK2
_ACTIVE				= B3E4, G: MK2
__N				= B3E5, G: MK2
_DO_RESPAWN			= B3E6, G: MK2
_MAX_TILANIMS			= B3E7, G: MK2
__T				= B3E8, G: MK2
__X				= B3E9, G: MK2
__Y				= B3EA, G: MK2
_BS				= B3EB, G: MK2
_LIFE_OLD			= B3EC, G: MK2
_P_ENGINE			= B3ED, G: MK2
_GEN_PT				= B3EE, G: MK2
_NO_DRAW			= B3F0, G: MK2
_P_STATE			= B3F1, G: MK2
_PTGMX				= B3F2, G: MK2
_PTGMY				= B3F3, G: MK2
_WARP_TO_LEVEL			= B3F4, G: MK2
_SP_PLAYER			= B3F5, G: MK2
_GP_GEN				= B3F7, G: MK2
_KILLABLE			= B3F9, G: MK2
_ENOFFS				= B3FA, G: MK2
_SILENT_LEVEL			= B3FB, G: MK2
_TACOUNT			= B3FC, G: MK2
_P_KILLED			= B3FD, G: MK2
_PAD0				= B3FE, G: MK2
_P_KILLME			= B3FF, G: MK2
_P_JMP_CT			= B400, G: MK2
_N_PANT				= B401, G: MK2
_P_JMP_ON			= B402, G: MK2
_O_PANT				= B403, G: MK2
_P_LIFE				= B404, G: MK2
_ENIT				= B405, G: MK2
_JOYFUNC			= B406, G: MK2
_GPCX				= B408, G: MK2
_P_OBJS				= B409, G: MK2
_P_GOTTEN			= B40A, G: MK2
_FZX1				= B40B, G: MK2
_FZX2				= B40C, G: MK2
_FZY1				= B40D, G: MK2
_FZY2				= B40E, G: MK2
_GPCY				= B40F, G: MK2
_GPIT				= B410, G: MK2
_EN_AN_VX			= B411, G: MK2
_P_KEYS				= B414, G: MK2
_EN_AN_VY			= B415, G: MK2
_GPJT				= B418, G: MK2
_SC_C				= B419, G: MK2
_MAIN_SCRIPT_OFFSET		= B41A, G: MK2
_PLAYING			= B41C, G: MK2
_SC_M				= B41D, G: MK2
_SC_N				= B41E, G: MK2
_KEYS				= B41F, G: MK2
_SC_X				= B429, G: MK2
_SC_Y				= B42A, G: MK2
_P_VX				= B42B, G: MK2
_P_VY				= B42C, G: MK2
_GPXX				= B42D, G: MK2
_GPYY				= B42E, G: MK2
_OBJS_OLD			= B42F, G: MK2
_TAIT				= B430, G: MK2
_MAINCOUNTER			= B431, G: MK2
_PTX1				= B432, G: MK2
_PTX2				= B433, G: MK2
_PTY1				= B434, G: MK2
_PTY2				= B435, G: MK2
_F_ZONE_AC			= B436, G: MK2
_AT1				= B437, G: MK2
_AT2				= B438, G: MK2
__EN_LIFE			= B439, G: MK2
_ACTION_PRESSED			= B43A, G: MK2
_CX1				= B43B, G: MK2
_CX2				= B43C, G: MK2
_CY1				= B43D, G: MK2
_CY2				= B43E, G: MK2
_P_SUBFRAME			= B43F, G: MK2
_P_STATE_CT			= B440, G: MK2
_ANIMATE			= B441, G: MK2
_NEXT_SCRIPT			= B442, G: MK2
_GPC				= B444, G: MK2
_GPD				= B445, G: MK2
_P_G				= B446, G: MK2
_EN_AN_X			= B447, G: MK2
_EN_AN_Y			= B44D, G: MK2
_HIT				= B453, G: MK2
_GPS				= B454, G: MK2
_GPT				= B455, G: MK2
_RDA				= B456, G: MK2
_RDB				= B457, G: MK2
_P_X				= B458, G: MK2
_AD_FREE			= B45A, G: MK2
_P_Y				= B6B2, G: MK2
_GPX				= B6B4, G: MK2
_GPY				= B6B5, G: MK2
_RDX				= B6B6, G: MK2
_RDY				= B6B7, G: MK2
_KEYS_OLD			= B6B8, G: MK2
_WALL_H				= B6B9, G: MK2
_ENOFFSMASI			= B6BA, G: MK2
_WALL_V				= B6BB, G: MK2
_TOCADO				= B6BC, G: MK2
_IS_RENDERING			= B6BD, G: MK2
_P_FACING_H			= B6BE, G: MK2
__BADDIES_POINTER		= B6BF, G: MK2
_P_FACING_V			= B6C1, G: MK2
_P_THRUST			= B6C2, G: MK2
_POSSEE				= B6C3, G: MK2
_ORIG_TILE			= B6C4, G: MK2
_SUCCESS			= B6C5, G: MK2
_EN_AN_COUNT			= B6C6, G: MK2
_P_DISPARANDO			= B6C9, G: MK2
L_AND				= B6CA, G: L_AND
L_ASL				= B6D1, G: L_ASL
L_ASL1				= B6D2, L: L_ASL
L_ASR				= B6D8, G: L_ASR
L_ASR1				= B6D9, L: L_ASR
L_ASR_U				= B6E2, G: L_ASR_U
L_ASR_U_1			= B6E3, L: L_ASR_U
L_DIV_U				= B6EC, G: L_DIV_U
ENTRY				= B6F0, L: L_DIV_U
L_DIV1				= B6F7, L: L_DIV_U
L_DIV2				= B701, L: L_DIV_U
L_EQ				= B70B, G: L_EQ
L_GCHAR				= B712, G: L_GCHAR
L_SXT				= B713, L: L_GCHAR
L_GE				= B718, G: L_GE
L_GINT				= B726, G: L_GINT
L_GINTSPSP			= B72B, G: L_GINTSPSP
L_GT				= B734, G: L_GT
L_LE				= B740, G: L_LE
L_LNEG				= B74E, G: L_LNEG
L_LT				= B753, G: L_LT
L_NE				= B75F, G: L_NE
L_NEG				= B766, G: L_NEG
L_OR				= B76E, G: L_OR
L_PINT				= B775, G: L_PINT
L_SXT				= B77B, G: L_SXT
L_UGE				= B780, G: L_UGE
L_UGT				= B788, G: L_UGT
L_ULE				= B78E, G: L_ULE
L_ULT				= B796, G: L_ULT
SPCOMPDLISTADDR			= B79C, G: SPCOMPDLISTADDR
SPDISPLAYLIST			= B7AD, G: SPDISPLAYLIST
SPINVALIDATE			= C3AD, G: SPINVALIDATE
SPINVALIDATEP			= C3B5, G: SPINVALIDATE
NOINC1				= C3CE, L: SPINVALIDATE
INVCOLLP			= C3D2, L: SPINVALIDATE
NOINC2				= C3E1, L: SPINVALIDATE
INVFULLCHAR			= C3E5, L: SPINVALIDATE
INVROWLP			= C3E7, L: SPINVALIDATE
NOINC3				= C3F2, L: SPINVALIDATE
SPBITLEFT2MASK			= C400, G: SPBITLEFT2MASK
SPBITRIGHT2MASK			= C408, G: SPBITRIGHT2MASK
SPCOMPDIRTYADDR			= C410, G: SPCOMPDIRTYADDR
SPDIRTYCHARS			= C425, G: SPDIRTYCHARS
SPINTRECT			= C485, G: SPINTRECT
SPINTSMALLIVAL			= C4B6, G: SPINTRECT
TRYOTHERWAY			= C4CA, L: SPINTRECT
SPPTINSMALLIVAL			= C4DB, G: SPINTRECT
BROKEN				= C4E7, L: SPINTRECT
SPMOVESPRABS			= C4F0, G: SPMOVESPRABS
SPMOVESPRABSNC			= C4FE, G: SPMOVESPRABS
ADJLOOP				= C509, L: SPMOVESPRABS
SPMOVESPRABSC			= C517, G: SPMOVESPRABS
YINSCREEN			= C52F, L: SPMOVESPRABS
XINSCREEN			= C53F, L: SPMOVESPRABS
MVCOLLOOP			= C556, L: SPMOVESPRABS
MVROWLOOP			= C55C, L: SPMOVESPRABS
NOTDONE				= C566, L: SPMOVESPRABS
NOINC1				= C57E, L: SPMOVESPRABS
NOTINDLIST			= C592, L: SPMOVESPRABS
NONEXT1				= C592, L: SPMOVESPRABS
PDLOOP				= C5AF, L: SPMOVESPRABS
NOINC2				= C5B7, L: SPMOVESPRABS
PUTHERE				= C5C9, L: SPMOVESPRABS
NOINC3				= C5D8, L: SPMOVESPRABS
NODEC1				= C5E6, L: SPMOVESPRABS
NOINC4				= C5F2, L: SPMOVESPRABS
NONEXT2				= C5FF, L: SPMOVESPRABS
NOTDISPLAYED			= C5FF, L: SPMOVESPRABS
INVALIDATE			= C61A, L: SPMOVESPRABS
COMPUTEDISP			= C629, L: SPMOVESPRABS
NOTNEGATIVE			= C647, L: SPMOVESPRABS
ADJUSTGRAPHICS			= C64C, L: SPMOVESPRABS
NOINC5				= C658, L: SPMOVESPRABS
SKIP1				= C668, L: SPMOVESPRABS
SKIP2				= C678, L: SPMOVESPRABS
SPNULLSPRPTR			= C67B, G: SPNULLSPRPTR
SPPRINTATINV			= C68B, G: SPPRINTATINV
SPBIT2MASK			= C6A3, G: SPBIT2MASK
SPTBLLOOKUP			= C6AB, G: SPTBLLOOKUP
NOINC				= C6B1, L: SPTBLLOOKUP
SP_ADDCOLSPR			= C6B3, G: SP_ADDCOLSPR
SPADDCOLSPR			= C6D2, G: SPADDCOLSPR
ACNOCRY				= C6DD, L: SPADDCOLSPR
ACLOOP				= C6EE, L: SPADDCOLSPR
NOINC1				= C72A, L: SPADDCOLSPR
ACNOCRY3			= C73E, L: SPADDCOLSPR
ACFAIL				= C76B, L: SPADDCOLSPR
JPHL				= C77C, L: SPADDCOLSPR
SPDELETESPR			= C77D, G: SPDELETESPR
LOOP				= C781, L: SPDELETESPR
SPDSLOOP			= C78E, G: SPDELETESPR
JPHL				= C796, L: SPDELETESPR
SP_ADDMEMORY			= C797, G: SP_ADDMEMORY
SPADDMEMORY			= C7B0, G: SPADDMEMORY
IB1				= C7B8, L: SPADDMEMORY
IB2				= C7BF, L: SPADDMEMORY
SPFREEBLOCK			= C7CC, G: SPFREEBLOCK
SPFB1				= C7D1, G: SPFREEBLOCK
SPFB2				= C7DC, G: SPFREEBLOCK
SPQUEUETABLE			= C7E7, G: SPQUEUETABLE
SP_BLOCKALLOC			= C7E9, G: SP_BLOCKALLOC
SPBLOCKALLOC			= C7F7, G: SPBLOCKALLOC
SPALLOC				= C801, G: SPBLOCKALLOC
SP_BORDER			= C812, G: SP_BORDER
SPBORDERCLR			= C81B, G: SPBORDER
SPBORDER			= C81C, G: SPBORDER
SP_CREATEGENERICISR		= C824, G: SP_CREATEGENERICISR
SPCREATEGENERICISR		= C82D, G: SPCREATEGENERICISR
GENERICISR			= C836, L: SPCREATEGENERICISR
POSITION			= C839, L: SPCREATEGENERICISR
PUSHREG				= C842, L: SPCREATEGENERICISR
JPHL				= C851, L: SPCREATEGENERICISR
RUNHOOKS			= C852, L: SPCREATEGENERICISR
POPREG				= C864, L: SPCREATEGENERICISR
SP_CREATESPR			= C875, G: SP_CREATESPR
SPCREATESPR			= C892, G: SPCREATESPR
CSLOOP				= C8E3, L: SPCREATESPR
CSENTER				= C8F7, L: SPCREATESPR
NOTCOMPRESS			= C909, L: SPCREATESPR
CONT				= C90E, L: SPCREATESPR
CSNOCRY				= C925, L: SPCREATESPR
CSFAIL1				= C92F, L: SPCREATESPR
CSFAIL2				= C931, L: SPCREATESPR
JPHL				= C93A, L: SPCREATESPR
SP_FREEBLOCK			= C93B, G: SP_FREEBLOCK
SP_GETKEY			= C946, G: SP_GETKEY
KEYOK				= C94C, L: SP_GETKEY
STATE				= C951, L: SPGETKEY
COUNT				= C952, L: SPGETKEY
SPKEYDEBOUNCE			= C953, G: SPGETKEY
SPKEYSTARTREPEAT		= C954, G: SPGETKEY
SPKEYREPEATPERIOD		= C955, G: SPGETKEY
SPINKEY				= C956, G: SPGETKEY
SPGETKEY			= C967, G: SPGETKEY
SCANLOOP			= C96E, L: SPGETKEY
KEYROWLOOP			= C972, L: SPGETKEY
NOPRESS				= C982, L: SPGETKEY
NEXTSCANROW			= C987, L: SPGETKEY
ATMAXCOUNT			= C998, L: SPGETKEY
SKIP				= C9AF, L: SPGETKEY
NOCAPS				= C9C5, L: SPGETKEY
NOSYM				= C9D0, L: SPGETKEY
TOOMANYKEYS			= C9D3, L: SPGETKEY
NOKEYS				= C9D3, L: SPGETKEY
SPKEYTRANSTBL			= C9DB, G: SPKEYTRANSTBL
SP_INITIALIZE			= CA7B, G: SP_INITIALIZE
SPINITIALIZE			= CA87, G: SPINITIALIZE
ROTTBLLP			= CAAD, L: SPINITIALIZE
ENTRYLP				= CAB4, L: SPINITIALIZE
ROTLP				= CAB7, L: SPINITIALIZE
LOOP				= CAD0, L: SPINITIALIZE
CONT1				= CAD8, L: SPINITIALIZE
NOADD				= CAE2, L: SPINITIALIZE
USERTILE			= CAE5, L: SPINITIALIZE
SPTILEARRAY			= CAEA, G: SPTILEARRAY
SP_INITIM2			= CCEA, G: SP_INITIM2
SPINITIM2			= CCF5, G: SPINITIM2
SP_JOYKEMPSTON			= CD0B, G: SP_JOYKEMPSTON
SPJOYKEMPSTON			= CD12, G: SPJOYKEMPSTON
KEMPTBL				= CD1D, L: SPJOYKEMPSTON
SP_JOYKEYBOARD			= CD3D, G: SP_JOYKEYBOARD
SPJOYKEYBOARD			= CD4B, G: SPJOYKEYBOARD
NOFIRE				= CD58, L: SPJOYKEYBOARD
JKLOOP				= CD58, L: SPJOYKEYBOARD
NOPRESS				= CD63, L: SPJOYKEYBOARD
SP_JOYSINCLAIR1			= CD6A, G: SP_JOYSINCLAIR1
SPJOYSINCLAIR1			= CD71, G: SPJOYSINCLAIR1
SINC1TBL			= CD7D, L: SPJOYSINCLAIR1
SP_KEYPRESSED			= CD9D, G: SP_KEYPRESSED
SPKEYPRESSED			= CDAD, G: SPKEYPRESSED
NOCAPS				= CDB9, L: SPKEYPRESSED
NOSYM				= CDC5, L: SPKEYPRESSED
SP_PRINTATINV			= CDD1, G: SP_PRINTATINV
SP_REGISTERHOOK			= CDE3, G: SP_REGISTERHOOK
SP_REGISTERHOOKLAST		= CDF9, G: SP_REGISTERHOOKLAST
SPREGISTERHOOKLAST		= CE08, G: SPREGISTERHOOKLAST
SPREGISTERHOOK			= CE08, G: SPREGISTERHOOKLAST
LOOP				= CE11, L: SPREGISTERHOOKLAST
DONE				= CE1C, L: SPREGISTERHOOKLAST
SP_TILEARRAY			= CE25, G: SP_TILEARRAY
SPTILEENTRY			= CE33, G: SPTILEENTRY
NOINC				= CE3C, L: SPTILEENTRY
SP_UPDATENOW			= CE44, G: SP_UPDATENOW
TEMPGRAPHIC			= CE48, L: SPUPDATENOW
TEMPCOLOUR			= CE50, L: SPUPDATENOW
UPDATE_ATTRS			= CE51, G: SPUPDATENOW
SPUPDATENOW			= CE52, G: SPUPDATENOW
DIRTYLOOP			= CE5B, L: SPUPDATENOW
NOTACROSSBLK1			= CE6B, L: SPUPDATENOW
REENTER				= CE73, L: SPUPDATENOW
NOINC1				= CE73, L: SPUPDATENOW
DIRTYAREA			= CE81, L: SPUPDATENOW
NOTACROSSBLK2			= CEBB, L: SPUPDATENOW
TILEONLY			= CEC2, L: SPUPDATENOW
NOINC11				= CECD, L: SPUPDATENOW
DRAWCHAR			= CEF1, L: SPUPDATENOW
NOTLOAD				= CF1F, L: SPUPDATENOW
NOINC10				= CF2A, L: SPUPDATENOW
SPRITELOOP			= CF3F, L: SPUPDATENOW
DOSPRITE			= CF43, L: SPUPDATENOW
COLOURSPRITE			= D04D, L: SPUPDATENOW
CLEAR				= D04F, L: SPUPDATENOW
COPYBUFFER			= D05A, L: SPUPDATENOW
NOMORESPRITES			= D07C, L: SPUPDATENOW
SKIPUPDATECOL			= D087, L: SPUPDATENOW
MASKNOROTATE			= D08A, L: SPUPDATENOW
LOADTYPE			= D0D5, L: SPUPDATENOW
LOADNOROTATE			= D143, L: SPUPDATENOW
XORTYPE				= D162, L: SPUPDATENOW
XORNOROTATE			= D1E8, L: SPUPDATENOW
ORTYPE				= D21A, L: SPUPDATENOW
ORNOROTATE			= D2A0, L: SPUPDATENOW
SP_WAITFORNOKEY			= D2D2, G: SP_WAITFORNOKEY
SPWAITFORNOKEY			= D2D6, G: SPWAITFORNOKEY
