ACFAIL				= CDE1, L: SPADDCOLSPR
ACLOOP				= CD64, L: SPADDCOLSPR
ACNOCRY				= CD53, L: SPADDCOLSPR
ACNOCRY3			= CDB4, L: SPADDCOLSPR
ADJLOOP				= CB7F, L: SPMOVESPRABS
ADJUSTGRAPHICS			= CCC2, L: SPMOVESPRABS
APBRANCH1			= 62A2, L: HOBBIT_V2
APBRANCH2			= 62E5, L: HOBBIT_V2
APBRANCH3			= 62D1, L: HOBBIT_V2
APBRANCH4			= 62C8, L: HOBBIT_V2
APGET4BITS			= 62BA, L: HOBBIT_V2
APLOOP				= 62A7, L: HOBBIT_V2
APLOOP0				= 62A4, L: HOBBIT_V2
APSKIP2				= 6304, L: HOBBIT_V2
APSKIP3				= 630D, L: HOBBIT_V2
APWRITEBYTE			= 62C4, L: HOBBIT_V2
AP_FINISHUP			= 6310, L: HOBBIT_V2
AP_FINISHUP2			= 6313, L: HOBBIT_V2
AP_GETBIT			= 6326, L: HOBBIT_V2
AP_GETGAMMA			= 6332, L: HOBBIT_V2
AP_GETGAMMALOOP			= 6335, L: HOBBIT_V2
AP_R0_GAMMA			= 631A, L: HOBBIT_V2
ATMAXCOUNT			= CFBD, L: SPGETKEY
BROKEN				= CB5D, L: SPINTRECT
CLEAR				= D611, L: SPUPDATENOW
CNT_1A				= B6E6, L: HOBBIT_V2
CNT_1B				= B6EA, L: HOBBIT_V2
CNT_2				= B6F7, L: HOBBIT_V2
COLOURSPRITE			= D60F, L: SPUPDATENOW
COMPUTEDISP			= CC9F, L: SPMOVESPRABS
CONT				= CF33, L: SPCREATESPR
CONT1				= D0FD, L: SPINITIALIZE
COPYBUFFER			= D61C, L: SPUPDATENOW
COUNT				= CF77, L: SPGETKEY
CSENTER				= CF1C, L: SPCREATESPR
CSFAIL1				= CF54, L: SPCREATESPR
CSFAIL2				= CF56, L: SPCREATESPR
CSLOOP				= CF08, L: SPCREATESPR
CSNOCRY				= CF4A, L: SPCREATESPR
CURRENT_INST			= B645, L: HOBBIT_V2
DEPACK				= 629F, L: HOBBIT_V2
DIRTYAREA			= D443, L: SPUPDATENOW
DIRTYLOOP			= D41D, L: SPUPDATENOW
DIV_1A				= B6ED, L: HOBBIT_V2
DIV_1B				= B6F0, L: HOBBIT_V2
DIV_2				= B6FA, L: HOBBIT_V2
DN_LOOP0			= B823, L: HOBBIT_V2
DN_LOOP1			= B82B, L: HOBBIT_V2
DOSPRITE			= D505, L: SPUPDATENOW
DRAWCHAR			= D4B3, L: SPUPDATENOW
DRUMS				= B7C9, L: HOBBIT_V2
DRUM_NOISE			= B81F, L: HOBBIT_V2
DRUM_NOISE1			= B809, L: HOBBIT_V2
DRUM_NOISE2			= B811, L: HOBBIT_V2
DRUM_NOISE3			= B819, L: HOBBIT_V2
DRUM_TABLE			= B8B4, L: HOBBIT_V2
DRUM_TONE			= B7EC, L: HOBBIT_V2
DRUM_TONE1			= B7D6, L: HOBBIT_V2
DRUM_TONE2			= B7DA, L: HOBBIT_V2
DRUM_TONE3			= B7DE, L: HOBBIT_V2
DRUM_TONE4			= B7E2, L: HOBBIT_V2
DRUM_TONE5			= B7E6, L: HOBBIT_V2
DRUM_TONE6			= B7EA, L: HOBBIT_V2
DT_LOOP0			= B7F3, L: HOBBIT_V2
DT_LOOP1			= B800, L: HOBBIT_V2
ENTRY				= BD55, L: L_DIV_U
ENTRYLP				= D0D9, L: SPINITIALIZE
EXIT_PLAYER			= B6D5, L: HOBBIT_V2
FADE_OUT_BUCLE			= 987D, L: HOBBIT_V2
FADE_OUT_EXTERN			= 9877, L: HOBBIT_V2
FREQ_TABLE			= B83C, L: HOBBIT_V2
HIDE_SPRITES_ENEMS_LOOP		= B0D7, L: HOBBIT_V2
IB1				= CE2E, L: SPADDMEMORY
IB2				= CE35, L: SPADDMEMORY
INK_DONE			= 9884, L: HOBBIT_V2
INSTRUM_TBL			= B6C6, L: HOBBIT_V2
INVALIDATE			= CC90, L: SPMOVESPRABS
INVCOLLP			= CA48, L: SPINVALIDATE
INVFULLCHAR			= CA5B, L: SPINVALIDATE
INVROWLP			= CA5D, L: SPINVALIDATE
I_1				= B944, L: HOBBIT_V2
I_100				= 9A60, L: HOBBIT_V2
I_101				= 9A5D, L: HOBBIT_V2
I_102				= 9A81, L: HOBBIT_V2
I_103				= 9A81, L: HOBBIT_V2
I_104				= 9A81, L: HOBBIT_V2
I_105				= 9AAC, L: HOBBIT_V2
I_106				= 9AAC, L: HOBBIT_V2
I_107				= 9AD8, L: HOBBIT_V2
I_108				= 9AD8, L: HOBBIT_V2
I_109				= 9B00, L: HOBBIT_V2
I_110				= 9B00, L: HOBBIT_V2
I_111				= 9B1D, L: HOBBIT_V2
I_112				= 9B2B, L: HOBBIT_V2
I_113				= 9B3E, L: HOBBIT_V2
I_114				= 9BC6, L: HOBBIT_V2
I_115				= 9BC6, L: HOBBIT_V2
I_116				= 9B98, L: HOBBIT_V2
I_118				= 9C29, L: HOBBIT_V2
I_119				= 9C29, L: HOBBIT_V2
I_120				= 9BFB, L: HOBBIT_V2
I_122				= 9CCF, L: HOBBIT_V2
I_123				= 9C7C, L: HOBBIT_V2
I_124				= 9C7F, L: HOBBIT_V2
I_125				= 9CAE, L: HOBBIT_V2
I_126				= 9CAB, L: HOBBIT_V2
I_127				= 9CCF, L: HOBBIT_V2
I_128				= 9CCF, L: HOBBIT_V2
I_129				= 9CCF, L: HOBBIT_V2
I_130				= 9CF9, L: HOBBIT_V2
I_131				= 9CF9, L: HOBBIT_V2
I_132				= 9D23, L: HOBBIT_V2
I_133				= 9D23, L: HOBBIT_V2
I_134				= 9D4B, L: HOBBIT_V2
I_135				= 9D4B, L: HOBBIT_V2
I_136				= 9D68, L: HOBBIT_V2
I_137				= 9D76, L: HOBBIT_V2
I_138				= 9D89, L: HOBBIT_V2
I_139				= 9E11, L: HOBBIT_V2
I_14				= 6376, L: HOBBIT_V2
I_140				= 9E11, L: HOBBIT_V2
I_141				= 9DE3, L: HOBBIT_V2
I_143				= 9E74, L: HOBBIT_V2
I_144				= 9E74, L: HOBBIT_V2
I_145				= 9E46, L: HOBBIT_V2
I_147				= 9E88, L: HOBBIT_V2
I_148				= 9E99, L: HOBBIT_V2
I_149				= 9E99, L: HOBBIT_V2
I_15				= 8B53, L: HOBBIT_V2
I_150				= 9EC8, L: HOBBIT_V2
I_151				= 9EB0, L: HOBBIT_V2
I_152_I_151			= 9EB3, L: HOBBIT_V2
I_153				= 9F14, L: HOBBIT_V2
I_154				= 9F14, L: HOBBIT_V2
I_155				= 9EFB, L: HOBBIT_V2
I_156				= A05B, L: HOBBIT_V2
I_157				= A06C, L: HOBBIT_V2
I_158				= 9F95, L: HOBBIT_V2
I_159				= 9FC2, L: HOBBIT_V2
I_16				= 8B5A, L: HOBBIT_V2
I_160				= 9FDF, L: HOBBIT_V2
I_161				= A00E, L: HOBBIT_V2
I_162				= A004, L: HOBBIT_V2
I_163_I_162			= A007, L: HOBBIT_V2
I_164				= A05B, L: HOBBIT_V2
I_165				= A1C1, L: HOBBIT_V2
I_166				= A0E2, L: HOBBIT_V2
I_167				= A0E5, L: HOBBIT_V2
I_168				= A12A, L: HOBBIT_V2
I_169				= A120, L: HOBBIT_V2
I_17				= 8BB3, L: HOBBIT_V2
I_170				= A123, L: HOBBIT_V2
I_171				= A12D, L: HOBBIT_V2
I_172				= A1B1, L: HOBBIT_V2
I_173				= A1B4, L: HOBBIT_V2
I_174				= A1D8, L: HOBBIT_V2
I_175				= A1DB, L: HOBBIT_V2
I_176				= A1F9, L: HOBBIT_V2
I_177				= A340, L: HOBBIT_V2
I_178				= A1FE, L: HOBBIT_V2
I_179				= A329, L: HOBBIT_V2
I_18				= 8B97, L: HOBBIT_V2
I_180				= A263, L: HOBBIT_V2
I_181_I_180			= A266, L: HOBBIT_V2
I_183				= A326, L: HOBBIT_V2
I_184				= A298, L: HOBBIT_V2
I_185				= A29E, L: HOBBIT_V2
I_186				= A326, L: HOBBIT_V2
I_187				= A33D, L: HOBBIT_V2
I_188				= A3AE, L: HOBBIT_V2
I_189				= A3B5, L: HOBBIT_V2
I_19				= 8B9E, L: HOBBIT_V2
I_190				= A421, L: HOBBIT_V2
I_191				= A43A, L: HOBBIT_V2
I_192				= A456, L: HOBBIT_V2
I_193				= AE5E, L: HOBBIT_V2
I_194				= A45B, L: HOBBIT_V2
I_195				= A50A, L: HOBBIT_V2
I_196				= A50A, L: HOBBIT_V2
I_197				= A538, L: HOBBIT_V2
I_198				= A53F, L: HOBBIT_V2
I_20				= 8BB6, L: HOBBIT_V2
I_200				= AD5A, L: HOBBIT_V2
I_201				= A568, L: HOBBIT_V2
I_202				= A580, L: HOBBIT_V2
I_203				= A587, L: HOBBIT_V2
I_204				= A6B6, L: HOBBIT_V2
I_205				= A67E, L: HOBBIT_V2
I_207				= A738, L: HOBBIT_V2
I_208				= A700, L: HOBBIT_V2
I_210				= A73B, L: HOBBIT_V2
I_212				= A9FB, L: HOBBIT_V2
I_213				= A78E, L: HOBBIT_V2
I_214				= A7A1, L: HOBBIT_V2
I_215				= A7D8, L: HOBBIT_V2
I_216				= A7DB, L: HOBBIT_V2
I_217				= A815, L: HOBBIT_V2
I_218				= A93F, L: HOBBIT_V2
I_219				= A942, L: HOBBIT_V2
I_220				= A9FB, L: HOBBIT_V2
I_221				= AA92, L: HOBBIT_V2
I_222				= AA81, L: HOBBIT_V2
I_223_I_222			= AA84, L: HOBBIT_V2
I_224				= AA95, L: HOBBIT_V2
I_225				= AB96, L: HOBBIT_V2
I_226				= AB36, L: HOBBIT_V2
I_227				= AB39, L: HOBBIT_V2
I_228				= AB93, L: HOBBIT_V2
I_229				= AC80, L: HOBBIT_V2
I_23				= 9095, L: HOBBIT_V2
I_230				= AC80, L: HOBBIT_V2
I_231				= AC5E, L: HOBBIT_V2
I_232				= AC54, L: HOBBIT_V2
I_233				= AC57, L: HOBBIT_V2
I_234				= AC61, L: HOBBIT_V2
I_235				= ACEA, L: HOBBIT_V2
I_236				= AD2A, L: HOBBIT_V2
I_237				= AD5A, L: HOBBIT_V2
I_238				= AD43, L: HOBBIT_V2
I_239_I_238			= AD46, L: HOBBIT_V2
I_24				= 907E, L: HOBBIT_V2
I_240				= AE39, L: HOBBIT_V2
I_241				= ADE7, L: HOBBIT_V2
I_242				= AD9E, L: HOBBIT_V2
I_243				= ADB4, L: HOBBIT_V2
I_244				= AE33, L: HOBBIT_V2
I_245				= AE1A, L: HOBBIT_V2
I_246_I_245			= AE1D, L: HOBBIT_V2
I_247				= AE2B, L: HOBBIT_V2
I_248				= AE5B, L: HOBBIT_V2
I_249				= AE84, L: HOBBIT_V2
I_25				= 9098, L: HOBBIT_V2
I_250				= AE8E, L: HOBBIT_V2
I_251				= AE5F, L: HOBBIT_V2
I_252				= AE6D, L: HOBBIT_V2
I_253				= AE7C, L: HOBBIT_V2
I_254				= AE66, L: HOBBIT_V2
I_255				= AE84, L: HOBBIT_V2
I_256				= AEB5, L: HOBBIT_V2
I_257				= AF98, L: HOBBIT_V2
I_258				= AF73, L: HOBBIT_V2
I_259				= AECB, L: HOBBIT_V2
I_26				= 90A5, L: HOBBIT_V2
I_261				= AEE5, L: HOBBIT_V2
I_262				= AEE8, L: HOBBIT_V2
I_263				= AF95, L: HOBBIT_V2
I_264				= AF84, L: HOBBIT_V2
I_265				= AF95, L: HOBBIT_V2
I_266				= AF95, L: HOBBIT_V2
I_267				= AFB7, L: HOBBIT_V2
I_268				= AFE7, L: HOBBIT_V2
I_269				= B015, L: HOBBIT_V2
I_27				= 90CB, L: HOBBIT_V2
I_270				= B000, L: HOBBIT_V2
I_271_I_270			= B003, L: HOBBIT_V2
I_272				= B042, L: HOBBIT_V2
I_273				= B02D, L: HOBBIT_V2
I_274_I_273			= B030, L: HOBBIT_V2
I_275				= B072, L: HOBBIT_V2
I_276				= B05A, L: HOBBIT_V2
I_277_I_276			= B05D, L: HOBBIT_V2
I_278				= B0B5, L: HOBBIT_V2
I_279				= B08A, L: HOBBIT_V2
I_28				= 90AF, L: HOBBIT_V2
I_280_I_279			= B08D, L: HOBBIT_V2
I_281				= B0B5, L: HOBBIT_V2
I_282				= B0D6, L: HOBBIT_V2
I_283				= B166, L: HOBBIT_V2
I_284				= B170, L: HOBBIT_V2
I_285				= B148, L: HOBBIT_V2
I_286				= B1C3, L: HOBBIT_V2
I_287				= B261, L: HOBBIT_V2
I_288				= B1C8, L: HOBBIT_V2
I_289				= B261, L: HOBBIT_V2
I_29				= 910F, L: HOBBIT_V2
I_290				= B5AA, L: HOBBIT_V2
I_291				= B2DC, L: HOBBIT_V2
I_292				= B57E, L: HOBBIT_V2
I_293				= B300, L: HOBBIT_V2
I_294				= B379, L: HOBBIT_V2
I_295				= B33B, L: HOBBIT_V2
I_297				= B396, L: HOBBIT_V2
I_298				= B3B9, L: HOBBIT_V2
I_299				= B3B9, L: HOBBIT_V2
I_30				= 9114, L: HOBBIT_V2
I_300				= B4AE, L: HOBBIT_V2
I_301				= B45F, L: HOBBIT_V2
I_302				= B441, L: HOBBIT_V2
I_303				= B4A7, L: HOBBIT_V2
I_305				= B48F, L: HOBBIT_V2
I_306				= B472, L: HOBBIT_V2
I_307				= B478, L: HOBBIT_V2
I_308				= B4BF, L: HOBBIT_V2
I_309				= B4E7, L: HOBBIT_V2
I_31				= 917B, L: HOBBIT_V2
I_310				= B4E4, L: HOBBIT_V2
I_311				= B4EE, L: HOBBIT_V2
I_312				= B53E, L: HOBBIT_V2
I_313				= B53E, L: HOBBIT_V2
I_314				= B538, L: HOBBIT_V2
I_315_I_314			= B53B, L: HOBBIT_V2
I_316				= B561, L: HOBBIT_V2
I_317				= B555, L: HOBBIT_V2
I_319				= B578, L: HOBBIT_V2
I_32				= 9186, L: HOBBIT_V2
I_320				= B571, L: HOBBIT_V2
I_322				= B599, L: HOBBIT_V2
I_323				= B59C, L: HOBBIT_V2
I_33				= 957F, L: HOBBIT_V2
I_34				= 91B3, L: HOBBIT_V2
I_35				= 93BF, L: HOBBIT_V2
I_37				= 93BC, L: HOBBIT_V2
I_38				= 91C1, L: HOBBIT_V2
I_39				= 91F2, L: HOBBIT_V2
I_40				= 9217, L: HOBBIT_V2
I_41				= 923C, L: HOBBIT_V2
I_42				= 92BC, L: HOBBIT_V2
I_43				= 92BF, L: HOBBIT_V2
I_44				= 92D0, L: HOBBIT_V2
I_45				= 9311, L: HOBBIT_V2
I_46				= 9314, L: HOBBIT_V2
I_47				= 9325, L: HOBBIT_V2
I_48				= 9366, L: HOBBIT_V2
I_49				= 9369, L: HOBBIT_V2
I_50				= 937A, L: HOBBIT_V2
I_51				= 9395, L: HOBBIT_V2
I_52				= 93AD, L: HOBBIT_V2
I_53				= 93B0, L: HOBBIT_V2
I_54				= 9576, L: HOBBIT_V2
I_55				= 93CD, L: HOBBIT_V2
I_56				= 9576, L: HOBBIT_V2
I_58				= 9573, L: HOBBIT_V2
I_59				= 93DB, L: HOBBIT_V2
I_60				= 941B, L: HOBBIT_V2
I_61				= 9434, L: HOBBIT_V2
I_62				= 9471, L: HOBBIT_V2
I_63				= 948D, L: HOBBIT_V2
I_64				= 94A9, L: HOBBIT_V2
I_65				= 94D0, L: HOBBIT_V2
I_66				= 94FE, L: HOBBIT_V2
I_67				= 950B, L: HOBBIT_V2
I_68				= 9511, L: HOBBIT_V2
I_69				= 9518, L: HOBBIT_V2
I_70				= 9559, L: HOBBIT_V2
I_71				= 952D, L: HOBBIT_V2
I_72				= 955C, L: HOBBIT_V2
I_73				= 9564, L: HOBBIT_V2
I_74				= 956C, L: HOBBIT_V2
I_77				= 966C, L: HOBBIT_V2
I_78				= 966F, L: HOBBIT_V2
I_79				= 96DA, L: HOBBIT_V2
I_80				= 96D3, L: HOBBIT_V2
I_81_I_80			= 96D6, L: HOBBIT_V2
I_82				= 97FD, L: HOBBIT_V2
I_83				= 980C, L: HOBBIT_V2
I_84				= 97ED, L: HOBBIT_V2
I_85				= 984B, L: HOBBIT_V2
I_86				= 985A, L: HOBBIT_V2
I_87				= 983B, L: HOBBIT_V2
I_88				= 98B4, L: HOBBIT_V2
I_89				= 98D2, L: HOBBIT_V2
I_90				= 98CB, L: HOBBIT_V2
I_91				= 98D2, L: HOBBIT_V2
I_92				= 98E4, L: HOBBIT_V2
I_93				= 98E9, L: HOBBIT_V2
I_94				= 990F, L: HOBBIT_V2
I_95				= 9936, L: HOBBIT_V2
I_96				= 99F2, L: HOBBIT_V2
I_97				= 9A81, L: HOBBIT_V2
I_98				= 9A2E, L: HOBBIT_V2
I_99				= 9A31, L: HOBBIT_V2
JKLOOP				= D35C, L: SPJOYKEYBOARD
JPHL				= CF5F, L: SPCREATESPR
JPHL				= CE0C, L: SPDELETESPR
JPHL				= CDF2, L: SPADDCOLSPR
KEMPTBL				= D321, L: SPJOYKEMPSTON
KEYOK				= CF71, L: SP_GETKEY
KEYROWLOOP			= CF97, L: SPGETKEY
L8098				= B64E, L: HOBBIT_V2
L809B				= B651, L: HOBBIT_V2
L8168				= B70A, L: HOBBIT_V2
L8171				= B713, L: HOBBIT_V2
L8173				= B715, L: HOBBIT_V2
L8179				= B71B, L: HOBBIT_V2
L817B				= B71D, L: HOBBIT_V2
L8184				= B726, L: HOBBIT_V2
L8186				= B728, L: HOBBIT_V2
L818A				= B72C, L: HOBBIT_V2
L8193				= B735, L: HOBBIT_V2
L8195				= B737, L: HOBBIT_V2
L819B				= B73D, L: HOBBIT_V2
L819D				= B73F, L: HOBBIT_V2
L81A6				= B748, L: HOBBIT_V2
L81A8				= B74A, L: HOBBIT_V2
L81AC				= B74E, L: HOBBIT_V2
L81B5				= B757, L: HOBBIT_V2
L81B7				= B759, L: HOBBIT_V2
L81BD				= B75F, L: HOBBIT_V2
L81BF				= B761, L: HOBBIT_V2
L81C8				= B76A, L: HOBBIT_V2
L81CA				= B76C, L: HOBBIT_V2
L81CE				= B770, L: HOBBIT_V2
L81D7				= B779, L: HOBBIT_V2
L81D9				= B77B, L: HOBBIT_V2
L81DF				= B781, L: HOBBIT_V2
L81E1				= B783, L: HOBBIT_V2
L81EA				= B78C, L: HOBBIT_V2
L81EC				= B78E, L: HOBBIT_V2
L81F9				= B79B, L: HOBBIT_V2
L81FB				= B79D, L: HOBBIT_V2
L8201				= B7A3, L: HOBBIT_V2
L8203				= B7A5, L: HOBBIT_V2
L820C				= B7AE, L: HOBBIT_V2
L820E				= B7B0, L: HOBBIT_V2
LOADNOROTATE			= D705, L: SPUPDATENOW
LOADTYPE			= D697, L: SPUPDATENOW
LOOP				= D0F5, L: SPINITIALIZE
LOOP				= CDF7, L: SPDELETESPR
L_AND				= BD2F, G: L_AND
L_ASL				= BD36, G: L_ASL
L_ASL1				= BD37, L: L_ASL
L_ASR				= BD3D, G: L_ASR
L_ASR1				= BD3E, L: L_ASR
L_ASR_U				= BD47, G: L_ASR_U
L_ASR_U_1			= BD48, L: L_ASR_U
L_DIV1				= BD5C, L: L_DIV_U
L_DIV2				= BD66, L: L_DIV_U
L_DIV_U				= BD51, G: L_DIV_U
L_EQ				= BD70, G: L_EQ
L_GCHAR				= BD77, G: L_GCHAR
L_GE				= BD7D, G: L_GE
L_GINT				= BD8B, G: L_GINT
L_GINTSPSP			= BD90, G: L_GINTSPSP
L_GT				= BD99, G: L_GT
L_LE				= BDA5, G: L_LE
L_LNEG				= BDB3, G: L_LNEG
L_LT				= BDB8, G: L_LT
L_MULT				= BDC4, G: L_MULT
L_MULT1				= BDCB, L: L_MULT
L_MULT2				= BDD2, L: L_MULT
L_NE				= BDD5, G: L_NE
L_NEG				= BDDC, G: L_NEG
L_OR				= BDE4, G: L_OR
L_PINT				= BDEB, G: L_PINT
L_SXT				= BDF1, G: L_SXT
L_SXT				= BD78, L: L_GCHAR
L_UGE				= BDF6, G: L_UGE
L_UGT				= BDFE, G: L_UGT
L_ULE				= BE04, G: L_ULE
L_ULT				= BE0C, G: L_ULT
MAIN_LOOP			= B603, L: HOBBIT_V2
MASKNOROTATE			= D64C, L: SPUPDATENOW
MUSICDATA			= B8C6, L: HOBBIT_V2
MUSICSTART			= B5AB, L: HOBBIT_V2
MVCOLLOOP			= CBCC, L: SPMOVESPRABS
MVROWLOOP			= CBD2, L: SPMOVESPRABS
NEXTDATA			= 8D52, L: HOBBIT_V2
NEXTSCANROW			= CFAC, L: SPGETKEY
NEXT_PATTERN			= B5EF, L: HOBBIT_V2
NOADD				= D107, L: SPINITIALIZE
NOCAPS				= D3BD, L: SPKEYPRESSED
NOCAPS				= CFEA, L: SPGETKEY
NODEC1				= CC5C, L: SPMOVESPRABS
NOFIRE				= D35C, L: SPJOYKEYBOARD
NOINC				= D3FE, L: SPTILEENTRY
NOINC				= CD27, L: SPTBLLOOKUP
NOINC1				= D435, L: SPUPDATENOW
NOINC1				= CDA0, L: SPADDCOLSPR
NOINC1				= CBF4, L: SPMOVESPRABS
NOINC1				= CA44, L: SPINVALIDATE
NOINC10				= D4EC, L: SPUPDATENOW
NOINC11				= D48F, L: SPUPDATENOW
NOINC2				= CC2D, L: SPMOVESPRABS
NOINC2				= CA57, L: SPINVALIDATE
NOINC3				= CC4E, L: SPMOVESPRABS
NOINC3				= CA68, L: SPINVALIDATE
NOINC4				= CC68, L: SPMOVESPRABS
NOINC5				= CCCE, L: SPMOVESPRABS
NOKEYS				= CFF8, L: SPGETKEY
NOMORESPRITES			= D63E, L: SPUPDATENOW
NONEXT1				= CC08, L: SPMOVESPRABS
NONEXT2				= CC75, L: SPMOVESPRABS
NOPRESS				= D367, L: SPJOYKEYBOARD
NOPRESS				= CFA7, L: SPGETKEY
NOSYM				= D3C9, L: SPKEYPRESSED
NOSYM				= CFF5, L: SPGETKEY
NOTACROSSBLK1			= D42D, L: SPUPDATENOW
NOTACROSSBLK2			= D47D, L: SPUPDATENOW
NOTCOMPRESS			= CF2E, L: SPCREATESPR
NOTDISPLAYED			= CC75, L: SPMOVESPRABS
NOTDONE				= CBDC, L: SPMOVESPRABS
NOTE_PTR			= B83A, L: HOBBIT_V2
NOTINDLIST			= CC08, L: SPMOVESPRABS
NOTLOAD				= D4E1, L: SPUPDATENOW
NOTNEGATIVE			= CCBD, L: SPMOVESPRABS
NO_PATTERN_LOOP			= B5FA, L: HOBBIT_V2
ORNOROTATE			= D862, L: SPUPDATENOW
ORTYPE				= D7DC, L: SPUPDATENOW
OTHER				= B6AF, L: HOBBIT_V2
OUT_1				= B6F3, L: HOBBIT_V2
OUT_2				= B6FD, L: HOBBIT_V2
PAPER_DONE			= 988C, L: HOBBIT_V2
PAT0				= B8D6, L: HOBBIT_V2
PAT1				= B90D, L: HOBBIT_V2
PATTERNDATA			= B8CE, L: HOBBIT_V2
PATTERN_ADDR			= B837, L: HOBBIT_V2
PATTERN_LOOP_BEGIN		= B5F9, L: HOBBIT_V2
PATTERN_LOOP_END		= B5F5, L: HOBBIT_V2
PATTERN_PTR			= B839, L: HOBBIT_V2
PDLOOP				= CC25, L: SPMOVESPRABS
PLAYER				= B5CF, L: HOBBIT_V2
PLAYER_WAIT_KEY			= B705, L: HOBBIT_V2
PLAY_NOTE			= B6FE, L: HOBBIT_V2
PRINT_STR_LOOP			= 8FC9, L: HOBBIT_V2
PUTHERE				= CC3F, L: SPMOVESPRABS
READDATA			= 8CFA, L: HOBBIT_V2
READDATA_SOUND			= 8D03, L: HOBBIT_V2
READ_LOOP			= B606, L: HOBBIT_V2
REENTER				= D435, L: SPUPDATENOW
RENDER				= B6DC, L: HOBBIT_V2
RND				= 97A2, L: HOBBIT_V2
ROTLP				= D0DC, L: SPINITIALIZE
ROTTBLLP			= D0D2, L: SPINITIALIZE
SCANLOOP			= CF93, L: SPGETKEY
SET_NOTE2			= B677, L: HOBBIT_V2
SET_STOP			= B68B, L: HOBBIT_V2
SET_STOP2			= B6A4, L: HOBBIT_V2
SFXROUTINENOISE			= 8D56, L: HOBBIT_V2
SFXROUTINENOISE_BORDER		= 8D64, L: HOBBIT_V2
SFXROUTINENOISE_L0		= 8D5D, L: HOBBIT_V2
SFXROUTINENOISE_L1		= 8D61, L: HOBBIT_V2
SFXROUTINENOISE_L2		= 8D71, L: HOBBIT_V2
SFXROUTINETONE			= 8D15, L: HOBBIT_V2
SFXROUTINETONE_BORDER		= 8D2F, L: HOBBIT_V2
SFXROUTINETONE_DUTY		= 8D2A, L: HOBBIT_V2
SFXROUTINETONE_L0		= 8D24, L: HOBBIT_V2
SFXROUTINETONE_L1		= 8D28, L: HOBBIT_V2
SINC1TBL			= D381, L: SPJOYSINCLAIR1
SKIP				= CFD4, L: SPGETKEY
SKIP1				= CCDE, L: SPMOVESPRABS
SKIP2				= CCEE, L: SPMOVESPRABS
SKIPUPDATECOL			= D649, L: SPUPDATENOW
SKIP_CH1			= B6CF, L: HOBBIT_V2
SOUNDEFFECTSDATA		= 8D85, L: HOBBIT_V2
SOUNDEFFECTSDATA_SFX0		= 8D9D, L: HOBBIT_V2
SOUNDEFFECTSDATA_SFX1		= 8DA9, L: HOBBIT_V2
SOUNDEFFECTSDATA_SFX10		= 8E6F, L: HOBBIT_V2
SOUNDEFFECTSDATA_SFX11		= 8E77, L: HOBBIT_V2
SOUNDEFFECTSDATA_SFX2		= 8DB5, L: HOBBIT_V2
SOUNDEFFECTSDATA_SFX3		= 8DCF, L: HOBBIT_V2
SOUNDEFFECTSDATA_SFX4		= 8DDB, L: HOBBIT_V2
SOUNDEFFECTSDATA_SFX5		= 8DE7, L: HOBBIT_V2
SOUNDEFFECTSDATA_SFX6		= 8DF3, L: HOBBIT_V2
SOUNDEFFECTSDATA_SFX7		= 8E0A, L: HOBBIT_V2
SOUNDEFFECTSDATA_SFX8		= 8E4D, L: HOBBIT_V2
SOUNDEFFECTSDATA_SFX9		= 8E67, L: HOBBIT_V2
SOUND_PLAY			= 8CE9, L: HOBBIT_V2
SPADDCOLSPR			= CD48, G: SPADDCOLSPR
SPADDMEMORY			= CE26, G: SPADDMEMORY
SPALLOC				= CE77, G: SPBLOCKALLOC
SPBIT2MASK			= CD19, G: SPBIT2MASK
SPBITLEFT2MASK			= CA76, G: SPBITLEFT2MASK
SPBITRIGHT2MASK			= CA7E, G: SPBITRIGHT2MASK
SPBLOCKALLOC			= CE6D, G: SPBLOCKALLOC
SPBORDER			= CE92, G: SPBORDER
SPBORDERCLR			= CE91, G: SPBORDER
SPCOMPDIRTYADDR			= CA86, G: SPCOMPDIRTYADDR
SPCOMPDLISTADDR			= BE12, G: SPCOMPDLISTADDR
SPCREATESPR			= CEB7, G: SPCREATESPR
SPDELETESPR			= CDF3, G: SPDELETESPR
SPDIRTYCHARS			= CA9B, G: SPDIRTYCHARS
SPDISPLAYLIST			= BE23, G: SPDISPLAYLIST
SPDSLOOP			= CE04, G: SPDELETESPR
SPFB1				= CE47, G: SPFREEBLOCK
SPFB2				= CE52, G: SPFREEBLOCK
SPFREEBLOCK			= CE42, G: SPFREEBLOCK
SPGETKEY			= CF8C, G: SPGETKEY
SPINITIALIZE			= D0AC, G: SPINITIALIZE
SPINKEY				= CF7B, G: SPGETKEY
SPINTRECT			= CAFB, G: SPINTRECT
SPINTSMALLIVAL			= CB2C, G: SPINTRECT
SPINVALIDATE			= CA23, G: SPINVALIDATE
SPINVALIDATEP			= CA2B, G: SPINVALIDATE
SPJOYKEMPSTON			= D316, G: SPJOYKEMPSTON
SPJOYKEYBOARD			= D34F, G: SPJOYKEYBOARD
SPJOYSINCLAIR1			= D375, G: SPJOYSINCLAIR1
SPKEYDEBOUNCE			= CF78, G: SPGETKEY
SPKEYPRESSED			= D3B1, G: SPKEYPRESSED
SPKEYREPEATPERIOD		= CF7A, G: SPGETKEY
SPKEYSTARTREPEAT		= CF79, G: SPGETKEY
SPKEYTRANSTBL			= D000, G: SPKEYTRANSTBL
SPMOVESPRABS			= CB66, G: SPMOVESPRABS
SPMOVESPRABSC			= CB8D, G: SPMOVESPRABS
SPMOVESPRABSNC			= CB74, G: SPMOVESPRABS
SPNULLSPRPTR			= CCF1, G: SPNULLSPRPTR
SPPRINTATINV			= CD01, G: SPPRINTATINV
SPPTINSMALLIVAL			= CB51, G: SPINTRECT
SPQUEUETABLE			= CE5D, G: SPQUEUETABLE
SPRITELOOP			= D501, L: SPUPDATENOW
SPTBLLOOKUP			= CD21, G: SPTBLLOOKUP
SPTILEARRAY			= D10F, G: SPTILEARRAY
SPTILEENTRY			= D3F5, G: SPTILEENTRY
SPUPDATENOW			= D414, G: SPUPDATENOW
SPWAITFORNOKEY			= D898, G: SPWAITFORNOKEY
SP_ADDCOLSPR			= CD29, G: SP_ADDCOLSPR
SP_ADDMEMORY			= CE0D, G: SP_ADDMEMORY
SP_BLOCKALLOC			= CE5F, G: SP_BLOCKALLOC
SP_BORDER			= CE88, G: SP_BORDER
SP_CREATESPR			= CE9A, G: SP_CREATESPR
SP_FREEBLOCK			= CF60, G: SP_FREEBLOCK
SP_GETKEY			= CF6B, G: SP_GETKEY
SP_INITIALIZE			= D0A0, G: SP_INITIALIZE
SP_JOYKEMPSTON			= D30F, G: SP_JOYKEMPSTON
SP_JOYKEYBOARD			= D341, G: SP_JOYKEYBOARD
SP_JOYSINCLAIR1			= D36E, G: SP_JOYSINCLAIR1
SP_KEYPRESSED			= D3A1, G: SP_KEYPRESSED
SP_PRINTATINV			= D3D5, G: SP_PRINTATINV
SP_TILEARRAY			= D3E7, G: SP_TILEARRAY
SP_UPDATENOW			= D406, G: SP_UPDATENOW
SP_WAITFORNOKEY			= D894, G: SP_WAITFORNOKEY
START				= 5E88, L: ZX82_CRT0
STATE				= CF76, L: SPGETKEY
TEMPCOLOUR			= D412, L: SPUPDATENOW
TEMPGRAPHIC			= D40A, L: SPUPDATENOW
TILEONLY			= D484, L: SPUPDATENOW
TOOMANYKEYS			= CFF8, L: SPGETKEY
TRYOTHERWAY			= CB40, L: SPINTRECT
UPDATE_ATTRS			= D413, G: SPUPDATENOW
USERTILE			= D10A, L: SPINITIALIZE
VPCLIPSTRUCT			= 5EE3, L: HOBBIT_V2
XINSCREEN			= CBB5, L: SPMOVESPRABS
XORNOROTATE			= D7AA, L: SPUPDATENOW
XORTYPE				= D724, L: SPUPDATENOW
YINSCREEN			= CBA5, L: SPMOVESPRABS
_ABS				= 98D3, G: HOBBIT_V2
_ACTION_PRESSED			= BA9E, G: HOBBIT_V2
_ACTIVE				= BA3F, G: HOBBIT_V2
_ACTIVE_SLEEP			= AE5F, G: HOBBIT_V2
_ADDONS_BETWEEN			= 8B35, G: HOBBIT_V2
_ADDSIGN			= 989E, G: HOBBIT_V2
_AD_FREE			= BABF, G: HOBBIT_V2
_ANIMATE			= BAA6, G: HOBBIT_V2
_ARROW_SPRITES			= 8BC9, G: HOBBIT_V2
_ASM_INT			= BD23, G: HOBBIT_V2
_ASM_INT_2			= BA8D, G: HOBBIT_V2
_AT1				= BA9C, G: HOBBIT_V2
_AT2				= BA9D, G: HOBBIT_V2
_ATTR				= 973B, G: HOBBIT_V2
_ATTR_DO			= 974D, L: HOBBIT_V2
_ATTR_RESET			= 9749, L: HOBBIT_V2
_BADDIES			= 85E0, G: HOBBIT_V2
_BEEP_FX			= 8EA4, G: HOBBIT_V2
_BEHS				= 5EA6, G: HOBBIT_V2
_BS				= BA47, G: HOBBIT_V2
_BUTTON_PRESSED			= 9065, G: HOBBIT_V2
_CM_TWO_POINTS			= 96DE, G: HOBBIT_V2
_CM_TWO_POINTS_AT1_DO		= 96EF, L: HOBBIT_V2
_CM_TWO_POINTS_AT1_DONE		= 9709, L: HOBBIT_V2
_CM_TWO_POINTS_AT1_RESET	= 96EC, L: HOBBIT_V2
_CM_TWO_POINTS_AT2_DO		= 971D, L: HOBBIT_V2
_CM_TWO_POINTS_AT2_DONE		= 9737, L: HOBBIT_V2
_CM_TWO_POINTS_AT2_RESET	= 971A, L: HOBBIT_V2
_COLLIDE			= 9601, G: HOBBIT_V2
_COLLIDE_PIXEL			= 9672, G: HOBBIT_V2
_CORTINA			= 9875, G: HOBBIT_V2
_CX1				= BA9F, G: HOBBIT_V2
_CX2				= BAA0, G: HOBBIT_V2
_CY1				= BAA1, G: HOBBIT_V2
_CY2				= BAA2, G: HOBBIT_V2
_DISTANCE			= A355, G: HOBBIT_V2
_DO_GRAVITY			= 5EEB, G: HOBBIT_V2
_DO_RESPAWN			= BA43, G: HOBBIT_V2
_DRAW_COLOURED_TILE		= 8EBF, G: HOBBIT_V2
_DRAW_COLOURED_TILE_GAMEAREA	= 8F35, G: HOBBIT_V2
_DRAW_INVALIDATE_COLOURED_TILE_G= 8F2E, G: HOBBIT_V2
_DRAW_OBJS			= 8FB2, G: HOBBIT_V2
_DRAW_SCR			= A1C2, G: HOBBIT_V2
_DRAW_SCR_BACKGROUND		= 9F52, G: HOBBIT_V2
_ENEMY_SHOOTS			= BAA3, G: HOBBIT_V2
_ENEM_FRAMES			= 95F1, G: HOBBIT_V2
_ENEM_MOVE_SPR_ABS		= 9580, G: HOBBIT_V2
_ENOFFS				= BA58, G: HOBBIT_V2
_ENOFFSMASI			= BD1F, G: HOBBIT_V2
_EN_AN_BASE_FRAME		= B966, G: HOBBIT_V2
_EN_AN_COUNT			= BD2B, G: HOBBIT_V2
_EN_AN_C_F			= B96B, G: HOBBIT_V2
_EN_AN_N_F			= B99A, G: HOBBIT_V2
_EN_AN_STATE			= B975, G: HOBBIT_V2
_EN_AN_VX			= BA6D, G: HOBBIT_V2
_EN_AN_VY			= BA74, G: HOBBIT_V2
_EN_AN_X			= BAAC, G: HOBBIT_V2
_EN_AN_Y			= BAB2, G: HOBBIT_V2
_FLAGS				= B978, G: HOBBIT_V2
_FLICK_SCREEN			= AFE8, G: HOBBIT_V2
_FZX1				= BA67, G: HOBBIT_V2
_FZX2				= BA68, G: HOBBIT_V2
_FZY1				= BA69, G: HOBBIT_V2
_FZY2				= BA6A, G: HOBBIT_V2
_F_ZONE_AC			= BA9B, G: HOBBIT_V2
_GAME_ENDING			= 97D6, G: HOBBIT_V2
_GAME_OVER			= 9815, G: HOBBIT_V2
_GEN_PT				= BA4A, G: HOBBIT_V2
_GPAUX				= B9A8, G: HOBBIT_V2
_GPC				= BAA9, G: HOBBIT_V2
_GPCX				= BA64, G: HOBBIT_V2
_GPCY				= BA6B, G: HOBBIT_V2
_GPD				= BAAA, G: HOBBIT_V2
_GPEN_CX			= B964, G: HOBBIT_V2
_GPEN_CY			= B965, G: HOBBIT_V2
_GPEN_X				= BA5B, G: HOBBIT_V2
_GPEN_XX			= B971, G: HOBBIT_V2
_GPEN_Y				= BA5C, G: HOBBIT_V2
_GPEN_YY			= B972, G: HOBBIT_V2
_GPIT				= BA6C, G: HOBBIT_V2
_GPJT				= BA7A, G: HOBBIT_V2
_GPS				= BAB9, G: HOBBIT_V2
_GPT				= BABA, G: HOBBIT_V2
_GPX				= BD19, G: HOBBIT_V2
_GPXX				= BA93, G: HOBBIT_V2
_GPY				= BD1A, G: HOBBIT_V2
_GPYY				= BA94, G: HOBBIT_V2
_GP_GEN				= BA55, G: HOBBIT_V2
_HALF_LIFE			= 5EE7, G: HOBBIT_V2
_HIDE_SPRITES			= B0B6, G: HOBBIT_V2
_HIT				= BAB8, G: HOBBIT_V2
_HIT_H				= B9A3, G: HOBBIT_V2
_HIT_V				= B9A4, G: HOBBIT_V2
_HOTSPOTS			= 8ACC, G: HOBBIT_V2
_HOTSPOT_X			= B969, G: HOBBIT_V2
_HOTSPOT_Y			= B96A, G: HOBBIT_V2
_INIT_HOTSPOTS			= 9908, G: HOBBIT_V2
_INVALIDATE_TILE		= 8F05, G: HOBBIT_V2
_INVALIDATE_VIEWPORT		= 8F1E, G: HOBBIT_V2
_IS_RENDERING			= BD22, G: HOBBIT_V2
_JOYFUNC			= BA62, G: HOBBIT_V2
_KEYS				= BA81, G: HOBBIT_V2
_KEYSCANCODES			= 5E8E, G: HOBBIT_V2
_KEYS_OLD			= BD1D, G: HOBBIT_V2
_KEY_M				= BA40, G: HOBBIT_V2
_KILLABLE			= BA57, G: HOBBIT_V2
_KILLED_OLD			= B9A5, G: HOBBIT_V2
_KILL_PLAYER			= 98EA, G: HOBBIT_V2
_LEVEL				= 5EEA, G: HOBBIT_V2
_LIFE_OLD			= BA48, G: HOBBIT_V2
_LIMIT				= A405, G: HOBBIT_V2
_LINE_OF_TEXT_LOOP		= 9F1F, L: HOBBIT_V2
_MAIN				= B102, G: HOBBIT_V2
_MAINCOUNTER			= BA96, G: HOBBIT_V2
_MAIN_SCRIPT			= 5EEF, G: HOBBIT_V2
_MAIN_SCRIPT_OFFSET		= BA7B, G: HOBBIT_V2
_MAP				= 68FF, G: HOBBIT_V2
_MAP_ATTR			= B9A9, G: HOBBIT_V2
_MAP_BUFF			= 5EE8, G: HOBBIT_V2
_MAP_POINTER			= B973, G: HOBBIT_V2
_MSC_INIT_ALL			= 909B, G: HOBBIT_V2
_MUEVE_BICHARRACOS		= A442, G: HOBBIT_V2
_MY_MALLOC			= 5ED6, G: HOBBIT_V2
_NEXT_SCRIPT			= BAA7, G: HOBBIT_V2
_NO_DRAW			= BA4C, G: HOBBIT_V2
_N_PANT				= BA5E, G: HOBBIT_V2
_OBJS_OLD			= BA95, G: HOBBIT_V2
_ORIG_TILE			= BD29, G: HOBBIT_V2
_O_PANT				= BA60, G: HOBBIT_V2
_PLAYER_CALC_BOUNDING_BOX	= 9993, G: HOBBIT_V2
_PLAYER_FRAMES			= 95E1, G: HOBBIT_V2
_PLAYER_INIT			= 9937, G: HOBBIT_V2
_PLAYER_MOVE			= 99D4, G: HOBBIT_V2
_PLAYING			= BA7E, G: HOBBIT_V2
_POSSEE				= BD28, G: HOBBIT_V2
_PREGOTTEN			= B9A2, G: HOBBIT_V2
_PRINT_MESSAGE			= 901A, G: HOBBIT_V2
_PRINT_NUMBER2			= 8F63, G: HOBBIT_V2
_PRINT_STR			= 8FC9, G: HOBBIT_V2
_PTGMX				= BA4E, G: HOBBIT_V2
_PTGMY				= BA50, G: HOBBIT_V2
_PTX1				= BA97, G: HOBBIT_V2
_PTX2				= BA98, G: HOBBIT_V2
_PTY1				= BA99, G: HOBBIT_V2
_PTY2				= BA9A, G: HOBBIT_V2
_P_C_F				= B9A0, G: HOBBIT_V2
_P_DISPARANDO			= BD2E, G: HOBBIT_V2
_P_ENGINE			= BA49, G: HOBBIT_V2
_P_FACING			= B998, G: HOBBIT_V2
_P_FACING_H			= BD25, G: HOBBIT_V2
_P_FACING_V			= BD26, G: HOBBIT_V2
_P_FRAME			= B999, G: HOBBIT_V2
_P_G				= BAAB, G: HOBBIT_V2
_P_GOTTEN			= BA66, G: HOBBIT_V2
_P_JMP_CT			= BA5D, G: HOBBIT_V2
_P_JMP_ON			= BA5F, G: HOBBIT_V2
_P_KEYS				= BA73, G: HOBBIT_V2
_P_KILLED			= BA5A, G: HOBBIT_V2
_P_LIFE				= BA61, G: HOBBIT_V2
_P_N_F				= B9A6, G: HOBBIT_V2
_P_OBJS				= BA65, G: HOBBIT_V2
_P_STATE			= BA4D, G: HOBBIT_V2
_P_STATE_CT			= BAA5, G: HOBBIT_V2
_P_SUBFRAME			= BAA4, G: HOBBIT_V2
_P_THRUST			= BD27, G: HOBBIT_V2
_P_VX				= BA8F, G: HOBBIT_V2
_P_VY				= BA91, G: HOBBIT_V2
_P_X				= BABD, G: HOBBIT_V2
_P_Y				= BD17, G: HOBBIT_V2
_QTILE				= 976C, G: HOBBIT_V2
_QTILE_DO			= 977E, L: HOBBIT_V2
_QTILE_RESET			= 977A, L: HOBBIT_V2
_RAM_ADDRESS			= 6342, G: HOBBIT_V2
_RAM_DESTINATION		= 6344, G: HOBBIT_V2
_RAND				= 97A2, G: HOBBIT_V2
_RANDRES			= 97A1, G: HOBBIT_V2
_RDA				= BABB, G: HOBBIT_V2
_RDB				= BABC, G: HOBBIT_V2
_RDX				= BD1B, G: HOBBIT_V2
_RDY				= BD1C, G: HOBBIT_V2
_READXY				= 9117, G: HOBBIT_V2
_READ_BYTE			= 90CC, G: HOBBIT_V2
_READ_VBYTE			= 90E6, G: HOBBIT_V2
_RELOC_PLAYER			= 9134, G: HOBBIT_V2
_RUN_ENTERING_SCRIPT		= 9F15, G: HOBBIT_V2
_RUN_FIRE_SCRIPT		= AE97, G: HOBBIT_V2
_RUN_SCRIPT			= 9150, G: HOBBIT_V2
_SCRIPT				= 629D, G: HOBBIT_V2
_SCRIPT_RESULT			= 5EEC, G: HOBBIT_V2
_SC_C				= BA7D, G: HOBBIT_V2
_SC_CONTINUAR			= 5EEE, G: HOBBIT_V2
_SC_M				= BA7F, G: HOBBIT_V2
_SC_N				= BA80, G: HOBBIT_V2
_SC_TERMINADO			= 5EED, G: HOBBIT_V2
_SC_X				= BA8B, G: HOBBIT_V2
_SC_Y				= BA8C, G: HOBBIT_V2
_SEED1				= 979D, G: HOBBIT_V2
_SEED2				= 979F, G: HOBBIT_V2
_SELECT_JOYFUNC			= AEB2, G: HOBBIT_V2
_SILENT_LEVEL			= BA59, G: HOBBIT_V2
_SPACER				= 8EBD, G: HOBBIT_V2
_SPRITE_10_A			= 8160, G: HOBBIT_V2
_SPRITE_10_B			= 8190, G: HOBBIT_V2
_SPRITE_10_C			= 81C0, G: HOBBIT_V2
_SPRITE_11_A			= 81F0, G: HOBBIT_V2
_SPRITE_11_B			= 8220, G: HOBBIT_V2
_SPRITE_11_C			= 8250, G: HOBBIT_V2
_SPRITE_12_A			= 8280, G: HOBBIT_V2
_SPRITE_12_B			= 82B0, G: HOBBIT_V2
_SPRITE_12_C			= 82E0, G: HOBBIT_V2
_SPRITE_13_A			= 8310, G: HOBBIT_V2
_SPRITE_13_B			= 8340, G: HOBBIT_V2
_SPRITE_13_C			= 8370, G: HOBBIT_V2
_SPRITE_14_A			= 83A0, G: HOBBIT_V2
_SPRITE_14_B			= 83D0, G: HOBBIT_V2
_SPRITE_14_C			= 8400, G: HOBBIT_V2
_SPRITE_15_A			= 8430, G: HOBBIT_V2
_SPRITE_15_B			= 8460, G: HOBBIT_V2
_SPRITE_15_C			= 8490, G: HOBBIT_V2
_SPRITE_16_A			= 84C0, G: HOBBIT_V2
_SPRITE_16_B			= 84F0, G: HOBBIT_V2
_SPRITE_16_C			= 8520, G: HOBBIT_V2
_SPRITE_18_A			= 8550, G: HOBBIT_V2
_SPRITE_18_B			= 8580, L: HOBBIT_V2
_SPRITE_18_C			= 85B0, L: HOBBIT_V2
_SPRITE_1_A			= 7C50, G: HOBBIT_V2
_SPRITE_1_B			= 7C80, G: HOBBIT_V2
_SPRITE_1_C			= 7CB0, G: HOBBIT_V2
_SPRITE_2_A			= 7CE0, G: HOBBIT_V2
_SPRITE_2_B			= 7D10, G: HOBBIT_V2
_SPRITE_2_C			= 7D40, G: HOBBIT_V2
_SPRITE_3_A			= 7D70, G: HOBBIT_V2
_SPRITE_3_B			= 7DA0, G: HOBBIT_V2
_SPRITE_3_C			= 7DD0, G: HOBBIT_V2
_SPRITE_4_A			= 7E00, G: HOBBIT_V2
_SPRITE_4_B			= 7E30, G: HOBBIT_V2
_SPRITE_4_C			= 7E60, G: HOBBIT_V2
_SPRITE_5_A			= 7E90, G: HOBBIT_V2
_SPRITE_5_B			= 7EC0, G: HOBBIT_V2
_SPRITE_5_C			= 7EF0, G: HOBBIT_V2
_SPRITE_6_A			= 7F20, G: HOBBIT_V2
_SPRITE_6_B			= 7F50, G: HOBBIT_V2
_SPRITE_6_C			= 7F80, G: HOBBIT_V2
_SPRITE_7_A			= 7FB0, G: HOBBIT_V2
_SPRITE_7_B			= 7FE0, G: HOBBIT_V2
_SPRITE_7_C			= 8010, G: HOBBIT_V2
_SPRITE_8_A			= 8040, G: HOBBIT_V2
_SPRITE_8_B			= 8070, G: HOBBIT_V2
_SPRITE_8_C			= 80A0, G: HOBBIT_V2
_SPRITE_9_A			= 80D0, G: HOBBIT_V2
_SPRITE_9_B			= 8100, G: HOBBIT_V2
_SPRITE_9_C			= 8130, G: HOBBIT_V2
_SP_MOVILES			= B95E, G: HOBBIT_V2
_SP_PLAYER			= BA53, G: HOBBIT_V2
_SRAND				= 97C9, G: HOBBIT_V2
_STEP				= 9863, G: HOBBIT_V2
_STOP_PLAYER			= 912A, G: HOBBIT_V2
_SUCCESS			= BD2A, G: HOBBIT_V2
_S_ENDING			= 67CB, G: HOBBIT_V2
_S_MARCO			= 67CB, G: HOBBIT_V2
_S_TITLE			= 6377, G: HOBBIT_V2
_TILESET			= 7340, G: HOBBIT_V2
_TOCADO				= BD21, G: HOBBIT_V2
_UNPACK				= 6346, G: HOBBIT_V2
_UPDATE_HUD			= AF9A, G: HOBBIT_V2
_UPDATE_TILE			= 8FE9, G: HOBBIT_V2
_UTAUX				= 8FE8, G: HOBBIT_V2
_U_FREE				= 5EE1, G: HOBBIT_V2
_U_MALLOC			= 5EDF, G: HOBBIT_V2
_WALL_H				= BD1E, G: HOBBIT_V2
_WALL_V				= BD20, G: HOBBIT_V2
_WARP_TO_LEVEL			= BA52, G: HOBBIT_V2
__N				= BA42, G: HOBBIT_V2
__T				= BA44, G: HOBBIT_V2
__X				= BA45, G: HOBBIT_V2
__Y				= BA46, G: HOBBIT_V2


START				= 5E88, L: ZX82_CRT0
_KEYSCANCODES			= 5E8E, G: HOBBIT_V2
_BEHS				= 5EA6, G: HOBBIT_V2
_MY_MALLOC			= 5ED6, G: HOBBIT_V2
_U_MALLOC			= 5EDF, G: HOBBIT_V2
_U_FREE				= 5EE1, G: HOBBIT_V2
VPCLIPSTRUCT			= 5EE3, L: HOBBIT_V2
_HALF_LIFE			= 5EE7, G: HOBBIT_V2
_MAP_BUFF			= 5EE8, G: HOBBIT_V2
_LEVEL				= 5EEA, G: HOBBIT_V2
_DO_GRAVITY			= 5EEB, G: HOBBIT_V2
_SCRIPT_RESULT			= 5EEC, G: HOBBIT_V2
_SC_TERMINADO			= 5EED, G: HOBBIT_V2
_SC_CONTINUAR			= 5EEE, G: HOBBIT_V2
_MAIN_SCRIPT			= 5EEF, G: HOBBIT_V2
_SCRIPT				= 629D, G: HOBBIT_V2
DEPACK				= 629F, L: HOBBIT_V2
APBRANCH1			= 62A2, L: HOBBIT_V2
APLOOP0				= 62A4, L: HOBBIT_V2
APLOOP				= 62A7, L: HOBBIT_V2
APGET4BITS			= 62BA, L: HOBBIT_V2
APWRITEBYTE			= 62C4, L: HOBBIT_V2
APBRANCH4			= 62C8, L: HOBBIT_V2
APBRANCH3			= 62D1, L: HOBBIT_V2
APBRANCH2			= 62E5, L: HOBBIT_V2
APSKIP2				= 6304, L: HOBBIT_V2
APSKIP3				= 630D, L: HOBBIT_V2
AP_FINISHUP			= 6310, L: HOBBIT_V2
AP_FINISHUP2			= 6313, L: HOBBIT_V2
AP_R0_GAMMA			= 631A, L: HOBBIT_V2
AP_GETBIT			= 6326, L: HOBBIT_V2
AP_GETGAMMA			= 6332, L: HOBBIT_V2
AP_GETGAMMALOOP			= 6335, L: HOBBIT_V2
_RAM_ADDRESS			= 6342, G: HOBBIT_V2
_RAM_DESTINATION		= 6344, G: HOBBIT_V2
_UNPACK				= 6346, G: HOBBIT_V2
I_14				= 6376, L: HOBBIT_V2
_S_TITLE			= 6377, G: HOBBIT_V2
_S_ENDING			= 67CB, G: HOBBIT_V2
_S_MARCO			= 67CB, G: HOBBIT_V2
_MAP				= 68FF, G: HOBBIT_V2
_TILESET			= 7340, G: HOBBIT_V2
_SPRITE_1_A			= 7C50, G: HOBBIT_V2
_SPRITE_1_B			= 7C80, G: HOBBIT_V2
_SPRITE_1_C			= 7CB0, G: HOBBIT_V2
_SPRITE_2_A			= 7CE0, G: HOBBIT_V2
_SPRITE_2_B			= 7D10, G: HOBBIT_V2
_SPRITE_2_C			= 7D40, G: HOBBIT_V2
_SPRITE_3_A			= 7D70, G: HOBBIT_V2
_SPRITE_3_B			= 7DA0, G: HOBBIT_V2
_SPRITE_3_C			= 7DD0, G: HOBBIT_V2
_SPRITE_4_A			= 7E00, G: HOBBIT_V2
_SPRITE_4_B			= 7E30, G: HOBBIT_V2
_SPRITE_4_C			= 7E60, G: HOBBIT_V2
_SPRITE_5_A			= 7E90, G: HOBBIT_V2
_SPRITE_5_B			= 7EC0, G: HOBBIT_V2
_SPRITE_5_C			= 7EF0, G: HOBBIT_V2
_SPRITE_6_A			= 7F20, G: HOBBIT_V2
_SPRITE_6_B			= 7F50, G: HOBBIT_V2
_SPRITE_6_C			= 7F80, G: HOBBIT_V2
_SPRITE_7_A			= 7FB0, G: HOBBIT_V2
_SPRITE_7_B			= 7FE0, G: HOBBIT_V2
_SPRITE_7_C			= 8010, G: HOBBIT_V2
_SPRITE_8_A			= 8040, G: HOBBIT_V2
_SPRITE_8_B			= 8070, G: HOBBIT_V2
_SPRITE_8_C			= 80A0, G: HOBBIT_V2
_SPRITE_9_A			= 80D0, G: HOBBIT_V2
_SPRITE_9_B			= 8100, G: HOBBIT_V2
_SPRITE_9_C			= 8130, G: HOBBIT_V2
_SPRITE_10_A			= 8160, G: HOBBIT_V2
_SPRITE_10_B			= 8190, G: HOBBIT_V2
_SPRITE_10_C			= 81C0, G: HOBBIT_V2
_SPRITE_11_A			= 81F0, G: HOBBIT_V2
_SPRITE_11_B			= 8220, G: HOBBIT_V2
_SPRITE_11_C			= 8250, G: HOBBIT_V2
_SPRITE_12_A			= 8280, G: HOBBIT_V2
_SPRITE_12_B			= 82B0, G: HOBBIT_V2
_SPRITE_12_C			= 82E0, G: HOBBIT_V2
_SPRITE_13_A			= 8310, G: HOBBIT_V2
_SPRITE_13_B			= 8340, G: HOBBIT_V2
_SPRITE_13_C			= 8370, G: HOBBIT_V2
_SPRITE_14_A			= 83A0, G: HOBBIT_V2
_SPRITE_14_B			= 83D0, G: HOBBIT_V2
_SPRITE_14_C			= 8400, G: HOBBIT_V2
_SPRITE_15_A			= 8430, G: HOBBIT_V2
_SPRITE_15_B			= 8460, G: HOBBIT_V2
_SPRITE_15_C			= 8490, G: HOBBIT_V2
_SPRITE_16_A			= 84C0, G: HOBBIT_V2
_SPRITE_16_B			= 84F0, G: HOBBIT_V2
_SPRITE_16_C			= 8520, G: HOBBIT_V2
_SPRITE_18_A			= 8550, G: HOBBIT_V2
_SPRITE_18_B			= 8580, L: HOBBIT_V2
_SPRITE_18_C			= 85B0, L: HOBBIT_V2
_BADDIES			= 85E0, G: HOBBIT_V2
_HOTSPOTS			= 8ACC, G: HOBBIT_V2
_ADDONS_BETWEEN			= 8B35, G: HOBBIT_V2
I_15				= 8B53, L: HOBBIT_V2
I_16				= 8B5A, L: HOBBIT_V2
I_18				= 8B97, L: HOBBIT_V2
I_19				= 8B9E, L: HOBBIT_V2
I_17				= 8BB3, L: HOBBIT_V2
I_20				= 8BB6, L: HOBBIT_V2
_ARROW_SPRITES			= 8BC9, G: HOBBIT_V2
SOUND_PLAY			= 8CE9, L: HOBBIT_V2
READDATA			= 8CFA, L: HOBBIT_V2
READDATA_SOUND			= 8D03, L: HOBBIT_V2
SFXROUTINETONE			= 8D15, L: HOBBIT_V2
SFXROUTINETONE_L0		= 8D24, L: HOBBIT_V2
SFXROUTINETONE_L1		= 8D28, L: HOBBIT_V2
SFXROUTINETONE_DUTY		= 8D2A, L: HOBBIT_V2
SFXROUTINETONE_BORDER		= 8D2F, L: HOBBIT_V2
NEXTDATA			= 8D52, L: HOBBIT_V2
SFXROUTINENOISE			= 8D56, L: HOBBIT_V2
SFXROUTINENOISE_L0		= 8D5D, L: HOBBIT_V2
SFXROUTINENOISE_L1		= 8D61, L: HOBBIT_V2
SFXROUTINENOISE_BORDER		= 8D64, L: HOBBIT_V2
SFXROUTINENOISE_L2		= 8D71, L: HOBBIT_V2
SOUNDEFFECTSDATA		= 8D85, L: HOBBIT_V2
SOUNDEFFECTSDATA_SFX0		= 8D9D, L: HOBBIT_V2
SOUNDEFFECTSDATA_SFX1		= 8DA9, L: HOBBIT_V2
SOUNDEFFECTSDATA_SFX2		= 8DB5, L: HOBBIT_V2
SOUNDEFFECTSDATA_SFX3		= 8DCF, L: HOBBIT_V2
SOUNDEFFECTSDATA_SFX4		= 8DDB, L: HOBBIT_V2
SOUNDEFFECTSDATA_SFX5		= 8DE7, L: HOBBIT_V2
SOUNDEFFECTSDATA_SFX6		= 8DF3, L: HOBBIT_V2
SOUNDEFFECTSDATA_SFX7		= 8E0A, L: HOBBIT_V2
SOUNDEFFECTSDATA_SFX8		= 8E4D, L: HOBBIT_V2
SOUNDEFFECTSDATA_SFX9		= 8E67, L: HOBBIT_V2
SOUNDEFFECTSDATA_SFX10		= 8E6F, L: HOBBIT_V2
SOUNDEFFECTSDATA_SFX11		= 8E77, L: HOBBIT_V2
_BEEP_FX			= 8EA4, G: HOBBIT_V2
_SPACER				= 8EBD, G: HOBBIT_V2
_DRAW_COLOURED_TILE		= 8EBF, G: HOBBIT_V2
_INVALIDATE_TILE		= 8F05, G: HOBBIT_V2
_INVALIDATE_VIEWPORT		= 8F1E, G: HOBBIT_V2
_DRAW_INVALIDATE_COLOURED_TILE_G= 8F2E, G: HOBBIT_V2
_DRAW_COLOURED_TILE_GAMEAREA	= 8F35, G: HOBBIT_V2
_PRINT_NUMBER2			= 8F63, G: HOBBIT_V2
_DRAW_OBJS			= 8FB2, G: HOBBIT_V2
_PRINT_STR			= 8FC9, G: HOBBIT_V2
PRINT_STR_LOOP			= 8FC9, L: HOBBIT_V2
_UTAUX				= 8FE8, G: HOBBIT_V2
_UPDATE_TILE			= 8FE9, G: HOBBIT_V2
_PRINT_MESSAGE			= 901A, G: HOBBIT_V2
_BUTTON_PRESSED			= 9065, G: HOBBIT_V2
I_24				= 907E, L: HOBBIT_V2
I_23				= 9095, L: HOBBIT_V2
I_25				= 9098, L: HOBBIT_V2
_MSC_INIT_ALL			= 909B, G: HOBBIT_V2
I_26				= 90A5, L: HOBBIT_V2
I_28				= 90AF, L: HOBBIT_V2
I_27				= 90CB, L: HOBBIT_V2
_READ_BYTE			= 90CC, G: HOBBIT_V2
_READ_VBYTE			= 90E6, G: HOBBIT_V2
I_29				= 910F, L: HOBBIT_V2
I_30				= 9114, L: HOBBIT_V2
_READXY				= 9117, G: HOBBIT_V2
_STOP_PLAYER			= 912A, G: HOBBIT_V2
_RELOC_PLAYER			= 9134, G: HOBBIT_V2
_RUN_SCRIPT			= 9150, G: HOBBIT_V2
I_31				= 917B, L: HOBBIT_V2
I_32				= 9186, L: HOBBIT_V2
I_34				= 91B3, L: HOBBIT_V2
I_38				= 91C1, L: HOBBIT_V2
I_39				= 91F2, L: HOBBIT_V2
I_40				= 9217, L: HOBBIT_V2
I_41				= 923C, L: HOBBIT_V2
I_42				= 92BC, L: HOBBIT_V2
I_43				= 92BF, L: HOBBIT_V2
I_44				= 92D0, L: HOBBIT_V2
I_45				= 9311, L: HOBBIT_V2
I_46				= 9314, L: HOBBIT_V2
I_47				= 9325, L: HOBBIT_V2
I_48				= 9366, L: HOBBIT_V2
I_49				= 9369, L: HOBBIT_V2
I_50				= 937A, L: HOBBIT_V2
I_51				= 9395, L: HOBBIT_V2
I_52				= 93AD, L: HOBBIT_V2
I_53				= 93B0, L: HOBBIT_V2
I_37				= 93BC, L: HOBBIT_V2
I_35				= 93BF, L: HOBBIT_V2
I_55				= 93CD, L: HOBBIT_V2
I_59				= 93DB, L: HOBBIT_V2
I_60				= 941B, L: HOBBIT_V2
I_61				= 9434, L: HOBBIT_V2
I_62				= 9471, L: HOBBIT_V2
I_63				= 948D, L: HOBBIT_V2
I_64				= 94A9, L: HOBBIT_V2
I_65				= 94D0, L: HOBBIT_V2
I_66				= 94FE, L: HOBBIT_V2
I_67				= 950B, L: HOBBIT_V2
I_68				= 9511, L: HOBBIT_V2
I_69				= 9518, L: HOBBIT_V2
I_71				= 952D, L: HOBBIT_V2
I_70				= 9559, L: HOBBIT_V2
I_72				= 955C, L: HOBBIT_V2
I_73				= 9564, L: HOBBIT_V2
I_74				= 956C, L: HOBBIT_V2
I_58				= 9573, L: HOBBIT_V2
I_56				= 9576, L: HOBBIT_V2
I_54				= 9576, L: HOBBIT_V2
I_33				= 957F, L: HOBBIT_V2
_ENEM_MOVE_SPR_ABS		= 9580, G: HOBBIT_V2
_PLAYER_FRAMES			= 95E1, G: HOBBIT_V2
_ENEM_FRAMES			= 95F1, G: HOBBIT_V2
_COLLIDE			= 9601, G: HOBBIT_V2
I_77				= 966C, L: HOBBIT_V2
I_78				= 966F, L: HOBBIT_V2
_COLLIDE_PIXEL			= 9672, G: HOBBIT_V2
I_80				= 96D3, L: HOBBIT_V2
I_81_I_80			= 96D6, L: HOBBIT_V2
I_79				= 96DA, L: HOBBIT_V2
_CM_TWO_POINTS			= 96DE, G: HOBBIT_V2
_CM_TWO_POINTS_AT1_RESET	= 96EC, L: HOBBIT_V2
_CM_TWO_POINTS_AT1_DO		= 96EF, L: HOBBIT_V2
_CM_TWO_POINTS_AT1_DONE		= 9709, L: HOBBIT_V2
_CM_TWO_POINTS_AT2_RESET	= 971A, L: HOBBIT_V2
_CM_TWO_POINTS_AT2_DO		= 971D, L: HOBBIT_V2
_CM_TWO_POINTS_AT2_DONE		= 9737, L: HOBBIT_V2
_ATTR				= 973B, G: HOBBIT_V2
_ATTR_RESET			= 9749, L: HOBBIT_V2
_ATTR_DO			= 974D, L: HOBBIT_V2
_QTILE				= 976C, G: HOBBIT_V2
_QTILE_RESET			= 977A, L: HOBBIT_V2
_QTILE_DO			= 977E, L: HOBBIT_V2
_SEED1				= 979D, G: HOBBIT_V2
_SEED2				= 979F, G: HOBBIT_V2
_RANDRES			= 97A1, G: HOBBIT_V2
_RAND				= 97A2, G: HOBBIT_V2
RND				= 97A2, L: HOBBIT_V2
_SRAND				= 97C9, G: HOBBIT_V2
_GAME_ENDING			= 97D6, G: HOBBIT_V2
I_84				= 97ED, L: HOBBIT_V2
I_82				= 97FD, L: HOBBIT_V2
I_83				= 980C, L: HOBBIT_V2
_GAME_OVER			= 9815, G: HOBBIT_V2
I_87				= 983B, L: HOBBIT_V2
I_85				= 984B, L: HOBBIT_V2
I_86				= 985A, L: HOBBIT_V2
_STEP				= 9863, G: HOBBIT_V2
_CORTINA			= 9875, G: HOBBIT_V2
FADE_OUT_EXTERN			= 9877, L: HOBBIT_V2
FADE_OUT_BUCLE			= 987D, L: HOBBIT_V2
INK_DONE			= 9884, L: HOBBIT_V2
PAPER_DONE			= 988C, L: HOBBIT_V2
_ADDSIGN			= 989E, G: HOBBIT_V2
I_88				= 98B4, L: HOBBIT_V2
I_90				= 98CB, L: HOBBIT_V2
I_91				= 98D2, L: HOBBIT_V2
I_89				= 98D2, L: HOBBIT_V2
_ABS				= 98D3, G: HOBBIT_V2
I_92				= 98E4, L: HOBBIT_V2
I_93				= 98E9, L: HOBBIT_V2
_KILL_PLAYER			= 98EA, G: HOBBIT_V2
_INIT_HOTSPOTS			= 9908, G: HOBBIT_V2
I_94				= 990F, L: HOBBIT_V2
I_95				= 9936, L: HOBBIT_V2
_PLAYER_INIT			= 9937, G: HOBBIT_V2
_PLAYER_CALC_BOUNDING_BOX	= 9993, G: HOBBIT_V2
_PLAYER_MOVE			= 99D4, G: HOBBIT_V2
I_96				= 99F2, L: HOBBIT_V2
I_98				= 9A2E, L: HOBBIT_V2
I_99				= 9A31, L: HOBBIT_V2
I_101				= 9A5D, L: HOBBIT_V2
I_100				= 9A60, L: HOBBIT_V2
I_97				= 9A81, L: HOBBIT_V2
I_103				= 9A81, L: HOBBIT_V2
I_104				= 9A81, L: HOBBIT_V2
I_102				= 9A81, L: HOBBIT_V2
I_105				= 9AAC, L: HOBBIT_V2
I_106				= 9AAC, L: HOBBIT_V2
I_107				= 9AD8, L: HOBBIT_V2
I_108				= 9AD8, L: HOBBIT_V2
I_109				= 9B00, L: HOBBIT_V2
I_110				= 9B00, L: HOBBIT_V2
I_111				= 9B1D, L: HOBBIT_V2
I_112				= 9B2B, L: HOBBIT_V2
I_113				= 9B3E, L: HOBBIT_V2
I_116				= 9B98, L: HOBBIT_V2
I_115				= 9BC6, L: HOBBIT_V2
I_114				= 9BC6, L: HOBBIT_V2
I_120				= 9BFB, L: HOBBIT_V2
I_118				= 9C29, L: HOBBIT_V2
I_119				= 9C29, L: HOBBIT_V2
I_123				= 9C7C, L: HOBBIT_V2
I_124				= 9C7F, L: HOBBIT_V2
I_126				= 9CAB, L: HOBBIT_V2
I_125				= 9CAE, L: HOBBIT_V2
I_127				= 9CCF, L: HOBBIT_V2
I_129				= 9CCF, L: HOBBIT_V2
I_128				= 9CCF, L: HOBBIT_V2
I_122				= 9CCF, L: HOBBIT_V2
I_131				= 9CF9, L: HOBBIT_V2
I_130				= 9CF9, L: HOBBIT_V2
I_133				= 9D23, L: HOBBIT_V2
I_132				= 9D23, L: HOBBIT_V2
I_135				= 9D4B, L: HOBBIT_V2
I_134				= 9D4B, L: HOBBIT_V2
I_136				= 9D68, L: HOBBIT_V2
I_137				= 9D76, L: HOBBIT_V2
I_138				= 9D89, L: HOBBIT_V2
I_141				= 9DE3, L: HOBBIT_V2
I_139				= 9E11, L: HOBBIT_V2
I_140				= 9E11, L: HOBBIT_V2
I_145				= 9E46, L: HOBBIT_V2
I_143				= 9E74, L: HOBBIT_V2
I_144				= 9E74, L: HOBBIT_V2
I_147				= 9E88, L: HOBBIT_V2
I_148				= 9E99, L: HOBBIT_V2
I_149				= 9E99, L: HOBBIT_V2
I_151				= 9EB0, L: HOBBIT_V2
I_152_I_151			= 9EB3, L: HOBBIT_V2
I_150				= 9EC8, L: HOBBIT_V2
I_155				= 9EFB, L: HOBBIT_V2
I_153				= 9F14, L: HOBBIT_V2
I_154				= 9F14, L: HOBBIT_V2
_RUN_ENTERING_SCRIPT		= 9F15, G: HOBBIT_V2
_LINE_OF_TEXT_LOOP		= 9F1F, L: HOBBIT_V2
_DRAW_SCR_BACKGROUND		= 9F52, G: HOBBIT_V2
I_158				= 9F95, L: HOBBIT_V2
I_159				= 9FC2, L: HOBBIT_V2
I_160				= 9FDF, L: HOBBIT_V2
I_162				= A004, L: HOBBIT_V2
I_163_I_162			= A007, L: HOBBIT_V2
I_161				= A00E, L: HOBBIT_V2
I_164				= A05B, L: HOBBIT_V2
I_156				= A05B, L: HOBBIT_V2
I_157				= A06C, L: HOBBIT_V2
I_166				= A0E2, L: HOBBIT_V2
I_167				= A0E5, L: HOBBIT_V2
I_169				= A120, L: HOBBIT_V2
I_170				= A123, L: HOBBIT_V2
I_168				= A12A, L: HOBBIT_V2
I_171				= A12D, L: HOBBIT_V2
I_172				= A1B1, L: HOBBIT_V2
I_173				= A1B4, L: HOBBIT_V2
I_165				= A1C1, L: HOBBIT_V2
_DRAW_SCR			= A1C2, G: HOBBIT_V2
I_174				= A1D8, L: HOBBIT_V2
I_175				= A1DB, L: HOBBIT_V2
I_176				= A1F9, L: HOBBIT_V2
I_178				= A1FE, L: HOBBIT_V2
I_180				= A263, L: HOBBIT_V2
I_181_I_180			= A266, L: HOBBIT_V2
I_184				= A298, L: HOBBIT_V2
I_185				= A29E, L: HOBBIT_V2
I_186				= A326, L: HOBBIT_V2
I_183				= A326, L: HOBBIT_V2
I_179				= A329, L: HOBBIT_V2
I_187				= A33D, L: HOBBIT_V2
I_177				= A340, L: HOBBIT_V2
_DISTANCE			= A355, G: HOBBIT_V2
I_188				= A3AE, L: HOBBIT_V2
I_189				= A3B5, L: HOBBIT_V2
_LIMIT				= A405, G: HOBBIT_V2
I_190				= A421, L: HOBBIT_V2
I_191				= A43A, L: HOBBIT_V2
_MUEVE_BICHARRACOS		= A442, G: HOBBIT_V2
I_192				= A456, L: HOBBIT_V2
I_194				= A45B, L: HOBBIT_V2
I_196				= A50A, L: HOBBIT_V2
I_195				= A50A, L: HOBBIT_V2
I_197				= A538, L: HOBBIT_V2
I_198				= A53F, L: HOBBIT_V2
I_201				= A568, L: HOBBIT_V2
I_202				= A580, L: HOBBIT_V2
I_203				= A587, L: HOBBIT_V2
I_205				= A67E, L: HOBBIT_V2
I_204				= A6B6, L: HOBBIT_V2
I_208				= A700, L: HOBBIT_V2
I_207				= A738, L: HOBBIT_V2
I_210				= A73B, L: HOBBIT_V2
I_213				= A78E, L: HOBBIT_V2
I_214				= A7A1, L: HOBBIT_V2
I_215				= A7D8, L: HOBBIT_V2
I_216				= A7DB, L: HOBBIT_V2
I_217				= A815, L: HOBBIT_V2
I_218				= A93F, L: HOBBIT_V2
I_219				= A942, L: HOBBIT_V2
I_220				= A9FB, L: HOBBIT_V2
I_212				= A9FB, L: HOBBIT_V2
I_222				= AA81, L: HOBBIT_V2
I_223_I_222			= AA84, L: HOBBIT_V2
I_221				= AA92, L: HOBBIT_V2
I_224				= AA95, L: HOBBIT_V2
I_226				= AB36, L: HOBBIT_V2
I_227				= AB39, L: HOBBIT_V2
I_228				= AB93, L: HOBBIT_V2
I_225				= AB96, L: HOBBIT_V2
I_232				= AC54, L: HOBBIT_V2
I_233				= AC57, L: HOBBIT_V2
I_231				= AC5E, L: HOBBIT_V2
I_234				= AC61, L: HOBBIT_V2
I_230				= AC80, L: HOBBIT_V2
I_229				= AC80, L: HOBBIT_V2
I_235				= ACEA, L: HOBBIT_V2
I_236				= AD2A, L: HOBBIT_V2
I_238				= AD43, L: HOBBIT_V2
I_239_I_238			= AD46, L: HOBBIT_V2
I_237				= AD5A, L: HOBBIT_V2
I_200				= AD5A, L: HOBBIT_V2
I_242				= AD9E, L: HOBBIT_V2
I_243				= ADB4, L: HOBBIT_V2
I_241				= ADE7, L: HOBBIT_V2
I_245				= AE1A, L: HOBBIT_V2
I_246_I_245			= AE1D, L: HOBBIT_V2
I_247				= AE2B, L: HOBBIT_V2
I_244				= AE33, L: HOBBIT_V2
I_240				= AE39, L: HOBBIT_V2
I_248				= AE5B, L: HOBBIT_V2
I_193				= AE5E, L: HOBBIT_V2
_ACTIVE_SLEEP			= AE5F, G: HOBBIT_V2
I_251				= AE5F, L: HOBBIT_V2
I_254				= AE66, L: HOBBIT_V2
I_252				= AE6D, L: HOBBIT_V2
I_253				= AE7C, L: HOBBIT_V2
I_249				= AE84, L: HOBBIT_V2
I_255				= AE84, L: HOBBIT_V2
I_250				= AE8E, L: HOBBIT_V2
_RUN_FIRE_SCRIPT		= AE97, G: HOBBIT_V2
_SELECT_JOYFUNC			= AEB2, G: HOBBIT_V2
I_256				= AEB5, L: HOBBIT_V2
I_259				= AECB, L: HOBBIT_V2
I_261				= AEE5, L: HOBBIT_V2
I_262				= AEE8, L: HOBBIT_V2
I_258				= AF73, L: HOBBIT_V2
I_264				= AF84, L: HOBBIT_V2
I_266				= AF95, L: HOBBIT_V2
I_265				= AF95, L: HOBBIT_V2
I_263				= AF95, L: HOBBIT_V2
I_257				= AF98, L: HOBBIT_V2
_UPDATE_HUD			= AF9A, G: HOBBIT_V2
I_267				= AFB7, L: HOBBIT_V2
I_268				= AFE7, L: HOBBIT_V2
_FLICK_SCREEN			= AFE8, G: HOBBIT_V2
I_270				= B000, L: HOBBIT_V2
I_271_I_270			= B003, L: HOBBIT_V2
I_269				= B015, L: HOBBIT_V2
I_273				= B02D, L: HOBBIT_V2
I_274_I_273			= B030, L: HOBBIT_V2
I_272				= B042, L: HOBBIT_V2
I_276				= B05A, L: HOBBIT_V2
I_277_I_276			= B05D, L: HOBBIT_V2
I_275				= B072, L: HOBBIT_V2
I_279				= B08A, L: HOBBIT_V2
I_280_I_279			= B08D, L: HOBBIT_V2
I_281				= B0B5, L: HOBBIT_V2
I_278				= B0B5, L: HOBBIT_V2
_HIDE_SPRITES			= B0B6, G: HOBBIT_V2
I_282				= B0D6, L: HOBBIT_V2
HIDE_SPRITES_ENEMS_LOOP		= B0D7, L: HOBBIT_V2
_MAIN				= B102, G: HOBBIT_V2
I_285				= B148, L: HOBBIT_V2
I_283				= B166, L: HOBBIT_V2
I_284				= B170, L: HOBBIT_V2
I_286				= B1C3, L: HOBBIT_V2
I_288				= B1C8, L: HOBBIT_V2
I_289				= B261, L: HOBBIT_V2
I_287				= B261, L: HOBBIT_V2
I_291				= B2DC, L: HOBBIT_V2
I_293				= B300, L: HOBBIT_V2
I_295				= B33B, L: HOBBIT_V2
I_294				= B379, L: HOBBIT_V2
I_297				= B396, L: HOBBIT_V2
I_298				= B3B9, L: HOBBIT_V2
I_299				= B3B9, L: HOBBIT_V2
I_302				= B441, L: HOBBIT_V2
I_301				= B45F, L: HOBBIT_V2
I_306				= B472, L: HOBBIT_V2
I_307				= B478, L: HOBBIT_V2
I_305				= B48F, L: HOBBIT_V2
I_303				= B4A7, L: HOBBIT_V2
I_300				= B4AE, L: HOBBIT_V2
I_308				= B4BF, L: HOBBIT_V2
I_310				= B4E4, L: HOBBIT_V2
I_309				= B4E7, L: HOBBIT_V2
I_311				= B4EE, L: HOBBIT_V2
I_314				= B538, L: HOBBIT_V2
I_315_I_314			= B53B, L: HOBBIT_V2
I_313				= B53E, L: HOBBIT_V2
I_312				= B53E, L: HOBBIT_V2
I_317				= B555, L: HOBBIT_V2
I_316				= B561, L: HOBBIT_V2
I_320				= B571, L: HOBBIT_V2
I_319				= B578, L: HOBBIT_V2
I_292				= B57E, L: HOBBIT_V2
I_322				= B599, L: HOBBIT_V2
I_323				= B59C, L: HOBBIT_V2
I_290				= B5AA, L: HOBBIT_V2
MUSICSTART			= B5AB, L: HOBBIT_V2
PLAYER				= B5CF, L: HOBBIT_V2
NEXT_PATTERN			= B5EF, L: HOBBIT_V2
PATTERN_LOOP_END		= B5F5, L: HOBBIT_V2
PATTERN_LOOP_BEGIN		= B5F9, L: HOBBIT_V2
NO_PATTERN_LOOP			= B5FA, L: HOBBIT_V2
MAIN_LOOP			= B603, L: HOBBIT_V2
READ_LOOP			= B606, L: HOBBIT_V2
CURRENT_INST			= B645, L: HOBBIT_V2
L8098				= B64E, L: HOBBIT_V2
L809B				= B651, L: HOBBIT_V2
SET_NOTE2			= B677, L: HOBBIT_V2
SET_STOP			= B68B, L: HOBBIT_V2
SET_STOP2			= B6A4, L: HOBBIT_V2
OTHER				= B6AF, L: HOBBIT_V2
INSTRUM_TBL			= B6C6, L: HOBBIT_V2
SKIP_CH1			= B6CF, L: HOBBIT_V2
EXIT_PLAYER			= B6D5, L: HOBBIT_V2
RENDER				= B6DC, L: HOBBIT_V2
CNT_1A				= B6E6, L: HOBBIT_V2
CNT_1B				= B6EA, L: HOBBIT_V2
DIV_1A				= B6ED, L: HOBBIT_V2
DIV_1B				= B6F0, L: HOBBIT_V2
OUT_1				= B6F3, L: HOBBIT_V2
CNT_2				= B6F7, L: HOBBIT_V2
DIV_2				= B6FA, L: HOBBIT_V2
OUT_2				= B6FD, L: HOBBIT_V2
PLAY_NOTE			= B6FE, L: HOBBIT_V2
PLAYER_WAIT_KEY			= B705, L: HOBBIT_V2
L8168				= B70A, L: HOBBIT_V2
L8171				= B713, L: HOBBIT_V2
L8173				= B715, L: HOBBIT_V2
L8179				= B71B, L: HOBBIT_V2
L817B				= B71D, L: HOBBIT_V2
L8184				= B726, L: HOBBIT_V2
L8186				= B728, L: HOBBIT_V2
L818A				= B72C, L: HOBBIT_V2
L8193				= B735, L: HOBBIT_V2
L8195				= B737, L: HOBBIT_V2
L819B				= B73D, L: HOBBIT_V2
L819D				= B73F, L: HOBBIT_V2
L81A6				= B748, L: HOBBIT_V2
L81A8				= B74A, L: HOBBIT_V2
L81AC				= B74E, L: HOBBIT_V2
L81B5				= B757, L: HOBBIT_V2
L81B7				= B759, L: HOBBIT_V2
L81BD				= B75F, L: HOBBIT_V2
L81BF				= B761, L: HOBBIT_V2
L81C8				= B76A, L: HOBBIT_V2
L81CA				= B76C, L: HOBBIT_V2
L81CE				= B770, L: HOBBIT_V2
L81D7				= B779, L: HOBBIT_V2
L81D9				= B77B, L: HOBBIT_V2
L81DF				= B781, L: HOBBIT_V2
L81E1				= B783, L: HOBBIT_V2
L81EA				= B78C, L: HOBBIT_V2
L81EC				= B78E, L: HOBBIT_V2
L81F9				= B79B, L: HOBBIT_V2
L81FB				= B79D, L: HOBBIT_V2
L8201				= B7A3, L: HOBBIT_V2
L8203				= B7A5, L: HOBBIT_V2
L820C				= B7AE, L: HOBBIT_V2
L820E				= B7B0, L: HOBBIT_V2
DRUMS				= B7C9, L: HOBBIT_V2
DRUM_TONE1			= B7D6, L: HOBBIT_V2
DRUM_TONE2			= B7DA, L: HOBBIT_V2
DRUM_TONE3			= B7DE, L: HOBBIT_V2
DRUM_TONE4			= B7E2, L: HOBBIT_V2
DRUM_TONE5			= B7E6, L: HOBBIT_V2
DRUM_TONE6			= B7EA, L: HOBBIT_V2
DRUM_TONE			= B7EC, L: HOBBIT_V2
DT_LOOP0			= B7F3, L: HOBBIT_V2
DT_LOOP1			= B800, L: HOBBIT_V2
DRUM_NOISE1			= B809, L: HOBBIT_V2
DRUM_NOISE2			= B811, L: HOBBIT_V2
DRUM_NOISE3			= B819, L: HOBBIT_V2
DRUM_NOISE			= B81F, L: HOBBIT_V2
DN_LOOP0			= B823, L: HOBBIT_V2
DN_LOOP1			= B82B, L: HOBBIT_V2
PATTERN_ADDR			= B837, L: HOBBIT_V2
PATTERN_PTR			= B839, L: HOBBIT_V2
NOTE_PTR			= B83A, L: HOBBIT_V2
FREQ_TABLE			= B83C, L: HOBBIT_V2
DRUM_TABLE			= B8B4, L: HOBBIT_V2
MUSICDATA			= B8C6, L: HOBBIT_V2
PATTERNDATA			= B8CE, L: HOBBIT_V2
PAT0				= B8D6, L: HOBBIT_V2
PAT1				= B90D, L: HOBBIT_V2
I_1				= B944, L: HOBBIT_V2
_SP_MOVILES			= B95E, G: HOBBIT_V2
_GPEN_CX			= B964, G: HOBBIT_V2
_GPEN_CY			= B965, G: HOBBIT_V2
_EN_AN_BASE_FRAME		= B966, G: HOBBIT_V2
_HOTSPOT_X			= B969, G: HOBBIT_V2
_HOTSPOT_Y			= B96A, G: HOBBIT_V2
_EN_AN_C_F			= B96B, G: HOBBIT_V2
_GPEN_XX			= B971, G: HOBBIT_V2
_GPEN_YY			= B972, G: HOBBIT_V2
_MAP_POINTER			= B973, G: HOBBIT_V2
_EN_AN_STATE			= B975, G: HOBBIT_V2
_FLAGS				= B978, G: HOBBIT_V2
_P_FACING			= B998, G: HOBBIT_V2
_P_FRAME			= B999, G: HOBBIT_V2
_EN_AN_N_F			= B99A, G: HOBBIT_V2
_P_C_F				= B9A0, G: HOBBIT_V2
_PREGOTTEN			= B9A2, G: HOBBIT_V2
_HIT_H				= B9A3, G: HOBBIT_V2
_HIT_V				= B9A4, G: HOBBIT_V2
_KILLED_OLD			= B9A5, G: HOBBIT_V2
_P_N_F				= B9A6, G: HOBBIT_V2
_GPAUX				= B9A8, G: HOBBIT_V2
_MAP_ATTR			= B9A9, G: HOBBIT_V2
_ACTIVE				= BA3F, G: HOBBIT_V2
_KEY_M				= BA40, G: HOBBIT_V2
__N				= BA42, G: HOBBIT_V2
_DO_RESPAWN			= BA43, G: HOBBIT_V2
__T				= BA44, G: HOBBIT_V2
__X				= BA45, G: HOBBIT_V2
__Y				= BA46, G: HOBBIT_V2
_BS				= BA47, G: HOBBIT_V2
_LIFE_OLD			= BA48, G: HOBBIT_V2
_P_ENGINE			= BA49, G: HOBBIT_V2
_GEN_PT				= BA4A, G: HOBBIT_V2
_NO_DRAW			= BA4C, G: HOBBIT_V2
_P_STATE			= BA4D, G: HOBBIT_V2
_PTGMX				= BA4E, G: HOBBIT_V2
_PTGMY				= BA50, G: HOBBIT_V2
_WARP_TO_LEVEL			= BA52, G: HOBBIT_V2
_SP_PLAYER			= BA53, G: HOBBIT_V2
_GP_GEN				= BA55, G: HOBBIT_V2
_KILLABLE			= BA57, G: HOBBIT_V2
_ENOFFS				= BA58, G: HOBBIT_V2
_SILENT_LEVEL			= BA59, G: HOBBIT_V2
_P_KILLED			= BA5A, G: HOBBIT_V2
_GPEN_X				= BA5B, G: HOBBIT_V2
_GPEN_Y				= BA5C, G: HOBBIT_V2
_P_JMP_CT			= BA5D, G: HOBBIT_V2
_N_PANT				= BA5E, G: HOBBIT_V2
_P_JMP_ON			= BA5F, G: HOBBIT_V2
_O_PANT				= BA60, G: HOBBIT_V2
_P_LIFE				= BA61, G: HOBBIT_V2
_JOYFUNC			= BA62, G: HOBBIT_V2
_GPCX				= BA64, G: HOBBIT_V2
_P_OBJS				= BA65, G: HOBBIT_V2
_P_GOTTEN			= BA66, G: HOBBIT_V2
_FZX1				= BA67, G: HOBBIT_V2
_FZX2				= BA68, G: HOBBIT_V2
_FZY1				= BA69, G: HOBBIT_V2
_FZY2				= BA6A, G: HOBBIT_V2
_GPCY				= BA6B, G: HOBBIT_V2
_GPIT				= BA6C, G: HOBBIT_V2
_EN_AN_VX			= BA6D, G: HOBBIT_V2
_P_KEYS				= BA73, G: HOBBIT_V2
_EN_AN_VY			= BA74, G: HOBBIT_V2
_GPJT				= BA7A, G: HOBBIT_V2
_MAIN_SCRIPT_OFFSET		= BA7B, G: HOBBIT_V2
_SC_C				= BA7D, G: HOBBIT_V2
_PLAYING			= BA7E, G: HOBBIT_V2
_SC_M				= BA7F, G: HOBBIT_V2
_SC_N				= BA80, G: HOBBIT_V2
_KEYS				= BA81, G: HOBBIT_V2
_SC_X				= BA8B, G: HOBBIT_V2
_SC_Y				= BA8C, G: HOBBIT_V2
_ASM_INT_2			= BA8D, G: HOBBIT_V2
_P_VX				= BA8F, G: HOBBIT_V2
_P_VY				= BA91, G: HOBBIT_V2
_GPXX				= BA93, G: HOBBIT_V2
_GPYY				= BA94, G: HOBBIT_V2
_OBJS_OLD			= BA95, G: HOBBIT_V2
_MAINCOUNTER			= BA96, G: HOBBIT_V2
_PTX1				= BA97, G: HOBBIT_V2
_PTX2				= BA98, G: HOBBIT_V2
_PTY1				= BA99, G: HOBBIT_V2
_PTY2				= BA9A, G: HOBBIT_V2
_F_ZONE_AC			= BA9B, G: HOBBIT_V2
_AT1				= BA9C, G: HOBBIT_V2
_AT2				= BA9D, G: HOBBIT_V2
_ACTION_PRESSED			= BA9E, G: HOBBIT_V2
_CX1				= BA9F, G: HOBBIT_V2
_CX2				= BAA0, G: HOBBIT_V2
_CY1				= BAA1, G: HOBBIT_V2
_CY2				= BAA2, G: HOBBIT_V2
_ENEMY_SHOOTS			= BAA3, G: HOBBIT_V2
_P_SUBFRAME			= BAA4, G: HOBBIT_V2
_P_STATE_CT			= BAA5, G: HOBBIT_V2
_ANIMATE			= BAA6, G: HOBBIT_V2
_NEXT_SCRIPT			= BAA7, G: HOBBIT_V2
_GPC				= BAA9, G: HOBBIT_V2
_GPD				= BAAA, G: HOBBIT_V2
_P_G				= BAAB, G: HOBBIT_V2
_EN_AN_X			= BAAC, G: HOBBIT_V2
_EN_AN_Y			= BAB2, G: HOBBIT_V2
_HIT				= BAB8, G: HOBBIT_V2
_GPS				= BAB9, G: HOBBIT_V2
_GPT				= BABA, G: HOBBIT_V2
_RDA				= BABB, G: HOBBIT_V2
_RDB				= BABC, G: HOBBIT_V2
_P_X				= BABD, G: HOBBIT_V2
_AD_FREE			= BABF, G: HOBBIT_V2
_P_Y				= BD17, G: HOBBIT_V2
_GPX				= BD19, G: HOBBIT_V2
_GPY				= BD1A, G: HOBBIT_V2
_RDX				= BD1B, G: HOBBIT_V2
_RDY				= BD1C, G: HOBBIT_V2
_KEYS_OLD			= BD1D, G: HOBBIT_V2
_WALL_H				= BD1E, G: HOBBIT_V2
_ENOFFSMASI			= BD1F, G: HOBBIT_V2
_WALL_V				= BD20, G: HOBBIT_V2
_TOCADO				= BD21, G: HOBBIT_V2
_IS_RENDERING			= BD22, G: HOBBIT_V2
_ASM_INT			= BD23, G: HOBBIT_V2
_P_FACING_H			= BD25, G: HOBBIT_V2
_P_FACING_V			= BD26, G: HOBBIT_V2
_P_THRUST			= BD27, G: HOBBIT_V2
_POSSEE				= BD28, G: HOBBIT_V2
_ORIG_TILE			= BD29, G: HOBBIT_V2
_SUCCESS			= BD2A, G: HOBBIT_V2
_EN_AN_COUNT			= BD2B, G: HOBBIT_V2
_P_DISPARANDO			= BD2E, G: HOBBIT_V2
L_AND				= BD2F, G: L_AND
L_ASL				= BD36, G: L_ASL
L_ASL1				= BD37, L: L_ASL
L_ASR				= BD3D, G: L_ASR
L_ASR1				= BD3E, L: L_ASR
L_ASR_U				= BD47, G: L_ASR_U
L_ASR_U_1			= BD48, L: L_ASR_U
L_DIV_U				= BD51, G: L_DIV_U
ENTRY				= BD55, L: L_DIV_U
L_DIV1				= BD5C, L: L_DIV_U
L_DIV2				= BD66, L: L_DIV_U
L_EQ				= BD70, G: L_EQ
L_GCHAR				= BD77, G: L_GCHAR
L_SXT				= BD78, L: L_GCHAR
L_GE				= BD7D, G: L_GE
L_GINT				= BD8B, G: L_GINT
L_GINTSPSP			= BD90, G: L_GINTSPSP
L_GT				= BD99, G: L_GT
L_LE				= BDA5, G: L_LE
L_LNEG				= BDB3, G: L_LNEG
L_LT				= BDB8, G: L_LT
L_MULT				= BDC4, G: L_MULT
L_MULT1				= BDCB, L: L_MULT
L_MULT2				= BDD2, L: L_MULT
L_NE				= BDD5, G: L_NE
L_NEG				= BDDC, G: L_NEG
L_OR				= BDE4, G: L_OR
L_PINT				= BDEB, G: L_PINT
L_SXT				= BDF1, G: L_SXT
L_UGE				= BDF6, G: L_UGE
L_UGT				= BDFE, G: L_UGT
L_ULE				= BE04, G: L_ULE
L_ULT				= BE0C, G: L_ULT
SPCOMPDLISTADDR			= BE12, G: SPCOMPDLISTADDR
SPDISPLAYLIST			= BE23, G: SPDISPLAYLIST
SPINVALIDATE			= CA23, G: SPINVALIDATE
SPINVALIDATEP			= CA2B, G: SPINVALIDATE
NOINC1				= CA44, L: SPINVALIDATE
INVCOLLP			= CA48, L: SPINVALIDATE
NOINC2				= CA57, L: SPINVALIDATE
INVFULLCHAR			= CA5B, L: SPINVALIDATE
INVROWLP			= CA5D, L: SPINVALIDATE
NOINC3				= CA68, L: SPINVALIDATE
SPBITLEFT2MASK			= CA76, G: SPBITLEFT2MASK
SPBITRIGHT2MASK			= CA7E, G: SPBITRIGHT2MASK
SPCOMPDIRTYADDR			= CA86, G: SPCOMPDIRTYADDR
SPDIRTYCHARS			= CA9B, G: SPDIRTYCHARS
SPINTRECT			= CAFB, G: SPINTRECT
SPINTSMALLIVAL			= CB2C, G: SPINTRECT
TRYOTHERWAY			= CB40, L: SPINTRECT
SPPTINSMALLIVAL			= CB51, G: SPINTRECT
BROKEN				= CB5D, L: SPINTRECT
SPMOVESPRABS			= CB66, G: SPMOVESPRABS
SPMOVESPRABSNC			= CB74, G: SPMOVESPRABS
ADJLOOP				= CB7F, L: SPMOVESPRABS
SPMOVESPRABSC			= CB8D, G: SPMOVESPRABS
YINSCREEN			= CBA5, L: SPMOVESPRABS
XINSCREEN			= CBB5, L: SPMOVESPRABS
MVCOLLOOP			= CBCC, L: SPMOVESPRABS
MVROWLOOP			= CBD2, L: SPMOVESPRABS
NOTDONE				= CBDC, L: SPMOVESPRABS
NOINC1				= CBF4, L: SPMOVESPRABS
NOTINDLIST			= CC08, L: SPMOVESPRABS
NONEXT1				= CC08, L: SPMOVESPRABS
PDLOOP				= CC25, L: SPMOVESPRABS
NOINC2				= CC2D, L: SPMOVESPRABS
PUTHERE				= CC3F, L: SPMOVESPRABS
NOINC3				= CC4E, L: SPMOVESPRABS
NODEC1				= CC5C, L: SPMOVESPRABS
NOINC4				= CC68, L: SPMOVESPRABS
NOTDISPLAYED			= CC75, L: SPMOVESPRABS
NONEXT2				= CC75, L: SPMOVESPRABS
INVALIDATE			= CC90, L: SPMOVESPRABS
COMPUTEDISP			= CC9F, L: SPMOVESPRABS
NOTNEGATIVE			= CCBD, L: SPMOVESPRABS
ADJUSTGRAPHICS			= CCC2, L: SPMOVESPRABS
NOINC5				= CCCE, L: SPMOVESPRABS
SKIP1				= CCDE, L: SPMOVESPRABS
SKIP2				= CCEE, L: SPMOVESPRABS
SPNULLSPRPTR			= CCF1, G: SPNULLSPRPTR
SPPRINTATINV			= CD01, G: SPPRINTATINV
SPBIT2MASK			= CD19, G: SPBIT2MASK
SPTBLLOOKUP			= CD21, G: SPTBLLOOKUP
NOINC				= CD27, L: SPTBLLOOKUP
SP_ADDCOLSPR			= CD29, G: SP_ADDCOLSPR
SPADDCOLSPR			= CD48, G: SPADDCOLSPR
ACNOCRY				= CD53, L: SPADDCOLSPR
ACLOOP				= CD64, L: SPADDCOLSPR
NOINC1				= CDA0, L: SPADDCOLSPR
ACNOCRY3			= CDB4, L: SPADDCOLSPR
ACFAIL				= CDE1, L: SPADDCOLSPR
JPHL				= CDF2, L: SPADDCOLSPR
SPDELETESPR			= CDF3, G: SPDELETESPR
LOOP				= CDF7, L: SPDELETESPR
SPDSLOOP			= CE04, G: SPDELETESPR
JPHL				= CE0C, L: SPDELETESPR
SP_ADDMEMORY			= CE0D, G: SP_ADDMEMORY
SPADDMEMORY			= CE26, G: SPADDMEMORY
IB1				= CE2E, L: SPADDMEMORY
IB2				= CE35, L: SPADDMEMORY
SPFREEBLOCK			= CE42, G: SPFREEBLOCK
SPFB1				= CE47, G: SPFREEBLOCK
SPFB2				= CE52, G: SPFREEBLOCK
SPQUEUETABLE			= CE5D, G: SPQUEUETABLE
SP_BLOCKALLOC			= CE5F, G: SP_BLOCKALLOC
SPBLOCKALLOC			= CE6D, G: SPBLOCKALLOC
SPALLOC				= CE77, G: SPBLOCKALLOC
SP_BORDER			= CE88, G: SP_BORDER
SPBORDERCLR			= CE91, G: SPBORDER
SPBORDER			= CE92, G: SPBORDER
SP_CREATESPR			= CE9A, G: SP_CREATESPR
SPCREATESPR			= CEB7, G: SPCREATESPR
CSLOOP				= CF08, L: SPCREATESPR
CSENTER				= CF1C, L: SPCREATESPR
NOTCOMPRESS			= CF2E, L: SPCREATESPR
CONT				= CF33, L: SPCREATESPR
CSNOCRY				= CF4A, L: SPCREATESPR
CSFAIL1				= CF54, L: SPCREATESPR
CSFAIL2				= CF56, L: SPCREATESPR
JPHL				= CF5F, L: SPCREATESPR
SP_FREEBLOCK			= CF60, G: SP_FREEBLOCK
SP_GETKEY			= CF6B, G: SP_GETKEY
KEYOK				= CF71, L: SP_GETKEY
STATE				= CF76, L: SPGETKEY
COUNT				= CF77, L: SPGETKEY
SPKEYDEBOUNCE			= CF78, G: SPGETKEY
SPKEYSTARTREPEAT		= CF79, G: SPGETKEY
SPKEYREPEATPERIOD		= CF7A, G: SPGETKEY
SPINKEY				= CF7B, G: SPGETKEY
SPGETKEY			= CF8C, G: SPGETKEY
SCANLOOP			= CF93, L: SPGETKEY
KEYROWLOOP			= CF97, L: SPGETKEY
NOPRESS				= CFA7, L: SPGETKEY
NEXTSCANROW			= CFAC, L: SPGETKEY
ATMAXCOUNT			= CFBD, L: SPGETKEY
SKIP				= CFD4, L: SPGETKEY
NOCAPS				= CFEA, L: SPGETKEY
NOSYM				= CFF5, L: SPGETKEY
TOOMANYKEYS			= CFF8, L: SPGETKEY
NOKEYS				= CFF8, L: SPGETKEY
SPKEYTRANSTBL			= D000, G: SPKEYTRANSTBL
SP_INITIALIZE			= D0A0, G: SP_INITIALIZE
SPINITIALIZE			= D0AC, G: SPINITIALIZE
ROTTBLLP			= D0D2, L: SPINITIALIZE
ENTRYLP				= D0D9, L: SPINITIALIZE
ROTLP				= D0DC, L: SPINITIALIZE
LOOP				= D0F5, L: SPINITIALIZE
CONT1				= D0FD, L: SPINITIALIZE
NOADD				= D107, L: SPINITIALIZE
USERTILE			= D10A, L: SPINITIALIZE
SPTILEARRAY			= D10F, G: SPTILEARRAY
SP_JOYKEMPSTON			= D30F, G: SP_JOYKEMPSTON
SPJOYKEMPSTON			= D316, G: SPJOYKEMPSTON
KEMPTBL				= D321, L: SPJOYKEMPSTON
SP_JOYKEYBOARD			= D341, G: SP_JOYKEYBOARD
SPJOYKEYBOARD			= D34F, G: SPJOYKEYBOARD
NOFIRE				= D35C, L: SPJOYKEYBOARD
JKLOOP				= D35C, L: SPJOYKEYBOARD
NOPRESS				= D367, L: SPJOYKEYBOARD
SP_JOYSINCLAIR1			= D36E, G: SP_JOYSINCLAIR1
SPJOYSINCLAIR1			= D375, G: SPJOYSINCLAIR1
SINC1TBL			= D381, L: SPJOYSINCLAIR1
SP_KEYPRESSED			= D3A1, G: SP_KEYPRESSED
SPKEYPRESSED			= D3B1, G: SPKEYPRESSED
NOCAPS				= D3BD, L: SPKEYPRESSED
NOSYM				= D3C9, L: SPKEYPRESSED
SP_PRINTATINV			= D3D5, G: SP_PRINTATINV
SP_TILEARRAY			= D3E7, G: SP_TILEARRAY
SPTILEENTRY			= D3F5, G: SPTILEENTRY
NOINC				= D3FE, L: SPTILEENTRY
SP_UPDATENOW			= D406, G: SP_UPDATENOW
TEMPGRAPHIC			= D40A, L: SPUPDATENOW
TEMPCOLOUR			= D412, L: SPUPDATENOW
UPDATE_ATTRS			= D413, G: SPUPDATENOW
SPUPDATENOW			= D414, G: SPUPDATENOW
DIRTYLOOP			= D41D, L: SPUPDATENOW
NOTACROSSBLK1			= D42D, L: SPUPDATENOW
REENTER				= D435, L: SPUPDATENOW
NOINC1				= D435, L: SPUPDATENOW
DIRTYAREA			= D443, L: SPUPDATENOW
NOTACROSSBLK2			= D47D, L: SPUPDATENOW
TILEONLY			= D484, L: SPUPDATENOW
NOINC11				= D48F, L: SPUPDATENOW
DRAWCHAR			= D4B3, L: SPUPDATENOW
NOTLOAD				= D4E1, L: SPUPDATENOW
NOINC10				= D4EC, L: SPUPDATENOW
SPRITELOOP			= D501, L: SPUPDATENOW
DOSPRITE			= D505, L: SPUPDATENOW
COLOURSPRITE			= D60F, L: SPUPDATENOW
CLEAR				= D611, L: SPUPDATENOW
COPYBUFFER			= D61C, L: SPUPDATENOW
NOMORESPRITES			= D63E, L: SPUPDATENOW
SKIPUPDATECOL			= D649, L: SPUPDATENOW
MASKNOROTATE			= D64C, L: SPUPDATENOW
LOADTYPE			= D697, L: SPUPDATENOW
LOADNOROTATE			= D705, L: SPUPDATENOW
XORTYPE				= D724, L: SPUPDATENOW
XORNOROTATE			= D7AA, L: SPUPDATENOW
ORTYPE				= D7DC, L: SPUPDATENOW
ORNOROTATE			= D862, L: SPUPDATENOW
SP_WAITFORNOKEY			= D894, G: SP_WAITFORNOKEY
SPWAITFORNOKEY			= D898, G: SPWAITFORNOKEY
