ACFAIL				= D604, L: SPADDCOLSPR
ACLOOP				= D587, L: SPADDCOLSPR
ACNOCRY				= D576, L: SPADDCOLSPR
ACNOCRY3			= D5D7, L: SPADDCOLSPR
ADJLOOP				= D3A2, L: SPMOVESPRABS
ADJUSTGRAPHICS			= D4E5, L: SPMOVESPRABS
APBRANCH1			= 5F26, L: MK2
APBRANCH2			= 5F69, L: MK2
APBRANCH3			= 5F55, L: MK2
APBRANCH4			= 5F4C, L: MK2
APGET4BITS			= 5F3E, L: MK2
APLOOP				= 5F2B, L: MK2
APLOOP0				= 5F28, L: MK2
APSKIP2				= 5F88, L: MK2
APSKIP3				= 5F91, L: MK2
APWRITEBYTE			= 5F48, L: MK2
AP_FINISHUP			= 5F94, L: MK2
AP_FINISHUP2			= 5F97, L: MK2
AP_GETBIT			= 5FAA, L: MK2
AP_GETGAMMA			= 5FB6, L: MK2
AP_GETGAMMALOOP			= 5FB9, L: MK2
AP_R0_GAMMA			= 5F9E, L: MK2
ATMAXCOUNT			= D831, L: SPGETKEY
BAL1				= 8256, L: MK2
BASE_GRAPHICS			= 5EB6, G: ZX82_CRT0
BROKEN				= D380, L: SPINTRECT
CALL_ROM3			= 5EAA, G: ZX82_CRT0
CLEANUP				= 5E9F, G: ZX82_CRT0
CLEANUP_EXIT			= 5EA0, L: ZX82_CRT0
CLEAR				= DED6, L: SPUPDATENOW
COLOURSPRITE			= DED4, L: SPUPDATENOW
COMPUTEDISP			= D4C2, L: SPMOVESPRABS
CONT				= D7A7, L: SPCREATESPR
CONT1				= D971, L: SPINITIALIZE
COORDS				= 5EB4, G: ZX82_CRT0
COPYBUFFER			= DEE1, L: SPUPDATENOW
COUNT				= D7EB, L: SPGETKEY
CSENTER				= D790, L: SPCREATESPR
CSFAIL1				= D7C8, L: SPCREATESPR
CSFAIL2				= D7CA, L: SPCREATESPR
CSLOOP				= D77C, L: SPCREATESPR
CSNOCRY				= D7BE, L: SPCREATESPR
DEPACK				= 5F23, L: MK2
DIRTYAREA			= DD08, L: SPUPDATENOW
DIRTYLOOP			= DCE2, L: SPUPDATENOW
DONE				= DCA3, L: SPREGISTERHOOKLAST
DOSIGN				= C57A, L: L_DIV
DOSPRITE			= DDCA, L: SPUPDATENOW
DRAWCHAR			= DD78, L: SPUPDATENOW
ENTRY				= C585, L: L_DIV_U
ENTRYLP				= D94D, L: SPINITIALIZE
EXITCOUNT			= 5EBC, G: ZX82_CRT0
EXITSP				= 5EBA, G: ZX82_CRT0
FADE_OUT_BUCLE			= 91B0, L: MK2
FADE_OUT_EXTERN			= 91A9, L: MK2
FBSD_BUCLE			= 842B, L: MK2
FBSD_ESCAPED			= 841E, L: MK2
FBSD_FIN			= 8439, L: MK2
FBSD_GETBIT			= 8433, L: MK2
FBSD_MAINB			= 8408, L: MK2
FBSD_STOR			= 8416, L: MK2
FBSD_STOR2			= 8426, L: MK2
FBSD_UNPACKC			= 8429, L: MK2
FSCLIPSTRUCT			= 5EFD, L: MK2
GENERICISR			= D6CF, L: SPCREATEGENERICISR
HEAPBLOCKS			= 5EBF, G: ZX82_CRT0
HEAPLAST			= 5EBD, G: ZX82_CRT0
HIDE_SPRITES_COCOS_LOOP		= B6E3, L: MK2
HIDE_SPRITES_ENEMS_LOOP		= B6B8, L: MK2
IB1				= D651, L: SPADDMEMORY
IB2				= D658, L: SPADDMEMORY
INK_DONE			= 91B7, L: MK2
INVALIDATE			= D4B3, L: SPMOVESPRABS
INVCOLLP			= D26B, L: SPINVALIDATE
INVFULLCHAR			= D27E, L: SPINVALIDATE
INVROWLP			= D280, L: SPINVALIDATE
I_1				= C011, L: MK2
I_100				= 8BE3, L: MK2
I_101				= 8BEE, L: MK2
I_102				= 8BF4, L: MK2
I_103				= 8C01, L: MK2
I_104				= 8C0A, L: MK2
I_105				= 8C1B, L: MK2
I_106				= 8C1E, L: MK2
I_107				= 8C39, L: MK2
I_108				= 8C4B, L: MK2
I_109				= 8C4E, L: MK2
I_110				= 8C56, L: MK2
I_111				= 8C61, L: MK2
I_114				= 8E60, L: MK2
I_115				= 900C, L: MK2
I_116				= 900F, L: MK2
I_117				= 907A, L: MK2
I_118				= 9073, L: MK2
I_119_I_118			= 9076, L: MK2
I_120				= 91E7, L: MK2
I_121				= 9205, L: MK2
I_122				= 91FE, L: MK2
I_123				= 9205, L: MK2
I_124				= 9217, L: MK2
I_125				= 921C, L: MK2
I_126				= 92A1, L: MK2
I_127				= 9297, L: MK2
I_128_I_127			= 929A, L: MK2
I_129				= 92DB, L: MK2
I_130				= 934C, L: MK2
I_131				= 92E4, L: MK2
I_132				= 9349, L: MK2
I_133				= 9342, L: MK2
I_134				= 9349, L: MK2
I_135				= 9415, L: MK2
I_136				= 940A, L: MK2
I_138				= 949B, L: MK2
I_139				= 94E7, L: MK2
I_140				= 950E, L: MK2
I_141				= 94FA, L: MK2
I_141_UGE			= 94F1, L: MK2
I_142_I_141			= 94FD, L: MK2
I_143				= 957E, L: MK2
I_144				= 967A, L: MK2
I_145				= 9674, L: MK2
I_146				= 967A, L: MK2
I_147				= 9687, L: MK2
I_148				= 974B, L: MK2
I_149				= 96E8, L: MK2
I_150				= 96C5, L: MK2
I_151				= 96C8, L: MK2
I_152				= 96E8, L: MK2
I_153				= 9708, L: MK2
I_154				= 9708, L: MK2
I_155				= 974B, L: MK2
I_156				= 9734, L: MK2
I_158				= 974B, L: MK2
I_159				= 9761, L: MK2
I_160				= 9774, L: MK2
I_161				= 97FC, L: MK2
I_162				= 97FC, L: MK2
I_163				= 97CE, L: MK2
I_165				= 989B, L: MK2
I_166				= 989B, L: MK2
I_167				= 9869, L: MK2
I_168				= 985F, L: MK2
I_169				= 985A, L: MK2
I_171				= 9862, L: MK2
I_172				= 986C, L: MK2
I_173				= 98C1, L: MK2
I_174				= 98B8, L: MK2
I_175				= 98BB, L: MK2
I_176				= 9925, L: MK2
I_178				= 9940, L: MK2
I_179				= 9943, L: MK2
I_180				= 9973, L: MK2
I_181				= 9973, L: MK2
I_182				= 9A2C, L: MK2
I_183				= 99B4, L: MK2
I_184				= 99A1, L: MK2
I_185				= 999F, L: MK2
I_187_I_184			= 99A4, L: MK2
I_188				= 9A0E, L: MK2
I_189				= 99C9, L: MK2
I_19				= 8314, L: MK2
I_190_I_189			= 99CC, L: MK2
I_191				= 99FA, L: MK2
I_192				= 9A0E, L: MK2
I_193				= 9A2C, L: MK2
I_194				= 9AB3, L: MK2
I_195				= 9A8B, L: MK2
I_196				= 9A85, L: MK2
I_197				= 9A88, L: MK2
I_198				= 9AB3, L: MK2
I_199				= 9AAD, L: MK2
I_20				= 82FD, L: MK2
I_200				= 9AB0, L: MK2
I_201				= 9AE4, L: MK2
I_202				= 9AE7, L: MK2
I_203				= 9B3D, L: MK2
I_204				= 9B1C, L: MK2
I_205				= 9B19, L: MK2
I_206				= 9B3D, L: MK2
I_207				= 9B3D, L: MK2
I_208				= 9B3D, L: MK2
I_209				= 9B62, L: MK2
I_21				= 8317, L: MK2
I_210				= 9B62, L: MK2
I_211				= 9B89, L: MK2
I_212				= 9B89, L: MK2
I_213				= 9BA6, L: MK2
I_214				= 9BB4, L: MK2
I_215				= 9BC7, L: MK2
I_216				= 9C69, L: MK2
I_217				= 9C52, L: MK2
I_218				= 9C21, L: MK2
I_220				= 9C69, L: MK2
I_221				= 9C69, L: MK2
I_222				= 9C62, L: MK2
I_224				= 9CE6, L: MK2
I_225				= 9CCF, L: MK2
I_226				= 9C9E, L: MK2
I_228				= 9CE6, L: MK2
I_229				= 9CE6, L: MK2
I_23				= 83E2, L: MK2
I_230				= 9CDF, L: MK2
I_232				= 9D28, L: MK2
I_233				= 9CFF, L: MK2
I_234_I_233			= 9D02, L: MK2
I_235				= 9D28, L: MK2
I_236				= 9D46, L: MK2
I_237				= 9DB9, L: MK2
I_238				= 9DB3, L: MK2
I_239				= 9DE1, L: MK2
I_24				= 833C, L: MK2
I_240				= 9E01, L: MK2
I_241				= 9E01, L: MK2
I_242				= 9E25, L: MK2
I_243				= 9E25, L: MK2
I_244				= 9E1A, L: MK2
I_245_I_244			= 9E1D, L: MK2
I_246				= 9E56, L: MK2
I_247				= 9E3A, L: MK2
I_248_I_247			= 9E3D, L: MK2
I_249				= 9EC3, L: MK2
I_25				= 83E1, L: MK2
I_250				= 9E85, L: MK2
I_251				= 9EC3, L: MK2
I_252				= 9EAA, L: MK2
I_253				= 9EE4, L: MK2
I_254				= 9FD1, L: MK2
I_255				= 9FE0, L: MK2
I_256				= 9F62, L: MK2
I_257				= 9F8F, L: MK2
I_258				= 9FAC, L: MK2
I_259				= 9FCE, L: MK2
I_26				= 8341, L: MK2
I_260				= 9FC4, L: MK2
I_261_I_260			= 9FC7, L: MK2
I_262				= A05F, L: MK2
I_263				= A062, L: MK2
I_264				= A080, L: MK2
I_265				= A1C6, L: MK2
I_266				= A085, L: MK2
I_267				= A1AF, L: MK2
I_268				= A0E9, L: MK2
I_269_I_268			= A0EC, L: MK2
I_27				= 8358, L: MK2
I_271				= A1AC, L: MK2
I_272				= A11E, L: MK2
I_273				= A124, L: MK2
I_274				= A1AC, L: MK2
I_275				= A1C3, L: MK2
I_276				= A22B, L: MK2
I_277				= A28F, L: MK2
I_278				= A296, L: MK2
I_279				= A2ED, L: MK2
I_28				= 83DA, L: MK2
I_280				= A30E, L: MK2
I_281				= A2ED, L: MK2
I_282				= A3F0, L: MK2
I_283				= A3F0, L: MK2
I_283_UGE			= A361, L: MK2
I_284				= A3FB, L: MK2
I_285				= A4F7, L: MK2
I_286				= A400, L: MK2
I_287				= A4F4, L: MK2
I_288				= A48C, L: MK2
I_289				= A481, L: MK2
I_29				= 835D, L: MK2
I_291				= A4F4, L: MK2
I_292				= A4F4, L: MK2
I_293				= A526, L: MK2
I_294				= A52B, L: MK2
I_295				= A57D, L: MK2
I_296				= A580, L: MK2
I_297				= A5B1, L: MK2
I_298				= A5B6, L: MK2
I_299				= A5DF, L: MK2
I_30				= 83D7, L: MK2
I_300				= A5E2, L: MK2
I_301				= A601, L: MK2
I_302				= A61A, L: MK2
I_303				= A6C3, L: MK2
I_304				= A707, L: MK2
I_305				= A72A, L: MK2
I_306				= B22D, L: MK2
I_307				= A72F, L: MK2
I_308				= A7DE, L: MK2
I_309				= A7DE, L: MK2
I_31				= 8511, L: MK2
I_310				= A82D, L: MK2
I_311				= A830, L: MK2
I_312				= A85B, L: MK2
I_313				= A862, L: MK2
I_315				= AE2B, L: MK2
I_316				= A88A, L: MK2
I_317				= A89D, L: MK2
I_318				= A8A4, L: MK2
I_319				= A9E5, L: MK2
I_32				= 84CA, L: MK2
I_320				= A9A5, L: MK2
I_321				= A9A8, L: MK2
I_322				= AA79, L: MK2
I_323				= AA39, L: MK2
I_324				= AA3C, L: MK2
I_325				= AA9E, L: MK2
I_326				= AA96, L: MK2
I_327				= AA99, L: MK2
I_328				= AAA1, L: MK2
I_33				= 84EB, L: MK2
I_330				= AD61, L: MK2
I_331				= AAF4, L: MK2
I_332				= AB07, L: MK2
I_333				= AB3E, L: MK2
I_334				= AB41, L: MK2
I_335				= AB7B, L: MK2
I_336				= ACA5, L: MK2
I_337				= ACA8, L: MK2
I_338				= AD61, L: MK2
I_339				= ADF8, L: MK2
I_34				= 84D4, L: MK2
I_340				= ADE7, L: MK2
I_341_I_340			= ADEA, L: MK2
I_342				= ADFB, L: MK2
I_343				= AE2B, L: MK2
I_344				= AE14, L: MK2
I_345_I_344			= AE17, L: MK2
I_346				= B208, L: MK2
I_347				= AEB8, L: MK2
I_348				= AE6F, L: MK2
I_349				= AE85, L: MK2
I_35				= 8518, L: MK2
I_350				= AF24, L: MK2
I_351				= AECD, L: MK2
I_352_I_351			= AED0, L: MK2
I_353				= AF24, L: MK2
I_353_ULE			= AEDA, L: MK2
I_354				= AF24, L: MK2
I_355				= AEED, L: MK2
I_356				= AEF0, L: MK2
I_357				= B17E, L: MK2
I_358				= B17B, L: MK2
I_359				= AF42, L: MK2
I_36				= 852A, L: MK2
I_360_I_359			= AF45, L: MK2
I_361				= B007, L: MK2
I_362				= B007, L: MK2
I_363				= AFAF, L: MK2
I_364_I_363			= AFB2, L: MK2
I_365				= B17B, L: MK2
I_366				= B077, L: MK2
I_366_I_367			= B07E, L: MK2
I_367				= B079, L: MK2
I_368				= B118, L: MK2
I_369				= B10E, L: MK2
I_37				= 85D9, L: MK2
I_370				= B111, L: MK2
I_371				= B11B, L: MK2
I_372				= B202, L: MK2
I_373				= B202, L: MK2
I_374				= B1B1, L: MK2
I_375_I_374			= B1B4, L: MK2
I_376				= B1C2, L: MK2
I_377				= B202, L: MK2
I_378				= B22A, L: MK2
I_379				= B24B, L: MK2
I_38				= 855B, L: MK2
I_380				= B255, L: MK2
I_381				= B22E, L: MK2
I_382				= B24B, L: MK2
I_383				= B245, L: MK2
I_384_I_383			= B248, L: MK2
I_385				= B279, L: MK2
I_386				= B35C, L: MK2
I_387				= B337, L: MK2
I_388				= B28F, L: MK2
I_39				= 858E, L: MK2
I_390				= B2A9, L: MK2
I_391				= B2AC, L: MK2
I_392				= B359, L: MK2
I_393				= B348, L: MK2
I_394				= B359, L: MK2
I_395				= B359, L: MK2
I_396				= B383, L: MK2
I_397				= B3B3, L: MK2
I_398				= B3E3, L: MK2
I_399				= B499, L: MK2
I_40				= 858E, L: MK2
I_400				= B43C, L: MK2
I_401				= B499, L: MK2
I_402				= B441, L: MK2
I_403				= B45C, L: MK2
I_404				= B496, L: MK2
I_405				= B469, L: MK2
I_406				= B54A, L: MK2
I_407				= B54A, L: MK2
I_408				= B54A, L: MK2
I_409				= B50A, L: MK2
I_41				= 85B6, L: MK2
I_410				= B54A, L: MK2
I_411				= B517, L: MK2
I_412				= B570, L: MK2
I_413				= B569, L: MK2
I_414_I_413			= B56C, L: MK2
I_415				= B574, L: MK2
I_416				= B5BA, L: MK2
I_417				= B59B, L: MK2
I_418_I_417			= B59E, L: MK2
I_419				= B5FE, L: MK2
I_42				= 85B1, L: MK2
I_420				= B5FE, L: MK2
I_421				= B5E5, L: MK2
I_422_I_421			= B5E8, L: MK2
I_423				= B64C, L: MK2
I_424				= B624, L: MK2
I_425_I_424			= B627, L: MK2
I_426				= B696, L: MK2
I_427				= B696, L: MK2
I_428				= B677, L: MK2
I_429_I_428			= B67A, L: MK2
I_43				= 85A8, L: MK2
I_430				= B6B7, L: MK2
I_431				= B79D, L: MK2
I_432				= B7A7, L: MK2
I_433				= B77F, L: MK2
I_434				= B7FA, L: MK2
I_435				= B898, L: MK2
I_436				= B7FF, L: MK2
I_437				= B8D3, L: MK2
I_438				= B931, L: MK2
I_439				= B8D8, L: MK2
I_440				= B935, L: MK2
I_441				= C010, L: MK2
I_442				= B986, L: MK2
I_443				= C00A, L: MK2
I_444				= B9DD, L: MK2
I_445				= BA08, L: MK2
I_446				= BA48, L: MK2
I_447				= BA68, L: MK2
I_448				= BA4D, L: MK2
I_449				= BA86, L: MK2
I_44_I_43			= 85AB, L: MK2
I_45				= 85CF, L: MK2
I_450				= BF71, L: MK2
I_451				= BA9E, L: MK2
I_452				= BAD1, L: MK2
I_453				= BAD1, L: MK2
I_454				= BAF9, L: MK2
I_455				= BB09, L: MK2
I_456				= BB74, L: MK2
I_457				= BB33, L: MK2
I_458				= BB31, L: MK2
I_46				= 85CC, L: MK2
I_460_I_457			= BB36, L: MK2
I_461				= BB91, L: MK2
I_462				= BBA1, L: MK2
I_463				= BC48, L: MK2
I_464				= BBA6, L: MK2
I_465				= BC23, L: MK2
I_466				= BC45, L: MK2
I_467				= BC48, L: MK2
I_468				= BC5B, L: MK2
I_469				= BC90, L: MK2
I_47				= 85D6, L: MK2
I_470				= BC90, L: MK2
I_471				= BCAA, L: MK2
I_472				= BCAA, L: MK2
I_473				= BD85, L: MK2
I_474				= BD2A, L: MK2
I_476				= BD2A, L: MK2
I_477				= BCFC, L: MK2
I_478				= BD0A, L: MK2
I_479				= BD18, L: MK2
I_48				= 85DF, L: MK2
I_480				= BD78, L: MK2
I_481				= BD7E, L: MK2
I_482				= BDB0, L: MK2
I_483				= BD99, L: MK2
I_484_I_483			= BD9C, L: MK2
I_485				= BDAD, L: MK2
I_486				= BE0E, L: MK2
I_487				= BE0E, L: MK2
I_488				= BDC2, L: MK2
I_489_I_488			= BDC5, L: MK2
I_49				= 85E7, L: MK2
I_490				= BE0E, L: MK2
I_491				= BE08, L: MK2
I_492_I_491			= BE0B, L: MK2
I_493				= BE37, L: MK2
I_494				= BE27, L: MK2
I_495				= BE34, L: MK2
I_496				= BE4B, L: MK2
I_497				= BEBE, L: MK2
I_498				= BE64, L: MK2
I_498_I_499			= BE6B, L: MK2
I_499				= BE66, L: MK2
I_50				= 8642, L: MK2
I_500				= BEAA, L: MK2
I_501				= BE84, L: MK2
I_501_I_502			= BE8B, L: MK2
I_502				= BE86, L: MK2
I_503				= BEA0, L: MK2
I_504				= BEA3, L: MK2
I_505				= BEAD, L: MK2
I_506				= BED5, L: MK2
I_507				= BECE, L: MK2
I_509				= BEF0, L: MK2
I_51				= 8647, L: MK2
I_510				= BF6B, L: MK2
I_511				= BF60, L: MK2
I_512				= BF34, L: MK2
I_514				= C007, L: MK2
I_515				= BF84, L: MK2
I_516				= BF9C, L: MK2
I_517				= BFB5, L: MK2
I_518				= BFCE, L: MK2
I_519				= BFDD, L: MK2
I_52				= 86BA, L: MK2
I_53				= 86C5, L: MK2
I_54				= 8C74, L: MK2
I_55				= 86F2, L: MK2
I_56				= 88AD, L: MK2
I_58				= 88AA, L: MK2
I_59				= 8700, L: MK2
I_60				= 872C, L: MK2
I_61				= 8751, L: MK2
I_62				= 8776, L: MK2
I_63				= 879B, L: MK2
I_64				= 881B, L: MK2
I_65				= 881E, L: MK2
I_66				= 882F, L: MK2
I_67				= 8870, L: MK2
I_68				= 8873, L: MK2
I_69				= 8884, L: MK2
I_70				= 889B, L: MK2
I_71				= 889E, L: MK2
I_72				= 8C6B, L: MK2
I_73				= 88BB, L: MK2
I_74				= 8C6B, L: MK2
I_76				= 8C68, L: MK2
I_77				= 88C9, L: MK2
I_78				= 894F, L: MK2
I_79				= 8968, L: MK2
I_80				= 8984, L: MK2
I_81				= 89A3, L: MK2
I_82				= 89CE, L: MK2
I_83				= 8A0B, L: MK2
I_84				= 8A1F, L: MK2
I_85				= 8A36, L: MK2
I_86				= 8A5D, L: MK2
I_87				= 8A8B, L: MK2
I_88				= 8ABD, L: MK2
I_89				= 8ACF, L: MK2
I_90				= 8AE1, L: MK2
I_91				= 8AFA, L: MK2
I_92				= 8B0E, L: MK2
I_93				= 8B25, L: MK2
I_94				= 8B87, L: MK2
I_95				= 8B2A, L: MK2
I_96				= 8B84, L: MK2
I_97				= 8B8A, L: MK2
I_98				= 8B97, L: MK2
I_99				= 8BBE, L: MK2
JKLOOP				= DBF1, L: SPJOYKEYBOARD
JPHL				= D7D3, L: SPCREATESPR
JPHL				= D6EA, L: SPCREATEGENERICISR
JPHL				= D62F, L: SPDELETESPR
JPHL				= D615, L: SPADDCOLSPR
KEEPGOING			= 5F1A, L: MK2
KEMPTBL				= DBB6, L: SPJOYKEMPSTON
KEYOK				= D7E5, L: SP_GETKEY
KEYROWLOOP			= D80B, L: SPGETKEY
LOADNOROTATE			= DFCA, L: SPUPDATENOW
LOADTYPE			= DF5C, L: SPUPDATENOW
LOOP				= DC98, L: SPREGISTERHOOKLAST
LOOP				= D969, L: SPINITIALIZE
LOOP				= D61A, L: SPDELETESPR
L_AND				= C52B, G: L_AND
L_ASL				= C532, G: L_ASL
L_ASL1				= C533, L: L_ASL
L_ASR				= C539, G: L_ASR
L_ASR1				= C53A, L: L_ASR
L_ASR_U				= C543, G: L_ASR_U
L_ASR_U_1			= C544, L: L_ASR_U
L_DCAL				= 5EA9, G: ZX82_CRT0
L_DIV				= C54D, G: L_DIV
L_DIV0				= C55D, L: L_DIV
L_DIV01				= C569, L: L_DIV
L_DIV1				= C58C, L: L_DIV_U
L_DIV2				= C596, L: L_DIV_U
L_DIV_U				= C581, G: L_DIV_U
L_EQ				= C5A0, G: L_EQ
L_GCHAR				= C5A7, G: L_GCHAR
L_GE				= C5AD, G: L_GE
L_GINT				= C5BB, G: L_GINT
L_GINTSPSP			= C5C0, G: L_GINTSPSP
L_GT				= C5C9, G: L_GT
L_LE				= C5D5, G: L_LE
L_LNEG				= C5E3, G: L_LNEG
L_LT				= C5E8, G: L_LT
L_MULT				= C5F4, G: L_MULT
L_MULT1				= C5FB, L: L_MULT
L_MULT2				= C602, L: L_MULT
L_NE				= C605, G: L_NE
L_NEG				= C60C, G: L_NEG
L_PINT				= C614, G: L_PINT
L_SXT				= C61A, G: L_SXT
L_SXT				= C5A8, L: L_GCHAR
L_UGE				= C61F, G: L_UGE
L_ULE				= C627, G: L_ULE
L_ULT				= C62F, G: L_ULT
MASKNOROTATE			= DF11, L: SPUPDATENOW
MVCOLLOOP			= D3EF, L: SPMOVESPRABS
MVROWLOOP			= D3F5, L: SPMOVESPRABS
NEXTSCANROW			= D820, L: SPGETKEY
NOADD				= D97B, L: SPINITIALIZE
NOCAPS				= DC52, L: SPKEYPRESSED
NOCAPS				= D85E, L: SPGETKEY
NODEC1				= D47F, L: SPMOVESPRABS
NOFIRE				= DBF1, L: SPJOYKEYBOARD
NOINC				= DCC3, L: SPTILEENTRY
NOINC				= D54A, L: SPTBLLOOKUP
NOINC1				= DCFA, L: SPUPDATENOW
NOINC1				= D5C3, L: SPADDCOLSPR
NOINC1				= D417, L: SPMOVESPRABS
NOINC1				= D267, L: SPINVALIDATE
NOINC10				= DDB1, L: SPUPDATENOW
NOINC11				= DD54, L: SPUPDATENOW
NOINC2				= D450, L: SPMOVESPRABS
NOINC2				= D27A, L: SPINVALIDATE
NOINC3				= D471, L: SPMOVESPRABS
NOINC3				= D28B, L: SPINVALIDATE
NOINC4				= D48B, L: SPMOVESPRABS
NOINC5				= D4F1, L: SPMOVESPRABS
NOKEYS				= D86C, L: SPGETKEY
NOMORESPRITES			= DF03, L: SPUPDATENOW
NONEXT1				= D42B, L: SPMOVESPRABS
NONEXT2				= D498, L: SPMOVESPRABS
NOPRESS				= DBFC, L: SPJOYKEYBOARD
NOPRESS				= D81B, L: SPGETKEY
NOSYM				= DC5E, L: SPKEYPRESSED
NOSYM				= D869, L: SPGETKEY
NOTACROSSBLK1			= DCF2, L: SPUPDATENOW
NOTACROSSBLK2			= DD42, L: SPUPDATENOW
NOTCOMPRESS			= D7A2, L: SPCREATESPR
NOTDISPLAYED			= D498, L: SPMOVESPRABS
NOTDONE				= D3FF, L: SPMOVESPRABS
NOTINDLIST			= D42B, L: SPMOVESPRABS
NOTLOAD				= DDA6, L: SPUPDATENOW
NOTNEGATIVE			= D4E0, L: SPMOVESPRABS
ORNOROTATE			= E127, L: SPUPDATENOW
ORTYPE				= E0A1, L: SPUPDATENOW
PAPER_DONE			= 91BF, L: MK2
PDLOOP				= D448, L: SPMOVESPRABS
POPREG				= D6FD, L: SPCREATEGENERICISR
POSITION			= D6D2, L: SPCREATEGENERICISR
PRINT_STR_LOOP			= 822B, L: MK2
PUSHREG				= D6DB, L: SPCREATEGENERICISR
PUTHERE				= D462, L: SPMOVESPRABS
REENTER				= DCFA, L: SPUPDATENOW
RESTISR				= 5F16, L: MK2
RND				= 9142, L: MK2
ROTLP				= D950, L: SPINITIALIZE
ROTTBLLP			= D946, L: SPINITIALIZE
RUNHOOKS			= D6EB, L: SPCREATEGENERICISR
SCANLOOP			= D807, L: SPGETKEY
SETRAMBANK			= 5F0B, L: MK2
SINC1TBL			= DC16, L: SPJOYSINCLAIR1
SKIP				= D848, L: SPGETKEY
SKIP1				= D501, L: SPMOVESPRABS
SKIP2				= D511, L: SPMOVESPRABS
SKIPUPDATECOL			= DF0E, L: SPUPDATENOW
SND_TICK			= 5EC1, G: ZX82_CRT0
SPADDCOLSPR			= D56B, G: SPADDCOLSPR
SPADDMEMORY			= D649, G: SPADDMEMORY
SPALLOC				= D69A, G: SPBLOCKALLOC
SPBIT2MASK			= D53C, G: SPBIT2MASK
SPBITLEFT2MASK			= D299, G: SPBITLEFT2MASK
SPBITRIGHT2MASK			= D2A1, G: SPBITRIGHT2MASK
SPBLOCKALLOC			= D690, G: SPBLOCKALLOC
SPBORDER			= D6B5, G: SPBORDER
SPBORDERCLR			= D6B4, G: SPBORDER
SPCOMPDIRTYADDR			= D2A9, G: SPCOMPDIRTYADDR
SPCOMPDLISTADDR			= C635, G: SPCOMPDLISTADDR
SPCREATEGENERICISR		= D6C6, G: SPCREATEGENERICISR
SPCREATESPR			= D72B, G: SPCREATESPR
SPDELETESPR			= D616, G: SPDELETESPR
SPDIRTYCHARS			= D2BE, G: SPDIRTYCHARS
SPDISPLAYLIST			= C646, G: SPDISPLAYLIST
SPDSLOOP			= D627, G: SPDELETESPR
SPFB1				= D66A, G: SPFREEBLOCK
SPFB2				= D675, G: SPFREEBLOCK
SPFREEBLOCK			= D665, G: SPFREEBLOCK
SPGETKEY			= D800, G: SPGETKEY
SPINITIALIZE			= D920, G: SPINITIALIZE
SPINITIM2			= DB8E, G: SPINITIM2
SPINKEY				= D7EF, G: SPGETKEY
SPINTRECT			= D31E, G: SPINTRECT
SPINTSMALLIVAL			= D34F, G: SPINTRECT
SPINVALIDATE			= D246, G: SPINVALIDATE
SPINVALIDATEP			= D24E, G: SPINVALIDATE
SPJOYKEMPSTON			= DBAB, G: SPJOYKEMPSTON
SPJOYKEYBOARD			= DBE4, G: SPJOYKEYBOARD
SPJOYSINCLAIR1			= DC0A, G: SPJOYSINCLAIR1
SPKEYDEBOUNCE			= D7EC, G: SPGETKEY
SPKEYPRESSED			= DC46, G: SPKEYPRESSED
SPKEYREPEATPERIOD		= D7EE, G: SPGETKEY
SPKEYSTARTREPEAT		= D7ED, G: SPGETKEY
SPKEYTRANSTBL			= D874, G: SPKEYTRANSTBL
SPMOVESPRABS			= D389, G: SPMOVESPRABS
SPMOVESPRABSC			= D3B0, G: SPMOVESPRABS
SPMOVESPRABSNC			= D397, G: SPMOVESPRABS
SPNULLSPRPTR			= D514, G: SPNULLSPRPTR
SPPRINTATINV			= D524, G: SPPRINTATINV
SPPTINSMALLIVAL			= D374, G: SPINTRECT
SPQUEUETABLE			= D680, G: SPQUEUETABLE
SPREGISTERHOOK			= DC8F, G: SPREGISTERHOOKLAST
SPREGISTERHOOKLAST		= DC8F, G: SPREGISTERHOOKLAST
SPRITELOOP			= DDC6, L: SPUPDATENOW
SPTBLLOOKUP			= D544, G: SPTBLLOOKUP
SPTILEARRAY			= D983, G: SPTILEARRAY
SPTILEENTRY			= DCBA, G: SPTILEENTRY
SPUPDATENOW			= DCD9, G: SPUPDATENOW
SPWAITFORNOKEY			= E15D, G: SPWAITFORNOKEY
SP_ADDCOLSPR			= D54C, G: SP_ADDCOLSPR
SP_ADDMEMORY			= D630, G: SP_ADDMEMORY
SP_BLOCKALLOC			= D682, G: SP_BLOCKALLOC
SP_BORDER			= D6AB, G: SP_BORDER
SP_CREATEGENERICISR		= D6BD, G: SP_CREATEGENERICISR
SP_CREATESPR			= D70E, G: SP_CREATESPR
SP_FREEBLOCK			= D7D4, G: SP_FREEBLOCK
SP_GETKEY			= D7DF, G: SP_GETKEY
SP_INITIALIZE			= D914, G: SP_INITIALIZE
SP_INITIM2			= DB83, G: SP_INITIM2
SP_JOYKEMPSTON			= DBA4, G: SP_JOYKEMPSTON
SP_JOYKEYBOARD			= DBD6, G: SP_JOYKEYBOARD
SP_JOYSINCLAIR1			= DC03, G: SP_JOYSINCLAIR1
SP_KEYPRESSED			= DC36, G: SP_KEYPRESSED
SP_REGISTERHOOK			= DC6A, G: SP_REGISTERHOOK
SP_REGISTERHOOKLAST		= DC80, G: SP_REGISTERHOOKLAST
SP_TILEARRAY			= DCAC, G: SP_TILEARRAY
SP_UPDATENOW			= DCCB, G: SP_UPDATENOW
SP_WAITFORNOKEY			= E159, G: SP_WAITFORNOKEY
START				= 5E88, L: ZX82_CRT0
START1				= 5EA5, L: ZX82_CRT0
STATE				= D7EA, L: SPGETKEY
TEMPCOLOUR			= DCD7, L: SPUPDATENOW
TEMPGRAPHIC			= DCCF, L: SPUPDATENOW
TILEONLY			= DD49, L: SPUPDATENOW
TOOMANYKEYS			= D86C, L: SPGETKEY
TRYOTHERWAY			= D363, L: SPINTRECT
UPDATE_ATTRS			= DCD8, G: SPUPDATENOW
USERTILE			= D97E, L: SPINITIALIZE
VPCLIPSTRUCT			= 5EF9, L: MK2
XINSCREEN			= D3D8, L: SPMOVESPRABS
XORNOROTATE			= E06F, L: SPUPDATENOW
XORTYPE				= DFE9, L: SPUPDATENOW
YINSCREEN			= D3C8, L: SPMOVESPRABS
_ABS				= 9206, G: MK2
_ACTION_PRESSED			= C1F6, G: MK2
_ACTIVE				= C174, G: MK2
_ACTIVE_SLEEP			= B22E, G: MK2
_ADDSIGN			= 91D1, G: MK2
_ADVANCE_WORM			= 9EE5, G: MK2
_ADVANCE_WORM_NO_INC_Y		= 9F1C, L: MK2
_AD_FREE			= C218, G: MK2
_ANIMATE			= C1FE, G: MK2
_ASM_INT			= C487, G: MK2
_ASM_INT_2			= C1E2, G: MK2
_AT1				= C1F4, G: MK2
_AT2				= C1F5, G: MK2
_ATTR				= 90DB, G: MK2
_ATTR_DO			= 90ED, L: MK2
_ATTR_RESET			= 90E9, L: MK2
_BADDIES			= 79EC, G: MK2
_BEHS				= 7D1F, G: MK2
_BLACKOUT_AREA			= 824A, G: MK2
_BREAKING_IDX			= 5F03, G: MK2
_BREAK_WALL			= 934E, G: MK2
_BUTTON_PRESSED			= 82E4, G: MK2
_CM_TWO_POINTS			= 907E, G: MK2
_CM_TWO_POINTS_AT1_DO		= 908F, L: MK2
_CM_TWO_POINTS_AT1_DONE		= 90A9, L: MK2
_CM_TWO_POINTS_AT1_RESET	= 908C, L: MK2
_CM_TWO_POINTS_AT2_DO		= 90BD, L: MK2
_CM_TWO_POINTS_AT2_DONE		= 90D7, L: MK2
_CM_TWO_POINTS_AT2_RESET	= 90BA, L: MK2
_COCO_D				= C17E, G: MK2
_COCO_IT			= C481, G: MK2
_COCO_S				= C17F, G: MK2
_COCO_VX			= C47A, G: MK2
_COCO_VY			= C47E, G: MK2
_COCO_X				= C182, G: MK2
_COCO_X0			= C203, G: MK2
_COCO_Y				= C185, G: MK2
_COLLIDE			= 8FA1, G: MK2
_COLLIDE_PIXEL			= 9012, G: MK2
_CORTINA			= 91A7, G: MK2
_CTX				= C212, G: MK2
_CTY				= C479, G: MK2
_CX1				= C1F7, G: MK2
_CX2				= C1F8, G: MK2
_CY1				= C1F9, G: MK2
_CY2				= C1FA, G: MK2
_DISTANCE			= A236, G: MK2
_DO_EXTERN_ACTION		= 831B, G: MK2
_DO_GRAVITY			= 5F05, G: MK2
_DO_LAVA			= B49A, G: MK2
_DO_PROCESS_BREAKABLE		= 5F04, G: MK2
_DO_RESPAWN			= C178, G: MK2
_DRAW_COLOURED_TILE		= 8136, G: MK2
_DRAW_COLOURED_TILE_GAMEAREA	= 81AD, G: MK2
_DRAW_INVALIDATE_COLOURED_TILE_G= 81A6, G: MK2
_DRAW_OBJS			= 822A, G: MK2
_DRAW_SCR			= A049, G: MK2
_DRAW_SCR_BACKGROUND		= 9F24, G: MK2
_ENEMY_KILL			= A622, G: MK2
_ENEMY_SHOOTS			= C1FB, G: MK2
_ENEM_FRAMES			= 8CEA, G: MK2
_ENEM_MOVE_SPR_ABS		= 8C75, G: MK2
_ENOFFS				= C19C, G: MK2
_ENOFFSMASI			= C47D, G: MK2
_EN_AN_BASE_FRAME		= C099, G: MK2
_EN_AN_COUNT			= C526, G: MK2
_EN_AN_C_F			= C09F, G: MK2
_EN_AN_N_F			= C0CE, G: MK2
_EN_AN_STATE			= C0A9, G: MK2
_EN_AN_VX			= C1BE, G: MK2
_EN_AN_VY			= C1C5, G: MK2
_EN_AN_X			= C205, G: MK2
_EN_AN_Y			= C20B, G: MK2
_EXTI				= C1DE, G: MK2
_EXTX				= C1EB, G: MK2
_EXTY				= C1EC, G: MK2
_FLAGS				= C0AC, G: MK2
_FLAG_OLD			= C1F2, G: MK2
_FLICK_SCREEN			= B575, G: MK2
_FONT				= 67DC, L: MK2
_FZX1				= C1B8, G: MK2
_FZX2				= C1B9, G: MK2
_FZY1				= C1BA, G: MK2
_FZY2				= C1BB, G: MK2
_F_ZONE_AC			= C1F3, G: MK2
_GAME_ENDING			= 9176, G: MK2
_GAME_OVER			= 9187, G: MK2
_GEN_PT				= C18B, G: MK2
_GET_RESOURCE			= 616B, G: MK2
_GPAUX				= C0DD, G: MK2
_GPC				= C201, G: MK2
_GPCX				= C1B5, G: MK2
_GPCY				= C1BC, G: MK2
_GPD				= C202, G: MK2
_GPEN_CX			= C096, G: MK2
_GPEN_CY			= C097, G: MK2
_GPEN_X				= C1A5, G: MK2
_GPEN_XX			= C0A5, G: MK2
_GPEN_Y				= C1A6, G: MK2
_GPEN_YY			= C0A6, G: MK2
_GPIT				= C1BD, G: MK2
_GPJT				= C1CB, G: MK2
_GPS				= C213, G: MK2
_GPT				= C214, G: MK2
_GPX				= C472, G: MK2
_GPXX				= C1E8, G: MK2
_GPY				= C473, G: MK2
_GPYY				= C1E9, G: MK2
_GP_GEN				= C199, G: MK2
_HALF_LIFE			= 5F01, G: MK2
_HIDE_SPRITES			= B697, G: MK2
_HIT				= C211, G: MK2
_HITTER_C_F			= C189, G: MK2
_HITTER_FRAME			= C48E, G: MK2
_HITTER_HIT			= C196, G: MK2
_HITTER_N_F			= C193, G: MK2
_HITTER_ON			= C0D6, G: MK2
_HITTER_TYPE			= C095, G: MK2
_HITTER_X			= C1AF, G: MK2
_HITTER_Y			= C1B0, G: MK2
_HIT_H				= C0D8, G: MK2
_HIT_V				= C0D9, G: MK2
_HOFFS_X			= 9416, G: MK2
_HOTSPOTS			= 7CE0, G: MK2
_HOTSPOTS_SETUP_DO		= A00E, L: MK2
_HOTSPOTS_SETUP_DONE		= A048, L: MK2
_HOTSPOTS_SETUP_SET		= A040, L: MK2
_HOTSPOTS_SETUP_SET_REFILL	= A03F, L: MK2
_HOTSPOT_X			= C09C, G: MK2
_HOTSPOT_Y			= C09D, G: MK2
_INIT_COCOS			= A2E6, G: MK2
_INIT_LAVA			= B3E4, G: MK2
_INVALIDATE_TILE		= 817C, G: MK2
_INVALIDATE_VIEWPORT		= 8196, G: MK2
_ISR				= 80D8, G: MK2
_ISRC				= C1E0, G: MK2
_IS_CUTSCENE			= 831A, G: MK2
_IS_RENDERING			= C486, G: MK2
_JOYFUNC			= C1B3, G: MK2
_KEYP				= C1D0, G: MK2
_KEYS				= C1D3, G: MK2
_KEYSCANCODES			= 5ED4, G: MK2
_KEYS_OLD			= C482, G: MK2
_KILLABLE			= C19B, G: MK2
_KILLED_OLD			= C0DA, G: MK2
_KILL_PLAYER			= 921D, G: MK2
_LAVA_CT			= C098, G: MK2
_LAVA_REENTER			= B403, G: MK2
_LAVA_Y				= C1A7, G: MK2
_LEVEL				= 5F02, G: MK2
_LEVELS				= 7F2F, G: MK2
_LEVEL_AC			= C1DD, G: MK2
_LEVEL_DATA			= 61A5, G: MK2
_LEVEL_SEQUENCE			= 80BE, G: MK2
_LIFE_OLD			= C17D, G: MK2
_LIMIT				= A5E5, G: MK2
_MAIN				= B722, G: MK2
_MAINCOUNTER			= C1ED, G: MK2
_MAIN_SCRIPT_OFFSET		= C1CD, G: MK2
_MAP				= 61B5, G: MK2
_MAP_ATTR			= C0DE, G: MK2
_MAP_POINTER			= C0A7, G: MK2
_METATILESET			= 69DC, L: MK2
_MLPLAYING			= C17C, G: MK2
_MONS_COL_SC_X			= A4F8, G: MK2
_MONS_COL_SC_Y			= A583, G: MK2
_MOVE_COCOS			= A3F1, G: MK2
_MUEVE_BICHARRACOS		= A708, G: MK2
_MY_MALLOC			= 5EEC, G: MK2
_NEXT_SCRIPT			= C1FF, G: MK2
_NO_DRAW			= C18D, G: MK2
_N_PANT				= C1AB, G: MK2
_OBJS_OLD			= C1EA, G: MK2
_ORIG_TILE			= C48D, G: MK2
_O_PANT				= C1AD, G: MK2
_PAD0				= C1A8, G: MK2
_PLAYER_CALC_BOUNDING_BOX	= 9605, G: MK2
_PLAYER_FRAMES			= 8CD6, G: MK2
_PLAYER_INIT			= 957F, G: MK2
_PLAYER_MOVE			= 9646, G: MK2
_PLAYING			= C1CF, G: MK2
_POSSEE				= C48C, G: MK2
_PREGOTTEN			= C0D7, G: MK2
_PREPARE_LEVEL			= 8CFA, G: MK2
_PRINT_MESSAGE			= 8299, G: MK2
_PRINT_NUMBER2			= 81DB, G: MK2
_PRINT_STR			= 822B, G: MK2
_PROCESS_BREAKABLE		= 92C9, G: MK2
_PTGMX				= C18F, G: MK2
_PTGMY				= C191, G: MK2
_PTX1				= C1EE, G: MK2
_PTX2				= C1EF, G: MK2
_PTY1				= C1F0, G: MK2
_PTY2				= C1F1, G: MK2
_P_C_F				= C0D4, G: MK2
_P_DISPARANDO			= C529, G: MK2
_P_ENGINE			= C188, G: MK2
_P_FACING			= C0CC, G: MK2
_P_FACING_H			= C489, G: MK2
_P_FACING_V			= C48B, G: MK2
_P_FRAME			= C0CD, G: MK2
_P_G				= C204, G: MK2
_P_GOTTEN			= C1B7, G: MK2
_P_HITTING			= C09E, G: MK2
_P_JMP_CT			= C1AA, G: MK2
_P_JMP_ON			= C1AC, G: MK2
_P_KEYS				= C1C4, G: MK2
_P_KILLED			= C1A4, G: MK2
_P_KILLME			= C1A9, G: MK2
_P_LIFE				= C1AE, G: MK2
_P_N_F				= C0DB, G: MK2
_P_OBJS				= C1B6, G: MK2
_P_SAFE_PANT			= C52A, G: MK2
_P_SAFE_X			= C1B1, G: MK2
_P_SAFE_Y			= C1B2, G: MK2
_P_STATE			= C18E, G: MK2
_P_STATE_CT			= C1FD, G: MK2
_P_SUBFRAME			= C1FC, G: MK2
_P_VX				= C1E4, G: MK2
_P_VY				= C1E6, G: MK2
_P_X				= C216, G: MK2
_P_Y				= C470, G: MK2
_QTILE				= 910C, G: MK2
_QTILE_DO			= 911E, L: MK2
_QTILE_RESET			= 911A, L: MK2
_RAM_ADDRESS			= 5FC6, G: MK2
_RAM_DESTINATION		= 5FC8, G: MK2
_RAM_PAGE			= 5FCA, G: MK2
_RAND				= 9142, G: MK2
_RANDRES			= 9141, G: MK2
_RDA				= C215, G: MK2
_RDB				= C474, G: MK2
_RDX				= C475, G: MK2
_RDY				= C476, G: MK2
_READXY				= 864A, G: MK2
_READ_BYTE			= 85F0, G: MK2
_READ_VBYTE			= 8619, G: MK2
_RELOC_PLAYER			= 8667, G: MK2
_RENDER_HITTER			= 941B, G: MK2
_RESOURCES			= 6009, G: MK2
_RUN_ENTERING_SCRIPT		= 9EC4, G: MK2
_RUN_FIRE_SCRIPT		= B25E, G: MK2
_RUN_SCRIPT			= 8683, G: MK2
_SCRIPT				= 5F09, G: MK2
_SCRIPT_RESULT			= 5F06, G: MK2
_SC_C				= C1CC, G: MK2
_SC_CONTINUAR			= 5F08, G: MK2
_SC_M				= C1D1, G: MK2
_SC_N				= C1D2, G: MK2
_SC_TERMINADO			= 5F07, G: MK2
_SC_X				= C1DF, G: MK2
_SC_Y				= C1E1, G: MK2
_SEED1				= 913D, G: MK2
_SEED2				= 913F, G: MK2
_SELECT_JOYFUNC			= B279, G: MK2
_SETRAMBANK			= 5F0B, G: MK2
_SHOOT_COCO			= A30F, G: MK2
_SILENT_LEVEL			= C19D, G: MK2
_SPACER				= 8134, G: MK2
_SPRITESET			= 70DC, G: MK2
_SPRITE_10_A			= 75FC, G: MK2
_SPRITE_10_B			= 762C, G: MK2
_SPRITE_10_C			= 765C, G: MK2
_SPRITE_11_A			= 768C, G: MK2
_SPRITE_11_B			= 76BC, G: MK2
_SPRITE_11_C			= 76EC, G: MK2
_SPRITE_12_A			= 771C, G: MK2
_SPRITE_12_B			= 774C, G: MK2
_SPRITE_12_C			= 777C, G: MK2
_SPRITE_13_A			= 77AC, G: MK2
_SPRITE_13_B			= 77DC, G: MK2
_SPRITE_13_C			= 780C, G: MK2
_SPRITE_14_A			= 783C, G: MK2
_SPRITE_14_B			= 786C, G: MK2
_SPRITE_14_C			= 789C, G: MK2
_SPRITE_15_A			= 78CC, G: MK2
_SPRITE_15_B			= 78FC, G: MK2
_SPRITE_15_C			= 792C, G: MK2
_SPRITE_16_A			= 795C, G: MK2
_SPRITE_16_B			= 798C, G: MK2
_SPRITE_16_C			= 79BC, G: MK2
_SPRITE_17_A			= 7D4F, G: MK2
_SPRITE_17_B			= 7D7F, L: MK2
_SPRITE_17_C			= 7DAF, L: MK2
_SPRITE_18_A			= 7DDF, G: MK2
_SPRITE_18_B			= 7E0F, L: MK2
_SPRITE_18_C			= 7E3F, L: MK2
_SPRITE_19_A			= 7E6F, G: MK2
_SPRITE_19_B			= 7E8F, G: MK2
_SPRITE_1_A			= 70EC, G: MK2
_SPRITE_1_B			= 711C, G: MK2
_SPRITE_1_C			= 714C, G: MK2
_SPRITE_20_A			= 7EAF, G: MK2
_SPRITE_21_A			= 7EEF, G: MK2
_SPRITE_2_A			= 717C, G: MK2
_SPRITE_2_B			= 71AC, G: MK2
_SPRITE_2_C			= 71DC, G: MK2
_SPRITE_3_A			= 720C, G: MK2
_SPRITE_3_B			= 723C, G: MK2
_SPRITE_3_C			= 726C, G: MK2
_SPRITE_4_A			= 729C, G: MK2
_SPRITE_4_B			= 72CC, G: MK2
_SPRITE_4_C			= 72FC, G: MK2
_SPRITE_5_A			= 732C, G: MK2
_SPRITE_5_B			= 735C, G: MK2
_SPRITE_5_C			= 738C, G: MK2
_SPRITE_6_A			= 73BC, G: MK2
_SPRITE_6_B			= 73EC, G: MK2
_SPRITE_6_C			= 741C, G: MK2
_SPRITE_7_A			= 744C, G: MK2
_SPRITE_7_B			= 747C, G: MK2
_SPRITE_7_C			= 74AC, G: MK2
_SPRITE_8_A			= 74DC, G: MK2
_SPRITE_8_B			= 750C, G: MK2
_SPRITE_8_C			= 753C, G: MK2
_SPRITE_9_A			= 756C, G: MK2
_SPRITE_9_B			= 759C, G: MK2
_SPRITE_9_C			= 75CC, G: MK2
_SP_COCOS			= C19E, G: MK2
_SP_HITTER			= C175, G: MK2
_SP_MOVILES			= C08F, G: MK2
_SP_PLAYER			= C197, G: MK2
_SRAND				= 9169, G: MK2
_STD_SEED			= 5EB8, G: ZX82_CRT0
_STEPBYSTEP			= C478, G: MK2
_STOP_PLAYER			= 865D, G: MK2
_SUCCESS			= C48F, G: MK2
_TEXTBUFF			= C490, G: MK2
_TILESET			= 67DC, G: MK2
_TOCADO				= C484, G: MK2
_UNPACK_RAMN			= 5FCB, G: MK2
_UPDATE_HUD			= B366, G: MK2
_UPDATE_TILE			= 8268, G: MK2
_UTAUX				= 8267, G: MK2
_U_FREE				= 5EF7, G: MK2
_U_MALLOC			= 5EF5, G: MK2
_VFPRINTF			= 5EAA, G: ZX82_CRT0
_WALL_BROKEN			= 9243, G: MK2
_WALL_H				= C477, G: MK2
_WALL_V				= C483, G: MK2
_WARP_TO_LEVEL			= C195, G: MK2
_WYZ_INIT			= 80F0, G: MK2
_WYZ_PLAY_MUSIC			= 8111, G: MK2
_WYZ_PLAY_SOUND			= 80FE, G: MK2
_WYZ_STOP_SOUND			= 8124, G: MK2
_X_PANT				= C485, G: MK2
_Y_PANT				= C48A, G: MK2
__N				= C177, G: MK2
__SGOIOBLK			= 5EC2, G: ZX82_CRT0
__T				= C179, G: MK2
__X				= C17A, G: MK2
__Y				= C17B, G: MK2


START				= 5E88, L: ZX82_CRT0
CLEANUP				= 5E9F, G: ZX82_CRT0
CLEANUP_EXIT			= 5EA0, L: ZX82_CRT0
START1				= 5EA5, L: ZX82_CRT0
L_DCAL				= 5EA9, G: ZX82_CRT0
_VFPRINTF			= 5EAA, G: ZX82_CRT0
CALL_ROM3			= 5EAA, G: ZX82_CRT0
COORDS				= 5EB4, G: ZX82_CRT0
BASE_GRAPHICS			= 5EB6, G: ZX82_CRT0
_STD_SEED			= 5EB8, G: ZX82_CRT0
EXITSP				= 5EBA, G: ZX82_CRT0
EXITCOUNT			= 5EBC, G: ZX82_CRT0
HEAPLAST			= 5EBD, G: ZX82_CRT0
HEAPBLOCKS			= 5EBF, G: ZX82_CRT0
SND_TICK			= 5EC1, G: ZX82_CRT0
__SGOIOBLK			= 5EC2, G: ZX82_CRT0
_KEYSCANCODES			= 5ED4, G: MK2
_MY_MALLOC			= 5EEC, G: MK2
_U_MALLOC			= 5EF5, G: MK2
_U_FREE				= 5EF7, G: MK2
VPCLIPSTRUCT			= 5EF9, L: MK2
FSCLIPSTRUCT			= 5EFD, L: MK2
_HALF_LIFE			= 5F01, G: MK2
_LEVEL				= 5F02, G: MK2
_BREAKING_IDX			= 5F03, G: MK2
_DO_PROCESS_BREAKABLE		= 5F04, G: MK2
_DO_GRAVITY			= 5F05, G: MK2
_SCRIPT_RESULT			= 5F06, G: MK2
_SC_TERMINADO			= 5F07, G: MK2
_SC_CONTINUAR			= 5F08, G: MK2
_SCRIPT				= 5F09, G: MK2
_SETRAMBANK			= 5F0B, G: MK2
SETRAMBANK			= 5F0B, L: MK2
RESTISR				= 5F16, L: MK2
KEEPGOING			= 5F1A, L: MK2
DEPACK				= 5F23, L: MK2
APBRANCH1			= 5F26, L: MK2
APLOOP0				= 5F28, L: MK2
APLOOP				= 5F2B, L: MK2
APGET4BITS			= 5F3E, L: MK2
APWRITEBYTE			= 5F48, L: MK2
APBRANCH4			= 5F4C, L: MK2
APBRANCH3			= 5F55, L: MK2
APBRANCH2			= 5F69, L: MK2
APSKIP2				= 5F88, L: MK2
APSKIP3				= 5F91, L: MK2
AP_FINISHUP			= 5F94, L: MK2
AP_FINISHUP2			= 5F97, L: MK2
AP_R0_GAMMA			= 5F9E, L: MK2
AP_GETBIT			= 5FAA, L: MK2
AP_GETGAMMA			= 5FB6, L: MK2
AP_GETGAMMALOOP			= 5FB9, L: MK2
_RAM_ADDRESS			= 5FC6, G: MK2
_RAM_DESTINATION		= 5FC8, G: MK2
_RAM_PAGE			= 5FCA, G: MK2
_UNPACK_RAMN			= 5FCB, G: MK2
_RESOURCES			= 6009, G: MK2
_GET_RESOURCE			= 616B, G: MK2
_LEVEL_DATA			= 61A5, G: MK2
_MAP				= 61B5, G: MK2
_TILESET			= 67DC, G: MK2
_FONT				= 67DC, L: MK2
_METATILESET			= 69DC, L: MK2
_SPRITESET			= 70DC, G: MK2
_SPRITE_1_A			= 70EC, G: MK2
_SPRITE_1_B			= 711C, G: MK2
_SPRITE_1_C			= 714C, G: MK2
_SPRITE_2_A			= 717C, G: MK2
_SPRITE_2_B			= 71AC, G: MK2
_SPRITE_2_C			= 71DC, G: MK2
_SPRITE_3_A			= 720C, G: MK2
_SPRITE_3_B			= 723C, G: MK2
_SPRITE_3_C			= 726C, G: MK2
_SPRITE_4_A			= 729C, G: MK2
_SPRITE_4_B			= 72CC, G: MK2
_SPRITE_4_C			= 72FC, G: MK2
_SPRITE_5_A			= 732C, G: MK2
_SPRITE_5_B			= 735C, G: MK2
_SPRITE_5_C			= 738C, G: MK2
_SPRITE_6_A			= 73BC, G: MK2
_SPRITE_6_B			= 73EC, G: MK2
_SPRITE_6_C			= 741C, G: MK2
_SPRITE_7_A			= 744C, G: MK2
_SPRITE_7_B			= 747C, G: MK2
_SPRITE_7_C			= 74AC, G: MK2
_SPRITE_8_A			= 74DC, G: MK2
_SPRITE_8_B			= 750C, G: MK2
_SPRITE_8_C			= 753C, G: MK2
_SPRITE_9_A			= 756C, G: MK2
_SPRITE_9_B			= 759C, G: MK2
_SPRITE_9_C			= 75CC, G: MK2
_SPRITE_10_A			= 75FC, G: MK2
_SPRITE_10_B			= 762C, G: MK2
_SPRITE_10_C			= 765C, G: MK2
_SPRITE_11_A			= 768C, G: MK2
_SPRITE_11_B			= 76BC, G: MK2
_SPRITE_11_C			= 76EC, G: MK2
_SPRITE_12_A			= 771C, G: MK2
_SPRITE_12_B			= 774C, G: MK2
_SPRITE_12_C			= 777C, G: MK2
_SPRITE_13_A			= 77AC, G: MK2
_SPRITE_13_B			= 77DC, G: MK2
_SPRITE_13_C			= 780C, G: MK2
_SPRITE_14_A			= 783C, G: MK2
_SPRITE_14_B			= 786C, G: MK2
_SPRITE_14_C			= 789C, G: MK2
_SPRITE_15_A			= 78CC, G: MK2
_SPRITE_15_B			= 78FC, G: MK2
_SPRITE_15_C			= 792C, G: MK2
_SPRITE_16_A			= 795C, G: MK2
_SPRITE_16_B			= 798C, G: MK2
_SPRITE_16_C			= 79BC, G: MK2
_BADDIES			= 79EC, G: MK2
_HOTSPOTS			= 7CE0, G: MK2
_BEHS				= 7D1F, G: MK2
_SPRITE_17_A			= 7D4F, G: MK2
_SPRITE_17_B			= 7D7F, L: MK2
_SPRITE_17_C			= 7DAF, L: MK2
_SPRITE_18_A			= 7DDF, G: MK2
_SPRITE_18_B			= 7E0F, L: MK2
_SPRITE_18_C			= 7E3F, L: MK2
_SPRITE_19_A			= 7E6F, G: MK2
_SPRITE_19_B			= 7E8F, G: MK2
_SPRITE_20_A			= 7EAF, G: MK2
_SPRITE_21_A			= 7EEF, G: MK2
_LEVELS				= 7F2F, G: MK2
_LEVEL_SEQUENCE			= 80BE, G: MK2
_ISR				= 80D8, G: MK2
_WYZ_INIT			= 80F0, G: MK2
_WYZ_PLAY_SOUND			= 80FE, G: MK2
_WYZ_PLAY_MUSIC			= 8111, G: MK2
_WYZ_STOP_SOUND			= 8124, G: MK2
_SPACER				= 8134, G: MK2
_DRAW_COLOURED_TILE		= 8136, G: MK2
_INVALIDATE_TILE		= 817C, G: MK2
_INVALIDATE_VIEWPORT		= 8196, G: MK2
_DRAW_INVALIDATE_COLOURED_TILE_G= 81A6, G: MK2
_DRAW_COLOURED_TILE_GAMEAREA	= 81AD, G: MK2
_PRINT_NUMBER2			= 81DB, G: MK2
_DRAW_OBJS			= 822A, G: MK2
_PRINT_STR			= 822B, G: MK2
PRINT_STR_LOOP			= 822B, L: MK2
_BLACKOUT_AREA			= 824A, G: MK2
BAL1				= 8256, L: MK2
_UTAUX				= 8267, G: MK2
_UPDATE_TILE			= 8268, G: MK2
_PRINT_MESSAGE			= 8299, G: MK2
_BUTTON_PRESSED			= 82E4, G: MK2
I_20				= 82FD, L: MK2
I_19				= 8314, L: MK2
I_21				= 8317, L: MK2
_IS_CUTSCENE			= 831A, G: MK2
_DO_EXTERN_ACTION		= 831B, G: MK2
I_24				= 833C, L: MK2
I_26				= 8341, L: MK2
I_27				= 8358, L: MK2
I_29				= 835D, L: MK2
I_30				= 83D7, L: MK2
I_28				= 83DA, L: MK2
I_25				= 83E1, L: MK2
I_23				= 83E2, L: MK2
FBSD_MAINB			= 8408, L: MK2
FBSD_STOR			= 8416, L: MK2
FBSD_ESCAPED			= 841E, L: MK2
FBSD_STOR2			= 8426, L: MK2
FBSD_UNPACKC			= 8429, L: MK2
FBSD_BUCLE			= 842B, L: MK2
FBSD_GETBIT			= 8433, L: MK2
FBSD_FIN			= 8439, L: MK2
I_32				= 84CA, L: MK2
I_34				= 84D4, L: MK2
I_33				= 84EB, L: MK2
I_31				= 8511, L: MK2
I_35				= 8518, L: MK2
I_36				= 852A, L: MK2
I_38				= 855B, L: MK2
I_40				= 858E, L: MK2
I_39				= 858E, L: MK2
I_43				= 85A8, L: MK2
I_44_I_43			= 85AB, L: MK2
I_42				= 85B1, L: MK2
I_41				= 85B6, L: MK2
I_46				= 85CC, L: MK2
I_45				= 85CF, L: MK2
I_47				= 85D6, L: MK2
I_37				= 85D9, L: MK2
I_48				= 85DF, L: MK2
I_49				= 85E7, L: MK2
_READ_BYTE			= 85F0, G: MK2
_READ_VBYTE			= 8619, G: MK2
I_50				= 8642, L: MK2
I_51				= 8647, L: MK2
_READXY				= 864A, G: MK2
_STOP_PLAYER			= 865D, G: MK2
_RELOC_PLAYER			= 8667, G: MK2
_RUN_SCRIPT			= 8683, G: MK2
I_52				= 86BA, L: MK2
I_53				= 86C5, L: MK2
I_55				= 86F2, L: MK2
I_59				= 8700, L: MK2
I_60				= 872C, L: MK2
I_61				= 8751, L: MK2
I_62				= 8776, L: MK2
I_63				= 879B, L: MK2
I_64				= 881B, L: MK2
I_65				= 881E, L: MK2
I_66				= 882F, L: MK2
I_67				= 8870, L: MK2
I_68				= 8873, L: MK2
I_69				= 8884, L: MK2
I_70				= 889B, L: MK2
I_71				= 889E, L: MK2
I_58				= 88AA, L: MK2
I_56				= 88AD, L: MK2
I_73				= 88BB, L: MK2
I_77				= 88C9, L: MK2
I_78				= 894F, L: MK2
I_79				= 8968, L: MK2
I_80				= 8984, L: MK2
I_81				= 89A3, L: MK2
I_82				= 89CE, L: MK2
I_83				= 8A0B, L: MK2
I_84				= 8A1F, L: MK2
I_85				= 8A36, L: MK2
I_86				= 8A5D, L: MK2
I_87				= 8A8B, L: MK2
I_88				= 8ABD, L: MK2
I_89				= 8ACF, L: MK2
I_90				= 8AE1, L: MK2
I_91				= 8AFA, L: MK2
I_92				= 8B0E, L: MK2
I_93				= 8B25, L: MK2
I_95				= 8B2A, L: MK2
I_96				= 8B84, L: MK2
I_94				= 8B87, L: MK2
I_97				= 8B8A, L: MK2
I_98				= 8B97, L: MK2
I_99				= 8BBE, L: MK2
I_100				= 8BE3, L: MK2
I_101				= 8BEE, L: MK2
I_102				= 8BF4, L: MK2
I_103				= 8C01, L: MK2
I_104				= 8C0A, L: MK2
I_105				= 8C1B, L: MK2
I_106				= 8C1E, L: MK2
I_107				= 8C39, L: MK2
I_108				= 8C4B, L: MK2
I_109				= 8C4E, L: MK2
I_110				= 8C56, L: MK2
I_111				= 8C61, L: MK2
I_76				= 8C68, L: MK2
I_74				= 8C6B, L: MK2
I_72				= 8C6B, L: MK2
I_54				= 8C74, L: MK2
_ENEM_MOVE_SPR_ABS		= 8C75, G: MK2
_PLAYER_FRAMES			= 8CD6, G: MK2
_ENEM_FRAMES			= 8CEA, G: MK2
_PREPARE_LEVEL			= 8CFA, G: MK2
I_114				= 8E60, L: MK2
_COLLIDE			= 8FA1, G: MK2
I_115				= 900C, L: MK2
I_116				= 900F, L: MK2
_COLLIDE_PIXEL			= 9012, G: MK2
I_118				= 9073, L: MK2
I_119_I_118			= 9076, L: MK2
I_117				= 907A, L: MK2
_CM_TWO_POINTS			= 907E, G: MK2
_CM_TWO_POINTS_AT1_RESET	= 908C, L: MK2
_CM_TWO_POINTS_AT1_DO		= 908F, L: MK2
_CM_TWO_POINTS_AT1_DONE		= 90A9, L: MK2
_CM_TWO_POINTS_AT2_RESET	= 90BA, L: MK2
_CM_TWO_POINTS_AT2_DO		= 90BD, L: MK2
_CM_TWO_POINTS_AT2_DONE		= 90D7, L: MK2
_ATTR				= 90DB, G: MK2
_ATTR_RESET			= 90E9, L: MK2
_ATTR_DO			= 90ED, L: MK2
_QTILE				= 910C, G: MK2
_QTILE_RESET			= 911A, L: MK2
_QTILE_DO			= 911E, L: MK2
_SEED1				= 913D, G: MK2
_SEED2				= 913F, G: MK2
_RANDRES			= 9141, G: MK2
RND				= 9142, L: MK2
_RAND				= 9142, G: MK2
_SRAND				= 9169, G: MK2
_GAME_ENDING			= 9176, G: MK2
_GAME_OVER			= 9187, G: MK2
_CORTINA			= 91A7, G: MK2
FADE_OUT_EXTERN			= 91A9, L: MK2
FADE_OUT_BUCLE			= 91B0, L: MK2
INK_DONE			= 91B7, L: MK2
PAPER_DONE			= 91BF, L: MK2
_ADDSIGN			= 91D1, G: MK2
I_120				= 91E7, L: MK2
I_122				= 91FE, L: MK2
I_123				= 9205, L: MK2
I_121				= 9205, L: MK2
_ABS				= 9206, G: MK2
I_124				= 9217, L: MK2
I_125				= 921C, L: MK2
_KILL_PLAYER			= 921D, G: MK2
_WALL_BROKEN			= 9243, G: MK2
I_127				= 9297, L: MK2
I_128_I_127			= 929A, L: MK2
I_126				= 92A1, L: MK2
_PROCESS_BREAKABLE		= 92C9, G: MK2
I_129				= 92DB, L: MK2
I_131				= 92E4, L: MK2
I_133				= 9342, L: MK2
I_134				= 9349, L: MK2
I_132				= 9349, L: MK2
I_130				= 934C, L: MK2
_BREAK_WALL			= 934E, G: MK2
I_136				= 940A, L: MK2
I_135				= 9415, L: MK2
_HOFFS_X			= 9416, G: MK2
_RENDER_HITTER			= 941B, G: MK2
I_138				= 949B, L: MK2
I_139				= 94E7, L: MK2
I_141_UGE			= 94F1, L: MK2
I_141				= 94FA, L: MK2
I_142_I_141			= 94FD, L: MK2
I_140				= 950E, L: MK2
I_143				= 957E, L: MK2
_PLAYER_INIT			= 957F, G: MK2
_PLAYER_CALC_BOUNDING_BOX	= 9605, G: MK2
_PLAYER_MOVE			= 9646, G: MK2
I_145				= 9674, L: MK2
I_146				= 967A, L: MK2
I_144				= 967A, L: MK2
I_147				= 9687, L: MK2
I_150				= 96C5, L: MK2
I_151				= 96C8, L: MK2
I_152				= 96E8, L: MK2
I_149				= 96E8, L: MK2
I_153				= 9708, L: MK2
I_154				= 9708, L: MK2
I_156				= 9734, L: MK2
I_155				= 974B, L: MK2
I_158				= 974B, L: MK2
I_148				= 974B, L: MK2
I_159				= 9761, L: MK2
I_160				= 9774, L: MK2
I_163				= 97CE, L: MK2
I_162				= 97FC, L: MK2
I_161				= 97FC, L: MK2
I_169				= 985A, L: MK2
I_168				= 985F, L: MK2
I_171				= 9862, L: MK2
I_167				= 9869, L: MK2
I_172				= 986C, L: MK2
I_165				= 989B, L: MK2
I_166				= 989B, L: MK2
I_174				= 98B8, L: MK2
I_175				= 98BB, L: MK2
I_173				= 98C1, L: MK2
I_176				= 9925, L: MK2
I_178				= 9940, L: MK2
I_179				= 9943, L: MK2
I_181				= 9973, L: MK2
I_180				= 9973, L: MK2
I_185				= 999F, L: MK2
I_184				= 99A1, L: MK2
I_187_I_184			= 99A4, L: MK2
I_183				= 99B4, L: MK2
I_189				= 99C9, L: MK2
I_190_I_189			= 99CC, L: MK2
I_191				= 99FA, L: MK2
I_192				= 9A0E, L: MK2
I_188				= 9A0E, L: MK2
I_193				= 9A2C, L: MK2
I_182				= 9A2C, L: MK2
I_196				= 9A85, L: MK2
I_197				= 9A88, L: MK2
I_195				= 9A8B, L: MK2
I_199				= 9AAD, L: MK2
I_200				= 9AB0, L: MK2
I_198				= 9AB3, L: MK2
I_194				= 9AB3, L: MK2
I_201				= 9AE4, L: MK2
I_202				= 9AE7, L: MK2
I_205				= 9B19, L: MK2
I_204				= 9B1C, L: MK2
I_206				= 9B3D, L: MK2
I_208				= 9B3D, L: MK2
I_207				= 9B3D, L: MK2
I_203				= 9B3D, L: MK2
I_210				= 9B62, L: MK2
I_209				= 9B62, L: MK2
I_211				= 9B89, L: MK2
I_212				= 9B89, L: MK2
I_213				= 9BA6, L: MK2
I_214				= 9BB4, L: MK2
I_215				= 9BC7, L: MK2
I_218				= 9C21, L: MK2
I_217				= 9C52, L: MK2
I_222				= 9C62, L: MK2
I_220				= 9C69, L: MK2
I_221				= 9C69, L: MK2
I_216				= 9C69, L: MK2
I_226				= 9C9E, L: MK2
I_225				= 9CCF, L: MK2
I_230				= 9CDF, L: MK2
I_228				= 9CE6, L: MK2
I_229				= 9CE6, L: MK2
I_224				= 9CE6, L: MK2
I_233				= 9CFF, L: MK2
I_234_I_233			= 9D02, L: MK2
I_232				= 9D28, L: MK2
I_235				= 9D28, L: MK2
I_236				= 9D46, L: MK2
I_238				= 9DB3, L: MK2
I_237				= 9DB9, L: MK2
I_239				= 9DE1, L: MK2
I_241				= 9E01, L: MK2
I_240				= 9E01, L: MK2
I_244				= 9E1A, L: MK2
I_245_I_244			= 9E1D, L: MK2
I_243				= 9E25, L: MK2
I_242				= 9E25, L: MK2
I_247				= 9E3A, L: MK2
I_248_I_247			= 9E3D, L: MK2
I_246				= 9E56, L: MK2
I_250				= 9E85, L: MK2
I_252				= 9EAA, L: MK2
I_251				= 9EC3, L: MK2
I_249				= 9EC3, L: MK2
_RUN_ENTERING_SCRIPT		= 9EC4, G: MK2
I_253				= 9EE4, L: MK2
_ADVANCE_WORM			= 9EE5, G: MK2
_ADVANCE_WORM_NO_INC_Y		= 9F1C, L: MK2
_DRAW_SCR_BACKGROUND		= 9F24, G: MK2
I_256				= 9F62, L: MK2
I_257				= 9F8F, L: MK2
I_258				= 9FAC, L: MK2
I_260				= 9FC4, L: MK2
I_261_I_260			= 9FC7, L: MK2
I_259				= 9FCE, L: MK2
I_254				= 9FD1, L: MK2
I_255				= 9FE0, L: MK2
_HOTSPOTS_SETUP_DO		= A00E, L: MK2
_HOTSPOTS_SETUP_SET_REFILL	= A03F, L: MK2
_HOTSPOTS_SETUP_SET		= A040, L: MK2
_HOTSPOTS_SETUP_DONE		= A048, L: MK2
_DRAW_SCR			= A049, G: MK2
I_262				= A05F, L: MK2
I_263				= A062, L: MK2
I_264				= A080, L: MK2
I_266				= A085, L: MK2
I_268				= A0E9, L: MK2
I_269_I_268			= A0EC, L: MK2
I_272				= A11E, L: MK2
I_273				= A124, L: MK2
I_274				= A1AC, L: MK2
I_271				= A1AC, L: MK2
I_267				= A1AF, L: MK2
I_275				= A1C3, L: MK2
I_265				= A1C6, L: MK2
I_276				= A22B, L: MK2
_DISTANCE			= A236, G: MK2
I_277				= A28F, L: MK2
I_278				= A296, L: MK2
_INIT_COCOS			= A2E6, G: MK2
I_281				= A2ED, L: MK2
I_279				= A2ED, L: MK2
I_280				= A30E, L: MK2
_SHOOT_COCO			= A30F, G: MK2
I_283_UGE			= A361, L: MK2
I_282				= A3F0, L: MK2
I_283				= A3F0, L: MK2
_MOVE_COCOS			= A3F1, G: MK2
I_284				= A3FB, L: MK2
I_286				= A400, L: MK2
I_289				= A481, L: MK2
I_288				= A48C, L: MK2
I_291				= A4F4, L: MK2
I_292				= A4F4, L: MK2
I_287				= A4F4, L: MK2
I_285				= A4F7, L: MK2
_MONS_COL_SC_X			= A4F8, G: MK2
I_293				= A526, L: MK2
I_294				= A52B, L: MK2
I_295				= A57D, L: MK2
I_296				= A580, L: MK2
_MONS_COL_SC_Y			= A583, G: MK2
I_297				= A5B1, L: MK2
I_298				= A5B6, L: MK2
I_299				= A5DF, L: MK2
I_300				= A5E2, L: MK2
_LIMIT				= A5E5, G: MK2
I_301				= A601, L: MK2
I_302				= A61A, L: MK2
_ENEMY_KILL			= A622, G: MK2
I_303				= A6C3, L: MK2
I_304				= A707, L: MK2
_MUEVE_BICHARRACOS		= A708, G: MK2
I_305				= A72A, L: MK2
I_307				= A72F, L: MK2
I_308				= A7DE, L: MK2
I_309				= A7DE, L: MK2
I_310				= A82D, L: MK2
I_311				= A830, L: MK2
I_312				= A85B, L: MK2
I_313				= A862, L: MK2
I_316				= A88A, L: MK2
I_317				= A89D, L: MK2
I_318				= A8A4, L: MK2
I_320				= A9A5, L: MK2
I_321				= A9A8, L: MK2
I_319				= A9E5, L: MK2
I_323				= AA39, L: MK2
I_324				= AA3C, L: MK2
I_322				= AA79, L: MK2
I_326				= AA96, L: MK2
I_327				= AA99, L: MK2
I_325				= AA9E, L: MK2
I_328				= AAA1, L: MK2
I_331				= AAF4, L: MK2
I_332				= AB07, L: MK2
I_333				= AB3E, L: MK2
I_334				= AB41, L: MK2
I_335				= AB7B, L: MK2
I_336				= ACA5, L: MK2
I_337				= ACA8, L: MK2
I_338				= AD61, L: MK2
I_330				= AD61, L: MK2
I_340				= ADE7, L: MK2
I_341_I_340			= ADEA, L: MK2
I_339				= ADF8, L: MK2
I_342				= ADFB, L: MK2
I_344				= AE14, L: MK2
I_345_I_344			= AE17, L: MK2
I_343				= AE2B, L: MK2
I_315				= AE2B, L: MK2
I_348				= AE6F, L: MK2
I_349				= AE85, L: MK2
I_347				= AEB8, L: MK2
I_351				= AECD, L: MK2
I_352_I_351			= AED0, L: MK2
I_353_ULE			= AEDA, L: MK2
I_355				= AEED, L: MK2
I_356				= AEF0, L: MK2
I_354				= AF24, L: MK2
I_353				= AF24, L: MK2
I_350				= AF24, L: MK2
I_359				= AF42, L: MK2
I_360_I_359			= AF45, L: MK2
I_363				= AFAF, L: MK2
I_364_I_363			= AFB2, L: MK2
I_361				= B007, L: MK2
I_362				= B007, L: MK2
I_366				= B077, L: MK2
I_367				= B079, L: MK2
I_366_I_367			= B07E, L: MK2
I_369				= B10E, L: MK2
I_370				= B111, L: MK2
I_368				= B118, L: MK2
I_371				= B11B, L: MK2
I_358				= B17B, L: MK2
I_365				= B17B, L: MK2
I_357				= B17E, L: MK2
I_374				= B1B1, L: MK2
I_375_I_374			= B1B4, L: MK2
I_376				= B1C2, L: MK2
I_377				= B202, L: MK2
I_373				= B202, L: MK2
I_372				= B202, L: MK2
I_346				= B208, L: MK2
I_378				= B22A, L: MK2
I_306				= B22D, L: MK2
_ACTIVE_SLEEP			= B22E, G: MK2
I_381				= B22E, L: MK2
I_383				= B245, L: MK2
I_384_I_383			= B248, L: MK2
I_379				= B24B, L: MK2
I_382				= B24B, L: MK2
I_380				= B255, L: MK2
_RUN_FIRE_SCRIPT		= B25E, G: MK2
_SELECT_JOYFUNC			= B279, G: MK2
I_385				= B279, L: MK2
I_388				= B28F, L: MK2
I_390				= B2A9, L: MK2
I_391				= B2AC, L: MK2
I_387				= B337, L: MK2
I_393				= B348, L: MK2
I_394				= B359, L: MK2
I_395				= B359, L: MK2
I_392				= B359, L: MK2
I_386				= B35C, L: MK2
_UPDATE_HUD			= B366, G: MK2
I_396				= B383, L: MK2
I_397				= B3B3, L: MK2
I_398				= B3E3, L: MK2
_INIT_LAVA			= B3E4, G: MK2
_LAVA_REENTER			= B403, G: MK2
I_400				= B43C, L: MK2
I_402				= B441, L: MK2
I_403				= B45C, L: MK2
I_405				= B469, L: MK2
I_404				= B496, L: MK2
I_401				= B499, L: MK2
I_399				= B499, L: MK2
_DO_LAVA			= B49A, G: MK2
I_409				= B50A, L: MK2
I_411				= B517, L: MK2
I_410				= B54A, L: MK2
I_407				= B54A, L: MK2
I_408				= B54A, L: MK2
I_406				= B54A, L: MK2
I_413				= B569, L: MK2
I_414_I_413			= B56C, L: MK2
I_412				= B570, L: MK2
I_415				= B574, L: MK2
_FLICK_SCREEN			= B575, G: MK2
I_417				= B59B, L: MK2
I_418_I_417			= B59E, L: MK2
I_416				= B5BA, L: MK2
I_421				= B5E5, L: MK2
I_422_I_421			= B5E8, L: MK2
I_420				= B5FE, L: MK2
I_419				= B5FE, L: MK2
I_424				= B624, L: MK2
I_425_I_424			= B627, L: MK2
I_423				= B64C, L: MK2
I_428				= B677, L: MK2
I_429_I_428			= B67A, L: MK2
I_427				= B696, L: MK2
I_426				= B696, L: MK2
_HIDE_SPRITES			= B697, G: MK2
I_430				= B6B7, L: MK2
HIDE_SPRITES_ENEMS_LOOP		= B6B8, L: MK2
HIDE_SPRITES_COCOS_LOOP		= B6E3, L: MK2
_MAIN				= B722, G: MK2
I_433				= B77F, L: MK2
I_431				= B79D, L: MK2
I_432				= B7A7, L: MK2
I_434				= B7FA, L: MK2
I_436				= B7FF, L: MK2
I_435				= B898, L: MK2
I_437				= B8D3, L: MK2
I_439				= B8D8, L: MK2
I_438				= B931, L: MK2
I_440				= B935, L: MK2
I_442				= B986, L: MK2
I_444				= B9DD, L: MK2
I_445				= BA08, L: MK2
I_446				= BA48, L: MK2
I_448				= BA4D, L: MK2
I_447				= BA68, L: MK2
I_449				= BA86, L: MK2
I_451				= BA9E, L: MK2
I_452				= BAD1, L: MK2
I_453				= BAD1, L: MK2
I_454				= BAF9, L: MK2
I_455				= BB09, L: MK2
I_458				= BB31, L: MK2
I_457				= BB33, L: MK2
I_460_I_457			= BB36, L: MK2
I_456				= BB74, L: MK2
I_461				= BB91, L: MK2
I_462				= BBA1, L: MK2
I_464				= BBA6, L: MK2
I_465				= BC23, L: MK2
I_466				= BC45, L: MK2
I_467				= BC48, L: MK2
I_463				= BC48, L: MK2
I_468				= BC5B, L: MK2
I_470				= BC90, L: MK2
I_469				= BC90, L: MK2
I_471				= BCAA, L: MK2
I_472				= BCAA, L: MK2
I_477				= BCFC, L: MK2
I_478				= BD0A, L: MK2
I_479				= BD18, L: MK2
I_476				= BD2A, L: MK2
I_474				= BD2A, L: MK2
I_480				= BD78, L: MK2
I_481				= BD7E, L: MK2
I_473				= BD85, L: MK2
I_483				= BD99, L: MK2
I_484_I_483			= BD9C, L: MK2
I_485				= BDAD, L: MK2
I_482				= BDB0, L: MK2
I_488				= BDC2, L: MK2
I_489_I_488			= BDC5, L: MK2
I_491				= BE08, L: MK2
I_492_I_491			= BE0B, L: MK2
I_490				= BE0E, L: MK2
I_487				= BE0E, L: MK2
I_486				= BE0E, L: MK2
I_494				= BE27, L: MK2
I_495				= BE34, L: MK2
I_493				= BE37, L: MK2
I_496				= BE4B, L: MK2
I_498				= BE64, L: MK2
I_499				= BE66, L: MK2
I_498_I_499			= BE6B, L: MK2
I_501				= BE84, L: MK2
I_502				= BE86, L: MK2
I_501_I_502			= BE8B, L: MK2
I_503				= BEA0, L: MK2
I_504				= BEA3, L: MK2
I_500				= BEAA, L: MK2
I_505				= BEAD, L: MK2
I_497				= BEBE, L: MK2
I_507				= BECE, L: MK2
I_506				= BED5, L: MK2
I_509				= BEF0, L: MK2
I_512				= BF34, L: MK2
I_511				= BF60, L: MK2
I_510				= BF6B, L: MK2
I_450				= BF71, L: MK2
I_515				= BF84, L: MK2
I_516				= BF9C, L: MK2
I_517				= BFB5, L: MK2
I_518				= BFCE, L: MK2
I_519				= BFDD, L: MK2
I_514				= C007, L: MK2
I_443				= C00A, L: MK2
I_441				= C010, L: MK2
I_1				= C011, L: MK2
_SP_MOVILES			= C08F, G: MK2
_HITTER_TYPE			= C095, G: MK2
_GPEN_CX			= C096, G: MK2
_GPEN_CY			= C097, G: MK2
_LAVA_CT			= C098, G: MK2
_EN_AN_BASE_FRAME		= C099, G: MK2
_HOTSPOT_X			= C09C, G: MK2
_HOTSPOT_Y			= C09D, G: MK2
_P_HITTING			= C09E, G: MK2
_EN_AN_C_F			= C09F, G: MK2
_GPEN_XX			= C0A5, G: MK2
_GPEN_YY			= C0A6, G: MK2
_MAP_POINTER			= C0A7, G: MK2
_EN_AN_STATE			= C0A9, G: MK2
_FLAGS				= C0AC, G: MK2
_P_FACING			= C0CC, G: MK2
_P_FRAME			= C0CD, G: MK2
_EN_AN_N_F			= C0CE, G: MK2
_P_C_F				= C0D4, G: MK2
_HITTER_ON			= C0D6, G: MK2
_PREGOTTEN			= C0D7, G: MK2
_HIT_H				= C0D8, G: MK2
_HIT_V				= C0D9, G: MK2
_KILLED_OLD			= C0DA, G: MK2
_P_N_F				= C0DB, G: MK2
_GPAUX				= C0DD, G: MK2
_MAP_ATTR			= C0DE, G: MK2
_ACTIVE				= C174, G: MK2
_SP_HITTER			= C175, G: MK2
__N				= C177, G: MK2
_DO_RESPAWN			= C178, G: MK2
__T				= C179, G: MK2
__X				= C17A, G: MK2
__Y				= C17B, G: MK2
_MLPLAYING			= C17C, G: MK2
_LIFE_OLD			= C17D, G: MK2
_COCO_D				= C17E, G: MK2
_COCO_S				= C17F, G: MK2
_COCO_X				= C182, G: MK2
_COCO_Y				= C185, G: MK2
_P_ENGINE			= C188, G: MK2
_HITTER_C_F			= C189, G: MK2
_GEN_PT				= C18B, G: MK2
_NO_DRAW			= C18D, G: MK2
_P_STATE			= C18E, G: MK2
_PTGMX				= C18F, G: MK2
_PTGMY				= C191, G: MK2
_HITTER_N_F			= C193, G: MK2
_WARP_TO_LEVEL			= C195, G: MK2
_HITTER_HIT			= C196, G: MK2
_SP_PLAYER			= C197, G: MK2
_GP_GEN				= C199, G: MK2
_KILLABLE			= C19B, G: MK2
_ENOFFS				= C19C, G: MK2
_SILENT_LEVEL			= C19D, G: MK2
_SP_COCOS			= C19E, G: MK2
_P_KILLED			= C1A4, G: MK2
_GPEN_X				= C1A5, G: MK2
_GPEN_Y				= C1A6, G: MK2
_LAVA_Y				= C1A7, G: MK2
_PAD0				= C1A8, G: MK2
_P_KILLME			= C1A9, G: MK2
_P_JMP_CT			= C1AA, G: MK2
_N_PANT				= C1AB, G: MK2
_P_JMP_ON			= C1AC, G: MK2
_O_PANT				= C1AD, G: MK2
_P_LIFE				= C1AE, G: MK2
_HITTER_X			= C1AF, G: MK2
_HITTER_Y			= C1B0, G: MK2
_P_SAFE_X			= C1B1, G: MK2
_P_SAFE_Y			= C1B2, G: MK2
_JOYFUNC			= C1B3, G: MK2
_GPCX				= C1B5, G: MK2
_P_OBJS				= C1B6, G: MK2
_P_GOTTEN			= C1B7, G: MK2
_FZX1				= C1B8, G: MK2
_FZX2				= C1B9, G: MK2
_FZY1				= C1BA, G: MK2
_FZY2				= C1BB, G: MK2
_GPCY				= C1BC, G: MK2
_GPIT				= C1BD, G: MK2
_EN_AN_VX			= C1BE, G: MK2
_P_KEYS				= C1C4, G: MK2
_EN_AN_VY			= C1C5, G: MK2
_GPJT				= C1CB, G: MK2
_SC_C				= C1CC, G: MK2
_MAIN_SCRIPT_OFFSET		= C1CD, G: MK2
_PLAYING			= C1CF, G: MK2
_KEYP				= C1D0, G: MK2
_SC_M				= C1D1, G: MK2
_SC_N				= C1D2, G: MK2
_KEYS				= C1D3, G: MK2
_LEVEL_AC			= C1DD, G: MK2
_EXTI				= C1DE, G: MK2
_SC_X				= C1DF, G: MK2
_ISRC				= C1E0, G: MK2
_SC_Y				= C1E1, G: MK2
_ASM_INT_2			= C1E2, G: MK2
_P_VX				= C1E4, G: MK2
_P_VY				= C1E6, G: MK2
_GPXX				= C1E8, G: MK2
_GPYY				= C1E9, G: MK2
_OBJS_OLD			= C1EA, G: MK2
_EXTX				= C1EB, G: MK2
_EXTY				= C1EC, G: MK2
_MAINCOUNTER			= C1ED, G: MK2
_PTX1				= C1EE, G: MK2
_PTX2				= C1EF, G: MK2
_PTY1				= C1F0, G: MK2
_PTY2				= C1F1, G: MK2
_FLAG_OLD			= C1F2, G: MK2
_F_ZONE_AC			= C1F3, G: MK2
_AT1				= C1F4, G: MK2
_AT2				= C1F5, G: MK2
_ACTION_PRESSED			= C1F6, G: MK2
_CX1				= C1F7, G: MK2
_CX2				= C1F8, G: MK2
_CY1				= C1F9, G: MK2
_CY2				= C1FA, G: MK2
_ENEMY_SHOOTS			= C1FB, G: MK2
_P_SUBFRAME			= C1FC, G: MK2
_P_STATE_CT			= C1FD, G: MK2
_ANIMATE			= C1FE, G: MK2
_NEXT_SCRIPT			= C1FF, G: MK2
_GPC				= C201, G: MK2
_GPD				= C202, G: MK2
_COCO_X0			= C203, G: MK2
_P_G				= C204, G: MK2
_EN_AN_X			= C205, G: MK2
_EN_AN_Y			= C20B, G: MK2
_HIT				= C211, G: MK2
_CTX				= C212, G: MK2
_GPS				= C213, G: MK2
_GPT				= C214, G: MK2
_RDA				= C215, G: MK2
_P_X				= C216, G: MK2
_AD_FREE			= C218, G: MK2
_P_Y				= C470, G: MK2
_GPX				= C472, G: MK2
_GPY				= C473, G: MK2
_RDB				= C474, G: MK2
_RDX				= C475, G: MK2
_RDY				= C476, G: MK2
_WALL_H				= C477, G: MK2
_STEPBYSTEP			= C478, G: MK2
_CTY				= C479, G: MK2
_COCO_VX			= C47A, G: MK2
_ENOFFSMASI			= C47D, G: MK2
_COCO_VY			= C47E, G: MK2
_COCO_IT			= C481, G: MK2
_KEYS_OLD			= C482, G: MK2
_WALL_V				= C483, G: MK2
_TOCADO				= C484, G: MK2
_X_PANT				= C485, G: MK2
_IS_RENDERING			= C486, G: MK2
_ASM_INT			= C487, G: MK2
_P_FACING_H			= C489, G: MK2
_Y_PANT				= C48A, G: MK2
_P_FACING_V			= C48B, G: MK2
_POSSEE				= C48C, G: MK2
_ORIG_TILE			= C48D, G: MK2
_HITTER_FRAME			= C48E, G: MK2
_SUCCESS			= C48F, G: MK2
_TEXTBUFF			= C490, G: MK2
_EN_AN_COUNT			= C526, G: MK2
_P_DISPARANDO			= C529, G: MK2
_P_SAFE_PANT			= C52A, G: MK2
L_AND				= C52B, G: L_AND
L_ASL				= C532, G: L_ASL
L_ASL1				= C533, L: L_ASL
L_ASR				= C539, G: L_ASR
L_ASR1				= C53A, L: L_ASR
L_ASR_U				= C543, G: L_ASR_U
L_ASR_U_1			= C544, L: L_ASR_U
L_DIV				= C54D, G: L_DIV
L_DIV0				= C55D, L: L_DIV
L_DIV01				= C569, L: L_DIV
DOSIGN				= C57A, L: L_DIV
L_DIV_U				= C581, G: L_DIV_U
ENTRY				= C585, L: L_DIV_U
L_DIV1				= C58C, L: L_DIV_U
L_DIV2				= C596, L: L_DIV_U
L_EQ				= C5A0, G: L_EQ
L_GCHAR				= C5A7, G: L_GCHAR
L_SXT				= C5A8, L: L_GCHAR
L_GE				= C5AD, G: L_GE
L_GINT				= C5BB, G: L_GINT
L_GINTSPSP			= C5C0, G: L_GINTSPSP
L_GT				= C5C9, G: L_GT
L_LE				= C5D5, G: L_LE
L_LNEG				= C5E3, G: L_LNEG
L_LT				= C5E8, G: L_LT
L_MULT				= C5F4, G: L_MULT
L_MULT1				= C5FB, L: L_MULT
L_MULT2				= C602, L: L_MULT
L_NE				= C605, G: L_NE
L_NEG				= C60C, G: L_NEG
L_PINT				= C614, G: L_PINT
L_SXT				= C61A, G: L_SXT
L_UGE				= C61F, G: L_UGE
L_ULE				= C627, G: L_ULE
L_ULT				= C62F, G: L_ULT
SPCOMPDLISTADDR			= C635, G: SPCOMPDLISTADDR
SPDISPLAYLIST			= C646, G: SPDISPLAYLIST
SPINVALIDATE			= D246, G: SPINVALIDATE
SPINVALIDATEP			= D24E, G: SPINVALIDATE
NOINC1				= D267, L: SPINVALIDATE
INVCOLLP			= D26B, L: SPINVALIDATE
NOINC2				= D27A, L: SPINVALIDATE
INVFULLCHAR			= D27E, L: SPINVALIDATE
INVROWLP			= D280, L: SPINVALIDATE
NOINC3				= D28B, L: SPINVALIDATE
SPBITLEFT2MASK			= D299, G: SPBITLEFT2MASK
SPBITRIGHT2MASK			= D2A1, G: SPBITRIGHT2MASK
SPCOMPDIRTYADDR			= D2A9, G: SPCOMPDIRTYADDR
SPDIRTYCHARS			= D2BE, G: SPDIRTYCHARS
SPINTRECT			= D31E, G: SPINTRECT
SPINTSMALLIVAL			= D34F, G: SPINTRECT
TRYOTHERWAY			= D363, L: SPINTRECT
SPPTINSMALLIVAL			= D374, G: SPINTRECT
BROKEN				= D380, L: SPINTRECT
SPMOVESPRABS			= D389, G: SPMOVESPRABS
SPMOVESPRABSNC			= D397, G: SPMOVESPRABS
ADJLOOP				= D3A2, L: SPMOVESPRABS
SPMOVESPRABSC			= D3B0, G: SPMOVESPRABS
YINSCREEN			= D3C8, L: SPMOVESPRABS
XINSCREEN			= D3D8, L: SPMOVESPRABS
MVCOLLOOP			= D3EF, L: SPMOVESPRABS
MVROWLOOP			= D3F5, L: SPMOVESPRABS
NOTDONE				= D3FF, L: SPMOVESPRABS
NOINC1				= D417, L: SPMOVESPRABS
NOTINDLIST			= D42B, L: SPMOVESPRABS
NONEXT1				= D42B, L: SPMOVESPRABS
PDLOOP				= D448, L: SPMOVESPRABS
NOINC2				= D450, L: SPMOVESPRABS
PUTHERE				= D462, L: SPMOVESPRABS
NOINC3				= D471, L: SPMOVESPRABS
NODEC1				= D47F, L: SPMOVESPRABS
NOINC4				= D48B, L: SPMOVESPRABS
NONEXT2				= D498, L: SPMOVESPRABS
NOTDISPLAYED			= D498, L: SPMOVESPRABS
INVALIDATE			= D4B3, L: SPMOVESPRABS
COMPUTEDISP			= D4C2, L: SPMOVESPRABS
NOTNEGATIVE			= D4E0, L: SPMOVESPRABS
ADJUSTGRAPHICS			= D4E5, L: SPMOVESPRABS
NOINC5				= D4F1, L: SPMOVESPRABS
SKIP1				= D501, L: SPMOVESPRABS
SKIP2				= D511, L: SPMOVESPRABS
SPNULLSPRPTR			= D514, G: SPNULLSPRPTR
SPPRINTATINV			= D524, G: SPPRINTATINV
SPBIT2MASK			= D53C, G: SPBIT2MASK
SPTBLLOOKUP			= D544, G: SPTBLLOOKUP
NOINC				= D54A, L: SPTBLLOOKUP
SP_ADDCOLSPR			= D54C, G: SP_ADDCOLSPR
SPADDCOLSPR			= D56B, G: SPADDCOLSPR
ACNOCRY				= D576, L: SPADDCOLSPR
ACLOOP				= D587, L: SPADDCOLSPR
NOINC1				= D5C3, L: SPADDCOLSPR
ACNOCRY3			= D5D7, L: SPADDCOLSPR
ACFAIL				= D604, L: SPADDCOLSPR
JPHL				= D615, L: SPADDCOLSPR
SPDELETESPR			= D616, G: SPDELETESPR
LOOP				= D61A, L: SPDELETESPR
SPDSLOOP			= D627, G: SPDELETESPR
JPHL				= D62F, L: SPDELETESPR
SP_ADDMEMORY			= D630, G: SP_ADDMEMORY
SPADDMEMORY			= D649, G: SPADDMEMORY
IB1				= D651, L: SPADDMEMORY
IB2				= D658, L: SPADDMEMORY
SPFREEBLOCK			= D665, G: SPFREEBLOCK
SPFB1				= D66A, G: SPFREEBLOCK
SPFB2				= D675, G: SPFREEBLOCK
SPQUEUETABLE			= D680, G: SPQUEUETABLE
SP_BLOCKALLOC			= D682, G: SP_BLOCKALLOC
SPBLOCKALLOC			= D690, G: SPBLOCKALLOC
SPALLOC				= D69A, G: SPBLOCKALLOC
SP_BORDER			= D6AB, G: SP_BORDER
SPBORDERCLR			= D6B4, G: SPBORDER
SPBORDER			= D6B5, G: SPBORDER
SP_CREATEGENERICISR		= D6BD, G: SP_CREATEGENERICISR
SPCREATEGENERICISR		= D6C6, G: SPCREATEGENERICISR
GENERICISR			= D6CF, L: SPCREATEGENERICISR
POSITION			= D6D2, L: SPCREATEGENERICISR
PUSHREG				= D6DB, L: SPCREATEGENERICISR
JPHL				= D6EA, L: SPCREATEGENERICISR
RUNHOOKS			= D6EB, L: SPCREATEGENERICISR
POPREG				= D6FD, L: SPCREATEGENERICISR
SP_CREATESPR			= D70E, G: SP_CREATESPR
SPCREATESPR			= D72B, G: SPCREATESPR
CSLOOP				= D77C, L: SPCREATESPR
CSENTER				= D790, L: SPCREATESPR
NOTCOMPRESS			= D7A2, L: SPCREATESPR
CONT				= D7A7, L: SPCREATESPR
CSNOCRY				= D7BE, L: SPCREATESPR
CSFAIL1				= D7C8, L: SPCREATESPR
CSFAIL2				= D7CA, L: SPCREATESPR
JPHL				= D7D3, L: SPCREATESPR
SP_FREEBLOCK			= D7D4, G: SP_FREEBLOCK
SP_GETKEY			= D7DF, G: SP_GETKEY
KEYOK				= D7E5, L: SP_GETKEY
STATE				= D7EA, L: SPGETKEY
COUNT				= D7EB, L: SPGETKEY
SPKEYDEBOUNCE			= D7EC, G: SPGETKEY
SPKEYSTARTREPEAT		= D7ED, G: SPGETKEY
SPKEYREPEATPERIOD		= D7EE, G: SPGETKEY
SPINKEY				= D7EF, G: SPGETKEY
SPGETKEY			= D800, G: SPGETKEY
SCANLOOP			= D807, L: SPGETKEY
KEYROWLOOP			= D80B, L: SPGETKEY
NOPRESS				= D81B, L: SPGETKEY
NEXTSCANROW			= D820, L: SPGETKEY
ATMAXCOUNT			= D831, L: SPGETKEY
SKIP				= D848, L: SPGETKEY
NOCAPS				= D85E, L: SPGETKEY
NOSYM				= D869, L: SPGETKEY
TOOMANYKEYS			= D86C, L: SPGETKEY
NOKEYS				= D86C, L: SPGETKEY
SPKEYTRANSTBL			= D874, G: SPKEYTRANSTBL
SP_INITIALIZE			= D914, G: SP_INITIALIZE
SPINITIALIZE			= D920, G: SPINITIALIZE
ROTTBLLP			= D946, L: SPINITIALIZE
ENTRYLP				= D94D, L: SPINITIALIZE
ROTLP				= D950, L: SPINITIALIZE
LOOP				= D969, L: SPINITIALIZE
CONT1				= D971, L: SPINITIALIZE
NOADD				= D97B, L: SPINITIALIZE
USERTILE			= D97E, L: SPINITIALIZE
SPTILEARRAY			= D983, G: SPTILEARRAY
SP_INITIM2			= DB83, G: SP_INITIM2
SPINITIM2			= DB8E, G: SPINITIM2
SP_JOYKEMPSTON			= DBA4, G: SP_JOYKEMPSTON
SPJOYKEMPSTON			= DBAB, G: SPJOYKEMPSTON
KEMPTBL				= DBB6, L: SPJOYKEMPSTON
SP_JOYKEYBOARD			= DBD6, G: SP_JOYKEYBOARD
SPJOYKEYBOARD			= DBE4, G: SPJOYKEYBOARD
NOFIRE				= DBF1, L: SPJOYKEYBOARD
JKLOOP				= DBF1, L: SPJOYKEYBOARD
NOPRESS				= DBFC, L: SPJOYKEYBOARD
SP_JOYSINCLAIR1			= DC03, G: SP_JOYSINCLAIR1
SPJOYSINCLAIR1			= DC0A, G: SPJOYSINCLAIR1
SINC1TBL			= DC16, L: SPJOYSINCLAIR1
SP_KEYPRESSED			= DC36, G: SP_KEYPRESSED
SPKEYPRESSED			= DC46, G: SPKEYPRESSED
NOCAPS				= DC52, L: SPKEYPRESSED
NOSYM				= DC5E, L: SPKEYPRESSED
SP_REGISTERHOOK			= DC6A, G: SP_REGISTERHOOK
SP_REGISTERHOOKLAST		= DC80, G: SP_REGISTERHOOKLAST
SPREGISTERHOOKLAST		= DC8F, G: SPREGISTERHOOKLAST
SPREGISTERHOOK			= DC8F, G: SPREGISTERHOOKLAST
LOOP				= DC98, L: SPREGISTERHOOKLAST
DONE				= DCA3, L: SPREGISTERHOOKLAST
SP_TILEARRAY			= DCAC, G: SP_TILEARRAY
SPTILEENTRY			= DCBA, G: SPTILEENTRY
NOINC				= DCC3, L: SPTILEENTRY
SP_UPDATENOW			= DCCB, G: SP_UPDATENOW
TEMPGRAPHIC			= DCCF, L: SPUPDATENOW
TEMPCOLOUR			= DCD7, L: SPUPDATENOW
UPDATE_ATTRS			= DCD8, G: SPUPDATENOW
SPUPDATENOW			= DCD9, G: SPUPDATENOW
DIRTYLOOP			= DCE2, L: SPUPDATENOW
NOTACROSSBLK1			= DCF2, L: SPUPDATENOW
REENTER				= DCFA, L: SPUPDATENOW
NOINC1				= DCFA, L: SPUPDATENOW
DIRTYAREA			= DD08, L: SPUPDATENOW
NOTACROSSBLK2			= DD42, L: SPUPDATENOW
TILEONLY			= DD49, L: SPUPDATENOW
NOINC11				= DD54, L: SPUPDATENOW
DRAWCHAR			= DD78, L: SPUPDATENOW
NOTLOAD				= DDA6, L: SPUPDATENOW
NOINC10				= DDB1, L: SPUPDATENOW
SPRITELOOP			= DDC6, L: SPUPDATENOW
DOSPRITE			= DDCA, L: SPUPDATENOW
COLOURSPRITE			= DED4, L: SPUPDATENOW
CLEAR				= DED6, L: SPUPDATENOW
COPYBUFFER			= DEE1, L: SPUPDATENOW
NOMORESPRITES			= DF03, L: SPUPDATENOW
SKIPUPDATECOL			= DF0E, L: SPUPDATENOW
MASKNOROTATE			= DF11, L: SPUPDATENOW
LOADTYPE			= DF5C, L: SPUPDATENOW
LOADNOROTATE			= DFCA, L: SPUPDATENOW
XORTYPE				= DFE9, L: SPUPDATENOW
XORNOROTATE			= E06F, L: SPUPDATENOW
ORTYPE				= E0A1, L: SPUPDATENOW
ORNOROTATE			= E127, L: SPUPDATENOW
SP_WAITFORNOKEY			= E159, G: SP_WAITFORNOKEY
SPWAITFORNOKEY			= E15D, G: SPWAITFORNOKEY
