ACFAIL				= D3B7, L: SPADDCOLSPR
ACLOOP				= D33A, L: SPADDCOLSPR
ACNOCRY				= D329, L: SPADDCOLSPR
ACNOCRY3			= D38A, L: SPADDCOLSPR
ADJLOOP				= D155, L: SPMOVESPRABS
ADJUSTGRAPHICS			= D298, L: SPMOVESPRABS
APBRANCH1			= 5EE0, L: MK2
APBRANCH2			= 5F23, L: MK2
APBRANCH3			= 5F0F, L: MK2
APBRANCH4			= 5F06, L: MK2
APGET4BITS			= 5EF8, L: MK2
APLOOP				= 5EE5, L: MK2
APLOOP0				= 5EE2, L: MK2
APSKIP2				= 5F42, L: MK2
APSKIP3				= 5F4B, L: MK2
APWRITEBYTE			= 5F02, L: MK2
AP_FINISHUP			= 5F4E, L: MK2
AP_FINISHUP2			= 5F51, L: MK2
AP_GETBIT			= 5F64, L: MK2
AP_GETGAMMA			= 5F70, L: MK2
AP_GETGAMMALOOP			= 5F73, L: MK2
AP_R0_GAMMA			= 5F58, L: MK2
ATMAXCOUNT			= D5E4, L: SPGETKEY
BAL1				= 8233, L: MK2
BROKEN				= D133, L: SPINTRECT
CLEAR				= DC96, L: SPUPDATENOW
COLOURSPRITE			= DC94, L: SPUPDATENOW
COMPUTEDISP			= D275, L: SPMOVESPRABS
CONT				= D55A, L: SPCREATESPR
CONT1				= D724, L: SPINITIALIZE
COPYBUFFER			= DCA1, L: SPUPDATENOW
COUNT				= D59E, L: SPGETKEY
CSENTER				= D543, L: SPCREATESPR
CSFAIL1				= D57B, L: SPCREATESPR
CSFAIL2				= D57D, L: SPCREATESPR
CSLOOP				= D52F, L: SPCREATESPR
CSNOCRY				= D571, L: SPCREATESPR
DEPACK				= 5EDD, L: MK2
DIRTYAREA			= DAC1, L: SPUPDATENOW
DIRTYLOOP			= DA9B, L: SPUPDATENOW
DONE				= DA56, L: SPREGISTERHOOKLAST
DOSIGN				= C319, L: L_DIV
DOSPRITE			= DB83, L: SPUPDATENOW
DOSPRITES			= DA8E, L: SPUPDATENOW
DRAWCHAR			= DB31, L: SPUPDATENOW
DRAW_SCR_BACKGROUND_NEW_BYTE	= B006, L: MK2
DRAW_SCR_BACKGROUND_SET_T	= B019, L: MK2
ENEMS_LOOP_CONTINUE_A		= AF0A, L: MK2
ENTRY				= C324, L: L_DIV_U
ENTRYLP				= D700, L: SPINITIALIZE
FADE_OUT_BUCLE			= 832A, L: MK2
FADE_OUT_EXTERN			= 8323, L: MK2
FBSD_BUCLE			= 85C2, L: MK2
FBSD_ESCAPED			= 85B5, L: MK2
FBSD_FIN			= 85D0, L: MK2
FBSD_GETBIT			= 85CA, L: MK2
FBSD_MAINB			= 859F, L: MK2
FBSD_STOR			= 85AD, L: MK2
FBSD_STOR2			= 85BD, L: MK2
FBSD_UNPACKC			= 85C0, L: MK2
FSCLIPSTRUCT			= 5EB7, L: MK2
GENERICISR			= D482, L: SPCREATEGENERICISR
HIDE_SPRITES_COCOS_LOOP		= B4D8, L: MK2
HIDE_SPRITES_ENEMS_LOOP		= B4AD, L: MK2
IB1				= D404, L: SPADDMEMORY
IB2				= D40B, L: SPADDMEMORY
INK_DONE			= 8331, L: MK2
INVALIDATE			= D266, L: SPMOVESPRABS
INVCOLLP			= D01E, L: SPINVALIDATE
INVFULLCHAR			= D031, L: SPINVALIDATE
INVROWLP			= D033, L: SPINVALIDATE
I_1				= BD1A, L: MK2
I_100				= 8B0C, L: MK2
I_101				= 8B2B, L: MK2
I_102				= 8B56, L: MK2
I_103				= 8B93, L: MK2
I_104				= 8BA7, L: MK2
I_105				= 8BBE, L: MK2
I_106				= 8BE5, L: MK2
I_107				= 8C13, L: MK2
I_108				= 8C45, L: MK2
I_109				= 8C65, L: MK2
I_110				= 8C85, L: MK2
I_111				= 8C9E, L: MK2
I_112				= 8CB2, L: MK2
I_113				= 8CC9, L: MK2
I_114				= 8D2B, L: MK2
I_115				= 8CCE, L: MK2
I_116				= 8D28, L: MK2
I_117				= 8D2E, L: MK2
I_118				= 8D3B, L: MK2
I_119				= 8D62, L: MK2
I_120				= 8D87, L: MK2
I_121				= 8D92, L: MK2
I_122				= 8D98, L: MK2
I_123				= 8DA5, L: MK2
I_124				= 8DAE, L: MK2
I_125				= 8DBF, L: MK2
I_126				= 8DC2, L: MK2
I_127				= 8DDD, L: MK2
I_128				= 8DEF, L: MK2
I_129				= 8DF2, L: MK2
I_130				= 8DFA, L: MK2
I_131				= 8E05, L: MK2
I_132				= 8E05, L: MK2
I_133				= 8E62, L: MK2
I_134				= 8E65, L: MK2
I_135				= 8E99, L: MK2
I_136				= 8EE0, L: MK2
I_137				= 8EC9, L: MK2
I_138_I_137			= 8ECC, L: MK2
I_139				= 8EDD, L: MK2
I_140				= 8F3E, L: MK2
I_141				= 8F3E, L: MK2
I_142				= 8EF2, L: MK2
I_143_I_142			= 8EF5, L: MK2
I_144				= 8F3E, L: MK2
I_145				= 8F38, L: MK2
I_146_I_145			= 8F3B, L: MK2
I_149				= 90EB, L: MK2
I_150				= 93E8, L: MK2
I_151				= 93DE, L: MK2
I_152_I_151			= 93E1, L: MK2
I_153				= 9446, L: MK2
I_154				= 944F, L: MK2
I_155				= 9465, L: MK2
I_156				= 94D6, L: MK2
I_157				= 946E, L: MK2
I_158				= 94D3, L: MK2
I_159				= 94CC, L: MK2
I_160				= 94D3, L: MK2
I_161				= 959F, L: MK2
I_162				= 9594, L: MK2
I_164				= 9607, L: MK2
I_165				= 9653, L: MK2
I_166				= 967A, L: MK2
I_167				= 9666, L: MK2
I_167_UGE			= 965D, L: MK2
I_168_I_167			= 9669, L: MK2
I_169				= 96EA, L: MK2
I_170				= 98D6, L: MK2
I_171				= 97FE, L: MK2
I_172				= 987B, L: MK2
I_173				= 9864, L: MK2
I_174				= 985E, L: MK2
I_175_I_174			= 9861, L: MK2
I_176				= 9878, L: MK2
I_177				= 9923, L: MK2
I_178				= 9918, L: MK2
I_179				= 9923, L: MK2
I_180				= 9935, L: MK2
I_181				= 9A22, L: MK2
I_182				= 99A9, L: MK2
I_183				= 9973, L: MK2
I_184				= 9976, L: MK2
I_185				= 99A9, L: MK2
I_186				= 99D4, L: MK2
I_187				= 99D4, L: MK2
I_188				= 9A22, L: MK2
I_189				= 9A00, L: MK2
I_19				= 82DB, L: MK2
I_191				= 9A22, L: MK2
I_192				= 9A3C, L: MK2
I_193				= 9A4F, L: MK2
I_194				= 9B2C, L: MK2
I_195				= 9B2F, L: MK2
I_196				= 9B99, L: MK2
I_198				= 9BB4, L: MK2
I_199				= 9BB7, L: MK2
I_20				= 8361, L: MK2
I_200				= 9BE7, L: MK2
I_201				= 9BE7, L: MK2
I_202				= 9CB3, L: MK2
I_203				= 9C28, L: MK2
I_204				= 9C15, L: MK2
I_205				= 9C13, L: MK2
I_207_I_204			= 9C18, L: MK2
I_208				= 9C95, L: MK2
I_209				= 9C3D, L: MK2
I_21				= 837F, L: MK2
I_210_I_209			= 9C40, L: MK2
I_211				= 9C81, L: MK2
I_212				= 9C95, L: MK2
I_213				= 9CB3, L: MK2
I_214				= 9D44, L: MK2
I_215				= 9D17, L: MK2
I_216				= 9D0C, L: MK2
I_217				= 9D0F, L: MK2
I_218				= 9D44, L: MK2
I_219				= 9D39, L: MK2
I_22				= 8378, L: MK2
I_220				= 9D3C, L: MK2
I_221				= 9D75, L: MK2
I_222				= 9D78, L: MK2
I_223				= 9DFA, L: MK2
I_224				= 9DC3, L: MK2
I_225				= 9DC0, L: MK2
I_226				= 9DFA, L: MK2
I_227				= 9DFA, L: MK2
I_228				= 9DFA, L: MK2
I_229				= 9E2A, L: MK2
I_23				= 837F, L: MK2
I_230				= 9E2A, L: MK2
I_231				= 9E5C, L: MK2
I_232				= 9E5C, L: MK2
I_233				= 9E81, L: MK2
I_234				= 9E8F, L: MK2
I_235				= 9EA2, L: MK2
I_236				= 9F96, L: MK2
I_237				= 9F6D, L: MK2
I_238_I_237			= 9F70, L: MK2
I_239				= 9F96, L: MK2
I_24				= 8391, L: MK2
I_240				= 9FB4, L: MK2
I_241				= A027, L: MK2
I_242				= A021, L: MK2
I_243				= A056, L: MK2
I_244				= A07D, L: MK2
I_245				= A07D, L: MK2
I_246				= A0A0, L: MK2
I_247				= A0A0, L: MK2
I_248				= A096, L: MK2
I_249_I_248			= A099, L: MK2
I_25				= 8396, L: MK2
I_250				= A0D1, L: MK2
I_251				= A0B5, L: MK2
I_252_I_251			= A0B8, L: MK2
I_253				= A141, L: MK2
I_254				= A103, L: MK2
I_255				= A141, L: MK2
I_256				= A128, L: MK2
I_257				= A19B, L: MK2
I_258				= A1A2, L: MK2
I_259				= A1F9, L: MK2
I_26				= 83B4, L: MK2
I_260				= A21A, L: MK2
I_261				= A1F9, L: MK2
I_262				= A2FC, L: MK2
I_263				= A2FC, L: MK2
I_263_UGE			= A26D, L: MK2
I_264				= A307, L: MK2
I_265				= A40A, L: MK2
I_266				= A30C, L: MK2
I_267				= A407, L: MK2
I_268				= A398, L: MK2
I_269				= A38D, L: MK2
I_27				= 83BE, L: MK2
I_271				= A407, L: MK2
I_272				= A407, L: MK2
I_273				= A427, L: MK2
I_274				= A42C, L: MK2
I_275				= A47E, L: MK2
I_276				= A481, L: MK2
I_277				= A4A0, L: MK2
I_278				= A4A5, L: MK2
I_279				= A4F7, L: MK2
I_28				= 8397, L: MK2
I_280				= A4FA, L: MK2
I_281				= A519, L: MK2
I_282				= A532, L: MK2
I_283				= A58B, L: MK2
I_284				= A763, L: MK2
I_285				= A59D, L: MK2
I_286				= A763, L: MK2
I_287				= A5A2, L: MK2
I_288				= A760, L: MK2
I_289				= A64F, L: MK2
I_29				= 83B4, L: MK2
I_290_I_289			= A652, L: MK2
I_292				= A760, L: MK2
I_293				= A671, L: MK2
I_294				= A677, L: MK2
I_295				= A760, L: MK2
I_296				= A805, L: MK2
I_297				= AF44, L: MK2
I_298				= A80F, L: MK2
I_299				= A8A0, L: MK2
I_30				= 83AE, L: MK2
I_300				= AF0A, L: MK2
I_301				= A900, L: MK2
I_302				= A8DE, L: MK2
I_303				= A8FD, L: MK2
I_304				= AF0A, L: MK2
I_305				= A913, L: MK2
I_306				= A91A, L: MK2
I_307				= A959, L: MK2
I_309				= ACE0, L: MK2
I_310				= A95E, L: MK2
I_311				= A971, L: MK2
I_312				= A978, L: MK2
I_313				= A9F3, L: MK2
I_314				= A9EB, L: MK2
I_315				= A9EE, L: MK2
I_316				= A9F6, L: MK2
I_318				= AC54, L: MK2
I_319				= AA15, L: MK2
I_31_I_30			= 83B1, L: MK2
I_32				= 83C7, L: MK2
I_320				= AA28, L: MK2
I_321				= AA5F, L: MK2
I_322				= AA62, L: MK2
I_323				= AA9C, L: MK2
I_324				= ABBA, L: MK2
I_325				= ABBD, L: MK2
I_326				= AC54, L: MK2
I_327				= ACC9, L: MK2
I_328				= ACB8, L: MK2
I_329_I_328			= ACBB, L: MK2
I_33				= 84AA, L: MK2
I_330				= ACCC, L: MK2
I_331				= AF0A, L: MK2
I_332				= AD7F, L: MK2
I_333				= AD12, L: MK2
I_334				= AD52, L: MK2
I_335				= AD36, L: MK2
I_336				= AD4C, L: MK2
I_337				= ADFE, L: MK2
I_338				= AD94, L: MK2
I_339_I_338			= AD97, L: MK2
I_34				= 8485, L: MK2
I_340				= ADAA, L: MK2
I_341				= ADAD, L: MK2
I_342				= ADFE, L: MK2
I_343				= ADEB, L: MK2
I_344_I_343			= ADEE, L: MK2
I_345				= AF0A, L: MK2
I_346				= AEF5, L: MK2
I_347				= AF0A, L: MK2
I_348				= AF0A, L: MK2
I_349				= B0A8, L: MK2
I_35				= 83DD, L: MK2
I_350				= B0AB, L: MK2
I_351				= B12B, L: MK2
I_352				= B153, L: MK2
I_353				= B183, L: MK2
I_354				= B1B3, L: MK2
I_355				= B269, L: MK2
I_356				= B20C, L: MK2
I_357				= B269, L: MK2
I_358				= B211, L: MK2
I_359				= B22C, L: MK2
I_360				= B266, L: MK2
I_361				= B239, L: MK2
I_362				= B31A, L: MK2
I_363				= B31A, L: MK2
I_364				= B31A, L: MK2
I_365				= B2DA, L: MK2
I_366				= B31A, L: MK2
I_367				= B2E7, L: MK2
I_368				= B340, L: MK2
I_369				= B339, L: MK2
I_37				= 83F7, L: MK2
I_370_I_369			= B33C, L: MK2
I_371				= B344, L: MK2
I_372				= B38D, L: MK2
I_373				= B36E, L: MK2
I_374_I_373			= B371, L: MK2
I_375				= B3D4, L: MK2
I_376				= B3D4, L: MK2
I_377				= B3BB, L: MK2
I_378_I_377			= B3BE, L: MK2
I_379				= B43E, L: MK2
I_38				= 83FA, L: MK2
I_380				= B3FD, L: MK2
I_381_I_380			= B400, L: MK2
I_382				= B43B, L: MK2
I_383				= B48B, L: MK2
I_384				= B48B, L: MK2
I_385				= B46C, L: MK2
I_386_I_385			= B46F, L: MK2
I_387				= B4AC, L: MK2
I_388				= B58F, L: MK2
I_389				= B599, L: MK2
I_39				= 84A7, L: MK2
I_390				= B571, L: MK2
I_391				= B5EC, L: MK2
I_392				= B68A, L: MK2
I_393				= B5F1, L: MK2
I_394				= B6C5, L: MK2
I_395				= B723, L: MK2
I_396				= B6CA, L: MK2
I_397				= B72A, L: MK2
I_398				= BD19, L: MK2
I_399				= B780, L: MK2
I_40				= 8496, L: MK2
I_400				= BD13, L: MK2
I_401				= B7DD, L: MK2
I_402				= B808, L: MK2
I_403				= B848, L: MK2
I_404				= B868, L: MK2
I_405				= B84D, L: MK2
I_406				= B87C, L: MK2
I_407				= BC7A, L: MK2
I_408				= B8B5, L: MK2
I_409				= B8B5, L: MK2
I_41				= 84A7, L: MK2
I_410				= B8DD, L: MK2
I_411				= B8ED, L: MK2
I_412				= B949, L: MK2
I_413				= B90B, L: MK2
I_415				= B966, L: MK2
I_416				= B976, L: MK2
I_417				= BA1D, L: MK2
I_418				= B97B, L: MK2
I_419				= B9F8, L: MK2
I_42				= 84A7, L: MK2
I_420				= BA1A, L: MK2
I_421				= BA1D, L: MK2
I_422				= BA30, L: MK2
I_423				= BA62, L: MK2
I_424				= BA62, L: MK2
I_425				= BA7C, L: MK2
I_426				= BA7C, L: MK2
I_427				= BB0C, L: MK2
I_429				= BB0C, L: MK2
I_430				= BADE, L: MK2
I_431				= BAEC, L: MK2
I_432				= BAFA, L: MK2
I_433				= BB5A, L: MK2
I_434				= BB60, L: MK2
I_435				= BB93, L: MK2
I_436				= BB83, L: MK2
I_437				= BB90, L: MK2
I_438				= BBA7, L: MK2
I_439				= BC1A, L: MK2
I_44				= 8579, L: MK2
I_440				= BBC0, L: MK2
I_440_I_441			= BBC7, L: MK2
I_441				= BBC2, L: MK2
I_442				= BC06, L: MK2
I_443				= BBE0, L: MK2
I_443_I_444			= BBE7, L: MK2
I_444				= BBE2, L: MK2
I_445				= BBFC, L: MK2
I_446				= BBFF, L: MK2
I_447				= BC09, L: MK2
I_448				= BC45, L: MK2
I_449				= BC2E, L: MK2
I_45				= 84CE, L: MK2
I_450				= BC31, L: MK2
I_451				= BC3E, L: MK2
I_453				= BC60, L: MK2
I_454				= BC74, L: MK2
I_456				= BD10, L: MK2
I_457				= BC8D, L: MK2
I_458				= BCA5, L: MK2
I_459				= BCBE, L: MK2
I_46				= 8578, L: MK2
I_460				= BCD7, L: MK2
I_461				= BCE6, L: MK2
I_47				= 84D3, L: MK2
I_48				= 84EA, L: MK2
I_49				= 856C, L: MK2
I_50				= 84EF, L: MK2
I_51				= 8569, L: MK2
I_52				= 8683, L: MK2
I_53				= 8635, L: MK2
I_54				= 865D, L: MK2
I_55				= 863F, L: MK2
I_56				= 868A, L: MK2
I_57				= 869C, L: MK2
I_58				= 8750, L: MK2
I_59				= 86CD, L: MK2
I_60				= 8700, L: MK2
I_61				= 8700, L: MK2
I_62				= 872D, L: MK2
I_63				= 8723, L: MK2
I_64				= 871A, L: MK2
I_65_I_64			= 871D, L: MK2
I_66				= 8746, L: MK2
I_67				= 8743, L: MK2
I_68				= 874D, L: MK2
I_69				= 875B, L: MK2
I_70				= 8763, L: MK2
I_71				= 8813, L: MK2
I_72				= 881E, L: MK2
I_73				= 8E78, L: MK2
I_74				= 884B, L: MK2
I_75				= 8A30, L: MK2
I_77				= 8A2D, L: MK2
I_78				= 8859, L: MK2
I_79				= 888A, L: MK2
I_80				= 88AF, L: MK2
I_81				= 88D4, L: MK2
I_82				= 88F9, L: MK2
I_83				= 891E, L: MK2
I_84				= 899E, L: MK2
I_85				= 89A1, L: MK2
I_86				= 89B2, L: MK2
I_87				= 89F3, L: MK2
I_88				= 89F6, L: MK2
I_89				= 8A07, L: MK2
I_90				= 8A1E, L: MK2
I_91				= 8A21, L: MK2
I_92				= 8E6F, L: MK2
I_93				= 8A3E, L: MK2
I_94				= 8E6F, L: MK2
I_96				= 8E6C, L: MK2
I_97				= 8A4C, L: MK2
I_98				= 8AD7, L: MK2
I_99				= 8AF0, L: MK2
JKLOOP				= D9A4, L: SPJOYKEYBOARD
JPHL				= D586, L: SPCREATESPR
JPHL				= D49D, L: SPCREATEGENERICISR
JPHL				= D3E2, L: SPDELETESPR
JPHL				= D3C8, L: SPADDCOLSPR
KEEPGOING			= 5ED4, L: MK2
KEMPTBL				= D969, L: SPJOYKEMPSTON
KEYOK				= D598, L: SP_GETKEY
KEYROWLOOP			= D5BE, L: SPGETKEY
LOADNOROTATE			= DD8A, L: SPUPDATENOW
LOADTYPE			= DD1C, L: SPUPDATENOW
LOOP				= DA4B, L: SPREGISTERHOOKLAST
LOOP				= D71C, L: SPINITIALIZE
LOOP				= D3CD, L: SPDELETESPR
L_AND				= C2C3, G: L_AND
L_ASL				= C2CA, G: L_ASL
L_ASL1				= C2CB, L: L_ASL
L_ASR				= C2D1, G: L_ASR
L_ASR1				= C2D2, L: L_ASR
L_ASR_U				= C2DB, G: L_ASR_U
L_ASR_U_1			= C2DC, L: L_ASR_U
L_COM				= C2E5, G: L_COM
L_DIV				= C2EC, G: L_DIV
L_DIV0				= C2FC, L: L_DIV
L_DIV01				= C308, L: L_DIV
L_DIV1				= C32B, L: L_DIV_U
L_DIV2				= C335, L: L_DIV_U
L_DIV_U				= C320, G: L_DIV_U
L_EQ				= C33F, G: L_EQ
L_GCHAR				= C346, G: L_GCHAR
L_GE				= C34C, G: L_GE
L_GINT				= C35A, G: L_GINT
L_GINTSPSP			= C35F, G: L_GINTSPSP
L_GT				= C368, G: L_GT
L_LE				= C374, G: L_LE
L_LNEG				= C382, G: L_LNEG
L_LT				= C387, G: L_LT
L_MULT				= C393, G: L_MULT
L_MULT1				= C39A, L: L_MULT
L_MULT2				= C3A1, L: L_MULT
L_NE				= C3A4, G: L_NE
L_NEG				= C3AB, G: L_NEG
L_OR				= C3B3, G: L_OR
L_PINT				= C3BA, G: L_PINT
L_SXT				= C3C0, G: L_SXT
L_SXT				= C347, L: L_GCHAR
L_UGE				= C3C5, G: L_UGE
L_UGT				= C3CD, G: L_UGT
L_ULE				= C3D3, G: L_ULE
L_ULT				= C3DB, G: L_ULT
L_XOR				= C3E1, G: L_XOR
MASKNOROTATE			= DCD1, L: SPUPDATENOW
MVCOLLOOP			= D1A2, L: SPMOVESPRABS
MVROWLOOP			= D1A8, L: SPMOVESPRABS
NEXTSCANROW			= D5D3, L: SPGETKEY
NOADD				= D72E, L: SPINITIALIZE
NOCAPS				= DA05, L: SPKEYPRESSED
NOCAPS				= D611, L: SPGETKEY
NODEC1				= D232, L: SPMOVESPRABS
NOFIRE				= D9A4, L: SPJOYKEYBOARD
NOINC				= DA76, L: SPTILEENTRY
NOINC				= D2FD, L: SPTBLLOOKUP
NOINC1				= DAB3, L: SPUPDATENOW
NOINC1				= D376, L: SPADDCOLSPR
NOINC1				= D1CA, L: SPMOVESPRABS
NOINC1				= D01A, L: SPINVALIDATE
NOINC10				= DB6A, L: SPUPDATENOW
NOINC11				= DB0D, L: SPUPDATENOW
NOINC2				= D203, L: SPMOVESPRABS
NOINC2				= D02D, L: SPINVALIDATE
NOINC3				= D224, L: SPMOVESPRABS
NOINC3				= D03E, L: SPINVALIDATE
NOINC4				= D23E, L: SPMOVESPRABS
NOINC5				= D2A4, L: SPMOVESPRABS
NOKEYS				= D61F, L: SPGETKEY
NOMORESPRITES			= DCC3, L: SPUPDATENOW
NONEXT1				= D1DE, L: SPMOVESPRABS
NONEXT2				= D24B, L: SPMOVESPRABS
NOPRESS				= D9AF, L: SPJOYKEYBOARD
NOPRESS				= D5CE, L: SPGETKEY
NOSYM				= DA11, L: SPKEYPRESSED
NOSYM				= D61C, L: SPGETKEY
NOTACROSSBLK1			= DAAB, L: SPUPDATENOW
NOTACROSSBLK2			= DAFB, L: SPUPDATENOW
NOTCOMPRESS			= D555, L: SPCREATESPR
NOTDISPLAYED			= D24B, L: SPMOVESPRABS
NOTDONE				= D1B2, L: SPMOVESPRABS
NOTINDLIST			= D1DE, L: SPMOVESPRABS
NOTLOAD				= DB5F, L: SPUPDATENOW
NOTNEGATIVE			= D293, L: SPMOVESPRABS
ORNOROTATE			= DEE7, L: SPUPDATENOW
ORTYPE				= DE61, L: SPUPDATENOW
PAPER_DONE			= 8339, L: MK2
PDLOOP				= D1FB, L: SPMOVESPRABS
POPREG				= D4B0, L: SPCREATEGENERICISR
POSITION			= D485, L: SPCREATEGENERICISR
PRINT_STR_LOOP			= 8209, L: MK2
PUSHREG				= D48E, L: SPCREATEGENERICISR
PUTHERE				= D215, L: SPMOVESPRABS
REENTER				= DAB3, L: SPUPDATENOW
RESTISR				= 5ED0, L: MK2
RND				= 9325, L: MK2
ROTLP				= D703, L: SPINITIALIZE
ROTTBLLP			= D6F9, L: SPINITIALIZE
RUNHOOKS			= D49E, L: SPCREATEGENERICISR
SCANLOOP			= D5BA, L: SPGETKEY
SETRAMBANK			= 5EC5, L: MK2
SINC1TBL			= D9C9, L: SPJOYSINCLAIR1
SKIP				= D5FB, L: SPGETKEY
SKIP1				= D2B4, L: SPMOVESPRABS
SKIP2				= D2C4, L: SPMOVESPRABS
SKIPUPDATECOL			= DCCE, L: SPUPDATENOW
SKIP_SPRITE_UPDATE		= DC95, L: SPUPDATENOW
SPADDCOLSPR			= D31E, G: SPADDCOLSPR
SPADDMEMORY			= D3FC, G: SPADDMEMORY
SPALLOC				= D44D, G: SPBLOCKALLOC
SPBIT2MASK			= D2EF, G: SPBIT2MASK
SPBITLEFT2MASK			= D04C, G: SPBITLEFT2MASK
SPBITRIGHT2MASK			= D054, G: SPBITRIGHT2MASK
SPBLOCKALLOC			= D443, G: SPBLOCKALLOC
SPBORDER			= D468, G: SPBORDER
SPBORDERCLR			= D467, G: SPBORDER
SPCOMPDIRTYADDR			= D05C, G: SPCOMPDIRTYADDR
SPCOMPDLISTADDR			= C3E8, G: SPCOMPDLISTADDR
SPCREATEGENERICISR		= D479, G: SPCREATEGENERICISR
SPCREATESPR			= D4DE, G: SPCREATESPR
SPDELETESPR			= D3C9, G: SPDELETESPR
SPDIRTYCHARS			= D071, G: SPDIRTYCHARS
SPDISPLAYLIST			= C3F9, G: SPDISPLAYLIST
SPDSLOOP			= D3DA, G: SPDELETESPR
SPFB1				= D41D, G: SPFREEBLOCK
SPFB2				= D428, G: SPFREEBLOCK
SPFREEBLOCK			= D418, G: SPFREEBLOCK
SPGETKEY			= D5B3, G: SPGETKEY
SPINITIALIZE			= D6D3, G: SPINITIALIZE
SPINITIM2			= D941, G: SPINITIM2
SPINKEY				= D5A2, G: SPGETKEY
SPINTRECT			= D0D1, G: SPINTRECT
SPINTSMALLIVAL			= D102, G: SPINTRECT
SPINVALIDATE			= CFF9, G: SPINVALIDATE
SPINVALIDATEP			= D001, G: SPINVALIDATE
SPJOYKEMPSTON			= D95E, G: SPJOYKEMPSTON
SPJOYKEYBOARD			= D997, G: SPJOYKEYBOARD
SPJOYSINCLAIR1			= D9BD, G: SPJOYSINCLAIR1
SPKEYDEBOUNCE			= D59F, G: SPGETKEY
SPKEYPRESSED			= D9F9, G: SPKEYPRESSED
SPKEYREPEATPERIOD		= D5A1, G: SPGETKEY
SPKEYSTARTREPEAT		= D5A0, G: SPGETKEY
SPKEYTRANSTBL			= D627, G: SPKEYTRANSTBL
SPMOVESPRABS			= D13C, G: SPMOVESPRABS
SPMOVESPRABSC			= D163, G: SPMOVESPRABS
SPMOVESPRABSNC			= D14A, G: SPMOVESPRABS
SPNULLSPRPTR			= D2C7, G: SPNULLSPRPTR
SPPRINTATINV			= D2D7, G: SPPRINTATINV
SPPTINSMALLIVAL			= D127, G: SPINTRECT
SPQUEUETABLE			= D433, G: SPQUEUETABLE
SPREGISTERHOOK			= DA42, G: SPREGISTERHOOKLAST
SPREGISTERHOOKLAST		= DA42, G: SPREGISTERHOOKLAST
SPRITELOOP			= DB7F, L: SPUPDATENOW
SPTBLLOOKUP			= D2F7, G: SPTBLLOOKUP
SPTILEARRAY			= D736, G: SPTILEARRAY
SPTILEENTRY			= DA6D, G: SPTILEENTRY
SPUPDATENOW			= DA8F, G: SPUPDATENOW
SPWAITFORNOKEY			= DF26, G: SPWAITFORNOKEY
SP_ADDCOLSPR			= D2FF, G: SP_ADDCOLSPR
SP_ADDMEMORY			= D3E3, G: SP_ADDMEMORY
SP_BLOCKALLOC			= D435, G: SP_BLOCKALLOC
SP_BORDER			= D45E, G: SP_BORDER
SP_CREATEGENERICISR		= D470, G: SP_CREATEGENERICISR
SP_CREATESPR			= D4C1, G: SP_CREATESPR
SP_FREEBLOCK			= D587, G: SP_FREEBLOCK
SP_GETKEY			= D592, G: SP_GETKEY
SP_INITIALIZE			= D6C7, G: SP_INITIALIZE
SP_INITIM2			= D936, G: SP_INITIM2
SP_JOYKEMPSTON			= D957, G: SP_JOYKEMPSTON
SP_JOYKEYBOARD			= D989, G: SP_JOYKEYBOARD
SP_JOYSINCLAIR1			= D9B6, G: SP_JOYSINCLAIR1
SP_KEYPRESSED			= D9E9, G: SP_KEYPRESSED
SP_REGISTERHOOK			= DA1D, G: SP_REGISTERHOOK
SP_REGISTERHOOKLAST		= DA33, G: SP_REGISTERHOOKLAST
SP_TILEARRAY			= DA5F, G: SP_TILEARRAY
SP_UPDATENOW			= DA7E, G: SP_UPDATENOW
SP_UPDATENOWEX			= DF19, G: SP_UPDATENOWEX
SP_WAITFORNOKEY			= DF22, G: SP_WAITFORNOKEY
START				= 5E88, L: ZX82_CRT0
STATE				= D59D, L: SPGETKEY
TEMPCOLOUR			= DA8C, L: SPUPDATENOW
TEMPGRAPHIC			= DA84, L: SPUPDATENOW
TILEONLY			= DB02, L: SPUPDATENOW
TOOMANYKEYS			= D61F, L: SPGETKEY
TRYOTHERWAY			= D116, L: SPINTRECT
UPDATE_ATTRS			= DA8D, G: SPUPDATENOW
USERTILE			= D731, L: SPINITIALIZE
VPCLIPSTRUCT			= 5EB3, L: MK2
XINSCREEN			= D18B, L: SPMOVESPRABS
XORNOROTATE			= DE2F, L: SPUPDATENOW
XORTYPE				= DDA9, L: SPUPDATENOW
YINSCREEN			= D17B, L: SPMOVESPRABS
_ABS				= 8380, G: MK2
_ACTION_PRESSED			= BEF7, G: MK2
_ACTIVE				= BE82, G: MK2
_ACTIVE_SLEEP			= 8397, G: MK2
_ADDSIGN			= 834B, G: MK2
_ADVANCE_WORM			= AF45, G: MK2
_ADVANCE_WORM_NO_INC_Y		= AF95, L: MK2
_AD_FREE			= BF1A, G: MK2
_ANIMATE			= BF00, G: MK2
_AT1				= BEF5, G: MK2
_AT2				= BEF6, G: MK2
_ATTR				= 92BE, G: MK2
_ATTR_DO			= 92D0, L: MK2
_ATTR_RESET			= 92CC, L: MK2
_BADDIES			= 79A6, G: MK2
_BEHS				= 7CD9, G: MK2
_BLACKOUT_AREA			= 8227, G: MK2
_BREAKING_IDX			= 5EBD, G: MK2
_BREAK_WALL			= 94D8, G: MK2
_BUTTON_PRESSED			= 830A, G: MK2
_CM_TWO_POINTS			= 9261, G: MK2
_CM_TWO_POINTS_AT1_DO		= 9272, L: MK2
_CM_TWO_POINTS_AT1_DONE		= 928C, L: MK2
_CM_TWO_POINTS_AT1_RESET	= 926F, L: MK2
_CM_TWO_POINTS_AT2_DO		= 92A0, L: MK2
_CM_TWO_POINTS_AT2_DONE		= 92BA, L: MK2
_CM_TWO_POINTS_AT2_RESET	= 929D, L: MK2
_COCO_D				= BE8C, G: MK2
_COCO_IT			= C2AF, G: MK2
_COCO_S				= BE8D, G: MK2
_COCO_VX			= C2A8, G: MK2
_COCO_VY			= C2AC, G: MK2
_COCO_X				= BE90, G: MK2
_COCO_X0			= BF05, G: MK2
_COCO_Y				= BE93, G: MK2
_COLLIDE_PIXEL			= 922C, G: MK2
_COLLIDE_PIXEL_RETURN		= 925F, L: MK2
_CORTINA			= 8321, G: MK2
_CTX				= BF14, G: MK2
_CTY				= C2A7, G: MK2
_CX1				= BEF9, G: MK2
_CX2				= BEFA, G: MK2
_CY1				= BEFB, G: MK2
_CY2				= BEFC, G: MK2
_DISTANCE			= A142, G: MK2
_DO_EXTERN_ACTION		= 84B5, G: MK2
_DO_GRAVITY			= 5EBF, G: MK2
_DO_INGAME_SCRIPTING		= 8EB5, G: MK2
_DO_LAVA			= B26A, G: MK2
_DO_PROCESS_BREAKABLE		= 5EBE, G: MK2
_DO_RESPAWN			= BE86, G: MK2
_DRAW_COLOURED_TILE		= 8111, G: MK2
_DRAW_COLOURED_TILE_GAMEAREA	= 8188, G: MK2
_DRAW_INVALIDATE_COLOURED_TILE_G= 8181, G: MK2
_DRAW_OBJS			= 8205, G: MK2
_DRAW_SCR			= B092, G: MK2
_DRAW_SCR_ALT_TILE_DONE		= AF77, L: MK2
_DRAW_SCR_ALT_TILE_SKIP		= AF76, L: MK2
_DRAW_SCR_BACKGROUND		= AF9D, G: MK2
_DRAW_SCR_BACKGROUND_LOOP	= AFFB, L: MK2
_DRAW_SCR_PACKED_UNPACKED	= AFED, L: MK2
_ENEMS_COLLISION_SKIP		= AF0A, L: MK2
_ENEMS_INIT			= A58C, G: MK2
_ENEMS_KILL			= A53A, G: MK2
_ENEMS_LM_CHANGE_AXIS_X		= A99F, L: MK2
_ENEMS_LM_CHANGE_AXIS_X_DONE	= A9A7, L: MK2
_ENEMS_LM_CHANGE_AXIS_Y		= A9C6, L: MK2
_ENEMS_LM_CHANGE_AXIS_Y_DONE	= A9CE, L: MK2
_ENEMS_MOVE			= A7DD, G: MK2
_ENEMS_MOVE_PREGOTTEN_NOT	= A955, L: MK2
_ENEMS_MOVE_PREGOTTEN_SET	= A956, L: MK2
_ENEMS_MOVE_SPR_ABS		= A764, G: MK2
_ENEMS_PLATFORMS_DONE		= AEAB, L: MK2
_ENEMS_PLATS_GPY_SET		= AE95, L: MK2
_ENEMS_PLATS_HORZ_DO		= AE39, L: MK2
_ENEMS_PLATS_HORZ_DONE		= AE4E, L: MK2
_ENEMS_PLATS_VERT_CHECK_1	= AE4E, L: MK2
_ENEMS_PLATS_VERT_CHECK_2	= AE6D, L: MK2
_ENEMS_PLATS_VERT_DO		= AE7E, L: MK2
_ENEMS_PLATS_VERT_DONE		= AEA8, L: MK2
_ENEMY_SHOOTS			= BEFD, G: MK2
_ENEM_FRAMES			= 8F53, G: MK2
_ENIT				= BEBC, G: MK2
_ENOFFS				= BEA8, G: MK2
_ENOFFSMASI			= C2AB, G: MK2
_EN_AN_BASE_FRAME		= BDA7, G: MK2
_EN_AN_COUNT			= C2BE, G: MK2
_EN_AN_C_F			= BDAD, G: MK2
_EN_AN_N_F			= BDDC, G: MK2
_EN_AN_STATE			= BDB7, G: MK2
_EN_AN_VX			= BECA, G: MK2
_EN_AN_VY			= BECE, G: MK2
_EN_AN_X			= BF07, G: MK2
_EN_AN_Y			= BF0D, G: MK2
_EXTERN_DEPACK_TEXT		= 8588, L: MK2
_EXTI				= BEE4, G: MK2
_EXTX				= BEEC, G: MK2
_EXTY				= BEED, G: MK2
_FLAGS				= BDBA, G: MK2
_FLAG_OLD			= BEF3, G: MK2
_FLICK_SCREEN			= B345, G: MK2
_FONT				= 6796, L: MK2
_FZX1				= BEC4, G: MK2
_FZX2				= BEC5, G: MK2
_FZY1				= BEC6, G: MK2
_FZY2				= BEC7, G: MK2
_F_ZONE_AC			= BEF4, G: MK2
_GAME_ENDING			= 9359, G: MK2
_GAME_OVER			= 936A, G: MK2
_GEN_PT				= BE99, G: MK2
_GET_RESOURCE			= 6125, G: MK2
_GPAUX				= BDEB, G: MK2
_GPC				= BF03, G: MK2
_GPCX				= BEC1, G: MK2
_GPCY				= BEC8, G: MK2
_GPD				= BF04, G: MK2
_GPIT				= BEC9, G: MK2
_GPJT				= BED1, G: MK2
_GPS				= BF15, G: MK2
_GPT				= BF16, G: MK2
_GPX				= C2A0, G: MK2
_GPXX				= BEE9, G: MK2
_GPY				= C2A1, G: MK2
_GPYY				= BEEA, G: MK2
_GP_GEN				= BEA5, G: MK2
_HALF_LIFE			= 5EBB, G: MK2
_HA_COLLISION_CHECKEVIL		= 9F54, L: MK2
_HA_COLLISION_DONE		= 9F54, L: MK2
_HA_COLLISION_VX_NEGATIVE	= 9ED4, L: MK2
_HA_COLLISION_VX_POSITIVE	= 9F15, L: MK2
_HA_COL_VX_NEG_DO		= 9EEE, L: MK2
_HA_COL_VX_POS_DO		= 9F2F, L: MK2
_HIDE_SPRITES			= B48C, G: MK2
_HIT				= BF13, G: MK2
_HITTER_C_F			= BE97, G: MK2
_HITTER_FRAME			= C2BC, G: MK2
_HITTER_HIT			= BEA2, G: MK2
_HITTER_N_F			= BE9F, G: MK2
_HITTER_ON			= BDE4, G: MK2
_HITTER_TYPE			= BDA1, G: MK2
_HITTER_X			= BEBA, G: MK2
_HITTER_Y			= BEBB, G: MK2
_HIT_H				= BDE6, G: MK2
_HIT_V				= BDE7, G: MK2
_HOFFS_X			= 95A0, G: MK2
_HOTSPOTS			= 7C9A, G: MK2
_HOTSPOTS_SETUP_DO		= B057, L: MK2
_HOTSPOTS_SETUP_DONE		= B091, L: MK2
_HOTSPOTS_SETUP_SET		= B089, L: MK2
_HOTSPOTS_SETUP_SET_REFILL	= B088, L: MK2
_HOTSPOTS_SKIP			= BB67, L: MK2
_HOTSPOT_X			= BDAA, G: MK2
_HOTSPOT_Y			= BDAB, G: MK2
_INIT_COCOS			= A1F2, G: MK2
_INIT_LAVA			= B1B4, G: MK2
_INVALIDATE_TILE		= 8157, G: MK2
_INVALIDATE_VIEWPORT		= 8171, G: MK2
_ISR				= 80A2, G: MK2
_IS_CUTSCENE			= 84B4, G: MK2
_IS_RENDERING			= C2B4, G: MK2
_JOYFUNC			= BEBF, G: MK2
_KEYP				= BED6, G: MK2
_KEYS				= BED9, G: MK2
_KEYSCANCODES			= 5E8E, G: MK2
_KEYS_OLD			= C2B0, G: MK2
_KILLABLE			= BEA7, G: MK2
_KILLED_OLD			= BDE8, G: MK2
_LAVA_CT			= BDA6, G: MK2
_LAVA_REENTER			= B1D3, G: MK2
_LAVA_Y				= BEB2, G: MK2
_LEVEL				= 5EBC, G: MK2
_LEVELS				= 7EF9, G: MK2
_LEVEL_AC			= BEE3, G: MK2
_LEVEL_DATA			= 615F, G: MK2
_LEVEL_SEQUENCE			= 8088, G: MK2
_LIFE_OLD			= BE8B, G: MK2
_LIMIT				= A4FD, G: MK2
_MAIN				= B517, G: MK2
_MAINCOUNTER			= BEEE, G: MK2
_MAIN_SCRIPT_OFFSET		= BED4, G: MK2
_MAP				= 616F, G: MK2
_MAP_ATTR			= BDEC, G: MK2
_MAP_POINTER			= BDB5, G: MK2
_METATILESET			= 6996, L: MK2
_MLPLAYING			= BE8A, G: MK2
_MONS_COL_SC_X			= A40B, G: MK2
_MONS_COL_SC_Y			= A484, G: MK2
_MOVE_COCOS			= A2FD, G: MK2
_MY_MALLOC			= 5EA6, G: MK2
_NEXT_SCRIPT			= BF01, G: MK2
_NO_DRAW			= BE9B, G: MK2
_N_PANT				= BEB6, G: MK2
_OBJS_OLD			= BEEB, G: MK2
_ORIG_TILE			= C2BB, G: MK2
_O_PANT				= BEB8, G: MK2
_PAD0				= BEB3, G: MK2
_PAD_THIS_FRAME			= BEA9, G: MK2
_PLAYER_CALC_BOUNDING_BOX	= 9774, G: MK2
_PLAYER_FRAMES			= 8F3F, G: MK2
_PLAYER_INIT			= 96EB, G: MK2
_PLAYER_KILL			= 97B5, G: MK2
_PLAYER_MOVE			= 98DF, G: MK2
_PLAYING			= BED2, G: MK2
_POSSEE				= C2BA, G: MK2
_PREGOTTEN			= BDE5, G: MK2
_PREPARE_LEVEL			= 8F63, G: MK2
_PRINT_MESSAGE			= 8276, G: MK2
_PRINT_NUMBER2			= 81B6, G: MK2
_PRINT_STR			= 8206, G: MK2
_PROCESS_BREAKABLE		= 9453, G: MK2
_PTGMX				= BE9D, G: MK2
_PTGMY				= BE9E, G: MK2
_PTX1				= BEEF, G: MK2
_PTX2				= BEF0, G: MK2
_PTY1				= BEF1, G: MK2
_PTY2				= BEF2, G: MK2
_P_C_F				= BDE2, G: MK2
_P_DISPARANDO			= C2C1, G: MK2
_P_ENGINE			= BE96, G: MK2
_P_FACING			= BDDA, G: MK2
_P_FACING_H			= C2B5, G: MK2
_P_FACING_V			= C2B9, G: MK2
_P_FRAME			= BDDB, G: MK2
_P_G				= BF06, G: MK2
_P_GOTTEN			= BEC3, G: MK2
_P_HITTING			= BDAC, G: MK2
_P_JMP_CT			= BEB5, G: MK2
_P_JMP_ON			= BEB7, G: MK2
_P_KEYS				= BECD, G: MK2
_P_KILLED			= BEB1, G: MK2
_P_KILLME			= BEB4, G: MK2
_P_LIFE				= BEB9, G: MK2
_P_N_F				= BDE9, G: MK2
_P_OBJS				= BEC2, G: MK2
_P_SAFE_PANT			= C2C2, G: MK2
_P_SAFE_X			= BEBD, G: MK2
_P_SAFE_Y			= BEBE, G: MK2
_P_STATE			= BE9C, G: MK2
_P_STATE_CT			= BEFF, G: MK2
_P_SUBFRAME			= BEFE, G: MK2
_P_VX				= BEE7, G: MK2
_P_VY				= BEE8, G: MK2
_P_X				= BF18, G: MK2
_P_Y				= C29E, G: MK2
_QTILE				= 92EF, G: MK2
_QTILE_DO			= 9301, L: MK2
_QTILE_RESET			= 92FD, L: MK2
_RAM_ADDRESS			= 5F80, G: MK2
_RAM_DESTINATION		= 5F82, G: MK2
_RAM_PAGE			= 5F84, G: MK2
_RAND				= 9325, G: MK2
_RANDRES			= 9324, G: MK2
_RDA				= BF17, G: MK2
_RDB				= C2A2, G: MK2
_RDX				= C2A3, G: MK2
_RDY				= C2A4, G: MK2
_READXY				= 879F, G: MK2
_READ_BYTE			= 876C, G: MK2
_READ_CONTROLLER		= 82C1, G: MK2
_READ_VBYTE			= 8789, G: MK2
_RELOC_PLAYER			= 87C6, G: MK2
_RENDER_HITTER			= 95A5, G: MK2
_RESOURCES			= 5FC3, G: MK2
_RUN_ENTERING_SCRIPT		= 8E79, G: MK2
_RUN_FIRE_SCRIPT		= 8E9A, G: MK2
_RUN_SCRIPT			= 87DC, G: MK2
_SCRIPT				= 5EC3, G: MK2
_SCRIPT_RESULT			= 5EC0, G: MK2
_SC_C				= BED3, G: MK2
_SC_CONTINUAR			= 5EC2, G: MK2
_SC_M				= BED7, G: MK2
_SC_N				= BED8, G: MK2
_SC_TERMINADO			= 5EC1, G: MK2
_SC_X				= BEE5, G: MK2
_SC_Y				= BEE6, G: MK2
_SEED1				= 9320, G: MK2
_SEED2				= 9322, G: MK2
_SELECT_JOYFUNC			= 83C7, G: MK2
_SETRAMBANK			= 5EC5, G: MK2
_SHOOT_COCO			= A21B, G: MK2
_SILENT_LEVEL			= BEAA, G: MK2
_SPACER				= 810F, G: MK2
_SPRITESET			= 7096, G: MK2
_SPRITE_10_A			= 75B6, G: MK2
_SPRITE_10_B			= 75E6, G: MK2
_SPRITE_10_C			= 7616, G: MK2
_SPRITE_11_A			= 7646, G: MK2
_SPRITE_11_B			= 7676, G: MK2
_SPRITE_11_C			= 76A6, G: MK2
_SPRITE_12_A			= 76D6, G: MK2
_SPRITE_12_B			= 7706, G: MK2
_SPRITE_12_C			= 7736, G: MK2
_SPRITE_13_A			= 7766, G: MK2
_SPRITE_13_B			= 7796, G: MK2
_SPRITE_13_C			= 77C6, G: MK2
_SPRITE_14_A			= 77F6, G: MK2
_SPRITE_14_B			= 7826, G: MK2
_SPRITE_14_C			= 7856, G: MK2
_SPRITE_15_A			= 7886, G: MK2
_SPRITE_15_B			= 78B6, G: MK2
_SPRITE_15_C			= 78E6, G: MK2
_SPRITE_16_A			= 7916, G: MK2
_SPRITE_16_B			= 7946, G: MK2
_SPRITE_16_C			= 7976, G: MK2
_SPRITE_17_A			= 7D19, G: MK2
_SPRITE_17_B			= 7D49, L: MK2
_SPRITE_17_C			= 7D79, L: MK2
_SPRITE_18_A			= 7DA9, G: MK2
_SPRITE_18_B			= 7DD9, L: MK2
_SPRITE_18_C			= 7E09, L: MK2
_SPRITE_19_A			= 7E39, G: MK2
_SPRITE_19_B			= 7E59, G: MK2
_SPRITE_1_A			= 70A6, G: MK2
_SPRITE_1_B			= 70D6, G: MK2
_SPRITE_1_C			= 7106, G: MK2
_SPRITE_20_A			= 7E79, G: MK2
_SPRITE_21_A			= 7EB9, G: MK2
_SPRITE_2_A			= 7136, G: MK2
_SPRITE_2_B			= 7166, G: MK2
_SPRITE_2_C			= 7196, G: MK2
_SPRITE_3_A			= 71C6, G: MK2
_SPRITE_3_B			= 71F6, G: MK2
_SPRITE_3_C			= 7226, G: MK2
_SPRITE_4_A			= 7256, G: MK2
_SPRITE_4_B			= 7286, G: MK2
_SPRITE_4_C			= 72B6, G: MK2
_SPRITE_5_A			= 72E6, G: MK2
_SPRITE_5_B			= 7316, G: MK2
_SPRITE_5_C			= 7346, G: MK2
_SPRITE_6_A			= 7376, G: MK2
_SPRITE_6_B			= 73A6, G: MK2
_SPRITE_6_C			= 73D6, G: MK2
_SPRITE_7_A			= 7406, G: MK2
_SPRITE_7_B			= 7436, G: MK2
_SPRITE_7_C			= 7466, G: MK2
_SPRITE_8_A			= 7496, G: MK2
_SPRITE_8_B			= 74C6, G: MK2
_SPRITE_8_C			= 74F6, G: MK2
_SPRITE_9_A			= 7526, G: MK2
_SPRITE_9_B			= 7556, G: MK2
_SPRITE_9_C			= 7586, G: MK2
_SP_COCOS			= BEAB, G: MK2
_SP_HITTER			= BE83, G: MK2
_SP_MOVILES			= BD9B, G: MK2
_SP_PLAYER			= BEA3, G: MK2
_SRAND				= 934C, G: MK2
_STEPBYSTEP			= C2A6, G: MK2
_STOP_PLAYER			= 87B2, G: MK2
_SUCCESS			= C2BD, G: MK2
_TILESET			= 6796, G: MK2
_TOCADO				= C2B2, G: MK2
_UNPACK_RAMN			= 5F85, G: MK2
_UPDATE_HUD			= B136, G: MK2
_UPDATE_TILE			= 8245, G: MK2
_UTAUX				= 8244, G: MK2
_U_FREE				= 5EB1, G: MK2
_U_MALLOC			= 5EAF, G: MK2
_VA_COLLISION_CHECKEVIL		= 9B17, L: MK2
_VA_COLLISION_DONE		= 9B35, L: MK2
_VA_COLLISION_VY_NEGATIVE	= 9A81, L: MK2
_VA_COLLISION_VY_POSITIVE	= 9AC2, L: MK2
_VA_COL_VY_NEG_DO		= 9A9B, L: MK2
_VA_COL_VY_POS_DO		= 9AF4, L: MK2
_WALL_BROKEN			= 938A, G: MK2
_WALL_H				= C2A5, G: MK2
_WALL_V				= C2B1, G: MK2
_WARP_TO_LEVEL			= BEA1, G: MK2
_WYZ_INIT			= 80BA, G: MK2
_WYZ_PLAY_MUSIC			= 80DB, G: MK2
_WYZ_PLAY_SAMPLE		= 80FE, G: MK2
_WYZ_PLAY_SOUND			= 80C8, G: MK2
_WYZ_STOP_SOUND			= 80EE, G: MK2
_X_PANT				= C2B3, G: MK2
_Y_PANT				= C2B6, G: MK2
__BADDIES_POINTER		= C2B7, G: MK2
__EN_LIFE			= BEF8, G: MK2
__EN_MX				= BDB3, G: MK2
__EN_MY				= BDB4, G: MK2
__EN_T				= BD98, G: MK2
__EN_X				= BD99, G: MK2
__EN_X1				= BDA2, G: MK2
__EN_X2				= BDA4, G: MK2
__EN_Y				= BD9A, G: MK2
__EN_Y1				= BDA3, G: MK2
__EN_Y2				= BDA5, G: MK2
__N				= BE85, G: MK2
__T				= BE87, G: MK2
__X				= BE88, G: MK2
__Y				= BE89, G: MK2


START				= 5E88, L: ZX82_CRT0
_KEYSCANCODES			= 5E8E, G: MK2
_MY_MALLOC			= 5EA6, G: MK2
_U_MALLOC			= 5EAF, G: MK2
_U_FREE				= 5EB1, G: MK2
VPCLIPSTRUCT			= 5EB3, L: MK2
FSCLIPSTRUCT			= 5EB7, L: MK2
_HALF_LIFE			= 5EBB, G: MK2
_LEVEL				= 5EBC, G: MK2
_BREAKING_IDX			= 5EBD, G: MK2
_DO_PROCESS_BREAKABLE		= 5EBE, G: MK2
_DO_GRAVITY			= 5EBF, G: MK2
_SCRIPT_RESULT			= 5EC0, G: MK2
_SC_TERMINADO			= 5EC1, G: MK2
_SC_CONTINUAR			= 5EC2, G: MK2
_SCRIPT				= 5EC3, G: MK2
_SETRAMBANK			= 5EC5, G: MK2
SETRAMBANK			= 5EC5, L: MK2
RESTISR				= 5ED0, L: MK2
KEEPGOING			= 5ED4, L: MK2
DEPACK				= 5EDD, L: MK2
APBRANCH1			= 5EE0, L: MK2
APLOOP0				= 5EE2, L: MK2
APLOOP				= 5EE5, L: MK2
APGET4BITS			= 5EF8, L: MK2
APWRITEBYTE			= 5F02, L: MK2
APBRANCH4			= 5F06, L: MK2
APBRANCH3			= 5F0F, L: MK2
APBRANCH2			= 5F23, L: MK2
APSKIP2				= 5F42, L: MK2
APSKIP3				= 5F4B, L: MK2
AP_FINISHUP			= 5F4E, L: MK2
AP_FINISHUP2			= 5F51, L: MK2
AP_R0_GAMMA			= 5F58, L: MK2
AP_GETBIT			= 5F64, L: MK2
AP_GETGAMMA			= 5F70, L: MK2
AP_GETGAMMALOOP			= 5F73, L: MK2
_RAM_ADDRESS			= 5F80, G: MK2
_RAM_DESTINATION		= 5F82, G: MK2
_RAM_PAGE			= 5F84, G: MK2
_UNPACK_RAMN			= 5F85, G: MK2
_RESOURCES			= 5FC3, G: MK2
_GET_RESOURCE			= 6125, G: MK2
_LEVEL_DATA			= 615F, G: MK2
_MAP				= 616F, G: MK2
_TILESET			= 6796, G: MK2
_FONT				= 6796, L: MK2
_METATILESET			= 6996, L: MK2
_SPRITESET			= 7096, G: MK2
_SPRITE_1_A			= 70A6, G: MK2
_SPRITE_1_B			= 70D6, G: MK2
_SPRITE_1_C			= 7106, G: MK2
_SPRITE_2_A			= 7136, G: MK2
_SPRITE_2_B			= 7166, G: MK2
_SPRITE_2_C			= 7196, G: MK2
_SPRITE_3_A			= 71C6, G: MK2
_SPRITE_3_B			= 71F6, G: MK2
_SPRITE_3_C			= 7226, G: MK2
_SPRITE_4_A			= 7256, G: MK2
_SPRITE_4_B			= 7286, G: MK2
_SPRITE_4_C			= 72B6, G: MK2
_SPRITE_5_A			= 72E6, G: MK2
_SPRITE_5_B			= 7316, G: MK2
_SPRITE_5_C			= 7346, G: MK2
_SPRITE_6_A			= 7376, G: MK2
_SPRITE_6_B			= 73A6, G: MK2
_SPRITE_6_C			= 73D6, G: MK2
_SPRITE_7_A			= 7406, G: MK2
_SPRITE_7_B			= 7436, G: MK2
_SPRITE_7_C			= 7466, G: MK2
_SPRITE_8_A			= 7496, G: MK2
_SPRITE_8_B			= 74C6, G: MK2
_SPRITE_8_C			= 74F6, G: MK2
_SPRITE_9_A			= 7526, G: MK2
_SPRITE_9_B			= 7556, G: MK2
_SPRITE_9_C			= 7586, G: MK2
_SPRITE_10_A			= 75B6, G: MK2
_SPRITE_10_B			= 75E6, G: MK2
_SPRITE_10_C			= 7616, G: MK2
_SPRITE_11_A			= 7646, G: MK2
_SPRITE_11_B			= 7676, G: MK2
_SPRITE_11_C			= 76A6, G: MK2
_SPRITE_12_A			= 76D6, G: MK2
_SPRITE_12_B			= 7706, G: MK2
_SPRITE_12_C			= 7736, G: MK2
_SPRITE_13_A			= 7766, G: MK2
_SPRITE_13_B			= 7796, G: MK2
_SPRITE_13_C			= 77C6, G: MK2
_SPRITE_14_A			= 77F6, G: MK2
_SPRITE_14_B			= 7826, G: MK2
_SPRITE_14_C			= 7856, G: MK2
_SPRITE_15_A			= 7886, G: MK2
_SPRITE_15_B			= 78B6, G: MK2
_SPRITE_15_C			= 78E6, G: MK2
_SPRITE_16_A			= 7916, G: MK2
_SPRITE_16_B			= 7946, G: MK2
_SPRITE_16_C			= 7976, G: MK2
_BADDIES			= 79A6, G: MK2
_HOTSPOTS			= 7C9A, G: MK2
_BEHS				= 7CD9, G: MK2
_SPRITE_17_A			= 7D19, G: MK2
_SPRITE_17_B			= 7D49, L: MK2
_SPRITE_17_C			= 7D79, L: MK2
_SPRITE_18_A			= 7DA9, G: MK2
_SPRITE_18_B			= 7DD9, L: MK2
_SPRITE_18_C			= 7E09, L: MK2
_SPRITE_19_A			= 7E39, G: MK2
_SPRITE_19_B			= 7E59, G: MK2
_SPRITE_20_A			= 7E79, G: MK2
_SPRITE_21_A			= 7EB9, G: MK2
_LEVELS				= 7EF9, G: MK2
_LEVEL_SEQUENCE			= 8088, G: MK2
_ISR				= 80A2, G: MK2
_WYZ_INIT			= 80BA, G: MK2
_WYZ_PLAY_SOUND			= 80C8, G: MK2
_WYZ_PLAY_MUSIC			= 80DB, G: MK2
_WYZ_STOP_SOUND			= 80EE, G: MK2
_WYZ_PLAY_SAMPLE		= 80FE, G: MK2
_SPACER				= 810F, G: MK2
_DRAW_COLOURED_TILE		= 8111, G: MK2
_INVALIDATE_TILE		= 8157, G: MK2
_INVALIDATE_VIEWPORT		= 8171, G: MK2
_DRAW_INVALIDATE_COLOURED_TILE_G= 8181, G: MK2
_DRAW_COLOURED_TILE_GAMEAREA	= 8188, G: MK2
_PRINT_NUMBER2			= 81B6, G: MK2
_DRAW_OBJS			= 8205, G: MK2
_PRINT_STR			= 8206, G: MK2
PRINT_STR_LOOP			= 8209, L: MK2
_BLACKOUT_AREA			= 8227, G: MK2
BAL1				= 8233, L: MK2
_UTAUX				= 8244, G: MK2
_UPDATE_TILE			= 8245, G: MK2
_PRINT_MESSAGE			= 8276, G: MK2
_READ_CONTROLLER		= 82C1, G: MK2
I_19				= 82DB, L: MK2
_BUTTON_PRESSED			= 830A, G: MK2
_CORTINA			= 8321, G: MK2
FADE_OUT_EXTERN			= 8323, L: MK2
FADE_OUT_BUCLE			= 832A, L: MK2
INK_DONE			= 8331, L: MK2
PAPER_DONE			= 8339, L: MK2
_ADDSIGN			= 834B, G: MK2
I_20				= 8361, L: MK2
I_22				= 8378, L: MK2
I_23				= 837F, L: MK2
I_21				= 837F, L: MK2
_ABS				= 8380, G: MK2
I_24				= 8391, L: MK2
I_25				= 8396, L: MK2
_ACTIVE_SLEEP			= 8397, G: MK2
I_28				= 8397, L: MK2
I_30				= 83AE, L: MK2
I_31_I_30			= 83B1, L: MK2
I_29				= 83B4, L: MK2
I_26				= 83B4, L: MK2
I_27				= 83BE, L: MK2
_SELECT_JOYFUNC			= 83C7, G: MK2
I_32				= 83C7, L: MK2
I_35				= 83DD, L: MK2
I_37				= 83F7, L: MK2
I_38				= 83FA, L: MK2
I_34				= 8485, L: MK2
I_40				= 8496, L: MK2
I_42				= 84A7, L: MK2
I_41				= 84A7, L: MK2
I_39				= 84A7, L: MK2
I_33				= 84AA, L: MK2
_IS_CUTSCENE			= 84B4, G: MK2
_DO_EXTERN_ACTION		= 84B5, G: MK2
I_45				= 84CE, L: MK2
I_47				= 84D3, L: MK2
I_48				= 84EA, L: MK2
I_50				= 84EF, L: MK2
I_51				= 8569, L: MK2
I_49				= 856C, L: MK2
I_46				= 8578, L: MK2
I_44				= 8579, L: MK2
_EXTERN_DEPACK_TEXT		= 8588, L: MK2
FBSD_MAINB			= 859F, L: MK2
FBSD_STOR			= 85AD, L: MK2
FBSD_ESCAPED			= 85B5, L: MK2
FBSD_STOR2			= 85BD, L: MK2
FBSD_UNPACKC			= 85C0, L: MK2
FBSD_BUCLE			= 85C2, L: MK2
FBSD_GETBIT			= 85CA, L: MK2
FBSD_FIN			= 85D0, L: MK2
I_53				= 8635, L: MK2
I_55				= 863F, L: MK2
I_54				= 865D, L: MK2
I_52				= 8683, L: MK2
I_56				= 868A, L: MK2
I_57				= 869C, L: MK2
I_59				= 86CD, L: MK2
I_61				= 8700, L: MK2
I_60				= 8700, L: MK2
I_64				= 871A, L: MK2
I_65_I_64			= 871D, L: MK2
I_63				= 8723, L: MK2
I_62				= 872D, L: MK2
I_67				= 8743, L: MK2
I_66				= 8746, L: MK2
I_68				= 874D, L: MK2
I_58				= 8750, L: MK2
I_69				= 875B, L: MK2
I_70				= 8763, L: MK2
_READ_BYTE			= 876C, G: MK2
_READ_VBYTE			= 8789, G: MK2
_READXY				= 879F, G: MK2
_STOP_PLAYER			= 87B2, G: MK2
_RELOC_PLAYER			= 87C6, G: MK2
_RUN_SCRIPT			= 87DC, G: MK2
I_71				= 8813, L: MK2
I_72				= 881E, L: MK2
I_74				= 884B, L: MK2
I_78				= 8859, L: MK2
I_79				= 888A, L: MK2
I_80				= 88AF, L: MK2
I_81				= 88D4, L: MK2
I_82				= 88F9, L: MK2
I_83				= 891E, L: MK2
I_84				= 899E, L: MK2
I_85				= 89A1, L: MK2
I_86				= 89B2, L: MK2
I_87				= 89F3, L: MK2
I_88				= 89F6, L: MK2
I_89				= 8A07, L: MK2
I_90				= 8A1E, L: MK2
I_91				= 8A21, L: MK2
I_77				= 8A2D, L: MK2
I_75				= 8A30, L: MK2
I_93				= 8A3E, L: MK2
I_97				= 8A4C, L: MK2
I_98				= 8AD7, L: MK2
I_99				= 8AF0, L: MK2
I_100				= 8B0C, L: MK2
I_101				= 8B2B, L: MK2
I_102				= 8B56, L: MK2
I_103				= 8B93, L: MK2
I_104				= 8BA7, L: MK2
I_105				= 8BBE, L: MK2
I_106				= 8BE5, L: MK2
I_107				= 8C13, L: MK2
I_108				= 8C45, L: MK2
I_109				= 8C65, L: MK2
I_110				= 8C85, L: MK2
I_111				= 8C9E, L: MK2
I_112				= 8CB2, L: MK2
I_113				= 8CC9, L: MK2
I_115				= 8CCE, L: MK2
I_116				= 8D28, L: MK2
I_114				= 8D2B, L: MK2
I_117				= 8D2E, L: MK2
I_118				= 8D3B, L: MK2
I_119				= 8D62, L: MK2
I_120				= 8D87, L: MK2
I_121				= 8D92, L: MK2
I_122				= 8D98, L: MK2
I_123				= 8DA5, L: MK2
I_124				= 8DAE, L: MK2
I_125				= 8DBF, L: MK2
I_126				= 8DC2, L: MK2
I_127				= 8DDD, L: MK2
I_128				= 8DEF, L: MK2
I_129				= 8DF2, L: MK2
I_130				= 8DFA, L: MK2
I_132				= 8E05, L: MK2
I_131				= 8E05, L: MK2
I_133				= 8E62, L: MK2
I_134				= 8E65, L: MK2
I_96				= 8E6C, L: MK2
I_92				= 8E6F, L: MK2
I_94				= 8E6F, L: MK2
I_73				= 8E78, L: MK2
_RUN_ENTERING_SCRIPT		= 8E79, G: MK2
I_135				= 8E99, L: MK2
_RUN_FIRE_SCRIPT		= 8E9A, G: MK2
_DO_INGAME_SCRIPTING		= 8EB5, G: MK2
I_137				= 8EC9, L: MK2
I_138_I_137			= 8ECC, L: MK2
I_139				= 8EDD, L: MK2
I_136				= 8EE0, L: MK2
I_142				= 8EF2, L: MK2
I_143_I_142			= 8EF5, L: MK2
I_145				= 8F38, L: MK2
I_146_I_145			= 8F3B, L: MK2
I_144				= 8F3E, L: MK2
I_140				= 8F3E, L: MK2
I_141				= 8F3E, L: MK2
_PLAYER_FRAMES			= 8F3F, G: MK2
_ENEM_FRAMES			= 8F53, G: MK2
_PREPARE_LEVEL			= 8F63, G: MK2
I_149				= 90EB, L: MK2
_COLLIDE_PIXEL			= 922C, G: MK2
_COLLIDE_PIXEL_RETURN		= 925F, L: MK2
_CM_TWO_POINTS			= 9261, G: MK2
_CM_TWO_POINTS_AT1_RESET	= 926F, L: MK2
_CM_TWO_POINTS_AT1_DO		= 9272, L: MK2
_CM_TWO_POINTS_AT1_DONE		= 928C, L: MK2
_CM_TWO_POINTS_AT2_RESET	= 929D, L: MK2
_CM_TWO_POINTS_AT2_DO		= 92A0, L: MK2
_CM_TWO_POINTS_AT2_DONE		= 92BA, L: MK2
_ATTR				= 92BE, G: MK2
_ATTR_RESET			= 92CC, L: MK2
_ATTR_DO			= 92D0, L: MK2
_QTILE				= 92EF, G: MK2
_QTILE_RESET			= 92FD, L: MK2
_QTILE_DO			= 9301, L: MK2
_SEED1				= 9320, G: MK2
_SEED2				= 9322, G: MK2
_RANDRES			= 9324, G: MK2
_RAND				= 9325, G: MK2
RND				= 9325, L: MK2
_SRAND				= 934C, G: MK2
_GAME_ENDING			= 9359, G: MK2
_GAME_OVER			= 936A, G: MK2
_WALL_BROKEN			= 938A, G: MK2
I_151				= 93DE, L: MK2
I_152_I_151			= 93E1, L: MK2
I_150				= 93E8, L: MK2
I_153				= 9446, L: MK2
I_154				= 944F, L: MK2
_PROCESS_BREAKABLE		= 9453, G: MK2
I_155				= 9465, L: MK2
I_157				= 946E, L: MK2
I_159				= 94CC, L: MK2
I_160				= 94D3, L: MK2
I_158				= 94D3, L: MK2
I_156				= 94D6, L: MK2
_BREAK_WALL			= 94D8, G: MK2
I_162				= 9594, L: MK2
I_161				= 959F, L: MK2
_HOFFS_X			= 95A0, G: MK2
_RENDER_HITTER			= 95A5, G: MK2
I_164				= 9607, L: MK2
I_165				= 9653, L: MK2
I_167_UGE			= 965D, L: MK2
I_167				= 9666, L: MK2
I_168_I_167			= 9669, L: MK2
I_166				= 967A, L: MK2
I_169				= 96EA, L: MK2
_PLAYER_INIT			= 96EB, G: MK2
_PLAYER_CALC_BOUNDING_BOX	= 9774, G: MK2
_PLAYER_KILL			= 97B5, G: MK2
I_171				= 97FE, L: MK2
I_174				= 985E, L: MK2
I_175_I_174			= 9861, L: MK2
I_173				= 9864, L: MK2
I_176				= 9878, L: MK2
I_172				= 987B, L: MK2
I_170				= 98D6, L: MK2
_PLAYER_MOVE			= 98DF, G: MK2
I_178				= 9918, L: MK2
I_179				= 9923, L: MK2
I_177				= 9923, L: MK2
I_180				= 9935, L: MK2
I_183				= 9973, L: MK2
I_184				= 9976, L: MK2
I_185				= 99A9, L: MK2
I_182				= 99A9, L: MK2
I_186				= 99D4, L: MK2
I_187				= 99D4, L: MK2
I_189				= 9A00, L: MK2
I_188				= 9A22, L: MK2
I_191				= 9A22, L: MK2
I_181				= 9A22, L: MK2
I_192				= 9A3C, L: MK2
I_193				= 9A4F, L: MK2
_VA_COLLISION_VY_NEGATIVE	= 9A81, L: MK2
_VA_COL_VY_NEG_DO		= 9A9B, L: MK2
_VA_COLLISION_VY_POSITIVE	= 9AC2, L: MK2
_VA_COL_VY_POS_DO		= 9AF4, L: MK2
_VA_COLLISION_CHECKEVIL		= 9B17, L: MK2
I_194				= 9B2C, L: MK2
I_195				= 9B2F, L: MK2
_VA_COLLISION_DONE		= 9B35, L: MK2
I_196				= 9B99, L: MK2
I_198				= 9BB4, L: MK2
I_199				= 9BB7, L: MK2
I_200				= 9BE7, L: MK2
I_201				= 9BE7, L: MK2
I_205				= 9C13, L: MK2
I_204				= 9C15, L: MK2
I_207_I_204			= 9C18, L: MK2
I_203				= 9C28, L: MK2
I_209				= 9C3D, L: MK2
I_210_I_209			= 9C40, L: MK2
I_211				= 9C81, L: MK2
I_212				= 9C95, L: MK2
I_208				= 9C95, L: MK2
I_213				= 9CB3, L: MK2
I_202				= 9CB3, L: MK2
I_216				= 9D0C, L: MK2
I_217				= 9D0F, L: MK2
I_215				= 9D17, L: MK2
I_219				= 9D39, L: MK2
I_220				= 9D3C, L: MK2
I_218				= 9D44, L: MK2
I_214				= 9D44, L: MK2
I_221				= 9D75, L: MK2
I_222				= 9D78, L: MK2
I_225				= 9DC0, L: MK2
I_224				= 9DC3, L: MK2
I_223				= 9DFA, L: MK2
I_227				= 9DFA, L: MK2
I_228				= 9DFA, L: MK2
I_226				= 9DFA, L: MK2
I_230				= 9E2A, L: MK2
I_229				= 9E2A, L: MK2
I_232				= 9E5C, L: MK2
I_231				= 9E5C, L: MK2
I_233				= 9E81, L: MK2
I_234				= 9E8F, L: MK2
I_235				= 9EA2, L: MK2
_HA_COLLISION_VX_NEGATIVE	= 9ED4, L: MK2
_HA_COL_VX_NEG_DO		= 9EEE, L: MK2
_HA_COLLISION_VX_POSITIVE	= 9F15, L: MK2
_HA_COL_VX_POS_DO		= 9F2F, L: MK2
_HA_COLLISION_CHECKEVIL		= 9F54, L: MK2
_HA_COLLISION_DONE		= 9F54, L: MK2
I_237				= 9F6D, L: MK2
I_238_I_237			= 9F70, L: MK2
I_239				= 9F96, L: MK2
I_236				= 9F96, L: MK2
I_240				= 9FB4, L: MK2
I_242				= A021, L: MK2
I_241				= A027, L: MK2
I_243				= A056, L: MK2
I_245				= A07D, L: MK2
I_244				= A07D, L: MK2
I_248				= A096, L: MK2
I_249_I_248			= A099, L: MK2
I_247				= A0A0, L: MK2
I_246				= A0A0, L: MK2
I_251				= A0B5, L: MK2
I_252_I_251			= A0B8, L: MK2
I_250				= A0D1, L: MK2
I_254				= A103, L: MK2
I_256				= A128, L: MK2
I_255				= A141, L: MK2
I_253				= A141, L: MK2
_DISTANCE			= A142, G: MK2
I_257				= A19B, L: MK2
I_258				= A1A2, L: MK2
_INIT_COCOS			= A1F2, G: MK2
I_261				= A1F9, L: MK2
I_259				= A1F9, L: MK2
I_260				= A21A, L: MK2
_SHOOT_COCO			= A21B, G: MK2
I_263_UGE			= A26D, L: MK2
I_263				= A2FC, L: MK2
I_262				= A2FC, L: MK2
_MOVE_COCOS			= A2FD, G: MK2
I_264				= A307, L: MK2
I_266				= A30C, L: MK2
I_269				= A38D, L: MK2
I_268				= A398, L: MK2
I_272				= A407, L: MK2
I_271				= A407, L: MK2
I_267				= A407, L: MK2
I_265				= A40A, L: MK2
_MONS_COL_SC_X			= A40B, G: MK2
I_273				= A427, L: MK2
I_274				= A42C, L: MK2
I_275				= A47E, L: MK2
I_276				= A481, L: MK2
_MONS_COL_SC_Y			= A484, G: MK2
I_277				= A4A0, L: MK2
I_278				= A4A5, L: MK2
I_279				= A4F7, L: MK2
I_280				= A4FA, L: MK2
_LIMIT				= A4FD, G: MK2
I_281				= A519, L: MK2
I_282				= A532, L: MK2
_ENEMS_KILL			= A53A, G: MK2
I_283				= A58B, L: MK2
_ENEMS_INIT			= A58C, G: MK2
I_285				= A59D, L: MK2
I_287				= A5A2, L: MK2
I_289				= A64F, L: MK2
I_290_I_289			= A652, L: MK2
I_293				= A671, L: MK2
I_294				= A677, L: MK2
I_295				= A760, L: MK2
I_292				= A760, L: MK2
I_288				= A760, L: MK2
I_286				= A763, L: MK2
I_284				= A763, L: MK2
_ENEMS_MOVE_SPR_ABS		= A764, G: MK2
_ENEMS_MOVE			= A7DD, G: MK2
I_296				= A805, L: MK2
I_298				= A80F, L: MK2
I_299				= A8A0, L: MK2
I_302				= A8DE, L: MK2
I_303				= A8FD, L: MK2
I_301				= A900, L: MK2
I_305				= A913, L: MK2
I_306				= A91A, L: MK2
_ENEMS_MOVE_PREGOTTEN_NOT	= A955, L: MK2
_ENEMS_MOVE_PREGOTTEN_SET	= A956, L: MK2
I_307				= A959, L: MK2
I_310				= A95E, L: MK2
I_311				= A971, L: MK2
I_312				= A978, L: MK2
_ENEMS_LM_CHANGE_AXIS_X		= A99F, L: MK2
_ENEMS_LM_CHANGE_AXIS_X_DONE	= A9A7, L: MK2
_ENEMS_LM_CHANGE_AXIS_Y		= A9C6, L: MK2
_ENEMS_LM_CHANGE_AXIS_Y_DONE	= A9CE, L: MK2
I_314				= A9EB, L: MK2
I_315				= A9EE, L: MK2
I_313				= A9F3, L: MK2
I_316				= A9F6, L: MK2
I_319				= AA15, L: MK2
I_320				= AA28, L: MK2
I_321				= AA5F, L: MK2
I_322				= AA62, L: MK2
I_323				= AA9C, L: MK2
I_324				= ABBA, L: MK2
I_325				= ABBD, L: MK2
I_326				= AC54, L: MK2
I_318				= AC54, L: MK2
I_328				= ACB8, L: MK2
I_329_I_328			= ACBB, L: MK2
I_327				= ACC9, L: MK2
I_330				= ACCC, L: MK2
I_309				= ACE0, L: MK2
I_333				= AD12, L: MK2
I_335				= AD36, L: MK2
I_336				= AD4C, L: MK2
I_334				= AD52, L: MK2
I_332				= AD7F, L: MK2
I_338				= AD94, L: MK2
I_339_I_338			= AD97, L: MK2
I_340				= ADAA, L: MK2
I_341				= ADAD, L: MK2
I_343				= ADEB, L: MK2
I_344_I_343			= ADEE, L: MK2
I_342				= ADFE, L: MK2
I_337				= ADFE, L: MK2
_ENEMS_PLATS_HORZ_DO		= AE39, L: MK2
_ENEMS_PLATS_VERT_CHECK_1	= AE4E, L: MK2
_ENEMS_PLATS_HORZ_DONE		= AE4E, L: MK2
_ENEMS_PLATS_VERT_CHECK_2	= AE6D, L: MK2
_ENEMS_PLATS_VERT_DO		= AE7E, L: MK2
_ENEMS_PLATS_GPY_SET		= AE95, L: MK2
_ENEMS_PLATS_VERT_DONE		= AEA8, L: MK2
_ENEMS_PLATFORMS_DONE		= AEAB, L: MK2
I_346				= AEF5, L: MK2
_ENEMS_COLLISION_SKIP		= AF0A, L: MK2
I_348				= AF0A, L: MK2
I_347				= AF0A, L: MK2
I_345				= AF0A, L: MK2
I_331				= AF0A, L: MK2
I_304				= AF0A, L: MK2
I_300				= AF0A, L: MK2
ENEMS_LOOP_CONTINUE_A		= AF0A, L: MK2
I_297				= AF44, L: MK2
_ADVANCE_WORM			= AF45, G: MK2
_DRAW_SCR_ALT_TILE_SKIP		= AF76, L: MK2
_DRAW_SCR_ALT_TILE_DONE		= AF77, L: MK2
_ADVANCE_WORM_NO_INC_Y		= AF95, L: MK2
_DRAW_SCR_BACKGROUND		= AF9D, G: MK2
_DRAW_SCR_PACKED_UNPACKED	= AFED, L: MK2
_DRAW_SCR_BACKGROUND_LOOP	= AFFB, L: MK2
DRAW_SCR_BACKGROUND_NEW_BYTE	= B006, L: MK2
DRAW_SCR_BACKGROUND_SET_T	= B019, L: MK2
_HOTSPOTS_SETUP_DO		= B057, L: MK2
_HOTSPOTS_SETUP_SET_REFILL	= B088, L: MK2
_HOTSPOTS_SETUP_SET		= B089, L: MK2
_HOTSPOTS_SETUP_DONE		= B091, L: MK2
_DRAW_SCR			= B092, G: MK2
I_349				= B0A8, L: MK2
I_350				= B0AB, L: MK2
I_351				= B12B, L: MK2
_UPDATE_HUD			= B136, G: MK2
I_352				= B153, L: MK2
I_353				= B183, L: MK2
I_354				= B1B3, L: MK2
_INIT_LAVA			= B1B4, G: MK2
_LAVA_REENTER			= B1D3, G: MK2
I_356				= B20C, L: MK2
I_358				= B211, L: MK2
I_359				= B22C, L: MK2
I_361				= B239, L: MK2
I_360				= B266, L: MK2
I_357				= B269, L: MK2
I_355				= B269, L: MK2
_DO_LAVA			= B26A, G: MK2
I_365				= B2DA, L: MK2
I_367				= B2E7, L: MK2
I_366				= B31A, L: MK2
I_363				= B31A, L: MK2
I_364				= B31A, L: MK2
I_362				= B31A, L: MK2
I_369				= B339, L: MK2
I_370_I_369			= B33C, L: MK2
I_368				= B340, L: MK2
I_371				= B344, L: MK2
_FLICK_SCREEN			= B345, G: MK2
I_373				= B36E, L: MK2
I_374_I_373			= B371, L: MK2
I_372				= B38D, L: MK2
I_377				= B3BB, L: MK2
I_378_I_377			= B3BE, L: MK2
I_376				= B3D4, L: MK2
I_375				= B3D4, L: MK2
I_380				= B3FD, L: MK2
I_381_I_380			= B400, L: MK2
I_382				= B43B, L: MK2
I_379				= B43E, L: MK2
I_385				= B46C, L: MK2
I_386_I_385			= B46F, L: MK2
I_383				= B48B, L: MK2
I_384				= B48B, L: MK2
_HIDE_SPRITES			= B48C, G: MK2
I_387				= B4AC, L: MK2
HIDE_SPRITES_ENEMS_LOOP		= B4AD, L: MK2
HIDE_SPRITES_COCOS_LOOP		= B4D8, L: MK2
_MAIN				= B517, G: MK2
I_390				= B571, L: MK2
I_388				= B58F, L: MK2
I_389				= B599, L: MK2
I_391				= B5EC, L: MK2
I_393				= B5F1, L: MK2
I_392				= B68A, L: MK2
I_394				= B6C5, L: MK2
I_396				= B6CA, L: MK2
I_395				= B723, L: MK2
I_397				= B72A, L: MK2
I_399				= B780, L: MK2
I_401				= B7DD, L: MK2
I_402				= B808, L: MK2
I_403				= B848, L: MK2
I_405				= B84D, L: MK2
I_404				= B868, L: MK2
I_406				= B87C, L: MK2
I_409				= B8B5, L: MK2
I_408				= B8B5, L: MK2
I_410				= B8DD, L: MK2
I_411				= B8ED, L: MK2
I_413				= B90B, L: MK2
I_412				= B949, L: MK2
I_415				= B966, L: MK2
I_416				= B976, L: MK2
I_418				= B97B, L: MK2
I_419				= B9F8, L: MK2
I_420				= BA1A, L: MK2
I_417				= BA1D, L: MK2
I_421				= BA1D, L: MK2
I_422				= BA30, L: MK2
I_424				= BA62, L: MK2
I_423				= BA62, L: MK2
I_426				= BA7C, L: MK2
I_425				= BA7C, L: MK2
I_430				= BADE, L: MK2
I_431				= BAEC, L: MK2
I_432				= BAFA, L: MK2
I_429				= BB0C, L: MK2
I_427				= BB0C, L: MK2
I_433				= BB5A, L: MK2
I_434				= BB60, L: MK2
_HOTSPOTS_SKIP			= BB67, L: MK2
I_436				= BB83, L: MK2
I_437				= BB90, L: MK2
I_435				= BB93, L: MK2
I_438				= BBA7, L: MK2
I_440				= BBC0, L: MK2
I_441				= BBC2, L: MK2
I_440_I_441			= BBC7, L: MK2
I_443				= BBE0, L: MK2
I_444				= BBE2, L: MK2
I_443_I_444			= BBE7, L: MK2
I_445				= BBFC, L: MK2
I_446				= BBFF, L: MK2
I_442				= BC06, L: MK2
I_447				= BC09, L: MK2
I_439				= BC1A, L: MK2
I_449				= BC2E, L: MK2
I_450				= BC31, L: MK2
I_451				= BC3E, L: MK2
I_448				= BC45, L: MK2
I_453				= BC60, L: MK2
I_454				= BC74, L: MK2
I_407				= BC7A, L: MK2
I_457				= BC8D, L: MK2
I_458				= BCA5, L: MK2
I_459				= BCBE, L: MK2
I_460				= BCD7, L: MK2
I_461				= BCE6, L: MK2
I_456				= BD10, L: MK2
I_400				= BD13, L: MK2
I_398				= BD19, L: MK2
I_1				= BD1A, L: MK2
__EN_T				= BD98, G: MK2
__EN_X				= BD99, G: MK2
__EN_Y				= BD9A, G: MK2
_SP_MOVILES			= BD9B, G: MK2
_HITTER_TYPE			= BDA1, G: MK2
__EN_X1				= BDA2, G: MK2
__EN_Y1				= BDA3, G: MK2
__EN_X2				= BDA4, G: MK2
__EN_Y2				= BDA5, G: MK2
_LAVA_CT			= BDA6, G: MK2
_EN_AN_BASE_FRAME		= BDA7, G: MK2
_HOTSPOT_X			= BDAA, G: MK2
_HOTSPOT_Y			= BDAB, G: MK2
_P_HITTING			= BDAC, G: MK2
_EN_AN_C_F			= BDAD, G: MK2
__EN_MX				= BDB3, G: MK2
__EN_MY				= BDB4, G: MK2
_MAP_POINTER			= BDB5, G: MK2
_EN_AN_STATE			= BDB7, G: MK2
_FLAGS				= BDBA, G: MK2
_P_FACING			= BDDA, G: MK2
_P_FRAME			= BDDB, G: MK2
_EN_AN_N_F			= BDDC, G: MK2
_P_C_F				= BDE2, G: MK2
_HITTER_ON			= BDE4, G: MK2
_PREGOTTEN			= BDE5, G: MK2
_HIT_H				= BDE6, G: MK2
_HIT_V				= BDE7, G: MK2
_KILLED_OLD			= BDE8, G: MK2
_P_N_F				= BDE9, G: MK2
_GPAUX				= BDEB, G: MK2
_MAP_ATTR			= BDEC, G: MK2
_ACTIVE				= BE82, G: MK2
_SP_HITTER			= BE83, G: MK2
__N				= BE85, G: MK2
_DO_RESPAWN			= BE86, G: MK2
__T				= BE87, G: MK2
__X				= BE88, G: MK2
__Y				= BE89, G: MK2
_MLPLAYING			= BE8A, G: MK2
_LIFE_OLD			= BE8B, G: MK2
_COCO_D				= BE8C, G: MK2
_COCO_S				= BE8D, G: MK2
_COCO_X				= BE90, G: MK2
_COCO_Y				= BE93, G: MK2
_P_ENGINE			= BE96, G: MK2
_HITTER_C_F			= BE97, G: MK2
_GEN_PT				= BE99, G: MK2
_NO_DRAW			= BE9B, G: MK2
_P_STATE			= BE9C, G: MK2
_PTGMX				= BE9D, G: MK2
_PTGMY				= BE9E, G: MK2
_HITTER_N_F			= BE9F, G: MK2
_WARP_TO_LEVEL			= BEA1, G: MK2
_HITTER_HIT			= BEA2, G: MK2
_SP_PLAYER			= BEA3, G: MK2
_GP_GEN				= BEA5, G: MK2
_KILLABLE			= BEA7, G: MK2
_ENOFFS				= BEA8, G: MK2
_PAD_THIS_FRAME			= BEA9, G: MK2
_SILENT_LEVEL			= BEAA, G: MK2
_SP_COCOS			= BEAB, G: MK2
_P_KILLED			= BEB1, G: MK2
_LAVA_Y				= BEB2, G: MK2
_PAD0				= BEB3, G: MK2
_P_KILLME			= BEB4, G: MK2
_P_JMP_CT			= BEB5, G: MK2
_N_PANT				= BEB6, G: MK2
_P_JMP_ON			= BEB7, G: MK2
_O_PANT				= BEB8, G: MK2
_P_LIFE				= BEB9, G: MK2
_HITTER_X			= BEBA, G: MK2
_HITTER_Y			= BEBB, G: MK2
_ENIT				= BEBC, G: MK2
_P_SAFE_X			= BEBD, G: MK2
_P_SAFE_Y			= BEBE, G: MK2
_JOYFUNC			= BEBF, G: MK2
_GPCX				= BEC1, G: MK2
_P_OBJS				= BEC2, G: MK2
_P_GOTTEN			= BEC3, G: MK2
_FZX1				= BEC4, G: MK2
_FZX2				= BEC5, G: MK2
_FZY1				= BEC6, G: MK2
_FZY2				= BEC7, G: MK2
_GPCY				= BEC8, G: MK2
_GPIT				= BEC9, G: MK2
_EN_AN_VX			= BECA, G: MK2
_P_KEYS				= BECD, G: MK2
_EN_AN_VY			= BECE, G: MK2
_GPJT				= BED1, G: MK2
_PLAYING			= BED2, G: MK2
_SC_C				= BED3, G: MK2
_MAIN_SCRIPT_OFFSET		= BED4, G: MK2
_KEYP				= BED6, G: MK2
_SC_M				= BED7, G: MK2
_SC_N				= BED8, G: MK2
_KEYS				= BED9, G: MK2
_LEVEL_AC			= BEE3, G: MK2
_EXTI				= BEE4, G: MK2
_SC_X				= BEE5, G: MK2
_SC_Y				= BEE6, G: MK2
_P_VX				= BEE7, G: MK2
_P_VY				= BEE8, G: MK2
_GPXX				= BEE9, G: MK2
_GPYY				= BEEA, G: MK2
_OBJS_OLD			= BEEB, G: MK2
_EXTX				= BEEC, G: MK2
_EXTY				= BEED, G: MK2
_MAINCOUNTER			= BEEE, G: MK2
_PTX1				= BEEF, G: MK2
_PTX2				= BEF0, G: MK2
_PTY1				= BEF1, G: MK2
_PTY2				= BEF2, G: MK2
_FLAG_OLD			= BEF3, G: MK2
_F_ZONE_AC			= BEF4, G: MK2
_AT1				= BEF5, G: MK2
_AT2				= BEF6, G: MK2
_ACTION_PRESSED			= BEF7, G: MK2
__EN_LIFE			= BEF8, G: MK2
_CX1				= BEF9, G: MK2
_CX2				= BEFA, G: MK2
_CY1				= BEFB, G: MK2
_CY2				= BEFC, G: MK2
_ENEMY_SHOOTS			= BEFD, G: MK2
_P_SUBFRAME			= BEFE, G: MK2
_P_STATE_CT			= BEFF, G: MK2
_ANIMATE			= BF00, G: MK2
_NEXT_SCRIPT			= BF01, G: MK2
_GPC				= BF03, G: MK2
_GPD				= BF04, G: MK2
_COCO_X0			= BF05, G: MK2
_P_G				= BF06, G: MK2
_EN_AN_X			= BF07, G: MK2
_EN_AN_Y			= BF0D, G: MK2
_HIT				= BF13, G: MK2
_CTX				= BF14, G: MK2
_GPS				= BF15, G: MK2
_GPT				= BF16, G: MK2
_RDA				= BF17, G: MK2
_P_X				= BF18, G: MK2
_AD_FREE			= BF1A, G: MK2
_P_Y				= C29E, G: MK2
_GPX				= C2A0, G: MK2
_GPY				= C2A1, G: MK2
_RDB				= C2A2, G: MK2
_RDX				= C2A3, G: MK2
_RDY				= C2A4, G: MK2
_WALL_H				= C2A5, G: MK2
_STEPBYSTEP			= C2A6, G: MK2
_CTY				= C2A7, G: MK2
_COCO_VX			= C2A8, G: MK2
_ENOFFSMASI			= C2AB, G: MK2
_COCO_VY			= C2AC, G: MK2
_COCO_IT			= C2AF, G: MK2
_KEYS_OLD			= C2B0, G: MK2
_WALL_V				= C2B1, G: MK2
_TOCADO				= C2B2, G: MK2
_X_PANT				= C2B3, G: MK2
_IS_RENDERING			= C2B4, G: MK2
_P_FACING_H			= C2B5, G: MK2
_Y_PANT				= C2B6, G: MK2
__BADDIES_POINTER		= C2B7, G: MK2
_P_FACING_V			= C2B9, G: MK2
_POSSEE				= C2BA, G: MK2
_ORIG_TILE			= C2BB, G: MK2
_HITTER_FRAME			= C2BC, G: MK2
_SUCCESS			= C2BD, G: MK2
_EN_AN_COUNT			= C2BE, G: MK2
_P_DISPARANDO			= C2C1, G: MK2
_P_SAFE_PANT			= C2C2, G: MK2
L_AND				= C2C3, G: L_AND
L_ASL				= C2CA, G: L_ASL
L_ASL1				= C2CB, L: L_ASL
L_ASR				= C2D1, G: L_ASR
L_ASR1				= C2D2, L: L_ASR
L_ASR_U				= C2DB, G: L_ASR_U
L_ASR_U_1			= C2DC, L: L_ASR_U
L_COM				= C2E5, G: L_COM
L_DIV				= C2EC, G: L_DIV
L_DIV0				= C2FC, L: L_DIV
L_DIV01				= C308, L: L_DIV
DOSIGN				= C319, L: L_DIV
L_DIV_U				= C320, G: L_DIV_U
ENTRY				= C324, L: L_DIV_U
L_DIV1				= C32B, L: L_DIV_U
L_DIV2				= C335, L: L_DIV_U
L_EQ				= C33F, G: L_EQ
L_GCHAR				= C346, G: L_GCHAR
L_SXT				= C347, L: L_GCHAR
L_GE				= C34C, G: L_GE
L_GINT				= C35A, G: L_GINT
L_GINTSPSP			= C35F, G: L_GINTSPSP
L_GT				= C368, G: L_GT
L_LE				= C374, G: L_LE
L_LNEG				= C382, G: L_LNEG
L_LT				= C387, G: L_LT
L_MULT				= C393, G: L_MULT
L_MULT1				= C39A, L: L_MULT
L_MULT2				= C3A1, L: L_MULT
L_NE				= C3A4, G: L_NE
L_NEG				= C3AB, G: L_NEG
L_OR				= C3B3, G: L_OR
L_PINT				= C3BA, G: L_PINT
L_SXT				= C3C0, G: L_SXT
L_UGE				= C3C5, G: L_UGE
L_UGT				= C3CD, G: L_UGT
L_ULE				= C3D3, G: L_ULE
L_ULT				= C3DB, G: L_ULT
L_XOR				= C3E1, G: L_XOR
SPCOMPDLISTADDR			= C3E8, G: SPCOMPDLISTADDR
SPDISPLAYLIST			= C3F9, G: SPDISPLAYLIST
SPINVALIDATE			= CFF9, G: SPINVALIDATE
SPINVALIDATEP			= D001, G: SPINVALIDATE
NOINC1				= D01A, L: SPINVALIDATE
INVCOLLP			= D01E, L: SPINVALIDATE
NOINC2				= D02D, L: SPINVALIDATE
INVFULLCHAR			= D031, L: SPINVALIDATE
INVROWLP			= D033, L: SPINVALIDATE
NOINC3				= D03E, L: SPINVALIDATE
SPBITLEFT2MASK			= D04C, G: SPBITLEFT2MASK
SPBITRIGHT2MASK			= D054, G: SPBITRIGHT2MASK
SPCOMPDIRTYADDR			= D05C, G: SPCOMPDIRTYADDR
SPDIRTYCHARS			= D071, G: SPDIRTYCHARS
SPINTRECT			= D0D1, G: SPINTRECT
SPINTSMALLIVAL			= D102, G: SPINTRECT
TRYOTHERWAY			= D116, L: SPINTRECT
SPPTINSMALLIVAL			= D127, G: SPINTRECT
BROKEN				= D133, L: SPINTRECT
SPMOVESPRABS			= D13C, G: SPMOVESPRABS
SPMOVESPRABSNC			= D14A, G: SPMOVESPRABS
ADJLOOP				= D155, L: SPMOVESPRABS
SPMOVESPRABSC			= D163, G: SPMOVESPRABS
YINSCREEN			= D17B, L: SPMOVESPRABS
XINSCREEN			= D18B, L: SPMOVESPRABS
MVCOLLOOP			= D1A2, L: SPMOVESPRABS
MVROWLOOP			= D1A8, L: SPMOVESPRABS
NOTDONE				= D1B2, L: SPMOVESPRABS
NOINC1				= D1CA, L: SPMOVESPRABS
NOTINDLIST			= D1DE, L: SPMOVESPRABS
NONEXT1				= D1DE, L: SPMOVESPRABS
PDLOOP				= D1FB, L: SPMOVESPRABS
NOINC2				= D203, L: SPMOVESPRABS
PUTHERE				= D215, L: SPMOVESPRABS
NOINC3				= D224, L: SPMOVESPRABS
NODEC1				= D232, L: SPMOVESPRABS
NOINC4				= D23E, L: SPMOVESPRABS
NOTDISPLAYED			= D24B, L: SPMOVESPRABS
NONEXT2				= D24B, L: SPMOVESPRABS
INVALIDATE			= D266, L: SPMOVESPRABS
COMPUTEDISP			= D275, L: SPMOVESPRABS
NOTNEGATIVE			= D293, L: SPMOVESPRABS
ADJUSTGRAPHICS			= D298, L: SPMOVESPRABS
NOINC5				= D2A4, L: SPMOVESPRABS
SKIP1				= D2B4, L: SPMOVESPRABS
SKIP2				= D2C4, L: SPMOVESPRABS
SPNULLSPRPTR			= D2C7, G: SPNULLSPRPTR
SPPRINTATINV			= D2D7, G: SPPRINTATINV
SPBIT2MASK			= D2EF, G: SPBIT2MASK
SPTBLLOOKUP			= D2F7, G: SPTBLLOOKUP
NOINC				= D2FD, L: SPTBLLOOKUP
SP_ADDCOLSPR			= D2FF, G: SP_ADDCOLSPR
SPADDCOLSPR			= D31E, G: SPADDCOLSPR
ACNOCRY				= D329, L: SPADDCOLSPR
ACLOOP				= D33A, L: SPADDCOLSPR
NOINC1				= D376, L: SPADDCOLSPR
ACNOCRY3			= D38A, L: SPADDCOLSPR
ACFAIL				= D3B7, L: SPADDCOLSPR
JPHL				= D3C8, L: SPADDCOLSPR
SPDELETESPR			= D3C9, G: SPDELETESPR
LOOP				= D3CD, L: SPDELETESPR
SPDSLOOP			= D3DA, G: SPDELETESPR
JPHL				= D3E2, L: SPDELETESPR
SP_ADDMEMORY			= D3E3, G: SP_ADDMEMORY
SPADDMEMORY			= D3FC, G: SPADDMEMORY
IB1				= D404, L: SPADDMEMORY
IB2				= D40B, L: SPADDMEMORY
SPFREEBLOCK			= D418, G: SPFREEBLOCK
SPFB1				= D41D, G: SPFREEBLOCK
SPFB2				= D428, G: SPFREEBLOCK
SPQUEUETABLE			= D433, G: SPQUEUETABLE
SP_BLOCKALLOC			= D435, G: SP_BLOCKALLOC
SPBLOCKALLOC			= D443, G: SPBLOCKALLOC
SPALLOC				= D44D, G: SPBLOCKALLOC
SP_BORDER			= D45E, G: SP_BORDER
SPBORDERCLR			= D467, G: SPBORDER
SPBORDER			= D468, G: SPBORDER
SP_CREATEGENERICISR		= D470, G: SP_CREATEGENERICISR
SPCREATEGENERICISR		= D479, G: SPCREATEGENERICISR
GENERICISR			= D482, L: SPCREATEGENERICISR
POSITION			= D485, L: SPCREATEGENERICISR
PUSHREG				= D48E, L: SPCREATEGENERICISR
JPHL				= D49D, L: SPCREATEGENERICISR
RUNHOOKS			= D49E, L: SPCREATEGENERICISR
POPREG				= D4B0, L: SPCREATEGENERICISR
SP_CREATESPR			= D4C1, G: SP_CREATESPR
SPCREATESPR			= D4DE, G: SPCREATESPR
CSLOOP				= D52F, L: SPCREATESPR
CSENTER				= D543, L: SPCREATESPR
NOTCOMPRESS			= D555, L: SPCREATESPR
CONT				= D55A, L: SPCREATESPR
CSNOCRY				= D571, L: SPCREATESPR
CSFAIL1				= D57B, L: SPCREATESPR
CSFAIL2				= D57D, L: SPCREATESPR
JPHL				= D586, L: SPCREATESPR
SP_FREEBLOCK			= D587, G: SP_FREEBLOCK
SP_GETKEY			= D592, G: SP_GETKEY
KEYOK				= D598, L: SP_GETKEY
STATE				= D59D, L: SPGETKEY
COUNT				= D59E, L: SPGETKEY
SPKEYDEBOUNCE			= D59F, G: SPGETKEY
SPKEYSTARTREPEAT		= D5A0, G: SPGETKEY
SPKEYREPEATPERIOD		= D5A1, G: SPGETKEY
SPINKEY				= D5A2, G: SPGETKEY
SPGETKEY			= D5B3, G: SPGETKEY
SCANLOOP			= D5BA, L: SPGETKEY
KEYROWLOOP			= D5BE, L: SPGETKEY
NOPRESS				= D5CE, L: SPGETKEY
NEXTSCANROW			= D5D3, L: SPGETKEY
ATMAXCOUNT			= D5E4, L: SPGETKEY
SKIP				= D5FB, L: SPGETKEY
NOCAPS				= D611, L: SPGETKEY
NOSYM				= D61C, L: SPGETKEY
TOOMANYKEYS			= D61F, L: SPGETKEY
NOKEYS				= D61F, L: SPGETKEY
SPKEYTRANSTBL			= D627, G: SPKEYTRANSTBL
SP_INITIALIZE			= D6C7, G: SP_INITIALIZE
SPINITIALIZE			= D6D3, G: SPINITIALIZE
ROTTBLLP			= D6F9, L: SPINITIALIZE
ENTRYLP				= D700, L: SPINITIALIZE
ROTLP				= D703, L: SPINITIALIZE
LOOP				= D71C, L: SPINITIALIZE
CONT1				= D724, L: SPINITIALIZE
NOADD				= D72E, L: SPINITIALIZE
USERTILE			= D731, L: SPINITIALIZE
SPTILEARRAY			= D736, G: SPTILEARRAY
SP_INITIM2			= D936, G: SP_INITIM2
SPINITIM2			= D941, G: SPINITIM2
SP_JOYKEMPSTON			= D957, G: SP_JOYKEMPSTON
SPJOYKEMPSTON			= D95E, G: SPJOYKEMPSTON
KEMPTBL				= D969, L: SPJOYKEMPSTON
SP_JOYKEYBOARD			= D989, G: SP_JOYKEYBOARD
SPJOYKEYBOARD			= D997, G: SPJOYKEYBOARD
NOFIRE				= D9A4, L: SPJOYKEYBOARD
JKLOOP				= D9A4, L: SPJOYKEYBOARD
NOPRESS				= D9AF, L: SPJOYKEYBOARD
SP_JOYSINCLAIR1			= D9B6, G: SP_JOYSINCLAIR1
SPJOYSINCLAIR1			= D9BD, G: SPJOYSINCLAIR1
SINC1TBL			= D9C9, L: SPJOYSINCLAIR1
SP_KEYPRESSED			= D9E9, G: SP_KEYPRESSED
SPKEYPRESSED			= D9F9, G: SPKEYPRESSED
NOCAPS				= DA05, L: SPKEYPRESSED
NOSYM				= DA11, L: SPKEYPRESSED
SP_REGISTERHOOK			= DA1D, G: SP_REGISTERHOOK
SP_REGISTERHOOKLAST		= DA33, G: SP_REGISTERHOOKLAST
SPREGISTERHOOKLAST		= DA42, G: SPREGISTERHOOKLAST
SPREGISTERHOOK			= DA42, G: SPREGISTERHOOKLAST
LOOP				= DA4B, L: SPREGISTERHOOKLAST
DONE				= DA56, L: SPREGISTERHOOKLAST
SP_TILEARRAY			= DA5F, G: SP_TILEARRAY
SPTILEENTRY			= DA6D, G: SPTILEENTRY
NOINC				= DA76, L: SPTILEENTRY
SP_UPDATENOW			= DA7E, G: SP_UPDATENOW
TEMPGRAPHIC			= DA84, L: SPUPDATENOW
TEMPCOLOUR			= DA8C, L: SPUPDATENOW
UPDATE_ATTRS			= DA8D, G: SPUPDATENOW
DOSPRITES			= DA8E, L: SPUPDATENOW
SPUPDATENOW			= DA8F, G: SPUPDATENOW
DIRTYLOOP			= DA9B, L: SPUPDATENOW
NOTACROSSBLK1			= DAAB, L: SPUPDATENOW
REENTER				= DAB3, L: SPUPDATENOW
NOINC1				= DAB3, L: SPUPDATENOW
DIRTYAREA			= DAC1, L: SPUPDATENOW
NOTACROSSBLK2			= DAFB, L: SPUPDATENOW
TILEONLY			= DB02, L: SPUPDATENOW
NOINC11				= DB0D, L: SPUPDATENOW
DRAWCHAR			= DB31, L: SPUPDATENOW
NOTLOAD				= DB5F, L: SPUPDATENOW
NOINC10				= DB6A, L: SPUPDATENOW
SPRITELOOP			= DB7F, L: SPUPDATENOW
DOSPRITE			= DB83, L: SPUPDATENOW
COLOURSPRITE			= DC94, L: SPUPDATENOW
SKIP_SPRITE_UPDATE		= DC95, L: SPUPDATENOW
CLEAR				= DC96, L: SPUPDATENOW
COPYBUFFER			= DCA1, L: SPUPDATENOW
NOMORESPRITES			= DCC3, L: SPUPDATENOW
SKIPUPDATECOL			= DCCE, L: SPUPDATENOW
MASKNOROTATE			= DCD1, L: SPUPDATENOW
LOADTYPE			= DD1C, L: SPUPDATENOW
LOADNOROTATE			= DD8A, L: SPUPDATENOW
XORTYPE				= DDA9, L: SPUPDATENOW
XORNOROTATE			= DE2F, L: SPUPDATENOW
ORTYPE				= DE61, L: SPUPDATENOW
ORNOROTATE			= DEE7, L: SPUPDATENOW
SP_UPDATENOWEX			= DF19, G: SP_UPDATENOWEX
SP_WAITFORNOKEY			= DF22, G: SP_WAITFORNOKEY
SPWAITFORNOKEY			= DF26, G: SPWAITFORNOKEY
