ACFAIL				= D1F8, L: SPADDCOLSPR
ACLOOP				= D17B, L: SPADDCOLSPR
ACNOCRY				= D16A, L: SPADDCOLSPR
ACNOCRY3			= D1CB, L: SPADDCOLSPR
ADJLOOP				= CF96, L: SPMOVESPRABS
ADJUSTGRAPHICS			= D0D9, L: SPMOVESPRABS
APBRANCH1			= 5EE0, L: MK2
APBRANCH2			= 5F23, L: MK2
APBRANCH3			= 5F0F, L: MK2
APBRANCH4			= 5F06, L: MK2
APGET4BITS			= 5EF8, L: MK2
APLOOP				= 5EE5, L: MK2
APLOOP0				= 5EE2, L: MK2
APSKIP2				= 5F42, L: MK2
APSKIP3				= 5F4B, L: MK2
APWRITEBYTE			= 5F02, L: MK2
AP_FINISHUP			= 5F4E, L: MK2
AP_FINISHUP2			= 5F51, L: MK2
AP_GETBIT			= 5F64, L: MK2
AP_GETGAMMA			= 5F70, L: MK2
AP_GETGAMMALOOP			= 5F73, L: MK2
AP_R0_GAMMA			= 5F58, L: MK2
ATMAXCOUNT			= D425, L: SPGETKEY
BAL1				= 8233, L: MK2
BROKEN				= CF74, L: SPINTRECT
CLEAR				= DAD7, L: SPUPDATENOW
COLOURSPRITE			= DAD5, L: SPUPDATENOW
COMPUTEDISP			= D0B6, L: SPMOVESPRABS
CONT				= D39B, L: SPCREATESPR
CONT1				= D565, L: SPINITIALIZE
COPYBUFFER			= DAE2, L: SPUPDATENOW
COUNT				= D3DF, L: SPGETKEY
CSENTER				= D384, L: SPCREATESPR
CSFAIL1				= D3BC, L: SPCREATESPR
CSFAIL2				= D3BE, L: SPCREATESPR
CSLOOP				= D370, L: SPCREATESPR
CSNOCRY				= D3B2, L: SPCREATESPR
DEPACK				= 5EDD, L: MK2
DIRTYAREA			= D902, L: SPUPDATENOW
DIRTYLOOP			= D8DC, L: SPUPDATENOW
DONE				= D897, L: SPREGISTERHOOKLAST
DOSIGN				= C15A, L: L_DIV
DOSPRITE			= D9C4, L: SPUPDATENOW
DOSPRITES			= D8CF, L: SPUPDATENOW
DRAWCHAR			= D972, L: SPUPDATENOW
DRAW_SCR_BACKGROUND_NEW_BYTE	= AE3F, L: MK2
DRAW_SCR_BACKGROUND_SET_T	= AE52, L: MK2
ENEMS_LOOP_CONTINUE_A		= AD43, L: MK2
ENTRY				= C165, L: L_DIV_U
ENTRYLP				= D541, L: SPINITIALIZE
FADE_OUT_BUCLE			= 832A, L: MK2
FADE_OUT_EXTERN			= 8323, L: MK2
FBSD_BUCLE			= 85C2, L: MK2
FBSD_ESCAPED			= 85B5, L: MK2
FBSD_FIN			= 85D0, L: MK2
FBSD_GETBIT			= 85CA, L: MK2
FBSD_MAINB			= 859F, L: MK2
FBSD_STOR			= 85AD, L: MK2
FBSD_STOR2			= 85BD, L: MK2
FBSD_UNPACKC			= 85C0, L: MK2
FSCLIPSTRUCT			= 5EB7, L: MK2
GENERICISR			= D2C3, L: SPCREATEGENERICISR
HIDE_SPRITES_COCOS_LOOP		= B311, L: MK2
HIDE_SPRITES_ENEMS_LOOP		= B2E6, L: MK2
IB1				= D245, L: SPADDMEMORY
IB2				= D24C, L: SPADDMEMORY
INK_DONE			= 8331, L: MK2
INVALIDATE			= D0A7, L: SPMOVESPRABS
INVCOLLP			= CE5F, L: SPINVALIDATE
INVFULLCHAR			= CE72, L: SPINVALIDATE
INVROWLP			= CE74, L: SPINVALIDATE
I_1				= BB4E, L: MK2
I_100				= 8B0C, L: MK2
I_101				= 8B2B, L: MK2
I_102				= 8B56, L: MK2
I_103				= 8B93, L: MK2
I_104				= 8BA7, L: MK2
I_105				= 8BBE, L: MK2
I_106				= 8BE5, L: MK2
I_107				= 8C13, L: MK2
I_108				= 8C45, L: MK2
I_109				= 8C65, L: MK2
I_110				= 8C85, L: MK2
I_111				= 8C9E, L: MK2
I_112				= 8CB2, L: MK2
I_113				= 8CC9, L: MK2
I_114				= 8D2B, L: MK2
I_115				= 8CCE, L: MK2
I_116				= 8D28, L: MK2
I_117				= 8D2E, L: MK2
I_118				= 8D3B, L: MK2
I_119				= 8D62, L: MK2
I_120				= 8D87, L: MK2
I_121				= 8D92, L: MK2
I_122				= 8D98, L: MK2
I_123				= 8DA5, L: MK2
I_124				= 8DAE, L: MK2
I_125				= 8DBF, L: MK2
I_126				= 8DC2, L: MK2
I_127				= 8DDD, L: MK2
I_128				= 8DEF, L: MK2
I_129				= 8DF2, L: MK2
I_130				= 8DFA, L: MK2
I_131				= 8E05, L: MK2
I_132				= 8E05, L: MK2
I_133				= 8E62, L: MK2
I_134				= 8E65, L: MK2
I_135				= 8E99, L: MK2
I_136				= 8EE0, L: MK2
I_137				= 8EC9, L: MK2
I_138_I_137			= 8ECC, L: MK2
I_139				= 8EDD, L: MK2
I_140				= 8F3E, L: MK2
I_141				= 8F3E, L: MK2
I_142				= 8EF2, L: MK2
I_143_I_142			= 8EF5, L: MK2
I_144				= 8F3E, L: MK2
I_145				= 8F38, L: MK2
I_146_I_145			= 8F3B, L: MK2
I_149				= 90EB, L: MK2
I_150				= 93D8, L: MK2
I_151				= 93CE, L: MK2
I_152_I_151			= 93D1, L: MK2
I_153				= 9430, L: MK2
I_154				= 94A5, L: MK2
I_155				= 9439, L: MK2
I_156				= 94A2, L: MK2
I_157				= 949B, L: MK2
I_158				= 94A2, L: MK2
I_159				= 9521, L: MK2
I_161				= 960A, L: MK2
I_162				= 97F6, L: MK2
I_163				= 971E, L: MK2
I_164				= 979B, L: MK2
I_165				= 9784, L: MK2
I_166				= 977E, L: MK2
I_167_I_166			= 9781, L: MK2
I_168				= 9798, L: MK2
I_169				= 991D, L: MK2
I_170				= 98A4, L: MK2
I_171				= 986E, L: MK2
I_172				= 9871, L: MK2
I_173				= 98A4, L: MK2
I_174				= 98CF, L: MK2
I_175				= 98CF, L: MK2
I_176				= 991D, L: MK2
I_177				= 98FB, L: MK2
I_179				= 991D, L: MK2
I_180				= 9937, L: MK2
I_181				= 994A, L: MK2
I_182				= 9A27, L: MK2
I_183				= 9A2A, L: MK2
I_184				= 9A94, L: MK2
I_186				= 9AAF, L: MK2
I_187				= 9AB2, L: MK2
I_188				= 9AE2, L: MK2
I_189				= 9AE2, L: MK2
I_19				= 82DB, L: MK2
I_190				= 9BAE, L: MK2
I_191				= 9B23, L: MK2
I_192				= 9B10, L: MK2
I_193				= 9B0E, L: MK2
I_195_I_192			= 9B13, L: MK2
I_196				= 9B90, L: MK2
I_197				= 9B38, L: MK2
I_198_I_197			= 9B3B, L: MK2
I_199				= 9B7C, L: MK2
I_20				= 8361, L: MK2
I_200				= 9B90, L: MK2
I_201				= 9BAE, L: MK2
I_202				= 9C3F, L: MK2
I_203				= 9C12, L: MK2
I_204				= 9C07, L: MK2
I_205				= 9C0A, L: MK2
I_206				= 9C3F, L: MK2
I_207				= 9C34, L: MK2
I_208				= 9C37, L: MK2
I_209				= 9C70, L: MK2
I_21				= 837F, L: MK2
I_210				= 9C73, L: MK2
I_211				= 9CF5, L: MK2
I_212				= 9CBE, L: MK2
I_213				= 9CBB, L: MK2
I_214				= 9CF5, L: MK2
I_215				= 9CF5, L: MK2
I_216				= 9CF5, L: MK2
I_217				= 9D25, L: MK2
I_218				= 9D25, L: MK2
I_219				= 9D57, L: MK2
I_22				= 8378, L: MK2
I_220				= 9D57, L: MK2
I_221				= 9D7C, L: MK2
I_222				= 9D8A, L: MK2
I_223				= 9D9D, L: MK2
I_224				= 9E91, L: MK2
I_225				= 9E68, L: MK2
I_226_I_225			= 9E6B, L: MK2
I_227				= 9E91, L: MK2
I_228				= 9EAF, L: MK2
I_229				= 9F22, L: MK2
I_23				= 837F, L: MK2
I_230				= 9F1C, L: MK2
I_231				= 9F51, L: MK2
I_232				= 9F78, L: MK2
I_233				= 9F78, L: MK2
I_234				= 9F9B, L: MK2
I_235				= 9F9B, L: MK2
I_236				= 9F91, L: MK2
I_237_I_236			= 9F94, L: MK2
I_238				= 9FCC, L: MK2
I_239				= 9FB0, L: MK2
I_24				= 8391, L: MK2
I_240_I_239			= 9FB3, L: MK2
I_241				= A03C, L: MK2
I_242				= 9FFE, L: MK2
I_243				= A03C, L: MK2
I_244				= A023, L: MK2
I_245				= A092, L: MK2
I_246				= A0B3, L: MK2
I_247				= A092, L: MK2
I_248				= A1C9, L: MK2
I_249				= A1C9, L: MK2
I_249_UGE			= A10E, L: MK2
I_25				= 8396, L: MK2
I_250				= A16B, L: MK2
I_251				= A1C9, L: MK2
I_252				= A1D4, L: MK2
I_253				= A2DE, L: MK2
I_254				= A1D9, L: MK2
I_255				= A2DB, L: MK2
I_256				= A25D, L: MK2
I_257				= A252, L: MK2
I_259				= A2B8, L: MK2
I_26				= 83B4, L: MK2
I_260				= A2B8, L: MK2
I_261				= A2FB, L: MK2
I_262				= A300, L: MK2
I_263				= A352, L: MK2
I_264				= A355, L: MK2
I_265				= A374, L: MK2
I_266				= A379, L: MK2
I_267				= A3CB, L: MK2
I_268				= A3CE, L: MK2
I_269				= A422, L: MK2
I_27				= 83BE, L: MK2
I_270				= A63F, L: MK2
I_271				= A434, L: MK2
I_272				= A63F, L: MK2
I_273				= A439, L: MK2
I_274				= A63C, L: MK2
I_275				= A4E6, L: MK2
I_276_I_275			= A4E9, L: MK2
I_278				= A63C, L: MK2
I_279				= A508, L: MK2
I_28				= 8397, L: MK2
I_280				= A516, L: MK2
I_281				= A602, L: MK2
I_282				= A63C, L: MK2
I_283				= A6C9, L: MK2
I_284				= AD7D, L: MK2
I_285				= A6D3, L: MK2
I_286				= A764, L: MK2
I_287				= AD43, L: MK2
I_288				= A7C4, L: MK2
I_289				= A7A2, L: MK2
I_29				= 83B4, L: MK2
I_290				= A7C1, L: MK2
I_291				= AD43, L: MK2
I_292				= A7D7, L: MK2
I_293				= A7DE, L: MK2
I_294				= A81D, L: MK2
I_296				= AB19, L: MK2
I_297				= A822, L: MK2
I_298				= A83A, L: MK2
I_299				= A841, L: MK2
I_30				= 83AE, L: MK2
I_300				= A8BC, L: MK2
I_301				= A8B4, L: MK2
I_302				= A8B7, L: MK2
I_303				= A8BF, L: MK2
I_304				= AAB2, L: MK2
I_305				= AAF2, L: MK2
I_306				= AB02, L: MK2
I_307				= AB05, L: MK2
I_308				= AD43, L: MK2
I_309				= ABB8, L: MK2
I_310				= AB4B, L: MK2
I_311				= AB8B, L: MK2
I_312				= AB6F, L: MK2
I_313				= AB85, L: MK2
I_314				= AC37, L: MK2
I_315				= ABCD, L: MK2
I_316_I_315			= ABD0, L: MK2
I_317				= ABE3, L: MK2
I_318				= ABE6, L: MK2
I_319				= AC37, L: MK2
I_31_I_30			= 83B1, L: MK2
I_32				= 83C7, L: MK2
I_320				= AC24, L: MK2
I_321_I_320			= AC27, L: MK2
I_322				= AD43, L: MK2
I_323				= AD2E, L: MK2
I_324				= AD43, L: MK2
I_325				= AD43, L: MK2
I_326				= AEE1, L: MK2
I_327				= AEE4, L: MK2
I_328				= AF64, L: MK2
I_329				= AF8C, L: MK2
I_33				= 84AA, L: MK2
I_330				= AFBC, L: MK2
I_331				= AFEC, L: MK2
I_332				= B0A2, L: MK2
I_333				= B045, L: MK2
I_334				= B0A2, L: MK2
I_335				= B04A, L: MK2
I_336				= B065, L: MK2
I_337				= B09F, L: MK2
I_338				= B072, L: MK2
I_339				= B153, L: MK2
I_34				= 8485, L: MK2
I_340				= B153, L: MK2
I_341				= B153, L: MK2
I_342				= B113, L: MK2
I_343				= B153, L: MK2
I_344				= B120, L: MK2
I_345				= B179, L: MK2
I_346				= B172, L: MK2
I_347_I_346			= B175, L: MK2
I_348				= B17D, L: MK2
I_349				= B1C6, L: MK2
I_35				= 83DD, L: MK2
I_350				= B1A7, L: MK2
I_351_I_350			= B1AA, L: MK2
I_352				= B20D, L: MK2
I_353				= B20D, L: MK2
I_354				= B1F4, L: MK2
I_355_I_354			= B1F7, L: MK2
I_356				= B277, L: MK2
I_357				= B236, L: MK2
I_358_I_357			= B239, L: MK2
I_359				= B274, L: MK2
I_360				= B2C4, L: MK2
I_361				= B2C4, L: MK2
I_362				= B2A5, L: MK2
I_363_I_362			= B2A8, L: MK2
I_364				= B2E5, L: MK2
I_365				= B3C8, L: MK2
I_366				= B3D2, L: MK2
I_367				= B3AA, L: MK2
I_368				= B425, L: MK2
I_369				= B4C3, L: MK2
I_37				= 83F7, L: MK2
I_370				= B42A, L: MK2
I_371				= B4FE, L: MK2
I_372				= B55C, L: MK2
I_373				= B503, L: MK2
I_374				= B563, L: MK2
I_375				= BB4D, L: MK2
I_376				= B5B4, L: MK2
I_377				= BB47, L: MK2
I_378				= B611, L: MK2
I_379				= B63C, L: MK2
I_38				= 83FA, L: MK2
I_380				= B67C, L: MK2
I_381				= B69C, L: MK2
I_382				= B681, L: MK2
I_383				= B6B0, L: MK2
I_384				= BAAE, L: MK2
I_385				= B6E9, L: MK2
I_386				= B6E9, L: MK2
I_387				= B711, L: MK2
I_388				= B721, L: MK2
I_389				= B77D, L: MK2
I_39				= 84A7, L: MK2
I_390				= B73F, L: MK2
I_392				= B79A, L: MK2
I_393				= B7AA, L: MK2
I_394				= B851, L: MK2
I_395				= B7AF, L: MK2
I_396				= B82C, L: MK2
I_397				= B84E, L: MK2
I_398				= B851, L: MK2
I_399				= B864, L: MK2
I_40				= 8496, L: MK2
I_400				= B896, L: MK2
I_401				= B896, L: MK2
I_402				= B8B0, L: MK2
I_403				= B8B0, L: MK2
I_404				= B940, L: MK2
I_406				= B940, L: MK2
I_407				= B912, L: MK2
I_408				= B920, L: MK2
I_409				= B92E, L: MK2
I_41				= 84A7, L: MK2
I_410				= B98E, L: MK2
I_411				= B994, L: MK2
I_412				= B9C7, L: MK2
I_413				= B9B7, L: MK2
I_414				= B9C4, L: MK2
I_415				= B9DB, L: MK2
I_416				= BA4E, L: MK2
I_417				= B9F4, L: MK2
I_417_I_418			= B9FB, L: MK2
I_418				= B9F6, L: MK2
I_419				= BA3A, L: MK2
I_42				= 84A7, L: MK2
I_420				= BA14, L: MK2
I_420_I_421			= BA1B, L: MK2
I_421				= BA16, L: MK2
I_422				= BA30, L: MK2
I_423				= BA33, L: MK2
I_424				= BA3D, L: MK2
I_425				= BA79, L: MK2
I_426				= BA62, L: MK2
I_427				= BA65, L: MK2
I_428				= BA72, L: MK2
I_430				= BA94, L: MK2
I_431				= BAA8, L: MK2
I_433				= BB44, L: MK2
I_434				= BAC1, L: MK2
I_435				= BAD9, L: MK2
I_436				= BAF2, L: MK2
I_437				= BB0B, L: MK2
I_438				= BB1A, L: MK2
I_44				= 8579, L: MK2
I_45				= 84CE, L: MK2
I_46				= 8578, L: MK2
I_47				= 84D3, L: MK2
I_48				= 84EA, L: MK2
I_49				= 856C, L: MK2
I_50				= 84EF, L: MK2
I_51				= 8569, L: MK2
I_52				= 8683, L: MK2
I_53				= 8635, L: MK2
I_54				= 865D, L: MK2
I_55				= 863F, L: MK2
I_56				= 868A, L: MK2
I_57				= 869C, L: MK2
I_58				= 8750, L: MK2
I_59				= 86CD, L: MK2
I_60				= 8700, L: MK2
I_61				= 8700, L: MK2
I_62				= 872D, L: MK2
I_63				= 8723, L: MK2
I_64				= 871A, L: MK2
I_65_I_64			= 871D, L: MK2
I_66				= 8746, L: MK2
I_67				= 8743, L: MK2
I_68				= 874D, L: MK2
I_69				= 875B, L: MK2
I_70				= 8763, L: MK2
I_71				= 8813, L: MK2
I_72				= 881E, L: MK2
I_73				= 8E78, L: MK2
I_74				= 884B, L: MK2
I_75				= 8A30, L: MK2
I_77				= 8A2D, L: MK2
I_78				= 8859, L: MK2
I_79				= 888A, L: MK2
I_80				= 88AF, L: MK2
I_81				= 88D4, L: MK2
I_82				= 88F9, L: MK2
I_83				= 891E, L: MK2
I_84				= 899E, L: MK2
I_85				= 89A1, L: MK2
I_86				= 89B2, L: MK2
I_87				= 89F3, L: MK2
I_88				= 89F6, L: MK2
I_89				= 8A07, L: MK2
I_90				= 8A1E, L: MK2
I_91				= 8A21, L: MK2
I_92				= 8E6F, L: MK2
I_93				= 8A3E, L: MK2
I_94				= 8E6F, L: MK2
I_96				= 8E6C, L: MK2
I_97				= 8A4C, L: MK2
I_98				= 8AD7, L: MK2
I_99				= 8AF0, L: MK2
JKLOOP				= D7E5, L: SPJOYKEYBOARD
JPHL				= D3C7, L: SPCREATESPR
JPHL				= D2DE, L: SPCREATEGENERICISR
JPHL				= D223, L: SPDELETESPR
JPHL				= D209, L: SPADDCOLSPR
KEEPGOING			= 5ED4, L: MK2
KEMPTBL				= D7AA, L: SPJOYKEMPSTON
KEYOK				= D3D9, L: SP_GETKEY
KEYROWLOOP			= D3FF, L: SPGETKEY
LOADNOROTATE			= DBCB, L: SPUPDATENOW
LOADTYPE			= DB5D, L: SPUPDATENOW
LOOP				= D88C, L: SPREGISTERHOOKLAST
LOOP				= D55D, L: SPINITIALIZE
LOOP				= D20E, L: SPDELETESPR
L_AND				= C104, G: L_AND
L_ASL				= C10B, G: L_ASL
L_ASL1				= C10C, L: L_ASL
L_ASR				= C112, G: L_ASR
L_ASR1				= C113, L: L_ASR
L_ASR_U				= C11C, G: L_ASR_U
L_ASR_U_1			= C11D, L: L_ASR_U
L_COM				= C126, G: L_COM
L_DIV				= C12D, G: L_DIV
L_DIV0				= C13D, L: L_DIV
L_DIV01				= C149, L: L_DIV
L_DIV1				= C16C, L: L_DIV_U
L_DIV2				= C176, L: L_DIV_U
L_DIV_U				= C161, G: L_DIV_U
L_EQ				= C180, G: L_EQ
L_GCHAR				= C187, G: L_GCHAR
L_GE				= C18D, G: L_GE
L_GINT				= C19B, G: L_GINT
L_GINTSPSP			= C1A0, G: L_GINTSPSP
L_GT				= C1A9, G: L_GT
L_LE				= C1B5, G: L_LE
L_LNEG				= C1C3, G: L_LNEG
L_LT				= C1C8, G: L_LT
L_MULT				= C1D4, G: L_MULT
L_MULT1				= C1DB, L: L_MULT
L_MULT2				= C1E2, L: L_MULT
L_NE				= C1E5, G: L_NE
L_NEG				= C1EC, G: L_NEG
L_OR				= C1F4, G: L_OR
L_PINT				= C1FB, G: L_PINT
L_SXT				= C201, G: L_SXT
L_SXT				= C188, L: L_GCHAR
L_UGE				= C206, G: L_UGE
L_UGT				= C20E, G: L_UGT
L_ULE				= C214, G: L_ULE
L_ULT				= C21C, G: L_ULT
L_XOR				= C222, G: L_XOR
MASKNOROTATE			= DB12, L: SPUPDATENOW
MVCOLLOOP			= CFE3, L: SPMOVESPRABS
MVROWLOOP			= CFE9, L: SPMOVESPRABS
NEXTSCANROW			= D414, L: SPGETKEY
NOADD				= D56F, L: SPINITIALIZE
NOCAPS				= D846, L: SPKEYPRESSED
NOCAPS				= D452, L: SPGETKEY
NODEC1				= D073, L: SPMOVESPRABS
NOFIRE				= D7E5, L: SPJOYKEYBOARD
NOINC				= D8B7, L: SPTILEENTRY
NOINC				= D13E, L: SPTBLLOOKUP
NOINC1				= D8F4, L: SPUPDATENOW
NOINC1				= D1B7, L: SPADDCOLSPR
NOINC1				= D00B, L: SPMOVESPRABS
NOINC1				= CE5B, L: SPINVALIDATE
NOINC10				= D9AB, L: SPUPDATENOW
NOINC11				= D94E, L: SPUPDATENOW
NOINC2				= D044, L: SPMOVESPRABS
NOINC2				= CE6E, L: SPINVALIDATE
NOINC3				= D065, L: SPMOVESPRABS
NOINC3				= CE7F, L: SPINVALIDATE
NOINC4				= D07F, L: SPMOVESPRABS
NOINC5				= D0E5, L: SPMOVESPRABS
NOKEYS				= D460, L: SPGETKEY
NOMORESPRITES			= DB04, L: SPUPDATENOW
NONEXT1				= D01F, L: SPMOVESPRABS
NONEXT2				= D08C, L: SPMOVESPRABS
NOPRESS				= D7F0, L: SPJOYKEYBOARD
NOPRESS				= D40F, L: SPGETKEY
NOSYM				= D852, L: SPKEYPRESSED
NOSYM				= D45D, L: SPGETKEY
NOTACROSSBLK1			= D8EC, L: SPUPDATENOW
NOTACROSSBLK2			= D93C, L: SPUPDATENOW
NOTCOMPRESS			= D396, L: SPCREATESPR
NOTDISPLAYED			= D08C, L: SPMOVESPRABS
NOTDONE				= CFF3, L: SPMOVESPRABS
NOTINDLIST			= D01F, L: SPMOVESPRABS
NOTLOAD				= D9A0, L: SPUPDATENOW
NOTNEGATIVE			= D0D4, L: SPMOVESPRABS
ORNOROTATE			= DD28, L: SPUPDATENOW
ORTYPE				= DCA2, L: SPUPDATENOW
PAPER_DONE			= 8339, L: MK2
PDLOOP				= D03C, L: SPMOVESPRABS
POPREG				= D2F1, L: SPCREATEGENERICISR
POSITION			= D2C6, L: SPCREATEGENERICISR
PRINT_STR_LOOP			= 8209, L: MK2
PUSHREG				= D2CF, L: SPCREATEGENERICISR
PUTHERE				= D056, L: SPMOVESPRABS
REENTER				= D8F4, L: SPUPDATENOW
RESTISR				= 5ED0, L: MK2
RND				= 9325, L: MK2
ROTLP				= D544, L: SPINITIALIZE
ROTTBLLP			= D53A, L: SPINITIALIZE
RUNHOOKS			= D2DF, L: SPCREATEGENERICISR
SCANLOOP			= D3FB, L: SPGETKEY
SETRAMBANK			= 5EC5, L: MK2
SINC1TBL			= D80A, L: SPJOYSINCLAIR1
SKIP				= D43C, L: SPGETKEY
SKIP1				= D0F5, L: SPMOVESPRABS
SKIP2				= D105, L: SPMOVESPRABS
SKIPUPDATECOL			= DB0F, L: SPUPDATENOW
SKIP_SPRITE_UPDATE		= DAD6, L: SPUPDATENOW
SPADDCOLSPR			= D15F, G: SPADDCOLSPR
SPADDMEMORY			= D23D, G: SPADDMEMORY
SPALLOC				= D28E, G: SPBLOCKALLOC
SPBIT2MASK			= D130, G: SPBIT2MASK
SPBITLEFT2MASK			= CE8D, G: SPBITLEFT2MASK
SPBITRIGHT2MASK			= CE95, G: SPBITRIGHT2MASK
SPBLOCKALLOC			= D284, G: SPBLOCKALLOC
SPBORDER			= D2A9, G: SPBORDER
SPBORDERCLR			= D2A8, G: SPBORDER
SPCOMPDIRTYADDR			= CE9D, G: SPCOMPDIRTYADDR
SPCOMPDLISTADDR			= C229, G: SPCOMPDLISTADDR
SPCREATEGENERICISR		= D2BA, G: SPCREATEGENERICISR
SPCREATESPR			= D31F, G: SPCREATESPR
SPDELETESPR			= D20A, G: SPDELETESPR
SPDIRTYCHARS			= CEB2, G: SPDIRTYCHARS
SPDISPLAYLIST			= C23A, G: SPDISPLAYLIST
SPDSLOOP			= D21B, G: SPDELETESPR
SPFB1				= D25E, G: SPFREEBLOCK
SPFB2				= D269, G: SPFREEBLOCK
SPFREEBLOCK			= D259, G: SPFREEBLOCK
SPGETKEY			= D3F4, G: SPGETKEY
SPINITIALIZE			= D514, G: SPINITIALIZE
SPINITIM2			= D782, G: SPINITIM2
SPINKEY				= D3E3, G: SPGETKEY
SPINTRECT			= CF12, G: SPINTRECT
SPINTSMALLIVAL			= CF43, G: SPINTRECT
SPINVALIDATE			= CE3A, G: SPINVALIDATE
SPINVALIDATEP			= CE42, G: SPINVALIDATE
SPJOYKEMPSTON			= D79F, G: SPJOYKEMPSTON
SPJOYKEYBOARD			= D7D8, G: SPJOYKEYBOARD
SPJOYSINCLAIR1			= D7FE, G: SPJOYSINCLAIR1
SPKEYDEBOUNCE			= D3E0, G: SPGETKEY
SPKEYPRESSED			= D83A, G: SPKEYPRESSED
SPKEYREPEATPERIOD		= D3E2, G: SPGETKEY
SPKEYSTARTREPEAT		= D3E1, G: SPGETKEY
SPKEYTRANSTBL			= D468, G: SPKEYTRANSTBL
SPMOVESPRABS			= CF7D, G: SPMOVESPRABS
SPMOVESPRABSC			= CFA4, G: SPMOVESPRABS
SPMOVESPRABSNC			= CF8B, G: SPMOVESPRABS
SPNULLSPRPTR			= D108, G: SPNULLSPRPTR
SPPRINTATINV			= D118, G: SPPRINTATINV
SPPTINSMALLIVAL			= CF68, G: SPINTRECT
SPQUEUETABLE			= D274, G: SPQUEUETABLE
SPREGISTERHOOK			= D883, G: SPREGISTERHOOKLAST
SPREGISTERHOOKLAST		= D883, G: SPREGISTERHOOKLAST
SPRITELOOP			= D9C0, L: SPUPDATENOW
SPTBLLOOKUP			= D138, G: SPTBLLOOKUP
SPTILEARRAY			= D577, G: SPTILEARRAY
SPTILEENTRY			= D8AE, G: SPTILEENTRY
SPUPDATENOW			= D8D0, G: SPUPDATENOW
SPWAITFORNOKEY			= DD67, G: SPWAITFORNOKEY
SP_ADDCOLSPR			= D140, G: SP_ADDCOLSPR
SP_ADDMEMORY			= D224, G: SP_ADDMEMORY
SP_BLOCKALLOC			= D276, G: SP_BLOCKALLOC
SP_BORDER			= D29F, G: SP_BORDER
SP_CREATEGENERICISR		= D2B1, G: SP_CREATEGENERICISR
SP_CREATESPR			= D302, G: SP_CREATESPR
SP_FREEBLOCK			= D3C8, G: SP_FREEBLOCK
SP_GETKEY			= D3D3, G: SP_GETKEY
SP_INITIALIZE			= D508, G: SP_INITIALIZE
SP_INITIM2			= D777, G: SP_INITIM2
SP_JOYKEMPSTON			= D798, G: SP_JOYKEMPSTON
SP_JOYKEYBOARD			= D7CA, G: SP_JOYKEYBOARD
SP_JOYSINCLAIR1			= D7F7, G: SP_JOYSINCLAIR1
SP_KEYPRESSED			= D82A, G: SP_KEYPRESSED
SP_REGISTERHOOK			= D85E, G: SP_REGISTERHOOK
SP_REGISTERHOOKLAST		= D874, G: SP_REGISTERHOOKLAST
SP_TILEARRAY			= D8A0, G: SP_TILEARRAY
SP_UPDATENOW			= D8BF, G: SP_UPDATENOW
SP_UPDATENOWEX			= DD5A, G: SP_UPDATENOWEX
SP_WAITFORNOKEY			= DD63, G: SP_WAITFORNOKEY
START				= 5E88, L: ZX82_CRT0
STATE				= D3DE, L: SPGETKEY
TEMPCOLOUR			= D8CD, L: SPUPDATENOW
TEMPGRAPHIC			= D8C5, L: SPUPDATENOW
TILEONLY			= D943, L: SPUPDATENOW
TOOMANYKEYS			= D460, L: SPGETKEY
TRYOTHERWAY			= CF57, L: SPINTRECT
UPDATE_ATTRS			= D8CE, G: SPUPDATENOW
USERTILE			= D572, L: SPINITIALIZE
VPCLIPSTRUCT			= 5EB3, L: MK2
XINSCREEN			= CFCC, L: SPMOVESPRABS
XORNOROTATE			= DC70, L: SPUPDATENOW
XORTYPE				= DBEA, L: SPUPDATENOW
YINSCREEN			= CFBC, L: SPMOVESPRABS
_ABS				= 8380, G: MK2
_ACTION_PRESSED			= BD37, G: MK2
_ACTIVE				= BCB6, G: MK2
_ACTIVE_SLEEP			= 8397, G: MK2
_ADDSIGN			= 834B, G: MK2
_ADVANCE_WORM			= AD7E, G: MK2
_ADVANCE_WORM_NO_INC_Y		= ADCE, L: MK2
_AD_FREE			= BD5B, G: MK2
_ANIMATE			= BD40, G: MK2
_AT1				= BD35, G: MK2
_AT2				= BD36, G: MK2
_ATTR				= 92BE, G: MK2
_ATTR_DO			= 92D0, L: MK2
_ATTR_RESET			= 92CC, L: MK2
_BADDIES			= 79A6, G: MK2
_BEHS				= 7CD9, G: MK2
_BLACKOUT_AREA			= 8227, G: MK2
_BREAKING_IDX			= 5EBD, G: MK2
_BREAK_WALL			= 94A7, G: MK2
_BREAK_WALL_ANIM_PREP_SET	= 9513, L: MK2
_BUTTON_PRESSED			= 830A, G: MK2
_CM_TWO_POINTS			= 9261, G: MK2
_CM_TWO_POINTS_AT1_DO		= 9272, L: MK2
_CM_TWO_POINTS_AT1_DONE		= 928C, L: MK2
_CM_TWO_POINTS_AT1_RESET	= 926F, L: MK2
_CM_TWO_POINTS_AT2_DO		= 92A0, L: MK2
_CM_TWO_POINTS_AT2_DONE		= 92BA, L: MK2
_CM_TWO_POINTS_AT2_RESET	= 929D, L: MK2
_COCO_D				= BCC2, G: MK2
_COCO_IT			= C0E5, G: MK2
_COCO_S				= BCC3, G: MK2
_COCO_VX			= C0E9, G: MK2
_COCO_VY			= C0EC, G: MK2
_COCO_X				= BCC6, G: MK2
_COCO_X0			= BD45, G: MK2
_COCO_Y				= BCC9, G: MK2
_COLLIDE_PIXEL			= 922C, G: MK2
_COLLIDE_PIXEL_RETURN		= 925F, L: MK2
_CORTINA			= 8321, G: MK2
_CTX				= BD54, G: MK2
_CTY				= BD55, G: MK2
_CX1				= BD39, G: MK2
_CX2				= BD3A, G: MK2
_CY1				= BD3B, G: MK2
_CY2				= BD3C, G: MK2
_DISTANCE			= A03D, G: MK2
_DISTANCE_DX_SET		= A04B, L: MK2
_DISTANCE_DY_MIN		= A066, L: MK2
_DISTANCE_DY_SET		= A05C, L: MK2
_DISTANCE_MN_SET		= A069, L: MK2
_DO_EXTERN_ACTION		= 84B5, G: MK2
_DO_GRAVITY			= 5EBF, G: MK2
_DO_INGAME_SCRIPTING		= 8EB5, G: MK2
_DO_LAVA			= B0A3, G: MK2
_DO_PROCESS_BREAKABLE		= 5EBE, G: MK2
_DO_RESPAWN			= BCBA, G: MK2
_DRAW_COLOURED_TILE		= 8111, G: MK2
_DRAW_COLOURED_TILE_GAMEAREA	= 8188, G: MK2
_DRAW_INVALIDATE_COLOURED_TILE_G= 8181, G: MK2
_DRAW_OBJS			= 8205, G: MK2
_DRAW_SCR			= AECB, G: MK2
_DRAW_SCR_ALT_TILE_DONE		= ADB0, L: MK2
_DRAW_SCR_ALT_TILE_SKIP		= ADAF, L: MK2
_DRAW_SCR_BACKGROUND		= ADD6, G: MK2
_DRAW_SCR_BACKGROUND_LOOP	= AE34, L: MK2
_DRAW_SCR_PACKED_UNPACKED	= AE26, L: MK2
_ENEMS_COLLISION_SKIP		= AD43, L: MK2
_ENEMS_INIT			= A423, G: MK2
_ENEMS_KILL			= A3D1, G: MK2
_ENEMS_LM_CHANGE_AXIS_X		= A868, L: MK2
_ENEMS_LM_CHANGE_AXIS_X_DONE	= A870, L: MK2
_ENEMS_LM_CHANGE_AXIS_Y		= A88F, L: MK2
_ENEMS_LM_CHANGE_AXIS_Y_DONE	= A897, L: MK2
_ENEMS_MOVE			= A6A1, G: MK2
_ENEMS_MOVE_PREGOTTEN_NOT	= A819, L: MK2
_ENEMS_MOVE_PREGOTTEN_SET	= A81A, L: MK2
_ENEMS_MOVE_SPR_ABS		= A640, G: MK2
_ENEMS_PLATFORMS_DONE		= ACE4, L: MK2
_ENEMS_PLATS_GPY_SET		= ACCE, L: MK2
_ENEMS_PLATS_HORZ_DO		= AC72, L: MK2
_ENEMS_PLATS_HORZ_DONE		= AC87, L: MK2
_ENEMS_PLATS_VERT_CHECK_1	= AC87, L: MK2
_ENEMS_PLATS_VERT_CHECK_2	= ACA6, L: MK2
_ENEMS_PLATS_VERT_DO		= ACB7, L: MK2
_ENEMS_PLATS_VERT_DONE		= ACE1, L: MK2
_ENEMY_SHOOTS			= BD3D, G: MK2
_ENEM_FRAMES			= 8F53, G: MK2
_ENIT				= BCF8, G: MK2
_ENOFFS				= BCDE, G: MK2
_ENOFFSMASI			= C0EF, G: MK2
_EN_AN_BASE_FRAME		= BBDB, G: MK2
_EN_AN_COUNT			= C0FF, G: MK2
_EN_AN_C_F			= BBE1, G: MK2
_EN_AN_N_F			= BC10, G: MK2
_EN_AN_STATE			= BBEB, G: MK2
_EN_AN_VX			= BD06, G: MK2
_EN_AN_VY			= BD0A, G: MK2
_EN_AN_X			= BD47, G: MK2
_EN_AN_Y			= BD4D, G: MK2
_EXTERN_DEPACK_TEXT		= 8588, L: MK2
_EXTI				= BD20, G: MK2
_EXTX				= BD2C, G: MK2
_EXTY				= BD2D, G: MK2
_FLAGS				= BBEE, G: MK2
_FLAG_OLD			= BD33, G: MK2
_FLICK_SCREEN			= B17E, G: MK2
_FONT				= 6796, L: MK2
_FZX1				= BD00, G: MK2
_FZX2				= BD01, G: MK2
_FZY1				= BD02, G: MK2
_FZY2				= BD03, G: MK2
_F_ZONE_AC			= BD34, G: MK2
_GAME_ENDING			= 9359, G: MK2
_GAME_OVER			= 936A, G: MK2
_GEN_PT				= BCCF, G: MK2
_GET_RESOURCE			= 6125, G: MK2
_GPAUX				= BC1F, G: MK2
_GPC				= BD43, G: MK2
_GPCX				= BCFD, G: MK2
_GPCY				= BD04, G: MK2
_GPD				= BD44, G: MK2
_GPIT				= BD05, G: MK2
_GPJT				= BD0D, G: MK2
_GPS				= BD56, G: MK2
_GPT				= BD57, G: MK2
_GPX				= C0E1, G: MK2
_GPXX				= BD25, G: MK2
_GPY				= C0E2, G: MK2
_GPYY				= BD26, G: MK2
_GP_GEN				= BCDB, G: MK2
_HALF_LIFE			= 5EBB, G: MK2
_HA_COLLISION_CHECKEVIL		= 9E4F, L: MK2
_HA_COLLISION_DONE		= 9E4F, L: MK2
_HA_COLLISION_VX_NEGATIVE	= 9DCF, L: MK2
_HA_COLLISION_VX_POSITIVE	= 9E10, L: MK2
_HA_COL_VX_NEG_DO		= 9DE9, L: MK2
_HA_COL_VX_POS_DO		= 9E2A, L: MK2
_HIDE_SPRITES			= B2C5, G: MK2
_HIT				= BD53, G: MK2
_HITTER_BREAK_TILE_DONE		= 959A, L: MK2
_HITTER_C_F			= BCCD, G: MK2
_HITTER_FRAME			= C0FD, G: MK2
_HITTER_HIT			= BCD8, G: MK2
_HITTER_N_F			= BCD5, G: MK2
_HITTER_ON			= BC18, G: MK2
_HITTER_RENDER			= 9527, G: MK2
_HITTER_RENDER_FACING_DONE	= 957C, L: MK2
_HITTER_RENDER_FACING_LEFT	= 955F, L: MK2
_HITTER_RENDER_FACING_RIGHT	= 9540, L: MK2
_HITTER_TYPE			= BBD5, G: MK2
_HITTER_X			= BCF6, G: MK2
_HITTER_Y			= BCF7, G: MK2
_HIT_H				= BC1A, G: MK2
_HIT_V				= BC1B, G: MK2
_HOFFS_X			= 9522, G: MK2
_HOTSPOTS			= 7C9A, G: MK2
_HOTSPOTS_SETUP_DO		= AE90, L: MK2
_HOTSPOTS_SETUP_DONE		= AECA, L: MK2
_HOTSPOTS_SETUP_SET		= AEC2, L: MK2
_HOTSPOTS_SETUP_SET_REFILL	= AEC1, L: MK2
_HOTSPOTS_SKIP			= B99B, L: MK2
_HOTSPOT_X			= BBDE, G: MK2
_HOTSPOT_Y			= BBDF, G: MK2
_INIT_COCOS			= A08B, G: MK2
_INIT_LAVA			= AFED, G: MK2
_INVALIDATE_TILE		= 8157, G: MK2
_INVALIDATE_VIEWPORT		= 8171, G: MK2
_ISR				= 80A2, G: MK2
_IS_CUTSCENE			= 84B4, G: MK2
_IS_RENDERING			= C0F5, G: MK2
_JOYFUNC			= BCFB, G: MK2
_KEYP				= BD12, G: MK2
_KEYS				= BD15, G: MK2
_KEYSCANCODES			= 5E8E, G: MK2
_KEYS_OLD			= C0F1, G: MK2
_KILLABLE			= BCDD, G: MK2
_KILLED_OLD			= BC1C, G: MK2
_LAVA_CT			= BBDA, G: MK2
_LAVA_REENTER			= B00C, G: MK2
_LAVA_Y				= BCEC, G: MK2
_LEVEL				= 5EBC, G: MK2
_LEVELS				= 7EF9, G: MK2
_LEVEL_AC			= BD1F, G: MK2
_LEVEL_DATA			= 615F, G: MK2
_LEVEL_SEQUENCE			= 8088, G: MK2
_LIFE_OLD			= BCC1, G: MK2
_MAIN				= B350, G: MK2
_MAINCOUNTER			= BD2E, G: MK2
_MAIN_SCRIPT_OFFSET		= BD10, G: MK2
_MAP				= 616F, G: MK2
_MAP_ATTR			= BC20, G: MK2
_MAP_POINTER			= BBE9, G: MK2
_METATILESET			= 6996, L: MK2
_MLPLAYING			= BCBE, G: MK2
_MODIFY_EVEN			= 9419, L: MK2
_MODIFY_ODD			= 9414, L: MK2
_MONS_COL_SC_X			= A2DF, G: MK2
_MONS_COL_SC_Y			= A358, G: MK2
_MOVE_COCOS			= A1CA, G: MK2
_MOVE_FANTY_AX_NEG		= A958, L: MK2
_MOVE_FANTY_AX_POS		= A95C, L: MK2
_MOVE_FANTY_AX_SET		= A95E, L: MK2
_MOVE_FANTY_AY_NEG		= A9A8, L: MK2
_MOVE_FANTY_AY_POS		= A9AC, L: MK2
_MOVE_FANTY_AY_SET		= A9AE, L: MK2
_MOVE_FANTY_IDLE		= A92F, L: MK2
_MOVE_FANTY_PURSUING		= A93F, L: MK2
_MOVE_FANTY_PURSUING_DO		= A94E, L: MK2
_MOVE_FANTY_RETREATING		= A9F1, L: MK2
_MOVE_FANTY_R_CHSTATE_DONE	= AA49, L: MK2
_MOVE_FANTY_R_X_DONE		= AA13, L: MK2
_MOVE_FANTY_R_X_NEG		= AA0D, L: MK2
_MOVE_FANTY_R_X_POS		= AA0A, L: MK2
_MOVE_FANTY_R_X_SET		= AA10, L: MK2
_MOVE_FANTY_R_Y_DONE		= AA2E, L: MK2
_MOVE_FANTY_R_Y_NEG		= AA28, L: MK2
_MOVE_FANTY_R_Y_POS		= AA25, L: MK2
_MOVE_FANTY_R_Y_SET		= AA2B, L: MK2
_MOVE_FANTY_STATE_DONE		= AA55, L: MK2
_MOVE_FANTY_VX_LIMIT_NEG	= A96F, L: MK2
_MOVE_FANTY_VX_LIMIT_NEG_OK	= A979, L: MK2
_MOVE_FANTY_VX_LIMIT_POS	= A967, L: MK2
_MOVE_FANTY_VX_LIMIT_SET	= A97B, L: MK2
_MOVE_FANTY_VY_LIMIT_NEG	= A9BF, L: MK2
_MOVE_FANTY_VY_LIMIT_NEG_OK	= A9C9, L: MK2
_MOVE_FANTY_VY_LIMIT_POS	= A9B7, L: MK2
_MOVE_FANTY_VY_LIMIT_SET	= A9CB, L: MK2
_MOVE_FANTY_X_LIMIT_0		= A98F, L: MK2
_MOVE_FANTY_X_LIMIT_224		= A998, L: MK2
_MOVE_FANTY_X_SET		= A99B, L: MK2
_MOVE_FANTY_Y_LIMIT_0		= A9DF, L: MK2
_MOVE_FANTY_Y_LIMIT_144		= A9E8, L: MK2
_MOVE_FANTY_Y_SET		= A9EB, L: MK2
_MY_MALLOC			= 5EA6, G: MK2
_NEXT_SCRIPT			= BD41, G: MK2
_NO_DRAW			= BCD1, G: MK2
_N_PANT				= BCF2, G: MK2
_OBJS_OLD			= BD27, G: MK2
_ORIG_TILE			= C0FC, G: MK2
_O_PANT				= BCF4, G: MK2
_PAD0				= BCED, G: MK2
_PAD_THIS_FRAME			= BCDF, G: MK2
_PERSISTENT_BREAKABLE_CALC_POIN	= 93E9, L: MK2
_PERSISTENT_BREAKABLE_MAP_SET	= 941C, L: MK2
_PLAYER_CALC_BOUNDING_BOX	= 9694, G: MK2
_PLAYER_FRAMES			= 8F3F, G: MK2
_PLAYER_GRAVITY_ADD		= 981D, L: MK2
_PLAYER_GRAVITY_DONE		= 9826, L: MK2
_PLAYER_GRAVITY_MAXIMUM		= 9821, L: MK2
_PLAYER_GRAVITY_P_GOTTEN_DONE	= 9830, L: MK2
_PLAYER_GRAVITY_VY_SET		= 9823, L: MK2
_PLAYER_INIT			= 960B, G: MK2
_PLAYER_KILL			= 96D5, G: MK2
_PLAYER_MOVE			= 97FF, G: MK2
_PLAYING			= BD0E, G: MK2
_POSSEE				= C0FB, G: MK2
_PREGOTTEN			= BC19, G: MK2
_PREPARE_LEVEL			= 8F63, G: MK2
_PRINT_MESSAGE			= 8276, G: MK2
_PRINT_NUMBER2			= 81B6, G: MK2
_PRINT_STR			= 8206, G: MK2
_PROCESS_BREAKABLE		= 941E, G: MK2
_PTGMX				= BCD3, G: MK2
_PTGMY				= BCD4, G: MK2
_PTX1				= BD2F, G: MK2
_PTX2				= BD30, G: MK2
_PTY1				= BD31, G: MK2
_PTY2				= BD32, G: MK2
_P_C_F				= BC16, G: MK2
_P_DISPARANDO			= C102, G: MK2
_P_ENGINE			= BCCC, G: MK2
_P_FACING			= BC0E, G: MK2
_P_FACING_H			= C0F6, G: MK2
_P_FACING_V			= C0FA, G: MK2
_P_FRAME			= BC0F, G: MK2
_P_G				= BD46, G: MK2
_P_GOTTEN			= BCFF, G: MK2
_P_HITTING			= BBE0, G: MK2
_P_JMP_CT			= BCF1, G: MK2
_P_JMP_ON			= BCF3, G: MK2
_P_KEYS				= BD09, G: MK2
_P_KILLED			= BCEB, G: MK2
_P_KILLME			= BCF0, G: MK2
_P_LIFE				= BCF5, G: MK2
_P_N_F				= BC1D, G: MK2
_P_OBJS				= BCFE, G: MK2
_P_SAFE_PANT			= C103, G: MK2
_P_SAFE_X			= BCF9, G: MK2
_P_SAFE_Y			= BCFA, G: MK2
_P_STATE			= BCD2, G: MK2
_P_STATE_CT			= BD3F, G: MK2
_P_SUBFRAME			= BD3E, G: MK2
_P_VX				= BD23, G: MK2
_P_VY				= BD24, G: MK2
_P_X				= BD59, G: MK2
_P_Y				= C0DF, G: MK2
_QTILE				= 92EF, G: MK2
_QTILE_DO			= 9301, L: MK2
_QTILE_RESET			= 92FD, L: MK2
_RAM_ADDRESS			= 5F80, G: MK2
_RAM_DESTINATION		= 5F82, G: MK2
_RAM_PAGE			= 5F84, G: MK2
_RAND				= 9325, G: MK2
_RANDRES			= 9324, G: MK2
_RDA				= BD58, G: MK2
_RDB				= C0E3, G: MK2
_RDS				= C0E4, G: MK2
_RDX				= C0E6, G: MK2
_RDY				= C0E7, G: MK2
_READXY				= 879F, G: MK2
_READ_BYTE			= 876C, G: MK2
_READ_CONTROLLER		= 82C1, G: MK2
_READ_VBYTE			= 8789, G: MK2
_RELOC_PLAYER			= 87C6, G: MK2
_RESOURCES			= 5FC3, G: MK2
_RUN_ENTERING_SCRIPT		= 8E79, G: MK2
_RUN_FIRE_SCRIPT		= 8E9A, G: MK2
_RUN_SCRIPT			= 87DC, G: MK2
_SCRIPT				= 5EC3, G: MK2
_SCRIPT_RESULT			= 5EC0, G: MK2
_SC_C				= BD0F, G: MK2
_SC_CONTINUAR			= 5EC2, G: MK2
_SC_M				= BD13, G: MK2
_SC_N				= BD14, G: MK2
_SC_TERMINADO			= 5EC1, G: MK2
_SC_X				= BD21, G: MK2
_SC_Y				= BD22, G: MK2
_SEED1				= 9320, G: MK2
_SEED2				= 9322, G: MK2
_SELECT_JOYFUNC			= 83C7, G: MK2
_SETRAMBANK			= 5EC5, G: MK2
_SHOOT_COCO			= A0B4, G: MK2
_SILENT_LEVEL			= BCE0, G: MK2
_SPACER				= 810F, G: MK2
_SPRITESET			= 7096, G: MK2
_SPRITE_10_A			= 75B6, G: MK2
_SPRITE_10_B			= 75E6, G: MK2
_SPRITE_10_C			= 7616, G: MK2
_SPRITE_11_A			= 7646, G: MK2
_SPRITE_11_B			= 7676, G: MK2
_SPRITE_11_C			= 76A6, G: MK2
_SPRITE_12_A			= 76D6, G: MK2
_SPRITE_12_B			= 7706, G: MK2
_SPRITE_12_C			= 7736, G: MK2
_SPRITE_13_A			= 7766, G: MK2
_SPRITE_13_B			= 7796, G: MK2
_SPRITE_13_C			= 77C6, G: MK2
_SPRITE_14_A			= 77F6, G: MK2
_SPRITE_14_B			= 7826, G: MK2
_SPRITE_14_C			= 7856, G: MK2
_SPRITE_15_A			= 7886, G: MK2
_SPRITE_15_B			= 78B6, G: MK2
_SPRITE_15_C			= 78E6, G: MK2
_SPRITE_16_A			= 7916, G: MK2
_SPRITE_16_B			= 7946, G: MK2
_SPRITE_16_C			= 7976, G: MK2
_SPRITE_17_A			= 7D19, G: MK2
_SPRITE_17_B			= 7D49, L: MK2
_SPRITE_17_C			= 7D79, L: MK2
_SPRITE_18_A			= 7DA9, G: MK2
_SPRITE_18_B			= 7DD9, L: MK2
_SPRITE_18_C			= 7E09, L: MK2
_SPRITE_19_A			= 7E39, G: MK2
_SPRITE_19_B			= 7E59, G: MK2
_SPRITE_1_A			= 70A6, G: MK2
_SPRITE_1_B			= 70D6, G: MK2
_SPRITE_1_C			= 7106, G: MK2
_SPRITE_20_A			= 7E79, G: MK2
_SPRITE_21_A			= 7EB9, G: MK2
_SPRITE_2_A			= 7136, G: MK2
_SPRITE_2_B			= 7166, G: MK2
_SPRITE_2_C			= 7196, G: MK2
_SPRITE_3_A			= 71C6, G: MK2
_SPRITE_3_B			= 71F6, G: MK2
_SPRITE_3_C			= 7226, G: MK2
_SPRITE_4_A			= 7256, G: MK2
_SPRITE_4_B			= 7286, G: MK2
_SPRITE_4_C			= 72B6, G: MK2
_SPRITE_5_A			= 72E6, G: MK2
_SPRITE_5_B			= 7316, G: MK2
_SPRITE_5_C			= 7346, G: MK2
_SPRITE_6_A			= 7376, G: MK2
_SPRITE_6_B			= 73A6, G: MK2
_SPRITE_6_C			= 73D6, G: MK2
_SPRITE_7_A			= 7406, G: MK2
_SPRITE_7_B			= 7436, G: MK2
_SPRITE_7_C			= 7466, G: MK2
_SPRITE_8_A			= 7496, G: MK2
_SPRITE_8_B			= 74C6, G: MK2
_SPRITE_8_C			= 74F6, G: MK2
_SPRITE_9_A			= 7526, G: MK2
_SPRITE_9_B			= 7556, G: MK2
_SPRITE_9_C			= 7586, G: MK2
_SP_COCOS			= BCE1, G: MK2
_SP_HITTER			= BCB7, G: MK2
_SP_MOVILES			= BBCF, G: MK2
_SP_PLAYER			= BCD9, G: MK2
_SRAND				= 934C, G: MK2
_STEPBYSTEP			= C0F0, G: MK2
_STOP_PLAYER			= 87B2, G: MK2
_SUCCESS			= C0FE, G: MK2
_TILESET			= 6796, G: MK2
_TOCADO				= C0F3, G: MK2
_UNPACK_RAMN			= 5F85, G: MK2
_UPDATE_HUD			= AF6F, G: MK2
_UPDATE_TILE			= 8245, G: MK2
_UTAUX				= 8244, G: MK2
_U_FREE				= 5EB1, G: MK2
_U_MALLOC			= 5EAF, G: MK2
_VA_COLLISION_CHECKEVIL		= 9A12, L: MK2
_VA_COLLISION_DONE		= 9A30, L: MK2
_VA_COLLISION_VY_NEGATIVE	= 997C, L: MK2
_VA_COLLISION_VY_POSITIVE	= 99BD, L: MK2
_VA_COL_VY_NEG_DO		= 9996, L: MK2
_VA_COL_VY_POS_DO		= 99EF, L: MK2
_WALL_BROKEN			= 938A, G: MK2
_WALL_H				= C0E8, G: MK2
_WALL_V				= C0F2, G: MK2
_WARP_TO_LEVEL			= BCD7, G: MK2
_WYZ_INIT			= 80BA, G: MK2
_WYZ_PLAY_MUSIC			= 80DB, G: MK2
_WYZ_PLAY_SAMPLE		= 80FE, G: MK2
_WYZ_PLAY_SOUND			= 80C8, G: MK2
_WYZ_STOP_SOUND			= 80EE, G: MK2
_X_PANT				= C0F4, G: MK2
_Y_PANT				= C0F7, G: MK2
__BADDIES_POINTER		= C0F8, G: MK2
__EN_AN_VX			= BCBF, G: MK2
__EN_AN_VY			= BCC0, G: MK2
__EN_AN_X			= BD28, G: MK2
__EN_AN_Y			= BD2A, G: MK2
__EN_LIFE			= BD38, G: MK2
__EN_MX				= BBE7, G: MK2
__EN_MY				= BBE8, G: MK2
__EN_T				= BBCC, G: MK2
__EN_X				= BBCD, G: MK2
__EN_X1				= BBD6, G: MK2
__EN_X2				= BBD8, G: MK2
__EN_Y				= BBCE, G: MK2
__EN_Y1				= BBD7, G: MK2
__EN_Y2				= BBD9, G: MK2
__MAX				= BCE7, G: MK2
__MIN				= BCE9, G: MK2
__N				= BCB9, G: MK2
__T				= BCBB, G: MK2
__VAL				= BCEE, G: MK2
__X				= BCBC, G: MK2
__Y				= BCBD, G: MK2


START				= 5E88, L: ZX82_CRT0
_KEYSCANCODES			= 5E8E, G: MK2
_MY_MALLOC			= 5EA6, G: MK2
_U_MALLOC			= 5EAF, G: MK2
_U_FREE				= 5EB1, G: MK2
VPCLIPSTRUCT			= 5EB3, L: MK2
FSCLIPSTRUCT			= 5EB7, L: MK2
_HALF_LIFE			= 5EBB, G: MK2
_LEVEL				= 5EBC, G: MK2
_BREAKING_IDX			= 5EBD, G: MK2
_DO_PROCESS_BREAKABLE		= 5EBE, G: MK2
_DO_GRAVITY			= 5EBF, G: MK2
_SCRIPT_RESULT			= 5EC0, G: MK2
_SC_TERMINADO			= 5EC1, G: MK2
_SC_CONTINUAR			= 5EC2, G: MK2
_SCRIPT				= 5EC3, G: MK2
_SETRAMBANK			= 5EC5, G: MK2
SETRAMBANK			= 5EC5, L: MK2
RESTISR				= 5ED0, L: MK2
KEEPGOING			= 5ED4, L: MK2
DEPACK				= 5EDD, L: MK2
APBRANCH1			= 5EE0, L: MK2
APLOOP0				= 5EE2, L: MK2
APLOOP				= 5EE5, L: MK2
APGET4BITS			= 5EF8, L: MK2
APWRITEBYTE			= 5F02, L: MK2
APBRANCH4			= 5F06, L: MK2
APBRANCH3			= 5F0F, L: MK2
APBRANCH2			= 5F23, L: MK2
APSKIP2				= 5F42, L: MK2
APSKIP3				= 5F4B, L: MK2
AP_FINISHUP			= 5F4E, L: MK2
AP_FINISHUP2			= 5F51, L: MK2
AP_R0_GAMMA			= 5F58, L: MK2
AP_GETBIT			= 5F64, L: MK2
AP_GETGAMMA			= 5F70, L: MK2
AP_GETGAMMALOOP			= 5F73, L: MK2
_RAM_ADDRESS			= 5F80, G: MK2
_RAM_DESTINATION		= 5F82, G: MK2
_RAM_PAGE			= 5F84, G: MK2
_UNPACK_RAMN			= 5F85, G: MK2
_RESOURCES			= 5FC3, G: MK2
_GET_RESOURCE			= 6125, G: MK2
_LEVEL_DATA			= 615F, G: MK2
_MAP				= 616F, G: MK2
_TILESET			= 6796, G: MK2
_FONT				= 6796, L: MK2
_METATILESET			= 6996, L: MK2
_SPRITESET			= 7096, G: MK2
_SPRITE_1_A			= 70A6, G: MK2
_SPRITE_1_B			= 70D6, G: MK2
_SPRITE_1_C			= 7106, G: MK2
_SPRITE_2_A			= 7136, G: MK2
_SPRITE_2_B			= 7166, G: MK2
_SPRITE_2_C			= 7196, G: MK2
_SPRITE_3_A			= 71C6, G: MK2
_SPRITE_3_B			= 71F6, G: MK2
_SPRITE_3_C			= 7226, G: MK2
_SPRITE_4_A			= 7256, G: MK2
_SPRITE_4_B			= 7286, G: MK2
_SPRITE_4_C			= 72B6, G: MK2
_SPRITE_5_A			= 72E6, G: MK2
_SPRITE_5_B			= 7316, G: MK2
_SPRITE_5_C			= 7346, G: MK2
_SPRITE_6_A			= 7376, G: MK2
_SPRITE_6_B			= 73A6, G: MK2
_SPRITE_6_C			= 73D6, G: MK2
_SPRITE_7_A			= 7406, G: MK2
_SPRITE_7_B			= 7436, G: MK2
_SPRITE_7_C			= 7466, G: MK2
_SPRITE_8_A			= 7496, G: MK2
_SPRITE_8_B			= 74C6, G: MK2
_SPRITE_8_C			= 74F6, G: MK2
_SPRITE_9_A			= 7526, G: MK2
_SPRITE_9_B			= 7556, G: MK2
_SPRITE_9_C			= 7586, G: MK2
_SPRITE_10_A			= 75B6, G: MK2
_SPRITE_10_B			= 75E6, G: MK2
_SPRITE_10_C			= 7616, G: MK2
_SPRITE_11_A			= 7646, G: MK2
_SPRITE_11_B			= 7676, G: MK2
_SPRITE_11_C			= 76A6, G: MK2
_SPRITE_12_A			= 76D6, G: MK2
_SPRITE_12_B			= 7706, G: MK2
_SPRITE_12_C			= 7736, G: MK2
_SPRITE_13_A			= 7766, G: MK2
_SPRITE_13_B			= 7796, G: MK2
_SPRITE_13_C			= 77C6, G: MK2
_SPRITE_14_A			= 77F6, G: MK2
_SPRITE_14_B			= 7826, G: MK2
_SPRITE_14_C			= 7856, G: MK2
_SPRITE_15_A			= 7886, G: MK2
_SPRITE_15_B			= 78B6, G: MK2
_SPRITE_15_C			= 78E6, G: MK2
_SPRITE_16_A			= 7916, G: MK2
_SPRITE_16_B			= 7946, G: MK2
_SPRITE_16_C			= 7976, G: MK2
_BADDIES			= 79A6, G: MK2
_HOTSPOTS			= 7C9A, G: MK2
_BEHS				= 7CD9, G: MK2
_SPRITE_17_A			= 7D19, G: MK2
_SPRITE_17_B			= 7D49, L: MK2
_SPRITE_17_C			= 7D79, L: MK2
_SPRITE_18_A			= 7DA9, G: MK2
_SPRITE_18_B			= 7DD9, L: MK2
_SPRITE_18_C			= 7E09, L: MK2
_SPRITE_19_A			= 7E39, G: MK2
_SPRITE_19_B			= 7E59, G: MK2
_SPRITE_20_A			= 7E79, G: MK2
_SPRITE_21_A			= 7EB9, G: MK2
_LEVELS				= 7EF9, G: MK2
_LEVEL_SEQUENCE			= 8088, G: MK2
_ISR				= 80A2, G: MK2
_WYZ_INIT			= 80BA, G: MK2
_WYZ_PLAY_SOUND			= 80C8, G: MK2
_WYZ_PLAY_MUSIC			= 80DB, G: MK2
_WYZ_STOP_SOUND			= 80EE, G: MK2
_WYZ_PLAY_SAMPLE		= 80FE, G: MK2
_SPACER				= 810F, G: MK2
_DRAW_COLOURED_TILE		= 8111, G: MK2
_INVALIDATE_TILE		= 8157, G: MK2
_INVALIDATE_VIEWPORT		= 8171, G: MK2
_DRAW_INVALIDATE_COLOURED_TILE_G= 8181, G: MK2
_DRAW_COLOURED_TILE_GAMEAREA	= 8188, G: MK2
_PRINT_NUMBER2			= 81B6, G: MK2
_DRAW_OBJS			= 8205, G: MK2
_PRINT_STR			= 8206, G: MK2
PRINT_STR_LOOP			= 8209, L: MK2
_BLACKOUT_AREA			= 8227, G: MK2
BAL1				= 8233, L: MK2
_UTAUX				= 8244, G: MK2
_UPDATE_TILE			= 8245, G: MK2
_PRINT_MESSAGE			= 8276, G: MK2
_READ_CONTROLLER		= 82C1, G: MK2
I_19				= 82DB, L: MK2
_BUTTON_PRESSED			= 830A, G: MK2
_CORTINA			= 8321, G: MK2
FADE_OUT_EXTERN			= 8323, L: MK2
FADE_OUT_BUCLE			= 832A, L: MK2
INK_DONE			= 8331, L: MK2
PAPER_DONE			= 8339, L: MK2
_ADDSIGN			= 834B, G: MK2
I_20				= 8361, L: MK2
I_22				= 8378, L: MK2
I_23				= 837F, L: MK2
I_21				= 837F, L: MK2
_ABS				= 8380, G: MK2
I_24				= 8391, L: MK2
I_25				= 8396, L: MK2
_ACTIVE_SLEEP			= 8397, G: MK2
I_28				= 8397, L: MK2
I_30				= 83AE, L: MK2
I_31_I_30			= 83B1, L: MK2
I_29				= 83B4, L: MK2
I_26				= 83B4, L: MK2
I_27				= 83BE, L: MK2
_SELECT_JOYFUNC			= 83C7, G: MK2
I_32				= 83C7, L: MK2
I_35				= 83DD, L: MK2
I_37				= 83F7, L: MK2
I_38				= 83FA, L: MK2
I_34				= 8485, L: MK2
I_40				= 8496, L: MK2
I_42				= 84A7, L: MK2
I_41				= 84A7, L: MK2
I_39				= 84A7, L: MK2
I_33				= 84AA, L: MK2
_IS_CUTSCENE			= 84B4, G: MK2
_DO_EXTERN_ACTION		= 84B5, G: MK2
I_45				= 84CE, L: MK2
I_47				= 84D3, L: MK2
I_48				= 84EA, L: MK2
I_50				= 84EF, L: MK2
I_51				= 8569, L: MK2
I_49				= 856C, L: MK2
I_46				= 8578, L: MK2
I_44				= 8579, L: MK2
_EXTERN_DEPACK_TEXT		= 8588, L: MK2
FBSD_MAINB			= 859F, L: MK2
FBSD_STOR			= 85AD, L: MK2
FBSD_ESCAPED			= 85B5, L: MK2
FBSD_STOR2			= 85BD, L: MK2
FBSD_UNPACKC			= 85C0, L: MK2
FBSD_BUCLE			= 85C2, L: MK2
FBSD_GETBIT			= 85CA, L: MK2
FBSD_FIN			= 85D0, L: MK2
I_53				= 8635, L: MK2
I_55				= 863F, L: MK2
I_54				= 865D, L: MK2
I_52				= 8683, L: MK2
I_56				= 868A, L: MK2
I_57				= 869C, L: MK2
I_59				= 86CD, L: MK2
I_60				= 8700, L: MK2
I_61				= 8700, L: MK2
I_64				= 871A, L: MK2
I_65_I_64			= 871D, L: MK2
I_63				= 8723, L: MK2
I_62				= 872D, L: MK2
I_67				= 8743, L: MK2
I_66				= 8746, L: MK2
I_68				= 874D, L: MK2
I_58				= 8750, L: MK2
I_69				= 875B, L: MK2
I_70				= 8763, L: MK2
_READ_BYTE			= 876C, G: MK2
_READ_VBYTE			= 8789, G: MK2
_READXY				= 879F, G: MK2
_STOP_PLAYER			= 87B2, G: MK2
_RELOC_PLAYER			= 87C6, G: MK2
_RUN_SCRIPT			= 87DC, G: MK2
I_71				= 8813, L: MK2
I_72				= 881E, L: MK2
I_74				= 884B, L: MK2
I_78				= 8859, L: MK2
I_79				= 888A, L: MK2
I_80				= 88AF, L: MK2
I_81				= 88D4, L: MK2
I_82				= 88F9, L: MK2
I_83				= 891E, L: MK2
I_84				= 899E, L: MK2
I_85				= 89A1, L: MK2
I_86				= 89B2, L: MK2
I_87				= 89F3, L: MK2
I_88				= 89F6, L: MK2
I_89				= 8A07, L: MK2
I_90				= 8A1E, L: MK2
I_91				= 8A21, L: MK2
I_77				= 8A2D, L: MK2
I_75				= 8A30, L: MK2
I_93				= 8A3E, L: MK2
I_97				= 8A4C, L: MK2
I_98				= 8AD7, L: MK2
I_99				= 8AF0, L: MK2
I_100				= 8B0C, L: MK2
I_101				= 8B2B, L: MK2
I_102				= 8B56, L: MK2
I_103				= 8B93, L: MK2
I_104				= 8BA7, L: MK2
I_105				= 8BBE, L: MK2
I_106				= 8BE5, L: MK2
I_107				= 8C13, L: MK2
I_108				= 8C45, L: MK2
I_109				= 8C65, L: MK2
I_110				= 8C85, L: MK2
I_111				= 8C9E, L: MK2
I_112				= 8CB2, L: MK2
I_113				= 8CC9, L: MK2
I_115				= 8CCE, L: MK2
I_116				= 8D28, L: MK2
I_114				= 8D2B, L: MK2
I_117				= 8D2E, L: MK2
I_118				= 8D3B, L: MK2
I_119				= 8D62, L: MK2
I_120				= 8D87, L: MK2
I_121				= 8D92, L: MK2
I_122				= 8D98, L: MK2
I_123				= 8DA5, L: MK2
I_124				= 8DAE, L: MK2
I_125				= 8DBF, L: MK2
I_126				= 8DC2, L: MK2
I_127				= 8DDD, L: MK2
I_128				= 8DEF, L: MK2
I_129				= 8DF2, L: MK2
I_130				= 8DFA, L: MK2
I_132				= 8E05, L: MK2
I_131				= 8E05, L: MK2
I_133				= 8E62, L: MK2
I_134				= 8E65, L: MK2
I_96				= 8E6C, L: MK2
I_94				= 8E6F, L: MK2
I_92				= 8E6F, L: MK2
I_73				= 8E78, L: MK2
_RUN_ENTERING_SCRIPT		= 8E79, G: MK2
I_135				= 8E99, L: MK2
_RUN_FIRE_SCRIPT		= 8E9A, G: MK2
_DO_INGAME_SCRIPTING		= 8EB5, G: MK2
I_137				= 8EC9, L: MK2
I_138_I_137			= 8ECC, L: MK2
I_139				= 8EDD, L: MK2
I_136				= 8EE0, L: MK2
I_142				= 8EF2, L: MK2
I_143_I_142			= 8EF5, L: MK2
I_145				= 8F38, L: MK2
I_146_I_145			= 8F3B, L: MK2
I_144				= 8F3E, L: MK2
I_140				= 8F3E, L: MK2
I_141				= 8F3E, L: MK2
_PLAYER_FRAMES			= 8F3F, G: MK2
_ENEM_FRAMES			= 8F53, G: MK2
_PREPARE_LEVEL			= 8F63, G: MK2
I_149				= 90EB, L: MK2
_COLLIDE_PIXEL			= 922C, G: MK2
_COLLIDE_PIXEL_RETURN		= 925F, L: MK2
_CM_TWO_POINTS			= 9261, G: MK2
_CM_TWO_POINTS_AT1_RESET	= 926F, L: MK2
_CM_TWO_POINTS_AT1_DO		= 9272, L: MK2
_CM_TWO_POINTS_AT1_DONE		= 928C, L: MK2
_CM_TWO_POINTS_AT2_RESET	= 929D, L: MK2
_CM_TWO_POINTS_AT2_DO		= 92A0, L: MK2
_CM_TWO_POINTS_AT2_DONE		= 92BA, L: MK2
_ATTR				= 92BE, G: MK2
_ATTR_RESET			= 92CC, L: MK2
_ATTR_DO			= 92D0, L: MK2
_QTILE				= 92EF, G: MK2
_QTILE_RESET			= 92FD, L: MK2
_QTILE_DO			= 9301, L: MK2
_SEED1				= 9320, G: MK2
_SEED2				= 9322, G: MK2
_RANDRES			= 9324, G: MK2
_RAND				= 9325, G: MK2
RND				= 9325, L: MK2
_SRAND				= 934C, G: MK2
_GAME_ENDING			= 9359, G: MK2
_GAME_OVER			= 936A, G: MK2
_WALL_BROKEN			= 938A, G: MK2
I_151				= 93CE, L: MK2
I_152_I_151			= 93D1, L: MK2
I_150				= 93D8, L: MK2
_PERSISTENT_BREAKABLE_CALC_POIN	= 93E9, L: MK2
_MODIFY_ODD			= 9414, L: MK2
_MODIFY_EVEN			= 9419, L: MK2
_PERSISTENT_BREAKABLE_MAP_SET	= 941C, L: MK2
_PROCESS_BREAKABLE		= 941E, G: MK2
I_153				= 9430, L: MK2
I_155				= 9439, L: MK2
I_157				= 949B, L: MK2
I_156				= 94A2, L: MK2
I_158				= 94A2, L: MK2
I_154				= 94A5, L: MK2
_BREAK_WALL			= 94A7, G: MK2
_BREAK_WALL_ANIM_PREP_SET	= 9513, L: MK2
I_159				= 9521, L: MK2
_HOFFS_X			= 9522, G: MK2
_HITTER_RENDER			= 9527, G: MK2
_HITTER_RENDER_FACING_RIGHT	= 9540, L: MK2
_HITTER_RENDER_FACING_LEFT	= 955F, L: MK2
_HITTER_RENDER_FACING_DONE	= 957C, L: MK2
_HITTER_BREAK_TILE_DONE		= 959A, L: MK2
I_161				= 960A, L: MK2
_PLAYER_INIT			= 960B, G: MK2
_PLAYER_CALC_BOUNDING_BOX	= 9694, G: MK2
_PLAYER_KILL			= 96D5, G: MK2
I_163				= 971E, L: MK2
I_166				= 977E, L: MK2
I_167_I_166			= 9781, L: MK2
I_165				= 9784, L: MK2
I_168				= 9798, L: MK2
I_164				= 979B, L: MK2
I_162				= 97F6, L: MK2
_PLAYER_MOVE			= 97FF, G: MK2
_PLAYER_GRAVITY_ADD		= 981D, L: MK2
_PLAYER_GRAVITY_MAXIMUM		= 9821, L: MK2
_PLAYER_GRAVITY_VY_SET		= 9823, L: MK2
_PLAYER_GRAVITY_DONE		= 9826, L: MK2
_PLAYER_GRAVITY_P_GOTTEN_DONE	= 9830, L: MK2
I_171				= 986E, L: MK2
I_172				= 9871, L: MK2
I_173				= 98A4, L: MK2
I_170				= 98A4, L: MK2
I_175				= 98CF, L: MK2
I_174				= 98CF, L: MK2
I_177				= 98FB, L: MK2
I_179				= 991D, L: MK2
I_169				= 991D, L: MK2
I_176				= 991D, L: MK2
I_180				= 9937, L: MK2
I_181				= 994A, L: MK2
_VA_COLLISION_VY_NEGATIVE	= 997C, L: MK2
_VA_COL_VY_NEG_DO		= 9996, L: MK2
_VA_COLLISION_VY_POSITIVE	= 99BD, L: MK2
_VA_COL_VY_POS_DO		= 99EF, L: MK2
_VA_COLLISION_CHECKEVIL		= 9A12, L: MK2
I_182				= 9A27, L: MK2
I_183				= 9A2A, L: MK2
_VA_COLLISION_DONE		= 9A30, L: MK2
I_184				= 9A94, L: MK2
I_186				= 9AAF, L: MK2
I_187				= 9AB2, L: MK2
I_189				= 9AE2, L: MK2
I_188				= 9AE2, L: MK2
I_193				= 9B0E, L: MK2
I_192				= 9B10, L: MK2
I_195_I_192			= 9B13, L: MK2
I_191				= 9B23, L: MK2
I_197				= 9B38, L: MK2
I_198_I_197			= 9B3B, L: MK2
I_199				= 9B7C, L: MK2
I_200				= 9B90, L: MK2
I_196				= 9B90, L: MK2
I_201				= 9BAE, L: MK2
I_190				= 9BAE, L: MK2
I_204				= 9C07, L: MK2
I_205				= 9C0A, L: MK2
I_203				= 9C12, L: MK2
I_207				= 9C34, L: MK2
I_208				= 9C37, L: MK2
I_202				= 9C3F, L: MK2
I_206				= 9C3F, L: MK2
I_209				= 9C70, L: MK2
I_210				= 9C73, L: MK2
I_213				= 9CBB, L: MK2
I_212				= 9CBE, L: MK2
I_215				= 9CF5, L: MK2
I_216				= 9CF5, L: MK2
I_214				= 9CF5, L: MK2
I_211				= 9CF5, L: MK2
I_217				= 9D25, L: MK2
I_218				= 9D25, L: MK2
I_220				= 9D57, L: MK2
I_219				= 9D57, L: MK2
I_221				= 9D7C, L: MK2
I_222				= 9D8A, L: MK2
I_223				= 9D9D, L: MK2
_HA_COLLISION_VX_NEGATIVE	= 9DCF, L: MK2
_HA_COL_VX_NEG_DO		= 9DE9, L: MK2
_HA_COLLISION_VX_POSITIVE	= 9E10, L: MK2
_HA_COL_VX_POS_DO		= 9E2A, L: MK2
_HA_COLLISION_DONE		= 9E4F, L: MK2
_HA_COLLISION_CHECKEVIL		= 9E4F, L: MK2
I_225				= 9E68, L: MK2
I_226_I_225			= 9E6B, L: MK2
I_224				= 9E91, L: MK2
I_227				= 9E91, L: MK2
I_228				= 9EAF, L: MK2
I_230				= 9F1C, L: MK2
I_229				= 9F22, L: MK2
I_231				= 9F51, L: MK2
I_233				= 9F78, L: MK2
I_232				= 9F78, L: MK2
I_236				= 9F91, L: MK2
I_237_I_236			= 9F94, L: MK2
I_235				= 9F9B, L: MK2
I_234				= 9F9B, L: MK2
I_239				= 9FB0, L: MK2
I_240_I_239			= 9FB3, L: MK2
I_238				= 9FCC, L: MK2
I_242				= 9FFE, L: MK2
I_244				= A023, L: MK2
I_243				= A03C, L: MK2
I_241				= A03C, L: MK2
_DISTANCE			= A03D, G: MK2
_DISTANCE_DX_SET		= A04B, L: MK2
_DISTANCE_DY_SET		= A05C, L: MK2
_DISTANCE_DY_MIN		= A066, L: MK2
_DISTANCE_MN_SET		= A069, L: MK2
_INIT_COCOS			= A08B, G: MK2
I_247				= A092, L: MK2
I_245				= A092, L: MK2
I_246				= A0B3, L: MK2
_SHOOT_COCO			= A0B4, G: MK2
I_249_UGE			= A10E, L: MK2
I_250				= A16B, L: MK2
I_251				= A1C9, L: MK2
I_248				= A1C9, L: MK2
I_249				= A1C9, L: MK2
_MOVE_COCOS			= A1CA, G: MK2
I_252				= A1D4, L: MK2
I_254				= A1D9, L: MK2
I_257				= A252, L: MK2
I_256				= A25D, L: MK2
I_260				= A2B8, L: MK2
I_259				= A2B8, L: MK2
I_255				= A2DB, L: MK2
I_253				= A2DE, L: MK2
_MONS_COL_SC_X			= A2DF, G: MK2
I_261				= A2FB, L: MK2
I_262				= A300, L: MK2
I_263				= A352, L: MK2
I_264				= A355, L: MK2
_MONS_COL_SC_Y			= A358, G: MK2
I_265				= A374, L: MK2
I_266				= A379, L: MK2
I_267				= A3CB, L: MK2
I_268				= A3CE, L: MK2
_ENEMS_KILL			= A3D1, G: MK2
I_269				= A422, L: MK2
_ENEMS_INIT			= A423, G: MK2
I_271				= A434, L: MK2
I_273				= A439, L: MK2
I_275				= A4E6, L: MK2
I_276_I_275			= A4E9, L: MK2
I_279				= A508, L: MK2
I_280				= A516, L: MK2
I_281				= A602, L: MK2
I_282				= A63C, L: MK2
I_278				= A63C, L: MK2
I_274				= A63C, L: MK2
I_272				= A63F, L: MK2
I_270				= A63F, L: MK2
_ENEMS_MOVE_SPR_ABS		= A640, G: MK2
_ENEMS_MOVE			= A6A1, G: MK2
I_283				= A6C9, L: MK2
I_285				= A6D3, L: MK2
I_286				= A764, L: MK2
I_289				= A7A2, L: MK2
I_290				= A7C1, L: MK2
I_288				= A7C4, L: MK2
I_292				= A7D7, L: MK2
I_293				= A7DE, L: MK2
_ENEMS_MOVE_PREGOTTEN_NOT	= A819, L: MK2
_ENEMS_MOVE_PREGOTTEN_SET	= A81A, L: MK2
I_294				= A81D, L: MK2
I_297				= A822, L: MK2
I_298				= A83A, L: MK2
I_299				= A841, L: MK2
_ENEMS_LM_CHANGE_AXIS_X		= A868, L: MK2
_ENEMS_LM_CHANGE_AXIS_X_DONE	= A870, L: MK2
_ENEMS_LM_CHANGE_AXIS_Y		= A88F, L: MK2
_ENEMS_LM_CHANGE_AXIS_Y_DONE	= A897, L: MK2
I_301				= A8B4, L: MK2
I_302				= A8B7, L: MK2
I_300				= A8BC, L: MK2
I_303				= A8BF, L: MK2
_MOVE_FANTY_IDLE		= A92F, L: MK2
_MOVE_FANTY_PURSUING		= A93F, L: MK2
_MOVE_FANTY_PURSUING_DO		= A94E, L: MK2
_MOVE_FANTY_AX_NEG		= A958, L: MK2
_MOVE_FANTY_AX_POS		= A95C, L: MK2
_MOVE_FANTY_AX_SET		= A95E, L: MK2
_MOVE_FANTY_VX_LIMIT_POS	= A967, L: MK2
_MOVE_FANTY_VX_LIMIT_NEG	= A96F, L: MK2
_MOVE_FANTY_VX_LIMIT_NEG_OK	= A979, L: MK2
_MOVE_FANTY_VX_LIMIT_SET	= A97B, L: MK2
_MOVE_FANTY_X_LIMIT_0		= A98F, L: MK2
_MOVE_FANTY_X_LIMIT_224		= A998, L: MK2
_MOVE_FANTY_X_SET		= A99B, L: MK2
_MOVE_FANTY_AY_NEG		= A9A8, L: MK2
_MOVE_FANTY_AY_POS		= A9AC, L: MK2
_MOVE_FANTY_AY_SET		= A9AE, L: MK2
_MOVE_FANTY_VY_LIMIT_POS	= A9B7, L: MK2
_MOVE_FANTY_VY_LIMIT_NEG	= A9BF, L: MK2
_MOVE_FANTY_VY_LIMIT_NEG_OK	= A9C9, L: MK2
_MOVE_FANTY_VY_LIMIT_SET	= A9CB, L: MK2
_MOVE_FANTY_Y_LIMIT_0		= A9DF, L: MK2
_MOVE_FANTY_Y_LIMIT_144		= A9E8, L: MK2
_MOVE_FANTY_Y_SET		= A9EB, L: MK2
_MOVE_FANTY_RETREATING		= A9F1, L: MK2
_MOVE_FANTY_R_X_POS		= AA0A, L: MK2
_MOVE_FANTY_R_X_NEG		= AA0D, L: MK2
_MOVE_FANTY_R_X_SET		= AA10, L: MK2
_MOVE_FANTY_R_X_DONE		= AA13, L: MK2
_MOVE_FANTY_R_Y_POS		= AA25, L: MK2
_MOVE_FANTY_R_Y_NEG		= AA28, L: MK2
_MOVE_FANTY_R_Y_SET		= AA2B, L: MK2
_MOVE_FANTY_R_Y_DONE		= AA2E, L: MK2
_MOVE_FANTY_R_CHSTATE_DONE	= AA49, L: MK2
_MOVE_FANTY_STATE_DONE		= AA55, L: MK2
I_304				= AAB2, L: MK2
I_305				= AAF2, L: MK2
I_306				= AB02, L: MK2
I_307				= AB05, L: MK2
I_296				= AB19, L: MK2
I_310				= AB4B, L: MK2
I_312				= AB6F, L: MK2
I_313				= AB85, L: MK2
I_311				= AB8B, L: MK2
I_309				= ABB8, L: MK2
I_315				= ABCD, L: MK2
I_316_I_315			= ABD0, L: MK2
I_317				= ABE3, L: MK2
I_318				= ABE6, L: MK2
I_320				= AC24, L: MK2
I_321_I_320			= AC27, L: MK2
I_314				= AC37, L: MK2
I_319				= AC37, L: MK2
_ENEMS_PLATS_HORZ_DO		= AC72, L: MK2
_ENEMS_PLATS_HORZ_DONE		= AC87, L: MK2
_ENEMS_PLATS_VERT_CHECK_1	= AC87, L: MK2
_ENEMS_PLATS_VERT_CHECK_2	= ACA6, L: MK2
_ENEMS_PLATS_VERT_DO		= ACB7, L: MK2
_ENEMS_PLATS_GPY_SET		= ACCE, L: MK2
_ENEMS_PLATS_VERT_DONE		= ACE1, L: MK2
_ENEMS_PLATFORMS_DONE		= ACE4, L: MK2
I_323				= AD2E, L: MK2
_ENEMS_COLLISION_SKIP		= AD43, L: MK2
I_324				= AD43, L: MK2
I_325				= AD43, L: MK2
I_322				= AD43, L: MK2
I_308				= AD43, L: MK2
I_291				= AD43, L: MK2
I_287				= AD43, L: MK2
ENEMS_LOOP_CONTINUE_A		= AD43, L: MK2
I_284				= AD7D, L: MK2
_ADVANCE_WORM			= AD7E, G: MK2
_DRAW_SCR_ALT_TILE_SKIP		= ADAF, L: MK2
_DRAW_SCR_ALT_TILE_DONE		= ADB0, L: MK2
_ADVANCE_WORM_NO_INC_Y		= ADCE, L: MK2
_DRAW_SCR_BACKGROUND		= ADD6, G: MK2
_DRAW_SCR_PACKED_UNPACKED	= AE26, L: MK2
_DRAW_SCR_BACKGROUND_LOOP	= AE34, L: MK2
DRAW_SCR_BACKGROUND_NEW_BYTE	= AE3F, L: MK2
DRAW_SCR_BACKGROUND_SET_T	= AE52, L: MK2
_HOTSPOTS_SETUP_DO		= AE90, L: MK2
_HOTSPOTS_SETUP_SET_REFILL	= AEC1, L: MK2
_HOTSPOTS_SETUP_SET		= AEC2, L: MK2
_HOTSPOTS_SETUP_DONE		= AECA, L: MK2
_DRAW_SCR			= AECB, G: MK2
I_326				= AEE1, L: MK2
I_327				= AEE4, L: MK2
I_328				= AF64, L: MK2
_UPDATE_HUD			= AF6F, G: MK2
I_329				= AF8C, L: MK2
I_330				= AFBC, L: MK2
I_331				= AFEC, L: MK2
_INIT_LAVA			= AFED, G: MK2
_LAVA_REENTER			= B00C, G: MK2
I_333				= B045, L: MK2
I_335				= B04A, L: MK2
I_336				= B065, L: MK2
I_338				= B072, L: MK2
I_337				= B09F, L: MK2
I_334				= B0A2, L: MK2
I_332				= B0A2, L: MK2
_DO_LAVA			= B0A3, G: MK2
I_342				= B113, L: MK2
I_344				= B120, L: MK2
I_343				= B153, L: MK2
I_339				= B153, L: MK2
I_340				= B153, L: MK2
I_341				= B153, L: MK2
I_346				= B172, L: MK2
I_347_I_346			= B175, L: MK2
I_345				= B179, L: MK2
I_348				= B17D, L: MK2
_FLICK_SCREEN			= B17E, G: MK2
I_350				= B1A7, L: MK2
I_351_I_350			= B1AA, L: MK2
I_349				= B1C6, L: MK2
I_354				= B1F4, L: MK2
I_355_I_354			= B1F7, L: MK2
I_353				= B20D, L: MK2
I_352				= B20D, L: MK2
I_357				= B236, L: MK2
I_358_I_357			= B239, L: MK2
I_359				= B274, L: MK2
I_356				= B277, L: MK2
I_362				= B2A5, L: MK2
I_363_I_362			= B2A8, L: MK2
I_361				= B2C4, L: MK2
I_360				= B2C4, L: MK2
_HIDE_SPRITES			= B2C5, G: MK2
I_364				= B2E5, L: MK2
HIDE_SPRITES_ENEMS_LOOP		= B2E6, L: MK2
HIDE_SPRITES_COCOS_LOOP		= B311, L: MK2
_MAIN				= B350, G: MK2
I_367				= B3AA, L: MK2
I_365				= B3C8, L: MK2
I_366				= B3D2, L: MK2
I_368				= B425, L: MK2
I_370				= B42A, L: MK2
I_369				= B4C3, L: MK2
I_371				= B4FE, L: MK2
I_373				= B503, L: MK2
I_372				= B55C, L: MK2
I_374				= B563, L: MK2
I_376				= B5B4, L: MK2
I_378				= B611, L: MK2
I_379				= B63C, L: MK2
I_380				= B67C, L: MK2
I_382				= B681, L: MK2
I_381				= B69C, L: MK2
I_383				= B6B0, L: MK2
I_385				= B6E9, L: MK2
I_386				= B6E9, L: MK2
I_387				= B711, L: MK2
I_388				= B721, L: MK2
I_390				= B73F, L: MK2
I_389				= B77D, L: MK2
I_392				= B79A, L: MK2
I_393				= B7AA, L: MK2
I_395				= B7AF, L: MK2
I_396				= B82C, L: MK2
I_397				= B84E, L: MK2
I_398				= B851, L: MK2
I_394				= B851, L: MK2
I_399				= B864, L: MK2
I_400				= B896, L: MK2
I_401				= B896, L: MK2
I_402				= B8B0, L: MK2
I_403				= B8B0, L: MK2
I_407				= B912, L: MK2
I_408				= B920, L: MK2
I_409				= B92E, L: MK2
I_404				= B940, L: MK2
I_406				= B940, L: MK2
I_410				= B98E, L: MK2
I_411				= B994, L: MK2
_HOTSPOTS_SKIP			= B99B, L: MK2
I_413				= B9B7, L: MK2
I_414				= B9C4, L: MK2
I_412				= B9C7, L: MK2
I_415				= B9DB, L: MK2
I_417				= B9F4, L: MK2
I_418				= B9F6, L: MK2
I_417_I_418			= B9FB, L: MK2
I_420				= BA14, L: MK2
I_421				= BA16, L: MK2
I_420_I_421			= BA1B, L: MK2
I_422				= BA30, L: MK2
I_423				= BA33, L: MK2
I_419				= BA3A, L: MK2
I_424				= BA3D, L: MK2
I_416				= BA4E, L: MK2
I_426				= BA62, L: MK2
I_427				= BA65, L: MK2
I_428				= BA72, L: MK2
I_425				= BA79, L: MK2
I_430				= BA94, L: MK2
I_431				= BAA8, L: MK2
I_384				= BAAE, L: MK2
I_434				= BAC1, L: MK2
I_435				= BAD9, L: MK2
I_436				= BAF2, L: MK2
I_437				= BB0B, L: MK2
I_438				= BB1A, L: MK2
I_433				= BB44, L: MK2
I_377				= BB47, L: MK2
I_375				= BB4D, L: MK2
I_1				= BB4E, L: MK2
__EN_T				= BBCC, G: MK2
__EN_X				= BBCD, G: MK2
__EN_Y				= BBCE, G: MK2
_SP_MOVILES			= BBCF, G: MK2
_HITTER_TYPE			= BBD5, G: MK2
__EN_X1				= BBD6, G: MK2
__EN_Y1				= BBD7, G: MK2
__EN_X2				= BBD8, G: MK2
__EN_Y2				= BBD9, G: MK2
_LAVA_CT			= BBDA, G: MK2
_EN_AN_BASE_FRAME		= BBDB, G: MK2
_HOTSPOT_X			= BBDE, G: MK2
_HOTSPOT_Y			= BBDF, G: MK2
_P_HITTING			= BBE0, G: MK2
_EN_AN_C_F			= BBE1, G: MK2
__EN_MX				= BBE7, G: MK2
__EN_MY				= BBE8, G: MK2
_MAP_POINTER			= BBE9, G: MK2
_EN_AN_STATE			= BBEB, G: MK2
_FLAGS				= BBEE, G: MK2
_P_FACING			= BC0E, G: MK2
_P_FRAME			= BC0F, G: MK2
_EN_AN_N_F			= BC10, G: MK2
_P_C_F				= BC16, G: MK2
_HITTER_ON			= BC18, G: MK2
_PREGOTTEN			= BC19, G: MK2
_HIT_H				= BC1A, G: MK2
_HIT_V				= BC1B, G: MK2
_KILLED_OLD			= BC1C, G: MK2
_P_N_F				= BC1D, G: MK2
_GPAUX				= BC1F, G: MK2
_MAP_ATTR			= BC20, G: MK2
_ACTIVE				= BCB6, G: MK2
_SP_HITTER			= BCB7, G: MK2
__N				= BCB9, G: MK2
_DO_RESPAWN			= BCBA, G: MK2
__T				= BCBB, G: MK2
__X				= BCBC, G: MK2
__Y				= BCBD, G: MK2
_MLPLAYING			= BCBE, G: MK2
__EN_AN_VX			= BCBF, G: MK2
__EN_AN_VY			= BCC0, G: MK2
_LIFE_OLD			= BCC1, G: MK2
_COCO_D				= BCC2, G: MK2
_COCO_S				= BCC3, G: MK2
_COCO_X				= BCC6, G: MK2
_COCO_Y				= BCC9, G: MK2
_P_ENGINE			= BCCC, G: MK2
_HITTER_C_F			= BCCD, G: MK2
_GEN_PT				= BCCF, G: MK2
_NO_DRAW			= BCD1, G: MK2
_P_STATE			= BCD2, G: MK2
_PTGMX				= BCD3, G: MK2
_PTGMY				= BCD4, G: MK2
_HITTER_N_F			= BCD5, G: MK2
_WARP_TO_LEVEL			= BCD7, G: MK2
_HITTER_HIT			= BCD8, G: MK2
_SP_PLAYER			= BCD9, G: MK2
_GP_GEN				= BCDB, G: MK2
_KILLABLE			= BCDD, G: MK2
_ENOFFS				= BCDE, G: MK2
_PAD_THIS_FRAME			= BCDF, G: MK2
_SILENT_LEVEL			= BCE0, G: MK2
_SP_COCOS			= BCE1, G: MK2
__MAX				= BCE7, G: MK2
__MIN				= BCE9, G: MK2
_P_KILLED			= BCEB, G: MK2
_LAVA_Y				= BCEC, G: MK2
_PAD0				= BCED, G: MK2
__VAL				= BCEE, G: MK2
_P_KILLME			= BCF0, G: MK2
_P_JMP_CT			= BCF1, G: MK2
_N_PANT				= BCF2, G: MK2
_P_JMP_ON			= BCF3, G: MK2
_O_PANT				= BCF4, G: MK2
_P_LIFE				= BCF5, G: MK2
_HITTER_X			= BCF6, G: MK2
_HITTER_Y			= BCF7, G: MK2
_ENIT				= BCF8, G: MK2
_P_SAFE_X			= BCF9, G: MK2
_P_SAFE_Y			= BCFA, G: MK2
_JOYFUNC			= BCFB, G: MK2
_GPCX				= BCFD, G: MK2
_P_OBJS				= BCFE, G: MK2
_P_GOTTEN			= BCFF, G: MK2
_FZX1				= BD00, G: MK2
_FZX2				= BD01, G: MK2
_FZY1				= BD02, G: MK2
_FZY2				= BD03, G: MK2
_GPCY				= BD04, G: MK2
_GPIT				= BD05, G: MK2
_EN_AN_VX			= BD06, G: MK2
_P_KEYS				= BD09, G: MK2
_EN_AN_VY			= BD0A, G: MK2
_GPJT				= BD0D, G: MK2
_PLAYING			= BD0E, G: MK2
_SC_C				= BD0F, G: MK2
_MAIN_SCRIPT_OFFSET		= BD10, G: MK2
_KEYP				= BD12, G: MK2
_SC_M				= BD13, G: MK2
_SC_N				= BD14, G: MK2
_KEYS				= BD15, G: MK2
_LEVEL_AC			= BD1F, G: MK2
_EXTI				= BD20, G: MK2
_SC_X				= BD21, G: MK2
_SC_Y				= BD22, G: MK2
_P_VX				= BD23, G: MK2
_P_VY				= BD24, G: MK2
_GPXX				= BD25, G: MK2
_GPYY				= BD26, G: MK2
_OBJS_OLD			= BD27, G: MK2
__EN_AN_X			= BD28, G: MK2
__EN_AN_Y			= BD2A, G: MK2
_EXTX				= BD2C, G: MK2
_EXTY				= BD2D, G: MK2
_MAINCOUNTER			= BD2E, G: MK2
_PTX1				= BD2F, G: MK2
_PTX2				= BD30, G: MK2
_PTY1				= BD31, G: MK2
_PTY2				= BD32, G: MK2
_FLAG_OLD			= BD33, G: MK2
_F_ZONE_AC			= BD34, G: MK2
_AT1				= BD35, G: MK2
_AT2				= BD36, G: MK2
_ACTION_PRESSED			= BD37, G: MK2
__EN_LIFE			= BD38, G: MK2
_CX1				= BD39, G: MK2
_CX2				= BD3A, G: MK2
_CY1				= BD3B, G: MK2
_CY2				= BD3C, G: MK2
_ENEMY_SHOOTS			= BD3D, G: MK2
_P_SUBFRAME			= BD3E, G: MK2
_P_STATE_CT			= BD3F, G: MK2
_ANIMATE			= BD40, G: MK2
_NEXT_SCRIPT			= BD41, G: MK2
_GPC				= BD43, G: MK2
_GPD				= BD44, G: MK2
_COCO_X0			= BD45, G: MK2
_P_G				= BD46, G: MK2
_EN_AN_X			= BD47, G: MK2
_EN_AN_Y			= BD4D, G: MK2
_HIT				= BD53, G: MK2
_CTX				= BD54, G: MK2
_CTY				= BD55, G: MK2
_GPS				= BD56, G: MK2
_GPT				= BD57, G: MK2
_RDA				= BD58, G: MK2
_P_X				= BD59, G: MK2
_AD_FREE			= BD5B, G: MK2
_P_Y				= C0DF, G: MK2
_GPX				= C0E1, G: MK2
_GPY				= C0E2, G: MK2
_RDB				= C0E3, G: MK2
_RDS				= C0E4, G: MK2
_COCO_IT			= C0E5, G: MK2
_RDX				= C0E6, G: MK2
_RDY				= C0E7, G: MK2
_WALL_H				= C0E8, G: MK2
_COCO_VX			= C0E9, G: MK2
_COCO_VY			= C0EC, G: MK2
_ENOFFSMASI			= C0EF, G: MK2
_STEPBYSTEP			= C0F0, G: MK2
_KEYS_OLD			= C0F1, G: MK2
_WALL_V				= C0F2, G: MK2
_TOCADO				= C0F3, G: MK2
_X_PANT				= C0F4, G: MK2
_IS_RENDERING			= C0F5, G: MK2
_P_FACING_H			= C0F6, G: MK2
_Y_PANT				= C0F7, G: MK2
__BADDIES_POINTER		= C0F8, G: MK2
_P_FACING_V			= C0FA, G: MK2
_POSSEE				= C0FB, G: MK2
_ORIG_TILE			= C0FC, G: MK2
_HITTER_FRAME			= C0FD, G: MK2
_SUCCESS			= C0FE, G: MK2
_EN_AN_COUNT			= C0FF, G: MK2
_P_DISPARANDO			= C102, G: MK2
_P_SAFE_PANT			= C103, G: MK2
L_AND				= C104, G: L_AND
L_ASL				= C10B, G: L_ASL
L_ASL1				= C10C, L: L_ASL
L_ASR				= C112, G: L_ASR
L_ASR1				= C113, L: L_ASR
L_ASR_U				= C11C, G: L_ASR_U
L_ASR_U_1			= C11D, L: L_ASR_U
L_COM				= C126, G: L_COM
L_DIV				= C12D, G: L_DIV
L_DIV0				= C13D, L: L_DIV
L_DIV01				= C149, L: L_DIV
DOSIGN				= C15A, L: L_DIV
L_DIV_U				= C161, G: L_DIV_U
ENTRY				= C165, L: L_DIV_U
L_DIV1				= C16C, L: L_DIV_U
L_DIV2				= C176, L: L_DIV_U
L_EQ				= C180, G: L_EQ
L_GCHAR				= C187, G: L_GCHAR
L_SXT				= C188, L: L_GCHAR
L_GE				= C18D, G: L_GE
L_GINT				= C19B, G: L_GINT
L_GINTSPSP			= C1A0, G: L_GINTSPSP
L_GT				= C1A9, G: L_GT
L_LE				= C1B5, G: L_LE
L_LNEG				= C1C3, G: L_LNEG
L_LT				= C1C8, G: L_LT
L_MULT				= C1D4, G: L_MULT
L_MULT1				= C1DB, L: L_MULT
L_MULT2				= C1E2, L: L_MULT
L_NE				= C1E5, G: L_NE
L_NEG				= C1EC, G: L_NEG
L_OR				= C1F4, G: L_OR
L_PINT				= C1FB, G: L_PINT
L_SXT				= C201, G: L_SXT
L_UGE				= C206, G: L_UGE
L_UGT				= C20E, G: L_UGT
L_ULE				= C214, G: L_ULE
L_ULT				= C21C, G: L_ULT
L_XOR				= C222, G: L_XOR
SPCOMPDLISTADDR			= C229, G: SPCOMPDLISTADDR
SPDISPLAYLIST			= C23A, G: SPDISPLAYLIST
SPINVALIDATE			= CE3A, G: SPINVALIDATE
SPINVALIDATEP			= CE42, G: SPINVALIDATE
NOINC1				= CE5B, L: SPINVALIDATE
INVCOLLP			= CE5F, L: SPINVALIDATE
NOINC2				= CE6E, L: SPINVALIDATE
INVFULLCHAR			= CE72, L: SPINVALIDATE
INVROWLP			= CE74, L: SPINVALIDATE
NOINC3				= CE7F, L: SPINVALIDATE
SPBITLEFT2MASK			= CE8D, G: SPBITLEFT2MASK
SPBITRIGHT2MASK			= CE95, G: SPBITRIGHT2MASK
SPCOMPDIRTYADDR			= CE9D, G: SPCOMPDIRTYADDR
SPDIRTYCHARS			= CEB2, G: SPDIRTYCHARS
SPINTRECT			= CF12, G: SPINTRECT
SPINTSMALLIVAL			= CF43, G: SPINTRECT
TRYOTHERWAY			= CF57, L: SPINTRECT
SPPTINSMALLIVAL			= CF68, G: SPINTRECT
BROKEN				= CF74, L: SPINTRECT
SPMOVESPRABS			= CF7D, G: SPMOVESPRABS
SPMOVESPRABSNC			= CF8B, G: SPMOVESPRABS
ADJLOOP				= CF96, L: SPMOVESPRABS
SPMOVESPRABSC			= CFA4, G: SPMOVESPRABS
YINSCREEN			= CFBC, L: SPMOVESPRABS
XINSCREEN			= CFCC, L: SPMOVESPRABS
MVCOLLOOP			= CFE3, L: SPMOVESPRABS
MVROWLOOP			= CFE9, L: SPMOVESPRABS
NOTDONE				= CFF3, L: SPMOVESPRABS
NOINC1				= D00B, L: SPMOVESPRABS
NOTINDLIST			= D01F, L: SPMOVESPRABS
NONEXT1				= D01F, L: SPMOVESPRABS
PDLOOP				= D03C, L: SPMOVESPRABS
NOINC2				= D044, L: SPMOVESPRABS
PUTHERE				= D056, L: SPMOVESPRABS
NOINC3				= D065, L: SPMOVESPRABS
NODEC1				= D073, L: SPMOVESPRABS
NOINC4				= D07F, L: SPMOVESPRABS
NOTDISPLAYED			= D08C, L: SPMOVESPRABS
NONEXT2				= D08C, L: SPMOVESPRABS
INVALIDATE			= D0A7, L: SPMOVESPRABS
COMPUTEDISP			= D0B6, L: SPMOVESPRABS
NOTNEGATIVE			= D0D4, L: SPMOVESPRABS
ADJUSTGRAPHICS			= D0D9, L: SPMOVESPRABS
NOINC5				= D0E5, L: SPMOVESPRABS
SKIP1				= D0F5, L: SPMOVESPRABS
SKIP2				= D105, L: SPMOVESPRABS
SPNULLSPRPTR			= D108, G: SPNULLSPRPTR
SPPRINTATINV			= D118, G: SPPRINTATINV
SPBIT2MASK			= D130, G: SPBIT2MASK
SPTBLLOOKUP			= D138, G: SPTBLLOOKUP
NOINC				= D13E, L: SPTBLLOOKUP
SP_ADDCOLSPR			= D140, G: SP_ADDCOLSPR
SPADDCOLSPR			= D15F, G: SPADDCOLSPR
ACNOCRY				= D16A, L: SPADDCOLSPR
ACLOOP				= D17B, L: SPADDCOLSPR
NOINC1				= D1B7, L: SPADDCOLSPR
ACNOCRY3			= D1CB, L: SPADDCOLSPR
ACFAIL				= D1F8, L: SPADDCOLSPR
JPHL				= D209, L: SPADDCOLSPR
SPDELETESPR			= D20A, G: SPDELETESPR
LOOP				= D20E, L: SPDELETESPR
SPDSLOOP			= D21B, G: SPDELETESPR
JPHL				= D223, L: SPDELETESPR
SP_ADDMEMORY			= D224, G: SP_ADDMEMORY
SPADDMEMORY			= D23D, G: SPADDMEMORY
IB1				= D245, L: SPADDMEMORY
IB2				= D24C, L: SPADDMEMORY
SPFREEBLOCK			= D259, G: SPFREEBLOCK
SPFB1				= D25E, G: SPFREEBLOCK
SPFB2				= D269, G: SPFREEBLOCK
SPQUEUETABLE			= D274, G: SPQUEUETABLE
SP_BLOCKALLOC			= D276, G: SP_BLOCKALLOC
SPBLOCKALLOC			= D284, G: SPBLOCKALLOC
SPALLOC				= D28E, G: SPBLOCKALLOC
SP_BORDER			= D29F, G: SP_BORDER
SPBORDERCLR			= D2A8, G: SPBORDER
SPBORDER			= D2A9, G: SPBORDER
SP_CREATEGENERICISR		= D2B1, G: SP_CREATEGENERICISR
SPCREATEGENERICISR		= D2BA, G: SPCREATEGENERICISR
GENERICISR			= D2C3, L: SPCREATEGENERICISR
POSITION			= D2C6, L: SPCREATEGENERICISR
PUSHREG				= D2CF, L: SPCREATEGENERICISR
JPHL				= D2DE, L: SPCREATEGENERICISR
RUNHOOKS			= D2DF, L: SPCREATEGENERICISR
POPREG				= D2F1, L: SPCREATEGENERICISR
SP_CREATESPR			= D302, G: SP_CREATESPR
SPCREATESPR			= D31F, G: SPCREATESPR
CSLOOP				= D370, L: SPCREATESPR
CSENTER				= D384, L: SPCREATESPR
NOTCOMPRESS			= D396, L: SPCREATESPR
CONT				= D39B, L: SPCREATESPR
CSNOCRY				= D3B2, L: SPCREATESPR
CSFAIL1				= D3BC, L: SPCREATESPR
CSFAIL2				= D3BE, L: SPCREATESPR
JPHL				= D3C7, L: SPCREATESPR
SP_FREEBLOCK			= D3C8, G: SP_FREEBLOCK
SP_GETKEY			= D3D3, G: SP_GETKEY
KEYOK				= D3D9, L: SP_GETKEY
STATE				= D3DE, L: SPGETKEY
COUNT				= D3DF, L: SPGETKEY
SPKEYDEBOUNCE			= D3E0, G: SPGETKEY
SPKEYSTARTREPEAT		= D3E1, G: SPGETKEY
SPKEYREPEATPERIOD		= D3E2, G: SPGETKEY
SPINKEY				= D3E3, G: SPGETKEY
SPGETKEY			= D3F4, G: SPGETKEY
SCANLOOP			= D3FB, L: SPGETKEY
KEYROWLOOP			= D3FF, L: SPGETKEY
NOPRESS				= D40F, L: SPGETKEY
NEXTSCANROW			= D414, L: SPGETKEY
ATMAXCOUNT			= D425, L: SPGETKEY
SKIP				= D43C, L: SPGETKEY
NOCAPS				= D452, L: SPGETKEY
NOSYM				= D45D, L: SPGETKEY
TOOMANYKEYS			= D460, L: SPGETKEY
NOKEYS				= D460, L: SPGETKEY
SPKEYTRANSTBL			= D468, G: SPKEYTRANSTBL
SP_INITIALIZE			= D508, G: SP_INITIALIZE
SPINITIALIZE			= D514, G: SPINITIALIZE
ROTTBLLP			= D53A, L: SPINITIALIZE
ENTRYLP				= D541, L: SPINITIALIZE
ROTLP				= D544, L: SPINITIALIZE
LOOP				= D55D, L: SPINITIALIZE
CONT1				= D565, L: SPINITIALIZE
NOADD				= D56F, L: SPINITIALIZE
USERTILE			= D572, L: SPINITIALIZE
SPTILEARRAY			= D577, G: SPTILEARRAY
SP_INITIM2			= D777, G: SP_INITIM2
SPINITIM2			= D782, G: SPINITIM2
SP_JOYKEMPSTON			= D798, G: SP_JOYKEMPSTON
SPJOYKEMPSTON			= D79F, G: SPJOYKEMPSTON
KEMPTBL				= D7AA, L: SPJOYKEMPSTON
SP_JOYKEYBOARD			= D7CA, G: SP_JOYKEYBOARD
SPJOYKEYBOARD			= D7D8, G: SPJOYKEYBOARD
NOFIRE				= D7E5, L: SPJOYKEYBOARD
JKLOOP				= D7E5, L: SPJOYKEYBOARD
NOPRESS				= D7F0, L: SPJOYKEYBOARD
SP_JOYSINCLAIR1			= D7F7, G: SP_JOYSINCLAIR1
SPJOYSINCLAIR1			= D7FE, G: SPJOYSINCLAIR1
SINC1TBL			= D80A, L: SPJOYSINCLAIR1
SP_KEYPRESSED			= D82A, G: SP_KEYPRESSED
SPKEYPRESSED			= D83A, G: SPKEYPRESSED
NOCAPS				= D846, L: SPKEYPRESSED
NOSYM				= D852, L: SPKEYPRESSED
SP_REGISTERHOOK			= D85E, G: SP_REGISTERHOOK
SP_REGISTERHOOKLAST		= D874, G: SP_REGISTERHOOKLAST
SPREGISTERHOOKLAST		= D883, G: SPREGISTERHOOKLAST
SPREGISTERHOOK			= D883, G: SPREGISTERHOOKLAST
LOOP				= D88C, L: SPREGISTERHOOKLAST
DONE				= D897, L: SPREGISTERHOOKLAST
SP_TILEARRAY			= D8A0, G: SP_TILEARRAY
SPTILEENTRY			= D8AE, G: SPTILEENTRY
NOINC				= D8B7, L: SPTILEENTRY
SP_UPDATENOW			= D8BF, G: SP_UPDATENOW
TEMPGRAPHIC			= D8C5, L: SPUPDATENOW
TEMPCOLOUR			= D8CD, L: SPUPDATENOW
UPDATE_ATTRS			= D8CE, G: SPUPDATENOW
DOSPRITES			= D8CF, L: SPUPDATENOW
SPUPDATENOW			= D8D0, G: SPUPDATENOW
DIRTYLOOP			= D8DC, L: SPUPDATENOW
NOTACROSSBLK1			= D8EC, L: SPUPDATENOW
REENTER				= D8F4, L: SPUPDATENOW
NOINC1				= D8F4, L: SPUPDATENOW
DIRTYAREA			= D902, L: SPUPDATENOW
NOTACROSSBLK2			= D93C, L: SPUPDATENOW
TILEONLY			= D943, L: SPUPDATENOW
NOINC11				= D94E, L: SPUPDATENOW
DRAWCHAR			= D972, L: SPUPDATENOW
NOTLOAD				= D9A0, L: SPUPDATENOW
NOINC10				= D9AB, L: SPUPDATENOW
SPRITELOOP			= D9C0, L: SPUPDATENOW
DOSPRITE			= D9C4, L: SPUPDATENOW
COLOURSPRITE			= DAD5, L: SPUPDATENOW
SKIP_SPRITE_UPDATE		= DAD6, L: SPUPDATENOW
CLEAR				= DAD7, L: SPUPDATENOW
COPYBUFFER			= DAE2, L: SPUPDATENOW
NOMORESPRITES			= DB04, L: SPUPDATENOW
SKIPUPDATECOL			= DB0F, L: SPUPDATENOW
MASKNOROTATE			= DB12, L: SPUPDATENOW
LOADTYPE			= DB5D, L: SPUPDATENOW
LOADNOROTATE			= DBCB, L: SPUPDATENOW
XORTYPE				= DBEA, L: SPUPDATENOW
XORNOROTATE			= DC70, L: SPUPDATENOW
ORTYPE				= DCA2, L: SPUPDATENOW
ORNOROTATE			= DD28, L: SPUPDATENOW
SP_UPDATENOWEX			= DD5A, G: SP_UPDATENOWEX
SP_WAITFORNOKEY			= DD63, G: SP_WAITFORNOKEY
SPWAITFORNOKEY			= DD67, G: SPWAITFORNOKEY
