ACFAIL				= CC09, L: SPADDCOLSPR
ACLOOP				= CB8F, L: SPADDCOLSPR
ACNOCRY				= CB7E, L: SPADDCOLSPR
ACNOCRY3			= CBDF, L: SPADDCOLSPR
ADJLOOP				= C9AE, L: SPMOVESPRABS
ADJUSTGRAPHICS			= CAF1, L: SPMOVESPRABS
APBRANCH1			= 5EDE, L: MK2
APBRANCH2			= 5F21, L: MK2
APBRANCH3			= 5F0D, L: MK2
APBRANCH4			= 5F04, L: MK2
APGET4BITS			= 5EF6, L: MK2
APLOOP				= 5EE3, L: MK2
APLOOP0				= 5EE0, L: MK2
APSKIP2				= 5F40, L: MK2
APSKIP3				= 5F49, L: MK2
APWRITEBYTE			= 5F00, L: MK2
AP_FINISHUP			= 5F4C, L: MK2
AP_FINISHUP2			= 5F4F, L: MK2
AP_GETBIT			= 5F62, L: MK2
AP_GETGAMMA			= 5F6E, L: MK2
AP_GETGAMMALOOP			= 5F71, L: MK2
AP_R0_GAMMA			= 5F56, L: MK2
ATMAXCOUNT			= CE28, L: SPGETKEY
BAL1				= 822A, L: MK2
BROKEN				= C98C, L: SPINTRECT
CLEAR				= D4A6, L: SPUPDATENOW
COLOURSPRITE			= D4A4, L: SPUPDATENOW
COMPUTEDISP			= CACE, L: SPMOVESPRABS
CONT				= CDA1, L: SPCREATESPR
CONT1				= CF68, L: SPINITIALIZE
COPYBUFFER			= D4B1, L: SPUPDATENOW
COUNT				= CDE2, L: SPGETKEY
CSENTER				= CD8A, L: SPCREATESPR
CSFAIL1				= CDBF, L: SPCREATESPR
CSFAIL2				= CDC1, L: SPCREATESPR
CSLOOP				= CD76, L: SPCREATESPR
CSNOCRY				= CDB5, L: SPCREATESPR
DEPACK				= 5EDB, L: MK2
DIRTYAREA			= D2D1, L: SPUPDATENOW
DIRTYLOOP			= D2AB, L: SPUPDATENOW
DONE				= D266, L: SPREGISTERHOOKLAST
DOSIGN				= BB78, L: L_DIV
DOSPRITE			= D393, L: SPUPDATENOW
DOSPRITES			= D29E, L: SPUPDATENOW
DRAWCHAR			= D341, L: SPUPDATENOW
DRAW_SCR_BACKGROUND_NEW_BYTE	= ACC1, L: MK2
DRAW_SCR_BACKGROUND_SET_T	= ACD4, L: MK2
ENEMS_LOOP_CONTINUE_A		= AA6C, L: MK2
ENTRY				= BB83, L: L_DIV_U
ENTRYLP				= CF44, L: SPINITIALIZE
FADE_OUT_BUCLE			= 8321, L: MK2
FADE_OUT_EXTERN			= 831A, L: MK2
FBSD_BUCLE			= 85C4, L: MK2
FBSD_ESCAPED			= 85B7, L: MK2
FBSD_FIN			= 85D2, L: MK2
FBSD_GETBIT			= 85CC, L: MK2
FBSD_MAINB			= 85A1, L: MK2
FBSD_STOR			= 85AF, L: MK2
FBSD_STOR2			= 85BF, L: MK2
FBSD_UNPACKC			= 85C2, L: MK2
FSCLIPSTRUCT			= 5EB7, L: MK2
GENERICISR			= CCD4, L: SPCREATEGENERICISR
HIDE_SPRITES_BULLETS_LOOP	= AF9A, L: MK2
HIDE_SPRITES_COCOS_LOOP		= AFC5, L: MK2
HIDE_SPRITES_ENEMS_LOOP		= AF6F, L: MK2
IB1				= CC56, L: SPADDMEMORY
IB2				= CC5D, L: SPADDMEMORY
INK_DONE			= 8328, L: MK2
INVALIDATE			= CABF, L: SPMOVESPRABS
INVCOLLP			= C877, L: SPINVALIDATE
INVFULLCHAR			= C88A, L: SPINVALIDATE
INVROWLP			= C88C, L: SPINVALIDATE
I_1				= B633, L: MK2
I_100				= 8A65, L: MK2
I_101				= 8A76, L: MK2
I_102				= 8AB7, L: MK2
I_103				= 8ABA, L: MK2
I_104				= 8ACB, L: MK2
I_105				= 8AE6, L: MK2
I_106				= 8AFE, L: MK2
I_107				= 8B01, L: MK2
I_108				= 8E8E, L: MK2
I_109				= 8B1E, L: MK2
I_110				= 8E8E, L: MK2
I_112				= 8E8B, L: MK2
I_113				= 8B2C, L: MK2
I_114				= 8BA8, L: MK2
I_115				= 8BBC, L: MK2
I_116				= 8BD2, L: MK2
I_117				= 8BE9, L: MK2
I_118				= 8C26, L: MK2
I_119				= 8C4D, L: MK2
I_120				= 8C59, L: MK2
I_121				= 8C8B, L: MK2
I_122				= 8C9F, L: MK2
I_123				= 8CB6, L: MK2
I_124				= 8D18, L: MK2
I_125				= 8CBB, L: MK2
I_126				= 8D15, L: MK2
I_127				= 8D1B, L: MK2
I_128				= 8D41, L: MK2
I_129				= 8D4C, L: MK2
I_130				= 8D57, L: MK2
I_131				= 8D7E, L: MK2
I_132				= 8DA3, L: MK2
I_133				= 8DAE, L: MK2
I_134				= 8DB4, L: MK2
I_135				= 8DBE, L: MK2
I_136				= 8DCB, L: MK2
I_137				= 8DD4, L: MK2
I_138				= 8DE5, L: MK2
I_139				= 8DE8, L: MK2
I_14				= 7C9A, L: MK2
I_140				= 8E03, L: MK2
I_141				= 8E15, L: MK2
I_142				= 8E18, L: MK2
I_143				= 8E19, L: MK2
I_144				= 8E24, L: MK2
I_145				= 8E24, L: MK2
I_146				= 8E81, L: MK2
I_147				= 8E84, L: MK2
I_148				= 8EEA, L: MK2
I_149				= 8EE7, L: MK2
I_15				= 7CA1, L: MK2
I_150				= 8EF1, L: MK2
I_153				= 8F7F, L: MK2
I_154				= 913D, L: MK2
I_155				= 9144, L: MK2
I_156				= 919B, L: MK2
I_157				= 91EB, L: MK2
I_158				= 9261, L: MK2
I_159				= 9269, L: MK2
I_16				= 7CFA, L: MK2
I_160				= 928A, L: MK2
I_161				= 9296, L: MK2
I_162				= 92A0, L: MK2
I_163				= 9360, L: MK2
I_164				= 92A5, L: MK2
I_165				= 935D, L: MK2
I_166				= 931C, L: MK2
I_167				= 9341, L: MK2
I_168				= 936B, L: MK2
I_169				= 9469, L: MK2
I_17				= 7CDE, L: MK2
I_170				= 9370, L: MK2
I_171				= 9466, L: MK2
I_172				= 93D6, L: MK2
I_173				= 93D6, L: MK2
I_174				= 9439, L: MK2
I_175				= 9458, L: MK2
I_176				= 9466, L: MK2
I_177				= 9576, L: MK2
I_178				= 95F3, L: MK2
I_179				= 95DC, L: MK2
I_18				= 7CE5, L: MK2
I_180				= 95D6, L: MK2
I_181_I_180			= 95D9, L: MK2
I_182				= 95F0, L: MK2
I_183				= 96A2, L: MK2
I_184				= 96B5, L: MK2
I_185				= 9792, L: MK2
I_186				= 9795, L: MK2
I_187				= 97FF, L: MK2
I_189				= 981A, L: MK2
I_19				= 7CFD, L: MK2
I_190				= 981D, L: MK2
I_191				= 9842, L: MK2
I_192				= 987C, L: MK2
I_193				= 9869, L: MK2
I_194				= 9867, L: MK2
I_196_I_193			= 986C, L: MK2
I_197				= 98E9, L: MK2
I_198				= 9891, L: MK2
I_199_I_198			= 9894, L: MK2
I_200				= 98D5, L: MK2
I_201				= 98E9, L: MK2
I_202				= 9907, L: MK2
I_203				= 9938, L: MK2
I_204				= 993B, L: MK2
I_205				= 99BD, L: MK2
I_206				= 9986, L: MK2
I_207				= 9983, L: MK2
I_208				= 99BD, L: MK2
I_209				= 99BD, L: MK2
I_21				= 8187, L: MK2
I_210				= 99BD, L: MK2
I_211				= 99ED, L: MK2
I_212				= 99ED, L: MK2
I_213				= 9A1F, L: MK2
I_214				= 9A1F, L: MK2
I_215				= 9A44, L: MK2
I_216				= 9A52, L: MK2
I_217				= 9A65, L: MK2
I_218				= 9B39, L: MK2
I_219				= 9B2C, L: MK2
I_220_I_219			= 9B2F, L: MK2
I_221				= 9B57, L: MK2
I_222				= 9B86, L: MK2
I_223				= 9BAD, L: MK2
I_224				= 9BAD, L: MK2
I_225				= 9BC2, L: MK2
I_226				= 9BC2, L: MK2
I_227				= 9BF3, L: MK2
I_228				= 9BD7, L: MK2
I_229_I_228			= 9BDA, L: MK2
I_23				= 82D2, L: MK2
I_230				= 9C63, L: MK2
I_231				= 9C25, L: MK2
I_232				= 9C63, L: MK2
I_233				= 9C4A, L: MK2
I_234				= 9CDD, L: MK2
I_235				= 9D06, L: MK2
I_236				= 9CE7, L: MK2
I_237				= 9D20, L: MK2
I_238				= 9E09, L: MK2
I_239				= 9D2A, L: MK2
I_24				= 8358, L: MK2
I_240				= 9E06, L: MK2
I_241				= 9E06, L: MK2
I_241_UGE			= 9D77, L: MK2
I_242				= 9F3E, L: MK2
I_243				= A149, L: MK2
I_244				= 9F50, L: MK2
I_245				= A149, L: MK2
I_246				= 9F55, L: MK2
I_247				= A146, L: MK2
I_248				= A002, L: MK2
I_249_I_248			= A005, L: MK2
I_25				= 8376, L: MK2
I_251				= A146, L: MK2
I_252				= A024, L: MK2
I_253				= A032, L: MK2
I_254				= A113, L: MK2
I_255				= A146, L: MK2
I_256				= A1D8, L: MK2
I_257				= AAA6, L: MK2
I_258				= A1E2, L: MK2
I_259				= A273, L: MK2
I_26				= 836F, L: MK2
I_260				= AA6C, L: MK2
I_261				= A2D3, L: MK2
I_262				= A2B1, L: MK2
I_263				= A2D0, L: MK2
I_264				= AA6C, L: MK2
I_265				= A2E6, L: MK2
I_266				= A2ED, L: MK2
I_267				= A32C, L: MK2
I_269				= A7FA, L: MK2
I_27				= 8376, L: MK2
I_270				= A331, L: MK2
I_271				= A34E, L: MK2
I_272				= A355, L: MK2
I_273				= A3C2, L: MK2
I_274				= A3BA, L: MK2
I_275				= A3BD, L: MK2
I_276				= A3C5, L: MK2
I_277				= A5B8, L: MK2
I_278				= A62A, L: MK2
I_279				= A627, L: MK2
I_28				= 8388, L: MK2
I_280				= A6B4, L: MK2
I_281				= A641, L: MK2
I_282				= A6B4, L: MK2
I_283				= A6B4, L: MK2
I_284				= A6BE, L: MK2
I_285				= A736, L: MK2
I_286				= A70E, L: MK2
I_287				= A711, L: MK2
I_288				= A733, L: MK2
I_289				= A7C1, L: MK2
I_29				= 838D, L: MK2
I_290				= A7C1, L: MK2
I_291				= A7B2, L: MK2
I_292				= A7A8, L: MK2
I_293				= A7AB, L: MK2
I_294				= A7B5, L: MK2
I_295				= A7DC, L: MK2
I_296				= A7E6, L: MK2
I_297				= AA6C, L: MK2
I_298				= A875, L: MK2
I_299				= A82C, L: MK2
I_30				= 83AB, L: MK2
I_300				= A842, L: MK2
I_301				= A90A, L: MK2
I_302				= A90A, L: MK2
I_303				= A88E, L: MK2
I_304				= A90A, L: MK2
I_305				= A893, L: MK2
I_306				= A907, L: MK2
I_307				= A907, L: MK2
I_308				= AA6C, L: MK2
I_309				= AA07, L: MK2
I_31				= 83B5, L: MK2
I_310				= AA2C, L: MK2
I_311				= AA25, L: MK2
I_313				= AA3C, L: MK2
I_314				= AA6C, L: MK2
I_315				= AABE, L: MK2
I_316				= AB1B, L: MK2
I_317				= AADD, L: MK2
I_319				= AB38, L: MK2
I_32				= 838E, L: MK2
I_320				= AB48, L: MK2
I_321				= ABEF, L: MK2
I_322				= AB4D, L: MK2
I_323				= ABCA, L: MK2
I_324				= ABEC, L: MK2
I_325				= AC3D, L: MK2
I_326				= AD6C, L: MK2
I_327				= AD6F, L: MK2
I_328				= ADFF, L: MK2
I_329				= AE2F, L: MK2
I_33				= 83AB, L: MK2
I_330				= AE74, L: MK2
I_331				= AE55, L: MK2
I_332_I_331			= AE58, L: MK2
I_333				= AEB7, L: MK2
I_334				= AEB7, L: MK2
I_335				= AE9E, L: MK2
I_336_I_335			= AEA1, L: MK2
I_337				= AF04, L: MK2
I_338				= AEDC, L: MK2
I_339_I_338			= AEDF, L: MK2
I_34				= 83A5, L: MK2
I_340				= AF4D, L: MK2
I_341				= AF4D, L: MK2
I_342				= AF2E, L: MK2
I_343_I_342			= AF31, L: MK2
I_344				= AF6E, L: MK2
I_345				= B068, L: MK2
I_346				= B072, L: MK2
I_347				= B04A, L: MK2
I_348				= B0B1, L: MK2
I_349				= B13E, L: MK2
I_350				= B0B6, L: MK2
I_351				= B148, L: MK2
I_352				= B197, L: MK2
I_353				= B14D, L: MK2
I_354				= B1A1, L: MK2
I_355				= B1F0, L: MK2
I_356				= B1A6, L: MK2
I_357				= B1F7, L: MK2
I_358				= B632, L: MK2
I_359				= B233, L: MK2
I_35_I_34			= 83A8, L: MK2
I_36				= 83BE, L: MK2
I_360				= B62C, L: MK2
I_361				= B297, L: MK2
I_362				= B306, L: MK2
I_363				= B593, L: MK2
I_364				= B344, L: MK2
I_365				= B344, L: MK2
I_366				= B33C, L: MK2
I_367				= B344, L: MK2
I_368				= B358, L: MK2
I_369				= B375, L: MK2
I_37				= 84A1, L: MK2
I_370				= B3A2, L: MK2
I_371				= B3B5, L: MK2
I_372				= B3D9, L: MK2
I_373				= B3D9, L: MK2
I_374				= B462, L: MK2
I_376				= B462, L: MK2
I_377				= B43B, L: MK2
I_378				= B441, L: MK2
I_379				= B45C, L: MK2
I_38				= 847C, L: MK2
I_380				= B4B0, L: MK2
I_381				= B4B6, L: MK2
I_382				= B533, L: MK2
I_383				= B4D9, L: MK2
I_383_I_384			= B4E0, L: MK2
I_384				= B4DB, L: MK2
I_385				= B51F, L: MK2
I_386				= B4F9, L: MK2
I_386_I_387			= B500, L: MK2
I_387				= B4FB, L: MK2
I_388				= B515, L: MK2
I_389				= B518, L: MK2
I_39				= 83D4, L: MK2
I_390				= B522, L: MK2
I_391				= B55E, L: MK2
I_392				= B547, L: MK2
I_393				= B54A, L: MK2
I_394				= B557, L: MK2
I_396				= B579, L: MK2
I_397				= B58D, L: MK2
I_399				= B629, L: MK2
I_400				= B5A6, L: MK2
I_401				= B5BE, L: MK2
I_402				= B5D7, L: MK2
I_403				= B5F0, L: MK2
I_404				= B5FF, L: MK2
I_41				= 83EE, L: MK2
I_42				= 83F1, L: MK2
I_43				= 849E, L: MK2
I_44				= 848D, L: MK2
I_45				= 849E, L: MK2
I_46				= 849E, L: MK2
I_48				= 8570, L: MK2
I_49				= 84C5, L: MK2
I_50				= 856F, L: MK2
I_51				= 84CA, L: MK2
I_52				= 84E1, L: MK2
I_53				= 8563, L: MK2
I_54				= 84E6, L: MK2
I_55				= 8560, L: MK2
I_56				= 884E, L: MK2
I_57				= 87B8, L: MK2
I_58				= 8685, L: MK2
I_59				= 8637, L: MK2
I_60				= 865F, L: MK2
I_61				= 8641, L: MK2
I_62				= 868C, L: MK2
I_63				= 869E, L: MK2
I_64				= 8752, L: MK2
I_65				= 86CF, L: MK2
I_66				= 8702, L: MK2
I_67				= 8702, L: MK2
I_68				= 872F, L: MK2
I_69				= 8725, L: MK2
I_70				= 871C, L: MK2
I_71_I_70			= 871F, L: MK2
I_72				= 8748, L: MK2
I_73				= 8745, L: MK2
I_74				= 874F, L: MK2
I_75				= 875D, L: MK2
I_76				= 8765, L: MK2
I_77				= 87B5, L: MK2
I_78				= 877E, L: MK2
I_79				= 87B5, L: MK2
I_80				= 8783, L: MK2
I_81				= 884E, L: MK2
I_82				= 87CA, L: MK2
I_83				= 884E, L: MK2
I_84				= 87DC, L: MK2
I_85				= 884E, L: MK2
I_86				= 890D, L: MK2
I_87				= 8918, L: MK2
I_88				= 8E97, L: MK2
I_89				= 8945, L: MK2
I_90				= 8B10, L: MK2
I_92				= 8B0D, L: MK2
I_93				= 8953, L: MK2
I_94				= 8989, L: MK2
I_95				= 899F, L: MK2
I_96				= 89B5, L: MK2
I_97				= 89CC, L: MK2
I_98				= 89E2, L: MK2
I_99				= 8A62, L: MK2
JKLOOP				= D1E8, L: SPJOYKEYBOARD
JPHL				= CDCA, L: SPCREATESPR
JPHL				= CCEF, L: SPCREATEGENERICISR
JPHL				= CC34, L: SPDELETESPR
JPHL				= CC1A, L: SPADDCOLSPR
KEEPGOING			= 5ED2, L: MK2
KEMPTBL				= D1AD, L: SPJOYKEMPSTON
KEYOK				= CDDC, L: SP_GETKEY
KEYROWLOOP			= CE02, L: SPGETKEY
LOADNOROTATE			= D59A, L: SPUPDATENOW
LOADTYPE			= D52C, L: SPUPDATENOW
LOOP				= D25B, L: SPREGISTERHOOKLAST
LOOP				= CF60, L: SPINITIALIZE
LOOP				= CC1F, L: SPDELETESPR
L_AND				= BB22, G: L_AND
L_ASL				= BB29, G: L_ASL
L_ASL1				= BB2A, L: L_ASL
L_ASR				= BB30, G: L_ASR
L_ASR1				= BB31, L: L_ASR
L_ASR_U				= BB3A, G: L_ASR_U
L_ASR_U_1			= BB3B, L: L_ASR_U
L_COM				= BB44, G: L_COM
L_DIV				= BB4B, G: L_DIV
L_DIV0				= BB5B, L: L_DIV
L_DIV01				= BB67, L: L_DIV
L_DIV1				= BB8A, L: L_DIV_U
L_DIV2				= BB94, L: L_DIV_U
L_DIV_U				= BB7F, G: L_DIV_U
L_EQ				= BB9E, G: L_EQ
L_GCHAR				= BBA5, G: L_GCHAR
L_GE				= BBAB, G: L_GE
L_GINT				= BBB9, G: L_GINT
L_GINTSPSP			= BBBE, G: L_GINTSPSP
L_GT				= BBC7, G: L_GT
L_LE				= BBD3, G: L_LE
L_LNEG				= BBE1, G: L_LNEG
L_LT				= BBE6, G: L_LT
L_MULT				= BBF2, G: L_MULT
L_MULT1				= BBF9, L: L_MULT
L_MULT2				= BC00, L: L_MULT
L_NE				= BC03, G: L_NE
L_NEG				= BC0A, G: L_NEG
L_OR				= BC12, G: L_OR
L_PINT				= BC19, G: L_PINT
L_SXT				= BC1F, G: L_SXT
L_SXT				= BBA6, L: L_GCHAR
L_UGE				= BC24, G: L_UGE
L_ULE				= BC2C, G: L_ULE
L_ULT				= BC34, G: L_ULT
L_XOR				= BC3A, G: L_XOR
MASKNOROTATE			= D4E1, L: SPUPDATENOW
MVCOLLOOP			= C9FB, L: SPMOVESPRABS
MVROWLOOP			= CA01, L: SPMOVESPRABS
NEXTSCANROW			= CE17, L: SPGETKEY
NOADD				= CF72, L: SPINITIALIZE
NOCAPS				= CE55, L: SPGETKEY
NODEC1				= CA8B, L: SPMOVESPRABS
NOFIRE				= D1E8, L: SPJOYKEYBOARD
NOINC				= D286, L: SPTILEENTRY
NOINC				= CB56, L: SPTBLLOOKUP
NOINC1				= D2C3, L: SPUPDATENOW
NOINC1				= CBCB, L: SPADDCOLSPR
NOINC1				= CA23, L: SPMOVESPRABS
NOINC1				= C873, L: SPINVALIDATE
NOINC10				= D37A, L: SPUPDATENOW
NOINC11				= D31D, L: SPUPDATENOW
NOINC2				= CA5C, L: SPMOVESPRABS
NOINC2				= C886, L: SPINVALIDATE
NOINC3				= CA7D, L: SPMOVESPRABS
NOINC3				= C897, L: SPINVALIDATE
NOINC4				= CA97, L: SPMOVESPRABS
NOINC5				= CAFD, L: SPMOVESPRABS
NOKEYS				= CE63, L: SPGETKEY
NOMORESPRITES			= D4D3, L: SPUPDATENOW
NONEXT1				= CA37, L: SPMOVESPRABS
NONEXT2				= CAA4, L: SPMOVESPRABS
NOPRESS				= D1F3, L: SPJOYKEYBOARD
NOPRESS				= CE12, L: SPGETKEY
NOSYM				= CE60, L: SPGETKEY
NOTACROSSBLK1			= D2BB, L: SPUPDATENOW
NOTACROSSBLK2			= D30B, L: SPUPDATENOW
NOTCOMPRESS			= CD9C, L: SPCREATESPR
NOTDISPLAYED			= CAA4, L: SPMOVESPRABS
NOTDONE				= CA0B, L: SPMOVESPRABS
NOTINDLIST			= CA37, L: SPMOVESPRABS
NOTLOAD				= D36F, L: SPUPDATENOW
NOTNEGATIVE			= CAEC, L: SPMOVESPRABS
ORNOROTATE			= D6F7, L: SPUPDATENOW
ORTYPE				= D671, L: SPUPDATENOW
PAPER_DONE			= 8330, L: MK2
PDLOOP				= CA54, L: SPMOVESPRABS
POPREG				= CD02, L: SPCREATEGENERICISR
POSITION			= CCD7, L: SPCREATEGENERICISR
PRINT_STR_LOOP			= 8207, L: MK2
PUSHREG				= CCE0, L: SPCREATEGENERICISR
PUTHERE				= CA6E, L: SPMOVESPRABS
REENTER				= D2C3, L: SPUPDATENOW
RESTISR				= 5ECE, L: MK2
RND				= 908E, L: MK2
ROTLP				= CF47, L: SPINITIALIZE
ROTTBLLP			= CF3D, L: SPINITIALIZE
RUNHOOKS			= CCF0, L: SPCREATEGENERICISR
SCANLOOP			= CDFE, L: SPGETKEY
SETRAMBANK			= 5EC3, L: MK2
SINC1TBL			= D20D, L: SPJOYSINCLAIR1
SKIP				= CE3F, L: SPGETKEY
SKIP1				= CB0D, L: SPMOVESPRABS
SKIP2				= CB1D, L: SPMOVESPRABS
SKIPUPDATECOL			= D4DE, L: SPUPDATENOW
SKIP_SPRITE_UPDATE		= D4A5, L: SPUPDATENOW
SPADDCOLSPR			= CB73, G: SPADDCOLSPR
SPADDMEMORY			= CC4E, G: SPADDMEMORY
SPALLOC				= CC9F, G: SPBLOCKALLOC
SPBIT2MASK			= CB48, G: SPBIT2MASK
SPBITLEFT2MASK			= C8A5, G: SPBITLEFT2MASK
SPBITRIGHT2MASK			= C8AD, G: SPBITRIGHT2MASK
SPBLOCKALLOC			= CC95, G: SPBLOCKALLOC
SPBORDER			= CCBA, G: SPBORDER
SPBORDERCLR			= CCB9, G: SPBORDER
SPCOMPDIRTYADDR			= C8B5, G: SPCOMPDIRTYADDR
SPCOMPDLISTADDR			= BC41, G: SPCOMPDLISTADDR
SPCREATEGENERICISR		= CCCB, G: SPCREATEGENERICISR
SPCREATESPR			= CD2B, G: SPCREATESPR
SPDELETESPR			= CC1B, G: SPDELETESPR
SPDIRTYCHARS			= C8CA, G: SPDIRTYCHARS
SPDISPLAYLIST			= BC52, G: SPDISPLAYLIST
SPDSLOOP			= CC2C, G: SPDELETESPR
SPFB1				= CC6F, G: SPFREEBLOCK
SPFB2				= CC7A, G: SPFREEBLOCK
SPFREEBLOCK			= CC6A, G: SPFREEBLOCK
SPGETKEY			= CDF7, G: SPGETKEY
SPINITIALIZE			= CF17, G: SPINITIALIZE
SPINITIM2			= D185, G: SPINITIM2
SPINKEY				= CDE6, G: SPGETKEY
SPINTRECT			= C92A, G: SPINTRECT
SPINTSMALLIVAL			= C95B, G: SPINTRECT
SPINVALIDATE			= C852, G: SPINVALIDATE
SPINVALIDATEP			= C85A, G: SPINVALIDATE
SPJOYKEMPSTON			= D1A2, G: SPJOYKEMPSTON
SPJOYKEYBOARD			= D1DB, G: SPJOYKEYBOARD
SPJOYSINCLAIR1			= D201, G: SPJOYSINCLAIR1
SPKEYDEBOUNCE			= CDE3, G: SPGETKEY
SPKEYREPEATPERIOD		= CDE5, G: SPGETKEY
SPKEYSTARTREPEAT		= CDE4, G: SPGETKEY
SPKEYTRANSTBL			= CE6B, G: SPKEYTRANSTBL
SPMOVESPRABS			= C995, G: SPMOVESPRABS
SPMOVESPRABSC			= C9BC, G: SPMOVESPRABS
SPMOVESPRABSNC			= C9A3, G: SPMOVESPRABS
SPNULLSPRPTR			= CB20, G: SPNULLSPRPTR
SPPRINTATINV			= CB30, G: SPPRINTATINV
SPPTINSMALLIVAL			= C980, G: SPINTRECT
SPQUEUETABLE			= CC85, G: SPQUEUETABLE
SPREGISTERHOOK			= D252, G: SPREGISTERHOOKLAST
SPREGISTERHOOKLAST		= D252, G: SPREGISTERHOOKLAST
SPRITELOOP			= D38F, L: SPUPDATENOW
SPTBLLOOKUP			= CB50, G: SPTBLLOOKUP
SPTILEARRAY			= CF7A, G: SPTILEARRAY
SPTILEENTRY			= D27D, G: SPTILEENTRY
SPUPDATENOW			= D29F, G: SPUPDATENOW
SPWAITFORNOKEY			= D736, G: SPWAITFORNOKEY
SP_ADDCOLSPR			= CB58, G: SP_ADDCOLSPR
SP_ADDMEMORY			= CC35, G: SP_ADDMEMORY
SP_BLOCKALLOC			= CC87, G: SP_BLOCKALLOC
SP_BORDER			= CCB0, G: SP_BORDER
SP_CREATEGENERICISR		= CCC2, G: SP_CREATEGENERICISR
SP_CREATESPR			= CD13, G: SP_CREATESPR
SP_FREEBLOCK			= CDCB, G: SP_FREEBLOCK
SP_GETKEY			= CDD6, G: SP_GETKEY
SP_INITIALIZE			= CF0B, G: SP_INITIALIZE
SP_INITIM2			= D17A, G: SP_INITIM2
SP_JOYKEMPSTON			= D19B, G: SP_JOYKEMPSTON
SP_JOYKEYBOARD			= D1CD, G: SP_JOYKEYBOARD
SP_JOYSINCLAIR1			= D1FA, G: SP_JOYSINCLAIR1
SP_REGISTERHOOK			= D22D, G: SP_REGISTERHOOK
SP_REGISTERHOOKLAST		= D243, G: SP_REGISTERHOOKLAST
SP_TILEARRAY			= D26F, G: SP_TILEARRAY
SP_UPDATENOW			= D28E, G: SP_UPDATENOW
SP_UPDATENOWEX			= D729, G: SP_UPDATENOWEX
SP_WAITFORNOKEY			= D732, G: SP_WAITFORNOKEY
START				= 5E88, L: ZX82_CRT0
STATE				= CDE1, L: SPGETKEY
TEMPCOLOUR			= D29C, L: SPUPDATENOW
TEMPGRAPHIC			= D294, L: SPUPDATENOW
TILEONLY			= D312, L: SPUPDATENOW
TOOMANYKEYS			= CE63, L: SPGETKEY
TRYOTHERWAY			= C96F, L: SPINTRECT
UPDATE_ATTRS			= D29D, G: SPUPDATENOW
USERTILE			= CF75, L: SPINITIALIZE
VPCLIPSTRUCT			= 5EB3, L: MK2
XINSCREEN			= C9E4, L: SPMOVESPRABS
XORNOROTATE			= D63F, L: SPUPDATENOW
XORTYPE				= D5B9, L: SPUPDATENOW
YINSCREEN			= C9D4, L: SPMOVESPRABS
_ABS				= 8377, G: MK2
_ACTION_PRESSED			= B882, G: MK2
_ACTIVE				= B800, G: MK2
_ACTIVE_SLEEP			= 838E, G: MK2
_ADDONS_BETWEEN			= 7C7C, G: MK2
_ADDSIGN			= 8342, G: MK2
_ADVANCE_WORM			= ABF0, G: MK2
_ADVANCE_WORM_NO_INC_Y		= AC50, L: MK2
_AD_FREE			= B8A7, G: MK2
_ANIMATE			= B88B, G: MK2
_ARROW_SPRITES			= 7F60, G: MK2
_AT1				= B880, G: MK2
_AT2				= B881, G: MK2
_ATTR				= 9027, G: MK2
_ATTR_DO			= 9039, L: MK2
_ATTR_RESET			= 9035, L: MK2
_BADDIES			= 7824, G: MK2
_BEHS				= 7AB8, G: MK2
_BLACKOUT_AREA			= 8225, G: MK2
_BREAK_WALL			= 921A, G: MK2
_BULLETS_ESTADO			= B817, G: MK2
_BULLETS_LIFE			= B842, G: MK2
_BULLETS_MX			= B701, G: MK2
_BULLETS_MY			= B702, G: MK2
_BULLETS_X			= B83A, G: MK2
_BULLETS_Y			= B83B, G: MK2
_BUTTON_PRESSED			= 8301, G: MK2
_CM_TWO_POINTS			= 8FCA, G: MK2
_CM_TWO_POINTS_AT1_DO		= 8FDB, L: MK2
_CM_TWO_POINTS_AT1_DONE		= 8FF5, L: MK2
_CM_TWO_POINTS_AT1_RESET	= 8FD8, L: MK2
_CM_TWO_POINTS_AT2_DO		= 9009, L: MK2
_CM_TWO_POINTS_AT2_DONE		= 9023, L: MK2
_CM_TWO_POINTS_AT2_RESET	= 9006, L: MK2
_COCO_CLEAR_SPRITE		= 9CB0, G: MK2
_COCO_D				= B80C, G: MK2
_COCO_IT			= BB04, G: MK2
_COCO_S				= B80D, G: MK2
_COCO_VX			= BB08, G: MK2
_COCO_VY			= BB0B, G: MK2
_COCO_X				= B810, G: MK2
_COCO_X0			= B890, G: MK2
_COCO_Y				= B813, G: MK2
_COLLIDE_PIXEL			= 8F95, G: MK2
_COLLIDE_PIXEL_RETURN		= 8FC8, L: MK2
_CORTINA			= 8318, G: MK2
_CTIMER				= B829, G: MK2
_CTX				= B89F, G: MK2
_CTY				= B8A0, G: MK2
_CX1				= B884, G: MK2
_CX2				= B885, G: MK2
_CY1				= B886, G: MK2
_CY2				= B887, G: MK2
_DESTROY_COCOS			= 9E0A, G: MK2
_DISTANCE			= 9C64, G: MK2
_DISTANCE_DX_SET		= 9C72, L: MK2
_DISTANCE_DY_MIN		= 9C8D, L: MK2
_DISTANCE_DY_SET		= 9C83, L: MK2
_DISTANCE_MN_SET		= 9C8E, L: MK2
_DO_EXTERN_ACTION		= 84AC, G: MK2
_DO_GRAVITY			= 5EBD, G: MK2
_DO_INGAME_SCRIPTING		= 8ECD, G: MK2
_DO_RESPAWN			= B803, G: MK2
_DRAW_COLOURED_TILE		= 80EB, G: MK2
_DRAW_COLOURED_TILE_GAMEAREA	= 8162, G: MK2
_DRAW_INVALIDATE_COLOURED_TILE_G= 815B, G: MK2
_DRAW_SCR			= AD51, G: MK2
_DRAW_SCR_BACKGROUND		= AC58, G: MK2
_DRAW_SCR_BACKGROUND_LOOP	= ACB6, L: MK2
_DRAW_SCR_PACKED_UNPACKED	= ACA8, L: MK2
_DROP_SPRITES			= 7D10, G: MK2
_ENEMS_COLLISION_SKIP		= AA6C, L: MK2
_ENEMS_INIT			= 9F3F, G: MK2
_ENEMS_KILL			= 9EE9, G: MK2
_ENEMS_LM_CHANGE_AXIS_X		= A375, L: MK2
_ENEMS_LM_CHANGE_AXIS_X_DONE	= A37D, L: MK2
_ENEMS_LM_CHANGE_AXIS_Y		= A395, L: MK2
_ENEMS_LM_CHANGE_AXIS_Y_DONE	= A39D, L: MK2
_ENEMS_MOVE			= A1AB, G: MK2
_ENEMS_MOVE_PREGOTTEN_NOT	= A328, L: MK2
_ENEMS_MOVE_PREGOTTEN_SET	= A329, L: MK2
_ENEMS_MOVE_SPR_ABS		= A14A, G: MK2
_ENEMS_PLATFORMS_DONE		= A9B7, L: MK2
_ENEMS_PLATS_GPY_SET		= A9A1, L: MK2
_ENEMS_PLATS_HORZ_DO		= A945, L: MK2
_ENEMS_PLATS_HORZ_DONE		= A95A, L: MK2
_ENEMS_PLATS_VERT_CHECK_1	= A95A, L: MK2
_ENEMS_PLATS_VERT_CHECK_2	= A979, L: MK2
_ENEMS_PLATS_VERT_DO		= A98A, L: MK2
_ENEMS_PLATS_VERT_DONE		= A9B4, L: MK2
_ENEMY_SHOOTS			= B888, G: MK2
_ENEMY_WAS_KILLED		= B87A, G: MK2
_ENEM_FRAMES			= 8F06, G: MK2
_ENIT				= B847, G: MK2
_ENOFFS				= B826, G: MK2
_ENOFFSMASI			= BB0F, G: MK2
_EN_AN_BASE_FRAME		= B713, G: MK2
_EN_AN_COUNT			= BB1D, G: MK2
_EN_AN_C_F			= B718, G: MK2
_EN_AN_MORIDO			= B760, G: MK2
_EN_AN_N_F			= B757, G: MK2
_EN_AN_STATE			= B732, G: MK2
_EN_AN_VX			= B853, G: MK2
_EN_AN_VY			= B857, G: MK2
_EN_AN_X			= B892, G: MK2
_EN_AN_Y			= B898, G: MK2
_EXTERN_DEPACK_TEXT		= 858A, L: MK2
_EXTI				= B86A, G: MK2
_EXTX				= B876, G: MK2
_EXTY				= B878, G: MK2
_FIRE_BULLET			= 928B, G: MK2
_FLAGS				= B735, G: MK2
_FLAG_DIFFERENT_VAL_OK		= 89DF, L: MK2
_FLAG_EQUAL_GREATER_OK		= 89C9, L: MK2
_FLAG_EQUAL_VAL_OK		= 899C, L: MK2
_FLAG_MINOR_VAL_OK		= 89B2, L: MK2
_FLAG_OLD			= B87F, G: MK2
_FLICK_SCREEN			= AE30, G: MK2
_FONT				= 6614, L: MK2
_GAME_ENDING			= 90C2, G: MK2
_GAME_OVER			= 90D3, G: MK2
_GEN_PT				= B818, G: MK2
_GET_RESOURCE			= 5FEE, G: MK2
_GPAUX				= B769, G: MK2
_GPC				= B88E, G: MK2
_GPCX				= B84C, G: MK2
_GPCY				= B84F, G: MK2
_GPD				= B88F, G: MK2
_GPIT				= B852, G: MK2
_GPJT				= B85A, G: MK2
_GPS				= B8A1, G: MK2
_GPT				= B8A2, G: MK2
_GPX				= BB01, G: MK2
_GPXX				= B86F, G: MK2
_GPY				= BB02, G: MK2
_GPYY				= B870, G: MK2
_GP_GEN				= B821, G: MK2
_HALF_LIFE			= 5EBB, G: MK2
_HA_COLLISION_CHECKEVIL		= 9B13, L: MK2
_HA_COLLISION_DONE		= 9B13, L: MK2
_HA_COLLISION_VX_NEGATIVE	= 9A97, L: MK2
_HA_COLLISION_VX_POSITIVE	= 9AD6, L: MK2
_HA_COL_VX_NEG_DO		= 9AB1, L: MK2
_HA_COL_VX_POS_DO		= 9AF0, L: MK2
_HIDE_SPRITES			= AF4E, G: MK2
_HIT				= B89E, G: MK2
_HIT_H				= B763, G: MK2
_HIT_V				= B765, G: MK2
_HOTSPOTS			= 7A7C, G: MK2
_HOTSPOTS_SETUP_DO		= AD16, L: MK2
_HOTSPOTS_SETUP_DONE		= AD50, L: MK2
_HOTSPOTS_SETUP_SET		= AD48, L: MK2
_HOTSPOTS_SETUP_SET_REFILL	= AD47, L: MK2
_HOTSPOTS_SKIP			= B4BD, L: MK2
_HOTSPOT_X			= B716, G: MK2
_HOTSPOT_Y			= B717, G: MK2
_INIT_BULLETS			= 9262, G: MK2
_INIT_COCOS			= 9CD3, G: MK2
_INVALIDATE_TILE		= 8131, G: MK2
_INVALIDATE_VIEWPORT		= 814B, G: MK2
_ISR				= 8082, G: MK2
_IS_CUTSCENE			= 84AB, G: MK2
_IS_RENDERING			= BB14, G: MK2
_JOYFUNC			= B84A, G: MK2
_KEYP				= B85D, G: MK2
_KEYS				= B860, G: MK2
_KEYSCANCODES			= 5E8E, G: MK2
_KEYS_OLD			= BB10, G: MK2
_KILLABLE			= B825, G: MK2
_KILLED_OLD			= B766, G: MK2
_LASTTIMEHIT			= B840, G: MK2
_LEVEL				= 5EBC, G: MK2
_LEVELS				= 7C58, G: MK2
_LEVEL_DATA			= 6028, G: MK2
_LIFE_OLD			= B80B, G: MK2
_MAIN				= AFF0, G: MK2
_MAINCOUNTER			= B879, G: MK2
_MAIN_SCRIPT_OFFSET		= B850, G: MK2
_MAP				= 6038, G: MK2
_MAP_ATTR			= B76A, G: MK2
_MAP_POINTER			= B720, G: MK2
_MAX_TILANIMS			= B804, G: MK2
_METATILESET			= 6814, L: MK2
_MLPLAYING			= B808, G: MK2
_MOVE_COCOS			= 9E1C, G: MK2
_MOVE_COCOS_COLLIDE_PLAYER_DONE	= 9E8F, L: MK2
_MOVE_COCOS_CONTINUE		= 9ECF, L: MK2
_MOVE_COCOS_DO			= 9E34, L: MK2
_MOVE_COCOS_LOOP		= 9E21, L: MK2
_MOVE_FANTY_AX_NEG		= A45E, L: MK2
_MOVE_FANTY_AX_POS		= A462, L: MK2
_MOVE_FANTY_AX_SET		= A464, L: MK2
_MOVE_FANTY_AY_NEG		= A4AE, L: MK2
_MOVE_FANTY_AY_POS		= A4B2, L: MK2
_MOVE_FANTY_AY_SET		= A4B4, L: MK2
_MOVE_FANTY_IDLE		= A435, L: MK2
_MOVE_FANTY_PURSUING		= A445, L: MK2
_MOVE_FANTY_PURSUING_DO		= A454, L: MK2
_MOVE_FANTY_RETREATING		= A4F7, L: MK2
_MOVE_FANTY_R_CHSTATE_DONE	= A54F, L: MK2
_MOVE_FANTY_R_X_DONE		= A519, L: MK2
_MOVE_FANTY_R_X_NEG		= A513, L: MK2
_MOVE_FANTY_R_X_POS		= A510, L: MK2
_MOVE_FANTY_R_X_SET		= A516, L: MK2
_MOVE_FANTY_R_Y_DONE		= A534, L: MK2
_MOVE_FANTY_R_Y_NEG		= A52E, L: MK2
_MOVE_FANTY_R_Y_POS		= A52B, L: MK2
_MOVE_FANTY_R_Y_SET		= A531, L: MK2
_MOVE_FANTY_STATE_DONE		= A55B, L: MK2
_MOVE_FANTY_VX_LIMIT_NEG	= A475, L: MK2
_MOVE_FANTY_VX_LIMIT_NEG_OK	= A47F, L: MK2
_MOVE_FANTY_VX_LIMIT_POS	= A46D, L: MK2
_MOVE_FANTY_VX_LIMIT_SET	= A481, L: MK2
_MOVE_FANTY_VY_LIMIT_NEG	= A4C5, L: MK2
_MOVE_FANTY_VY_LIMIT_NEG_OK	= A4CF, L: MK2
_MOVE_FANTY_VY_LIMIT_POS	= A4BD, L: MK2
_MOVE_FANTY_VY_LIMIT_SET	= A4D1, L: MK2
_MOVE_FANTY_X_LIMIT_0		= A495, L: MK2
_MOVE_FANTY_X_LIMIT_224		= A49E, L: MK2
_MOVE_FANTY_X_SET		= A4A1, L: MK2
_MOVE_FANTY_Y_LIMIT_0		= A4E5, L: MK2
_MOVE_FANTY_Y_LIMIT_144		= A4EE, L: MK2
_MOVE_FANTY_Y_SET		= A4F1, L: MK2
_MUEVE_BULLETS			= 9361, G: MK2
_MY_MALLOC			= 5EA6, G: MK2
_NEXT_SCRIPT			= B88C, G: MK2
_NO_DRAW			= B81A, G: MK2
_N_PANT				= B843, G: MK2
_OBJS_OLD			= B871, G: MK2
_ORIG_TILE			= BB1B, G: MK2
_O_PANT				= B845, G: MK2
_PAD0				= B83C, G: MK2
_PAD_THIS_FRAME			= B827, G: MK2
_PLAYER_CALC_BOUNDING_BOX	= 94F6, G: MK2
_PLAYER_FRAMES			= 8EF2, G: MK2
_PLAYER_GRAVITY_ADD		= 9675, L: MK2
_PLAYER_GRAVITY_DONE		= 967E, L: MK2
_PLAYER_GRAVITY_MAXIMUM		= 9679, L: MK2
_PLAYER_GRAVITY_P_GOTTEN_DONE	= 9688, L: MK2
_PLAYER_GRAVITY_VY_SET		= 967B, L: MK2
_PLAYER_INIT			= 946A, G: MK2
_PLAYER_KILL			= 9533, G: MK2
_PLAYER_MOVE			= 9657, G: MK2
_PLAYING			= B85B, G: MK2
_POSSEE				= BB1A, G: MK2
_PREGOTTEN			= B75F, G: MK2
_PREPARE_LEVEL			= 8F16, G: MK2
_PRINT_MESSAGE			= 826D, G: MK2
_PRINT_NUMBER2			= 81B5, G: MK2
_PRINT_STR			= 8204, G: MK2
_PTGMX				= B81C, G: MK2
_PTGMY				= B81D, G: MK2
_PTX1				= B87B, G: MK2
_PTX2				= B87C, G: MK2
_PTY1				= B87D, G: MK2
_PTY2				= B87E, G: MK2
_P_C_F				= B75D, G: MK2
_P_DISPARANDO			= BB20, G: MK2
_P_ENGINE			= B816, G: MK2
_P_FACING			= B755, G: MK2
_P_FACING_H			= BB15, G: MK2
_P_FACING_V			= BB19, G: MK2
_P_FRAME			= B756, G: MK2
_P_G				= B891, G: MK2
_P_GOTTEN			= B84E, G: MK2
_P_JMP_CT			= B841, G: MK2
_P_JMP_ON			= B844, G: MK2
_P_KEYS				= B856, G: MK2
_P_KILLED			= B839, G: MK2
_P_KILLME			= B83F, G: MK2
_P_LIFE				= B846, G: MK2
_P_N_F				= B767, G: MK2
_P_OBJS				= B84D, G: MK2
_P_SAFE_PANT			= BB21, G: MK2
_P_SAFE_X			= B848, G: MK2
_P_SAFE_Y			= B849, G: MK2
_P_STATE			= B81B, G: MK2
_P_STATE_CT			= B88A, G: MK2
_P_SUBFRAME			= B889, G: MK2
_P_VX				= B86D, G: MK2
_P_VY				= B86E, G: MK2
_P_X				= B8A5, G: MK2
_P_Y				= BAFF, G: MK2
_QTILE				= 9058, G: MK2
_QTILE_DO			= 906A, L: MK2
_QTILE_RESET			= 9066, L: MK2
_RAM_ADDRESS			= 5F7E, G: MK2
_RAM_DESTINATION		= 5F80, G: MK2
_RAM_PAGE			= 5F82, G: MK2
_RAND				= 908E, G: MK2
_RANDRES			= 908D, G: MK2
_RDA				= B8A3, G: MK2
_RDB				= B8A4, G: MK2
_RDS				= BB03, G: MK2
_RDX				= BB05, G: MK2
_RDY				= BB06, G: MK2
_READXY				= 8882, G: MK2
_READ_BYTE			= 884F, G: MK2
_READ_CONTROLLER		= 82B8, G: MK2
_READ_TWO_BYTES_D_E		= 88BF, G: MK2
_READ_VBYTE			= 886C, G: MK2
_RELOC_PLAYER			= 88A9, G: MK2
_RESOURCES			= 5FC1, G: MK2
_RUN_ENTERING_SCRIPT		= 8E98, G: MK2
_RUN_FIRE_SCRIPT		= 8EB2, G: MK2
_RUN_SCRIPT			= 88D6, G: MK2
_SCRIPT				= 5EC1, G: MK2
_SCRIPT_RESULT			= 5EBE, G: MK2
_SC_C				= B85C, G: MK2
_SC_CONTINUAR			= 5EC0, G: MK2
_SC_M				= B85E, G: MK2
_SC_N				= B85F, G: MK2
_SC_TERMINADO			= 5EBF, G: MK2
_SC_X				= B86B, G: MK2
_SC_Y				= B86C, G: MK2
_SEED1				= 9089, G: MK2
_SEED2				= 908B, G: MK2
_SELECT_JOYFUNC			= 83BE, G: MK2
_SETRAMBANK			= 5EC3, G: MK2
_SHOOT_COCO			= 9D07, G: MK2
_SILENT_LEVEL			= B828, G: MK2
_SONG_PLAYING			= B764, G: MK2
_SPACER				= 80E9, G: MK2
_SPRITESET			= 6F14, G: MK2
_SPRITE_10_A			= 7434, G: MK2
_SPRITE_10_B			= 7464, G: MK2
_SPRITE_10_C			= 7494, G: MK2
_SPRITE_11_A			= 74C4, G: MK2
_SPRITE_11_B			= 74F4, G: MK2
_SPRITE_11_C			= 7524, G: MK2
_SPRITE_12_A			= 7554, G: MK2
_SPRITE_12_B			= 7584, G: MK2
_SPRITE_12_C			= 75B4, G: MK2
_SPRITE_13_A			= 75E4, G: MK2
_SPRITE_13_B			= 7614, G: MK2
_SPRITE_13_C			= 7644, G: MK2
_SPRITE_14_A			= 7674, G: MK2
_SPRITE_14_B			= 76A4, G: MK2
_SPRITE_14_C			= 76D4, G: MK2
_SPRITE_15_A			= 7704, G: MK2
_SPRITE_15_B			= 7734, G: MK2
_SPRITE_15_C			= 7764, G: MK2
_SPRITE_16_A			= 7794, G: MK2
_SPRITE_16_B			= 77C4, G: MK2
_SPRITE_16_C			= 77F4, G: MK2
_SPRITE_17_A			= 7AF8, G: MK2
_SPRITE_17_B			= 7B28, L: MK2
_SPRITE_17_C			= 7B58, L: MK2
_SPRITE_18_A			= 7B88, G: MK2
_SPRITE_18_B			= 7BB8, L: MK2
_SPRITE_18_C			= 7BE8, L: MK2
_SPRITE_19_A			= 7C18, G: MK2
_SPRITE_19_B			= 7C38, G: MK2
_SPRITE_1_A			= 6F24, G: MK2
_SPRITE_1_B			= 6F54, G: MK2
_SPRITE_1_C			= 6F84, G: MK2
_SPRITE_2_A			= 6FB4, G: MK2
_SPRITE_2_B			= 6FE4, G: MK2
_SPRITE_2_C			= 7014, G: MK2
_SPRITE_3_A			= 7044, G: MK2
_SPRITE_3_B			= 7074, G: MK2
_SPRITE_3_C			= 70A4, G: MK2
_SPRITE_4_A			= 70D4, G: MK2
_SPRITE_4_B			= 7104, G: MK2
_SPRITE_4_C			= 7134, G: MK2
_SPRITE_5_A			= 7164, G: MK2
_SPRITE_5_B			= 7194, G: MK2
_SPRITE_5_C			= 71C4, G: MK2
_SPRITE_6_A			= 71F4, G: MK2
_SPRITE_6_B			= 7224, G: MK2
_SPRITE_6_C			= 7254, G: MK2
_SPRITE_7_A			= 7284, G: MK2
_SPRITE_7_B			= 72B4, G: MK2
_SPRITE_7_C			= 72E4, G: MK2
_SPRITE_8_A			= 7314, G: MK2
_SPRITE_8_B			= 7344, G: MK2
_SPRITE_8_C			= 7374, G: MK2
_SPRITE_9_A			= 73A4, G: MK2
_SPRITE_9_B			= 73D4, G: MK2
_SPRITE_9_C			= 7404, G: MK2
_SP_BULLETS			= B823, G: MK2
_SP_COCOS			= B82E, G: MK2
_SP_MOVILES			= B6F7, G: MK2
_SP_PLAYER			= B81F, G: MK2
_SRAND				= 90B5, G: MK2
_STEPBYSTEP			= BB0E, G: MK2
_STOP_PLAYER			= 8895, G: MK2
_SUCCESS			= BB1C, G: MK2
_TACOUNT			= B838, G: MK2
_TAIT				= B877, G: MK2
_TILANIMS_ADD			= 910A, G: MK2
_TILANIMS_COUNTER		= B801, G: MK2
_TILANIMS_DO			= 9126, G: MK2
_TILANIMS_FT			= B703, G: MK2
_TILANIMS_NO_FLICK		= 9173, L: MK2
_TILANIMS_NO_FLICK_ALL		= 91B7, L: MK2
_TILANIMS_TAIT_0_SKIP		= 915E, L: MK2
_TILANIMS_UPDATE_LOOP		= 91C2, L: MK2
_TILANIMS_XY			= B722, G: MK2
_TILANIM_RESET			= 90F3, G: MK2
_TILESET			= 6614, G: MK2
_TOCADO				= BB12, G: MK2
_UNPACK_RAMN			= 5F83, G: MK2
_UPDATE_HUD			= ADCF, G: MK2
_UPDATE_SPRITES			= AABF, G: MK2
_UPDATE_TILE			= 823C, G: MK2
_UTAUX				= 823B, G: MK2
_U_FREE				= 5EB1, G: MK2
_U_MALLOC			= 5EAF, G: MK2
_VA_COLLISION_CHECKEVIL		= 977D, L: MK2
_VA_COLLISION_DONE		= 979B, L: MK2
_VA_COLLISION_VY_NEGATIVE	= 96E7, L: MK2
_VA_COLLISION_VY_POSITIVE	= 9726, L: MK2
_VA_COL_VY_NEG_DO		= 9701, L: MK2
_VA_COL_VY_POS_DO		= 9758, L: MK2
_WALL_BROKEN			= 91EC, G: MK2
_WALL_H				= BB07, G: MK2
_WALL_V				= BB11, G: MK2
_WARP_TO_LEVEL			= B81E, G: MK2
_WYZ_INIT			= 809A, G: MK2
_WYZ_PLAY_MUSIC			= 80BB, G: MK2
_WYZ_PLAY_SOUND			= 80A8, G: MK2
_WYZ_STOP_SOUND			= 80D9, G: MK2
_X_PANT				= BB13, G: MK2
_Y_PANT				= BB16, G: MK2
__BADDIES_POINTER		= BB17, G: MK2
__EN_AN_VX			= B809, G: MK2
__EN_AN_VY			= B80A, G: MK2
__EN_AN_X			= B872, G: MK2
__EN_AN_Y			= B874, G: MK2
__EN_LIFE			= B883, G: MK2
__EN_MX				= B71E, G: MK2
__EN_MY				= B71F, G: MK2
__EN_T				= B6F4, G: MK2
__EN_X				= B6F5, G: MK2
__EN_X1				= B6FD, G: MK2
__EN_X2				= B6FF, G: MK2
__EN_Y				= B6F6, G: MK2
__EN_Y1				= B6FE, G: MK2
__EN_Y2				= B700, G: MK2
__MAX				= B834, G: MK2
__MIN				= B836, G: MK2
__N				= B802, G: MK2
__T				= B805, G: MK2
__VAL				= B83D, G: MK2
__X				= B806, G: MK2
__Y				= B807, G: MK2


START				= 5E88, L: ZX82_CRT0
_KEYSCANCODES			= 5E8E, G: MK2
_MY_MALLOC			= 5EA6, G: MK2
_U_MALLOC			= 5EAF, G: MK2
_U_FREE				= 5EB1, G: MK2
VPCLIPSTRUCT			= 5EB3, L: MK2
FSCLIPSTRUCT			= 5EB7, L: MK2
_HALF_LIFE			= 5EBB, G: MK2
_LEVEL				= 5EBC, G: MK2
_DO_GRAVITY			= 5EBD, G: MK2
_SCRIPT_RESULT			= 5EBE, G: MK2
_SC_TERMINADO			= 5EBF, G: MK2
_SC_CONTINUAR			= 5EC0, G: MK2
_SCRIPT				= 5EC1, G: MK2
_SETRAMBANK			= 5EC3, G: MK2
SETRAMBANK			= 5EC3, L: MK2
RESTISR				= 5ECE, L: MK2
KEEPGOING			= 5ED2, L: MK2
DEPACK				= 5EDB, L: MK2
APBRANCH1			= 5EDE, L: MK2
APLOOP0				= 5EE0, L: MK2
APLOOP				= 5EE3, L: MK2
APGET4BITS			= 5EF6, L: MK2
APWRITEBYTE			= 5F00, L: MK2
APBRANCH4			= 5F04, L: MK2
APBRANCH3			= 5F0D, L: MK2
APBRANCH2			= 5F21, L: MK2
APSKIP2				= 5F40, L: MK2
APSKIP3				= 5F49, L: MK2
AP_FINISHUP			= 5F4C, L: MK2
AP_FINISHUP2			= 5F4F, L: MK2
AP_R0_GAMMA			= 5F56, L: MK2
AP_GETBIT			= 5F62, L: MK2
AP_GETGAMMA			= 5F6E, L: MK2
AP_GETGAMMALOOP			= 5F71, L: MK2
_RAM_ADDRESS			= 5F7E, G: MK2
_RAM_DESTINATION		= 5F80, G: MK2
_RAM_PAGE			= 5F82, G: MK2
_UNPACK_RAMN			= 5F83, G: MK2
_RESOURCES			= 5FC1, G: MK2
_GET_RESOURCE			= 5FEE, G: MK2
_LEVEL_DATA			= 6028, G: MK2
_MAP				= 6038, G: MK2
_TILESET			= 6614, G: MK2
_FONT				= 6614, L: MK2
_METATILESET			= 6814, L: MK2
_SPRITESET			= 6F14, G: MK2
_SPRITE_1_A			= 6F24, G: MK2
_SPRITE_1_B			= 6F54, G: MK2
_SPRITE_1_C			= 6F84, G: MK2
_SPRITE_2_A			= 6FB4, G: MK2
_SPRITE_2_B			= 6FE4, G: MK2
_SPRITE_2_C			= 7014, G: MK2
_SPRITE_3_A			= 7044, G: MK2
_SPRITE_3_B			= 7074, G: MK2
_SPRITE_3_C			= 70A4, G: MK2
_SPRITE_4_A			= 70D4, G: MK2
_SPRITE_4_B			= 7104, G: MK2
_SPRITE_4_C			= 7134, G: MK2
_SPRITE_5_A			= 7164, G: MK2
_SPRITE_5_B			= 7194, G: MK2
_SPRITE_5_C			= 71C4, G: MK2
_SPRITE_6_A			= 71F4, G: MK2
_SPRITE_6_B			= 7224, G: MK2
_SPRITE_6_C			= 7254, G: MK2
_SPRITE_7_A			= 7284, G: MK2
_SPRITE_7_B			= 72B4, G: MK2
_SPRITE_7_C			= 72E4, G: MK2
_SPRITE_8_A			= 7314, G: MK2
_SPRITE_8_B			= 7344, G: MK2
_SPRITE_8_C			= 7374, G: MK2
_SPRITE_9_A			= 73A4, G: MK2
_SPRITE_9_B			= 73D4, G: MK2
_SPRITE_9_C			= 7404, G: MK2
_SPRITE_10_A			= 7434, G: MK2
_SPRITE_10_B			= 7464, G: MK2
_SPRITE_10_C			= 7494, G: MK2
_SPRITE_11_A			= 74C4, G: MK2
_SPRITE_11_B			= 74F4, G: MK2
_SPRITE_11_C			= 7524, G: MK2
_SPRITE_12_A			= 7554, G: MK2
_SPRITE_12_B			= 7584, G: MK2
_SPRITE_12_C			= 75B4, G: MK2
_SPRITE_13_A			= 75E4, G: MK2
_SPRITE_13_B			= 7614, G: MK2
_SPRITE_13_C			= 7644, G: MK2
_SPRITE_14_A			= 7674, G: MK2
_SPRITE_14_B			= 76A4, G: MK2
_SPRITE_14_C			= 76D4, G: MK2
_SPRITE_15_A			= 7704, G: MK2
_SPRITE_15_B			= 7734, G: MK2
_SPRITE_15_C			= 7764, G: MK2
_SPRITE_16_A			= 7794, G: MK2
_SPRITE_16_B			= 77C4, G: MK2
_SPRITE_16_C			= 77F4, G: MK2
_BADDIES			= 7824, G: MK2
_HOTSPOTS			= 7A7C, G: MK2
_BEHS				= 7AB8, G: MK2
_SPRITE_17_A			= 7AF8, G: MK2
_SPRITE_17_B			= 7B28, L: MK2
_SPRITE_17_C			= 7B58, L: MK2
_SPRITE_18_A			= 7B88, G: MK2
_SPRITE_18_B			= 7BB8, L: MK2
_SPRITE_18_C			= 7BE8, L: MK2
_SPRITE_19_A			= 7C18, G: MK2
_SPRITE_19_B			= 7C38, G: MK2
_LEVELS				= 7C58, G: MK2
_ADDONS_BETWEEN			= 7C7C, G: MK2
I_14				= 7C9A, L: MK2
I_15				= 7CA1, L: MK2
I_17				= 7CDE, L: MK2
I_18				= 7CE5, L: MK2
I_16				= 7CFA, L: MK2
I_19				= 7CFD, L: MK2
_DROP_SPRITES			= 7D10, G: MK2
_ARROW_SPRITES			= 7F60, G: MK2
_ISR				= 8082, G: MK2
_WYZ_INIT			= 809A, G: MK2
_WYZ_PLAY_SOUND			= 80A8, G: MK2
_WYZ_PLAY_MUSIC			= 80BB, G: MK2
_WYZ_STOP_SOUND			= 80D9, G: MK2
_SPACER				= 80E9, G: MK2
_DRAW_COLOURED_TILE		= 80EB, G: MK2
_INVALIDATE_TILE		= 8131, G: MK2
_INVALIDATE_VIEWPORT		= 814B, G: MK2
_DRAW_INVALIDATE_COLOURED_TILE_G= 815B, G: MK2
_DRAW_COLOURED_TILE_GAMEAREA	= 8162, G: MK2
I_21				= 8187, L: MK2
_PRINT_NUMBER2			= 81B5, G: MK2
_PRINT_STR			= 8204, G: MK2
PRINT_STR_LOOP			= 8207, L: MK2
_BLACKOUT_AREA			= 8225, G: MK2
BAL1				= 822A, L: MK2
_UTAUX				= 823B, G: MK2
_UPDATE_TILE			= 823C, G: MK2
_PRINT_MESSAGE			= 826D, G: MK2
_READ_CONTROLLER		= 82B8, G: MK2
I_23				= 82D2, L: MK2
_BUTTON_PRESSED			= 8301, G: MK2
_CORTINA			= 8318, G: MK2
FADE_OUT_EXTERN			= 831A, L: MK2
FADE_OUT_BUCLE			= 8321, L: MK2
INK_DONE			= 8328, L: MK2
PAPER_DONE			= 8330, L: MK2
_ADDSIGN			= 8342, G: MK2
I_24				= 8358, L: MK2
I_26				= 836F, L: MK2
I_27				= 8376, L: MK2
I_25				= 8376, L: MK2
_ABS				= 8377, G: MK2
I_28				= 8388, L: MK2
I_29				= 838D, L: MK2
_ACTIVE_SLEEP			= 838E, G: MK2
I_32				= 838E, L: MK2
I_34				= 83A5, L: MK2
I_35_I_34			= 83A8, L: MK2
I_33				= 83AB, L: MK2
I_30				= 83AB, L: MK2
I_31				= 83B5, L: MK2
_SELECT_JOYFUNC			= 83BE, G: MK2
I_36				= 83BE, L: MK2
I_39				= 83D4, L: MK2
I_41				= 83EE, L: MK2
I_42				= 83F1, L: MK2
I_38				= 847C, L: MK2
I_44				= 848D, L: MK2
I_46				= 849E, L: MK2
I_45				= 849E, L: MK2
I_43				= 849E, L: MK2
I_37				= 84A1, L: MK2
_IS_CUTSCENE			= 84AB, G: MK2
_DO_EXTERN_ACTION		= 84AC, G: MK2
I_49				= 84C5, L: MK2
I_51				= 84CA, L: MK2
I_52				= 84E1, L: MK2
I_54				= 84E6, L: MK2
I_55				= 8560, L: MK2
I_53				= 8563, L: MK2
I_50				= 856F, L: MK2
I_48				= 8570, L: MK2
_EXTERN_DEPACK_TEXT		= 858A, L: MK2
FBSD_MAINB			= 85A1, L: MK2
FBSD_STOR			= 85AF, L: MK2
FBSD_ESCAPED			= 85B7, L: MK2
FBSD_STOR2			= 85BF, L: MK2
FBSD_UNPACKC			= 85C2, L: MK2
FBSD_BUCLE			= 85C4, L: MK2
FBSD_GETBIT			= 85CC, L: MK2
FBSD_FIN			= 85D2, L: MK2
I_59				= 8637, L: MK2
I_61				= 8641, L: MK2
I_60				= 865F, L: MK2
I_58				= 8685, L: MK2
I_62				= 868C, L: MK2
I_63				= 869E, L: MK2
I_65				= 86CF, L: MK2
I_67				= 8702, L: MK2
I_66				= 8702, L: MK2
I_70				= 871C, L: MK2
I_71_I_70			= 871F, L: MK2
I_69				= 8725, L: MK2
I_68				= 872F, L: MK2
I_73				= 8745, L: MK2
I_72				= 8748, L: MK2
I_74				= 874F, L: MK2
I_64				= 8752, L: MK2
I_75				= 875D, L: MK2
I_76				= 8765, L: MK2
I_78				= 877E, L: MK2
I_80				= 8783, L: MK2
I_79				= 87B5, L: MK2
I_77				= 87B5, L: MK2
I_57				= 87B8, L: MK2
I_82				= 87CA, L: MK2
I_84				= 87DC, L: MK2
I_83				= 884E, L: MK2
I_85				= 884E, L: MK2
I_81				= 884E, L: MK2
I_56				= 884E, L: MK2
_READ_BYTE			= 884F, G: MK2
_READ_VBYTE			= 886C, G: MK2
_READXY				= 8882, G: MK2
_STOP_PLAYER			= 8895, G: MK2
_RELOC_PLAYER			= 88A9, G: MK2
_READ_TWO_BYTES_D_E		= 88BF, G: MK2
_RUN_SCRIPT			= 88D6, G: MK2
I_86				= 890D, L: MK2
I_87				= 8918, L: MK2
I_89				= 8945, L: MK2
I_93				= 8953, L: MK2
I_94				= 8989, L: MK2
_FLAG_EQUAL_VAL_OK		= 899C, L: MK2
I_95				= 899F, L: MK2
_FLAG_MINOR_VAL_OK		= 89B2, L: MK2
I_96				= 89B5, L: MK2
_FLAG_EQUAL_GREATER_OK		= 89C9, L: MK2
I_97				= 89CC, L: MK2
_FLAG_DIFFERENT_VAL_OK		= 89DF, L: MK2
I_98				= 89E2, L: MK2
I_99				= 8A62, L: MK2
I_100				= 8A65, L: MK2
I_101				= 8A76, L: MK2
I_102				= 8AB7, L: MK2
I_103				= 8ABA, L: MK2
I_104				= 8ACB, L: MK2
I_105				= 8AE6, L: MK2
I_106				= 8AFE, L: MK2
I_107				= 8B01, L: MK2
I_92				= 8B0D, L: MK2
I_90				= 8B10, L: MK2
I_109				= 8B1E, L: MK2
I_113				= 8B2C, L: MK2
I_114				= 8BA8, L: MK2
I_115				= 8BBC, L: MK2
I_116				= 8BD2, L: MK2
I_117				= 8BE9, L: MK2
I_118				= 8C26, L: MK2
I_119				= 8C4D, L: MK2
I_120				= 8C59, L: MK2
I_121				= 8C8B, L: MK2
I_122				= 8C9F, L: MK2
I_123				= 8CB6, L: MK2
I_125				= 8CBB, L: MK2
I_126				= 8D15, L: MK2
I_124				= 8D18, L: MK2
I_127				= 8D1B, L: MK2
I_128				= 8D41, L: MK2
I_129				= 8D4C, L: MK2
I_130				= 8D57, L: MK2
I_131				= 8D7E, L: MK2
I_132				= 8DA3, L: MK2
I_133				= 8DAE, L: MK2
I_134				= 8DB4, L: MK2
I_135				= 8DBE, L: MK2
I_136				= 8DCB, L: MK2
I_137				= 8DD4, L: MK2
I_138				= 8DE5, L: MK2
I_139				= 8DE8, L: MK2
I_140				= 8E03, L: MK2
I_141				= 8E15, L: MK2
I_142				= 8E18, L: MK2
I_143				= 8E19, L: MK2
I_145				= 8E24, L: MK2
I_144				= 8E24, L: MK2
I_146				= 8E81, L: MK2
I_147				= 8E84, L: MK2
I_112				= 8E8B, L: MK2
I_110				= 8E8E, L: MK2
I_108				= 8E8E, L: MK2
I_88				= 8E97, L: MK2
_RUN_ENTERING_SCRIPT		= 8E98, G: MK2
_RUN_FIRE_SCRIPT		= 8EB2, G: MK2
_DO_INGAME_SCRIPTING		= 8ECD, G: MK2
I_149				= 8EE7, L: MK2
I_148				= 8EEA, L: MK2
I_150				= 8EF1, L: MK2
_PLAYER_FRAMES			= 8EF2, G: MK2
_ENEM_FRAMES			= 8F06, G: MK2
_PREPARE_LEVEL			= 8F16, G: MK2
I_153				= 8F7F, L: MK2
_COLLIDE_PIXEL			= 8F95, G: MK2
_COLLIDE_PIXEL_RETURN		= 8FC8, L: MK2
_CM_TWO_POINTS			= 8FCA, G: MK2
_CM_TWO_POINTS_AT1_RESET	= 8FD8, L: MK2
_CM_TWO_POINTS_AT1_DO		= 8FDB, L: MK2
_CM_TWO_POINTS_AT1_DONE		= 8FF5, L: MK2
_CM_TWO_POINTS_AT2_RESET	= 9006, L: MK2
_CM_TWO_POINTS_AT2_DO		= 9009, L: MK2
_CM_TWO_POINTS_AT2_DONE		= 9023, L: MK2
_ATTR				= 9027, G: MK2
_ATTR_RESET			= 9035, L: MK2
_ATTR_DO			= 9039, L: MK2
_QTILE				= 9058, G: MK2
_QTILE_RESET			= 9066, L: MK2
_QTILE_DO			= 906A, L: MK2
_SEED1				= 9089, G: MK2
_SEED2				= 908B, G: MK2
_RANDRES			= 908D, G: MK2
_RAND				= 908E, G: MK2
RND				= 908E, L: MK2
_SRAND				= 90B5, G: MK2
_GAME_ENDING			= 90C2, G: MK2
_GAME_OVER			= 90D3, G: MK2
_TILANIM_RESET			= 90F3, G: MK2
_TILANIMS_ADD			= 910A, G: MK2
_TILANIMS_DO			= 9126, G: MK2
I_154				= 913D, L: MK2
I_155				= 9144, L: MK2
_TILANIMS_TAIT_0_SKIP		= 915E, L: MK2
_TILANIMS_NO_FLICK		= 9173, L: MK2
I_156				= 919B, L: MK2
_TILANIMS_NO_FLICK_ALL		= 91B7, L: MK2
_TILANIMS_UPDATE_LOOP		= 91C2, L: MK2
I_157				= 91EB, L: MK2
_WALL_BROKEN			= 91EC, G: MK2
_BREAK_WALL			= 921A, G: MK2
I_158				= 9261, L: MK2
_INIT_BULLETS			= 9262, G: MK2
I_159				= 9269, L: MK2
I_160				= 928A, L: MK2
_FIRE_BULLET			= 928B, G: MK2
I_161				= 9296, L: MK2
I_162				= 92A0, L: MK2
I_164				= 92A5, L: MK2
I_166				= 931C, L: MK2
I_167				= 9341, L: MK2
I_165				= 935D, L: MK2
I_163				= 9360, L: MK2
_MUEVE_BULLETS			= 9361, G: MK2
I_168				= 936B, L: MK2
I_170				= 9370, L: MK2
I_172				= 93D6, L: MK2
I_173				= 93D6, L: MK2
I_174				= 9439, L: MK2
I_175				= 9458, L: MK2
I_176				= 9466, L: MK2
I_171				= 9466, L: MK2
I_169				= 9469, L: MK2
_PLAYER_INIT			= 946A, G: MK2
_PLAYER_CALC_BOUNDING_BOX	= 94F6, G: MK2
_PLAYER_KILL			= 9533, G: MK2
I_177				= 9576, L: MK2
I_180				= 95D6, L: MK2
I_181_I_180			= 95D9, L: MK2
I_179				= 95DC, L: MK2
I_182				= 95F0, L: MK2
I_178				= 95F3, L: MK2
_PLAYER_MOVE			= 9657, G: MK2
_PLAYER_GRAVITY_ADD		= 9675, L: MK2
_PLAYER_GRAVITY_MAXIMUM		= 9679, L: MK2
_PLAYER_GRAVITY_VY_SET		= 967B, L: MK2
_PLAYER_GRAVITY_DONE		= 967E, L: MK2
_PLAYER_GRAVITY_P_GOTTEN_DONE	= 9688, L: MK2
I_183				= 96A2, L: MK2
I_184				= 96B5, L: MK2
_VA_COLLISION_VY_NEGATIVE	= 96E7, L: MK2
_VA_COL_VY_NEG_DO		= 9701, L: MK2
_VA_COLLISION_VY_POSITIVE	= 9726, L: MK2
_VA_COL_VY_POS_DO		= 9758, L: MK2
_VA_COLLISION_CHECKEVIL		= 977D, L: MK2
I_185				= 9792, L: MK2
I_186				= 9795, L: MK2
_VA_COLLISION_DONE		= 979B, L: MK2
I_187				= 97FF, L: MK2
I_189				= 981A, L: MK2
I_190				= 981D, L: MK2
I_191				= 9842, L: MK2
I_194				= 9867, L: MK2
I_193				= 9869, L: MK2
I_196_I_193			= 986C, L: MK2
I_192				= 987C, L: MK2
I_198				= 9891, L: MK2
I_199_I_198			= 9894, L: MK2
I_200				= 98D5, L: MK2
I_201				= 98E9, L: MK2
I_197				= 98E9, L: MK2
I_202				= 9907, L: MK2
I_203				= 9938, L: MK2
I_204				= 993B, L: MK2
I_207				= 9983, L: MK2
I_206				= 9986, L: MK2
I_208				= 99BD, L: MK2
I_210				= 99BD, L: MK2
I_209				= 99BD, L: MK2
I_205				= 99BD, L: MK2
I_211				= 99ED, L: MK2
I_212				= 99ED, L: MK2
I_213				= 9A1F, L: MK2
I_214				= 9A1F, L: MK2
I_215				= 9A44, L: MK2
I_216				= 9A52, L: MK2
I_217				= 9A65, L: MK2
_HA_COLLISION_VX_NEGATIVE	= 9A97, L: MK2
_HA_COL_VX_NEG_DO		= 9AB1, L: MK2
_HA_COLLISION_VX_POSITIVE	= 9AD6, L: MK2
_HA_COL_VX_POS_DO		= 9AF0, L: MK2
_HA_COLLISION_CHECKEVIL		= 9B13, L: MK2
_HA_COLLISION_DONE		= 9B13, L: MK2
I_219				= 9B2C, L: MK2
I_220_I_219			= 9B2F, L: MK2
I_218				= 9B39, L: MK2
I_221				= 9B57, L: MK2
I_222				= 9B86, L: MK2
I_223				= 9BAD, L: MK2
I_224				= 9BAD, L: MK2
I_225				= 9BC2, L: MK2
I_226				= 9BC2, L: MK2
I_228				= 9BD7, L: MK2
I_229_I_228			= 9BDA, L: MK2
I_227				= 9BF3, L: MK2
I_231				= 9C25, L: MK2
I_233				= 9C4A, L: MK2
I_230				= 9C63, L: MK2
I_232				= 9C63, L: MK2
_DISTANCE			= 9C64, G: MK2
_DISTANCE_DX_SET		= 9C72, L: MK2
_DISTANCE_DY_SET		= 9C83, L: MK2
_DISTANCE_DY_MIN		= 9C8D, L: MK2
_DISTANCE_MN_SET		= 9C8E, L: MK2
_COCO_CLEAR_SPRITE		= 9CB0, G: MK2
_INIT_COCOS			= 9CD3, G: MK2
I_234				= 9CDD, L: MK2
I_236				= 9CE7, L: MK2
I_235				= 9D06, L: MK2
_SHOOT_COCO			= 9D07, G: MK2
I_237				= 9D20, L: MK2
I_239				= 9D2A, L: MK2
I_241_UGE			= 9D77, L: MK2
I_241				= 9E06, L: MK2
I_240				= 9E06, L: MK2
I_238				= 9E09, L: MK2
_DESTROY_COCOS			= 9E0A, G: MK2
_MOVE_COCOS			= 9E1C, G: MK2
_MOVE_COCOS_LOOP		= 9E21, L: MK2
_MOVE_COCOS_DO			= 9E34, L: MK2
_MOVE_COCOS_COLLIDE_PLAYER_DONE	= 9E8F, L: MK2
_MOVE_COCOS_CONTINUE		= 9ECF, L: MK2
_ENEMS_KILL			= 9EE9, G: MK2
I_242				= 9F3E, L: MK2
_ENEMS_INIT			= 9F3F, G: MK2
I_244				= 9F50, L: MK2
I_246				= 9F55, L: MK2
I_248				= A002, L: MK2
I_249_I_248			= A005, L: MK2
I_252				= A024, L: MK2
I_253				= A032, L: MK2
I_254				= A113, L: MK2
I_255				= A146, L: MK2
I_251				= A146, L: MK2
I_247				= A146, L: MK2
I_245				= A149, L: MK2
I_243				= A149, L: MK2
_ENEMS_MOVE_SPR_ABS		= A14A, G: MK2
_ENEMS_MOVE			= A1AB, G: MK2
I_256				= A1D8, L: MK2
I_258				= A1E2, L: MK2
I_259				= A273, L: MK2
I_262				= A2B1, L: MK2
I_263				= A2D0, L: MK2
I_261				= A2D3, L: MK2
I_265				= A2E6, L: MK2
I_266				= A2ED, L: MK2
_ENEMS_MOVE_PREGOTTEN_NOT	= A328, L: MK2
_ENEMS_MOVE_PREGOTTEN_SET	= A329, L: MK2
I_267				= A32C, L: MK2
I_270				= A331, L: MK2
I_271				= A34E, L: MK2
I_272				= A355, L: MK2
_ENEMS_LM_CHANGE_AXIS_X		= A375, L: MK2
_ENEMS_LM_CHANGE_AXIS_X_DONE	= A37D, L: MK2
_ENEMS_LM_CHANGE_AXIS_Y		= A395, L: MK2
_ENEMS_LM_CHANGE_AXIS_Y_DONE	= A39D, L: MK2
I_274				= A3BA, L: MK2
I_275				= A3BD, L: MK2
I_273				= A3C2, L: MK2
I_276				= A3C5, L: MK2
_MOVE_FANTY_IDLE		= A435, L: MK2
_MOVE_FANTY_PURSUING		= A445, L: MK2
_MOVE_FANTY_PURSUING_DO		= A454, L: MK2
_MOVE_FANTY_AX_NEG		= A45E, L: MK2
_MOVE_FANTY_AX_POS		= A462, L: MK2
_MOVE_FANTY_AX_SET		= A464, L: MK2
_MOVE_FANTY_VX_LIMIT_POS	= A46D, L: MK2
_MOVE_FANTY_VX_LIMIT_NEG	= A475, L: MK2
_MOVE_FANTY_VX_LIMIT_NEG_OK	= A47F, L: MK2
_MOVE_FANTY_VX_LIMIT_SET	= A481, L: MK2
_MOVE_FANTY_X_LIMIT_0		= A495, L: MK2
_MOVE_FANTY_X_LIMIT_224		= A49E, L: MK2
_MOVE_FANTY_X_SET		= A4A1, L: MK2
_MOVE_FANTY_AY_NEG		= A4AE, L: MK2
_MOVE_FANTY_AY_POS		= A4B2, L: MK2
_MOVE_FANTY_AY_SET		= A4B4, L: MK2
_MOVE_FANTY_VY_LIMIT_POS	= A4BD, L: MK2
_MOVE_FANTY_VY_LIMIT_NEG	= A4C5, L: MK2
_MOVE_FANTY_VY_LIMIT_NEG_OK	= A4CF, L: MK2
_MOVE_FANTY_VY_LIMIT_SET	= A4D1, L: MK2
_MOVE_FANTY_Y_LIMIT_0		= A4E5, L: MK2
_MOVE_FANTY_Y_LIMIT_144		= A4EE, L: MK2
_MOVE_FANTY_Y_SET		= A4F1, L: MK2
_MOVE_FANTY_RETREATING		= A4F7, L: MK2
_MOVE_FANTY_R_X_POS		= A510, L: MK2
_MOVE_FANTY_R_X_NEG		= A513, L: MK2
_MOVE_FANTY_R_X_SET		= A516, L: MK2
_MOVE_FANTY_R_X_DONE		= A519, L: MK2
_MOVE_FANTY_R_Y_POS		= A52B, L: MK2
_MOVE_FANTY_R_Y_NEG		= A52E, L: MK2
_MOVE_FANTY_R_Y_SET		= A531, L: MK2
_MOVE_FANTY_R_Y_DONE		= A534, L: MK2
_MOVE_FANTY_R_CHSTATE_DONE	= A54F, L: MK2
_MOVE_FANTY_STATE_DONE		= A55B, L: MK2
I_277				= A5B8, L: MK2
I_279				= A627, L: MK2
I_278				= A62A, L: MK2
I_281				= A641, L: MK2
I_282				= A6B4, L: MK2
I_283				= A6B4, L: MK2
I_280				= A6B4, L: MK2
I_284				= A6BE, L: MK2
I_286				= A70E, L: MK2
I_287				= A711, L: MK2
I_288				= A733, L: MK2
I_285				= A736, L: MK2
I_292				= A7A8, L: MK2
I_293				= A7AB, L: MK2
I_291				= A7B2, L: MK2
I_294				= A7B5, L: MK2
I_290				= A7C1, L: MK2
I_289				= A7C1, L: MK2
I_295				= A7DC, L: MK2
I_296				= A7E6, L: MK2
I_269				= A7FA, L: MK2
I_299				= A82C, L: MK2
I_300				= A842, L: MK2
I_298				= A875, L: MK2
I_303				= A88E, L: MK2
I_305				= A893, L: MK2
I_306				= A907, L: MK2
I_307				= A907, L: MK2
I_304				= A90A, L: MK2
I_302				= A90A, L: MK2
I_301				= A90A, L: MK2
_ENEMS_PLATS_HORZ_DO		= A945, L: MK2
_ENEMS_PLATS_VERT_CHECK_1	= A95A, L: MK2
_ENEMS_PLATS_HORZ_DONE		= A95A, L: MK2
_ENEMS_PLATS_VERT_CHECK_2	= A979, L: MK2
_ENEMS_PLATS_VERT_DO		= A98A, L: MK2
_ENEMS_PLATS_GPY_SET		= A9A1, L: MK2
_ENEMS_PLATS_VERT_DONE		= A9B4, L: MK2
_ENEMS_PLATFORMS_DONE		= A9B7, L: MK2
I_309				= AA07, L: MK2
I_311				= AA25, L: MK2
I_310				= AA2C, L: MK2
I_313				= AA3C, L: MK2
_ENEMS_COLLISION_SKIP		= AA6C, L: MK2
I_308				= AA6C, L: MK2
I_314				= AA6C, L: MK2
I_297				= AA6C, L: MK2
I_264				= AA6C, L: MK2
I_260				= AA6C, L: MK2
ENEMS_LOOP_CONTINUE_A		= AA6C, L: MK2
I_257				= AAA6, L: MK2
I_315				= AABE, L: MK2
_UPDATE_SPRITES			= AABF, G: MK2
I_317				= AADD, L: MK2
I_316				= AB1B, L: MK2
I_319				= AB38, L: MK2
I_320				= AB48, L: MK2
I_322				= AB4D, L: MK2
I_323				= ABCA, L: MK2
I_324				= ABEC, L: MK2
I_321				= ABEF, L: MK2
_ADVANCE_WORM			= ABF0, G: MK2
I_325				= AC3D, L: MK2
_ADVANCE_WORM_NO_INC_Y		= AC50, L: MK2
_DRAW_SCR_BACKGROUND		= AC58, G: MK2
_DRAW_SCR_PACKED_UNPACKED	= ACA8, L: MK2
_DRAW_SCR_BACKGROUND_LOOP	= ACB6, L: MK2
DRAW_SCR_BACKGROUND_NEW_BYTE	= ACC1, L: MK2
DRAW_SCR_BACKGROUND_SET_T	= ACD4, L: MK2
_HOTSPOTS_SETUP_DO		= AD16, L: MK2
_HOTSPOTS_SETUP_SET_REFILL	= AD47, L: MK2
_HOTSPOTS_SETUP_SET		= AD48, L: MK2
_HOTSPOTS_SETUP_DONE		= AD50, L: MK2
_DRAW_SCR			= AD51, G: MK2
I_326				= AD6C, L: MK2
I_327				= AD6F, L: MK2
_UPDATE_HUD			= ADCF, G: MK2
I_328				= ADFF, L: MK2
I_329				= AE2F, L: MK2
_FLICK_SCREEN			= AE30, G: MK2
I_331				= AE55, L: MK2
I_332_I_331			= AE58, L: MK2
I_330				= AE74, L: MK2
I_335				= AE9E, L: MK2
I_336_I_335			= AEA1, L: MK2
I_333				= AEB7, L: MK2
I_334				= AEB7, L: MK2
I_338				= AEDC, L: MK2
I_339_I_338			= AEDF, L: MK2
I_337				= AF04, L: MK2
I_342				= AF2E, L: MK2
I_343_I_342			= AF31, L: MK2
I_340				= AF4D, L: MK2
I_341				= AF4D, L: MK2
_HIDE_SPRITES			= AF4E, G: MK2
I_344				= AF6E, L: MK2
HIDE_SPRITES_ENEMS_LOOP		= AF6F, L: MK2
HIDE_SPRITES_BULLETS_LOOP	= AF9A, L: MK2
HIDE_SPRITES_COCOS_LOOP		= AFC5, L: MK2
_MAIN				= AFF0, G: MK2
I_347				= B04A, L: MK2
I_345				= B068, L: MK2
I_346				= B072, L: MK2
I_348				= B0B1, L: MK2
I_350				= B0B6, L: MK2
I_349				= B13E, L: MK2
I_351				= B148, L: MK2
I_353				= B14D, L: MK2
I_352				= B197, L: MK2
I_354				= B1A1, L: MK2
I_356				= B1A6, L: MK2
I_355				= B1F0, L: MK2
I_357				= B1F7, L: MK2
I_359				= B233, L: MK2
I_361				= B297, L: MK2
I_362				= B306, L: MK2
I_366				= B33C, L: MK2
I_364				= B344, L: MK2
I_367				= B344, L: MK2
I_365				= B344, L: MK2
I_368				= B358, L: MK2
I_369				= B375, L: MK2
I_370				= B3A2, L: MK2
I_371				= B3B5, L: MK2
I_373				= B3D9, L: MK2
I_372				= B3D9, L: MK2
I_377				= B43B, L: MK2
I_378				= B441, L: MK2
I_379				= B45C, L: MK2
I_376				= B462, L: MK2
I_374				= B462, L: MK2
I_380				= B4B0, L: MK2
I_381				= B4B6, L: MK2
_HOTSPOTS_SKIP			= B4BD, L: MK2
I_383				= B4D9, L: MK2
I_384				= B4DB, L: MK2
I_383_I_384			= B4E0, L: MK2
I_386				= B4F9, L: MK2
I_387				= B4FB, L: MK2
I_386_I_387			= B500, L: MK2
I_388				= B515, L: MK2
I_389				= B518, L: MK2
I_385				= B51F, L: MK2
I_390				= B522, L: MK2
I_382				= B533, L: MK2
I_392				= B547, L: MK2
I_393				= B54A, L: MK2
I_394				= B557, L: MK2
I_391				= B55E, L: MK2
I_396				= B579, L: MK2
I_397				= B58D, L: MK2
I_363				= B593, L: MK2
I_400				= B5A6, L: MK2
I_401				= B5BE, L: MK2
I_402				= B5D7, L: MK2
I_403				= B5F0, L: MK2
I_404				= B5FF, L: MK2
I_399				= B629, L: MK2
I_360				= B62C, L: MK2
I_358				= B632, L: MK2
I_1				= B633, L: MK2
__EN_T				= B6F4, G: MK2
__EN_X				= B6F5, G: MK2
__EN_Y				= B6F6, G: MK2
_SP_MOVILES			= B6F7, G: MK2
__EN_X1				= B6FD, G: MK2
__EN_Y1				= B6FE, G: MK2
__EN_X2				= B6FF, G: MK2
__EN_Y2				= B700, G: MK2
_BULLETS_MX			= B701, G: MK2
_BULLETS_MY			= B702, G: MK2
_TILANIMS_FT			= B703, G: MK2
_EN_AN_BASE_FRAME		= B713, G: MK2
_HOTSPOT_X			= B716, G: MK2
_HOTSPOT_Y			= B717, G: MK2
_EN_AN_C_F			= B718, G: MK2
__EN_MX				= B71E, G: MK2
__EN_MY				= B71F, G: MK2
_MAP_POINTER			= B720, G: MK2
_TILANIMS_XY			= B722, G: MK2
_EN_AN_STATE			= B732, G: MK2
_FLAGS				= B735, G: MK2
_P_FACING			= B755, G: MK2
_P_FRAME			= B756, G: MK2
_EN_AN_N_F			= B757, G: MK2
_P_C_F				= B75D, G: MK2
_PREGOTTEN			= B75F, G: MK2
_EN_AN_MORIDO			= B760, G: MK2
_HIT_H				= B763, G: MK2
_SONG_PLAYING			= B764, G: MK2
_HIT_V				= B765, G: MK2
_KILLED_OLD			= B766, G: MK2
_P_N_F				= B767, G: MK2
_GPAUX				= B769, G: MK2
_MAP_ATTR			= B76A, G: MK2
_ACTIVE				= B800, G: MK2
_TILANIMS_COUNTER		= B801, G: MK2
__N				= B802, G: MK2
_DO_RESPAWN			= B803, G: MK2
_MAX_TILANIMS			= B804, G: MK2
__T				= B805, G: MK2
__X				= B806, G: MK2
__Y				= B807, G: MK2
_MLPLAYING			= B808, G: MK2
__EN_AN_VX			= B809, G: MK2
__EN_AN_VY			= B80A, G: MK2
_LIFE_OLD			= B80B, G: MK2
_COCO_D				= B80C, G: MK2
_COCO_S				= B80D, G: MK2
_COCO_X				= B810, G: MK2
_COCO_Y				= B813, G: MK2
_P_ENGINE			= B816, G: MK2
_BULLETS_ESTADO			= B817, G: MK2
_GEN_PT				= B818, G: MK2
_NO_DRAW			= B81A, G: MK2
_P_STATE			= B81B, G: MK2
_PTGMX				= B81C, G: MK2
_PTGMY				= B81D, G: MK2
_WARP_TO_LEVEL			= B81E, G: MK2
_SP_PLAYER			= B81F, G: MK2
_GP_GEN				= B821, G: MK2
_SP_BULLETS			= B823, G: MK2
_KILLABLE			= B825, G: MK2
_ENOFFS				= B826, G: MK2
_PAD_THIS_FRAME			= B827, G: MK2
_SILENT_LEVEL			= B828, G: MK2
_CTIMER				= B829, G: MK2
_SP_COCOS			= B82E, G: MK2
__MAX				= B834, G: MK2
__MIN				= B836, G: MK2
_TACOUNT			= B838, G: MK2
_P_KILLED			= B839, G: MK2
_BULLETS_X			= B83A, G: MK2
_BULLETS_Y			= B83B, G: MK2
_PAD0				= B83C, G: MK2
__VAL				= B83D, G: MK2
_P_KILLME			= B83F, G: MK2
_LASTTIMEHIT			= B840, G: MK2
_P_JMP_CT			= B841, G: MK2
_BULLETS_LIFE			= B842, G: MK2
_N_PANT				= B843, G: MK2
_P_JMP_ON			= B844, G: MK2
_O_PANT				= B845, G: MK2
_P_LIFE				= B846, G: MK2
_ENIT				= B847, G: MK2
_P_SAFE_X			= B848, G: MK2
_P_SAFE_Y			= B849, G: MK2
_JOYFUNC			= B84A, G: MK2
_GPCX				= B84C, G: MK2
_P_OBJS				= B84D, G: MK2
_P_GOTTEN			= B84E, G: MK2
_GPCY				= B84F, G: MK2
_MAIN_SCRIPT_OFFSET		= B850, G: MK2
_GPIT				= B852, G: MK2
_EN_AN_VX			= B853, G: MK2
_P_KEYS				= B856, G: MK2
_EN_AN_VY			= B857, G: MK2
_GPJT				= B85A, G: MK2
_PLAYING			= B85B, G: MK2
_SC_C				= B85C, G: MK2
_KEYP				= B85D, G: MK2
_SC_M				= B85E, G: MK2
_SC_N				= B85F, G: MK2
_KEYS				= B860, G: MK2
_EXTI				= B86A, G: MK2
_SC_X				= B86B, G: MK2
_SC_Y				= B86C, G: MK2
_P_VX				= B86D, G: MK2
_P_VY				= B86E, G: MK2
_GPXX				= B86F, G: MK2
_GPYY				= B870, G: MK2
_OBJS_OLD			= B871, G: MK2
__EN_AN_X			= B872, G: MK2
__EN_AN_Y			= B874, G: MK2
_EXTX				= B876, G: MK2
_TAIT				= B877, G: MK2
_EXTY				= B878, G: MK2
_MAINCOUNTER			= B879, G: MK2
_ENEMY_WAS_KILLED		= B87A, G: MK2
_PTX1				= B87B, G: MK2
_PTX2				= B87C, G: MK2
_PTY1				= B87D, G: MK2
_PTY2				= B87E, G: MK2
_FLAG_OLD			= B87F, G: MK2
_AT1				= B880, G: MK2
_AT2				= B881, G: MK2
_ACTION_PRESSED			= B882, G: MK2
__EN_LIFE			= B883, G: MK2
_CX1				= B884, G: MK2
_CX2				= B885, G: MK2
_CY1				= B886, G: MK2
_CY2				= B887, G: MK2
_ENEMY_SHOOTS			= B888, G: MK2
_P_SUBFRAME			= B889, G: MK2
_P_STATE_CT			= B88A, G: MK2
_ANIMATE			= B88B, G: MK2
_NEXT_SCRIPT			= B88C, G: MK2
_GPC				= B88E, G: MK2
_GPD				= B88F, G: MK2
_COCO_X0			= B890, G: MK2
_P_G				= B891, G: MK2
_EN_AN_X			= B892, G: MK2
_EN_AN_Y			= B898, G: MK2
_HIT				= B89E, G: MK2
_CTX				= B89F, G: MK2
_CTY				= B8A0, G: MK2
_GPS				= B8A1, G: MK2
_GPT				= B8A2, G: MK2
_RDA				= B8A3, G: MK2
_RDB				= B8A4, G: MK2
_P_X				= B8A5, G: MK2
_AD_FREE			= B8A7, G: MK2
_P_Y				= BAFF, G: MK2
_GPX				= BB01, G: MK2
_GPY				= BB02, G: MK2
_RDS				= BB03, G: MK2
_COCO_IT			= BB04, G: MK2
_RDX				= BB05, G: MK2
_RDY				= BB06, G: MK2
_WALL_H				= BB07, G: MK2
_COCO_VX			= BB08, G: MK2
_COCO_VY			= BB0B, G: MK2
_STEPBYSTEP			= BB0E, G: MK2
_ENOFFSMASI			= BB0F, G: MK2
_KEYS_OLD			= BB10, G: MK2
_WALL_V				= BB11, G: MK2
_TOCADO				= BB12, G: MK2
_X_PANT				= BB13, G: MK2
_IS_RENDERING			= BB14, G: MK2
_P_FACING_H			= BB15, G: MK2
_Y_PANT				= BB16, G: MK2
__BADDIES_POINTER		= BB17, G: MK2
_P_FACING_V			= BB19, G: MK2
_POSSEE				= BB1A, G: MK2
_ORIG_TILE			= BB1B, G: MK2
_SUCCESS			= BB1C, G: MK2
_EN_AN_COUNT			= BB1D, G: MK2
_P_DISPARANDO			= BB20, G: MK2
_P_SAFE_PANT			= BB21, G: MK2
L_AND				= BB22, G: L_AND
L_ASL				= BB29, G: L_ASL
L_ASL1				= BB2A, L: L_ASL
L_ASR				= BB30, G: L_ASR
L_ASR1				= BB31, L: L_ASR
L_ASR_U				= BB3A, G: L_ASR_U
L_ASR_U_1			= BB3B, L: L_ASR_U
L_COM				= BB44, G: L_COM
L_DIV				= BB4B, G: L_DIV
L_DIV0				= BB5B, L: L_DIV
L_DIV01				= BB67, L: L_DIV
DOSIGN				= BB78, L: L_DIV
L_DIV_U				= BB7F, G: L_DIV_U
ENTRY				= BB83, L: L_DIV_U
L_DIV1				= BB8A, L: L_DIV_U
L_DIV2				= BB94, L: L_DIV_U
L_EQ				= BB9E, G: L_EQ
L_GCHAR				= BBA5, G: L_GCHAR
L_SXT				= BBA6, L: L_GCHAR
L_GE				= BBAB, G: L_GE
L_GINT				= BBB9, G: L_GINT
L_GINTSPSP			= BBBE, G: L_GINTSPSP
L_GT				= BBC7, G: L_GT
L_LE				= BBD3, G: L_LE
L_LNEG				= BBE1, G: L_LNEG
L_LT				= BBE6, G: L_LT
L_MULT				= BBF2, G: L_MULT
L_MULT1				= BBF9, L: L_MULT
L_MULT2				= BC00, L: L_MULT
L_NE				= BC03, G: L_NE
L_NEG				= BC0A, G: L_NEG
L_OR				= BC12, G: L_OR
L_PINT				= BC19, G: L_PINT
L_SXT				= BC1F, G: L_SXT
L_UGE				= BC24, G: L_UGE
L_ULE				= BC2C, G: L_ULE
L_ULT				= BC34, G: L_ULT
L_XOR				= BC3A, G: L_XOR
SPCOMPDLISTADDR			= BC41, G: SPCOMPDLISTADDR
SPDISPLAYLIST			= BC52, G: SPDISPLAYLIST
SPINVALIDATE			= C852, G: SPINVALIDATE
SPINVALIDATEP			= C85A, G: SPINVALIDATE
NOINC1				= C873, L: SPINVALIDATE
INVCOLLP			= C877, L: SPINVALIDATE
NOINC2				= C886, L: SPINVALIDATE
INVFULLCHAR			= C88A, L: SPINVALIDATE
INVROWLP			= C88C, L: SPINVALIDATE
NOINC3				= C897, L: SPINVALIDATE
SPBITLEFT2MASK			= C8A5, G: SPBITLEFT2MASK
SPBITRIGHT2MASK			= C8AD, G: SPBITRIGHT2MASK
SPCOMPDIRTYADDR			= C8B5, G: SPCOMPDIRTYADDR
SPDIRTYCHARS			= C8CA, G: SPDIRTYCHARS
SPINTRECT			= C92A, G: SPINTRECT
SPINTSMALLIVAL			= C95B, G: SPINTRECT
TRYOTHERWAY			= C96F, L: SPINTRECT
SPPTINSMALLIVAL			= C980, G: SPINTRECT
BROKEN				= C98C, L: SPINTRECT
SPMOVESPRABS			= C995, G: SPMOVESPRABS
SPMOVESPRABSNC			= C9A3, G: SPMOVESPRABS
ADJLOOP				= C9AE, L: SPMOVESPRABS
SPMOVESPRABSC			= C9BC, G: SPMOVESPRABS
YINSCREEN			= C9D4, L: SPMOVESPRABS
XINSCREEN			= C9E4, L: SPMOVESPRABS
MVCOLLOOP			= C9FB, L: SPMOVESPRABS
MVROWLOOP			= CA01, L: SPMOVESPRABS
NOTDONE				= CA0B, L: SPMOVESPRABS
NOINC1				= CA23, L: SPMOVESPRABS
NOTINDLIST			= CA37, L: SPMOVESPRABS
NONEXT1				= CA37, L: SPMOVESPRABS
PDLOOP				= CA54, L: SPMOVESPRABS
NOINC2				= CA5C, L: SPMOVESPRABS
PUTHERE				= CA6E, L: SPMOVESPRABS
NOINC3				= CA7D, L: SPMOVESPRABS
NODEC1				= CA8B, L: SPMOVESPRABS
NOINC4				= CA97, L: SPMOVESPRABS
NONEXT2				= CAA4, L: SPMOVESPRABS
NOTDISPLAYED			= CAA4, L: SPMOVESPRABS
INVALIDATE			= CABF, L: SPMOVESPRABS
COMPUTEDISP			= CACE, L: SPMOVESPRABS
NOTNEGATIVE			= CAEC, L: SPMOVESPRABS
ADJUSTGRAPHICS			= CAF1, L: SPMOVESPRABS
NOINC5				= CAFD, L: SPMOVESPRABS
SKIP1				= CB0D, L: SPMOVESPRABS
SKIP2				= CB1D, L: SPMOVESPRABS
SPNULLSPRPTR			= CB20, G: SPNULLSPRPTR
SPPRINTATINV			= CB30, G: SPPRINTATINV
SPBIT2MASK			= CB48, G: SPBIT2MASK
SPTBLLOOKUP			= CB50, G: SPTBLLOOKUP
NOINC				= CB56, L: SPTBLLOOKUP
SP_ADDCOLSPR			= CB58, G: SP_ADDCOLSPR
SPADDCOLSPR			= CB73, G: SPADDCOLSPR
ACNOCRY				= CB7E, L: SPADDCOLSPR
ACLOOP				= CB8F, L: SPADDCOLSPR
NOINC1				= CBCB, L: SPADDCOLSPR
ACNOCRY3			= CBDF, L: SPADDCOLSPR
ACFAIL				= CC09, L: SPADDCOLSPR
JPHL				= CC1A, L: SPADDCOLSPR
SPDELETESPR			= CC1B, G: SPDELETESPR
LOOP				= CC1F, L: SPDELETESPR
SPDSLOOP			= CC2C, G: SPDELETESPR
JPHL				= CC34, L: SPDELETESPR
SP_ADDMEMORY			= CC35, G: SP_ADDMEMORY
SPADDMEMORY			= CC4E, G: SPADDMEMORY
IB1				= CC56, L: SPADDMEMORY
IB2				= CC5D, L: SPADDMEMORY
SPFREEBLOCK			= CC6A, G: SPFREEBLOCK
SPFB1				= CC6F, G: SPFREEBLOCK
SPFB2				= CC7A, G: SPFREEBLOCK
SPQUEUETABLE			= CC85, G: SPQUEUETABLE
SP_BLOCKALLOC			= CC87, G: SP_BLOCKALLOC
SPBLOCKALLOC			= CC95, G: SPBLOCKALLOC
SPALLOC				= CC9F, G: SPBLOCKALLOC
SP_BORDER			= CCB0, G: SP_BORDER
SPBORDERCLR			= CCB9, G: SPBORDER
SPBORDER			= CCBA, G: SPBORDER
SP_CREATEGENERICISR		= CCC2, G: SP_CREATEGENERICISR
SPCREATEGENERICISR		= CCCB, G: SPCREATEGENERICISR
GENERICISR			= CCD4, L: SPCREATEGENERICISR
POSITION			= CCD7, L: SPCREATEGENERICISR
PUSHREG				= CCE0, L: SPCREATEGENERICISR
JPHL				= CCEF, L: SPCREATEGENERICISR
RUNHOOKS			= CCF0, L: SPCREATEGENERICISR
POPREG				= CD02, L: SPCREATEGENERICISR
SP_CREATESPR			= CD13, G: SP_CREATESPR
SPCREATESPR			= CD2B, G: SPCREATESPR
CSLOOP				= CD76, L: SPCREATESPR
CSENTER				= CD8A, L: SPCREATESPR
NOTCOMPRESS			= CD9C, L: SPCREATESPR
CONT				= CDA1, L: SPCREATESPR
CSNOCRY				= CDB5, L: SPCREATESPR
CSFAIL1				= CDBF, L: SPCREATESPR
CSFAIL2				= CDC1, L: SPCREATESPR
JPHL				= CDCA, L: SPCREATESPR
SP_FREEBLOCK			= CDCB, G: SP_FREEBLOCK
SP_GETKEY			= CDD6, G: SP_GETKEY
KEYOK				= CDDC, L: SP_GETKEY
STATE				= CDE1, L: SPGETKEY
COUNT				= CDE2, L: SPGETKEY
SPKEYDEBOUNCE			= CDE3, G: SPGETKEY
SPKEYSTARTREPEAT		= CDE4, G: SPGETKEY
SPKEYREPEATPERIOD		= CDE5, G: SPGETKEY
SPINKEY				= CDE6, G: SPGETKEY
SPGETKEY			= CDF7, G: SPGETKEY
SCANLOOP			= CDFE, L: SPGETKEY
KEYROWLOOP			= CE02, L: SPGETKEY
NOPRESS				= CE12, L: SPGETKEY
NEXTSCANROW			= CE17, L: SPGETKEY
ATMAXCOUNT			= CE28, L: SPGETKEY
SKIP				= CE3F, L: SPGETKEY
NOCAPS				= CE55, L: SPGETKEY
NOSYM				= CE60, L: SPGETKEY
TOOMANYKEYS			= CE63, L: SPGETKEY
NOKEYS				= CE63, L: SPGETKEY
SPKEYTRANSTBL			= CE6B, G: SPKEYTRANSTBL
SP_INITIALIZE			= CF0B, G: SP_INITIALIZE
SPINITIALIZE			= CF17, G: SPINITIALIZE
ROTTBLLP			= CF3D, L: SPINITIALIZE
ENTRYLP				= CF44, L: SPINITIALIZE
ROTLP				= CF47, L: SPINITIALIZE
LOOP				= CF60, L: SPINITIALIZE
CONT1				= CF68, L: SPINITIALIZE
NOADD				= CF72, L: SPINITIALIZE
USERTILE			= CF75, L: SPINITIALIZE
SPTILEARRAY			= CF7A, G: SPTILEARRAY
SP_INITIM2			= D17A, G: SP_INITIM2
SPINITIM2			= D185, G: SPINITIM2
SP_JOYKEMPSTON			= D19B, G: SP_JOYKEMPSTON
SPJOYKEMPSTON			= D1A2, G: SPJOYKEMPSTON
KEMPTBL				= D1AD, L: SPJOYKEMPSTON
SP_JOYKEYBOARD			= D1CD, G: SP_JOYKEYBOARD
SPJOYKEYBOARD			= D1DB, G: SPJOYKEYBOARD
NOFIRE				= D1E8, L: SPJOYKEYBOARD
JKLOOP				= D1E8, L: SPJOYKEYBOARD
NOPRESS				= D1F3, L: SPJOYKEYBOARD
SP_JOYSINCLAIR1			= D1FA, G: SP_JOYSINCLAIR1
SPJOYSINCLAIR1			= D201, G: SPJOYSINCLAIR1
SINC1TBL			= D20D, L: SPJOYSINCLAIR1
SP_REGISTERHOOK			= D22D, G: SP_REGISTERHOOK
SP_REGISTERHOOKLAST		= D243, G: SP_REGISTERHOOKLAST
SPREGISTERHOOKLAST		= D252, G: SPREGISTERHOOKLAST
SPREGISTERHOOK			= D252, G: SPREGISTERHOOKLAST
LOOP				= D25B, L: SPREGISTERHOOKLAST
DONE				= D266, L: SPREGISTERHOOKLAST
SP_TILEARRAY			= D26F, G: SP_TILEARRAY
SPTILEENTRY			= D27D, G: SPTILEENTRY
NOINC				= D286, L: SPTILEENTRY
SP_UPDATENOW			= D28E, G: SP_UPDATENOW
TEMPGRAPHIC			= D294, L: SPUPDATENOW
TEMPCOLOUR			= D29C, L: SPUPDATENOW
UPDATE_ATTRS			= D29D, G: SPUPDATENOW
DOSPRITES			= D29E, L: SPUPDATENOW
SPUPDATENOW			= D29F, G: SPUPDATENOW
DIRTYLOOP			= D2AB, L: SPUPDATENOW
NOTACROSSBLK1			= D2BB, L: SPUPDATENOW
REENTER				= D2C3, L: SPUPDATENOW
NOINC1				= D2C3, L: SPUPDATENOW
DIRTYAREA			= D2D1, L: SPUPDATENOW
NOTACROSSBLK2			= D30B, L: SPUPDATENOW
TILEONLY			= D312, L: SPUPDATENOW
NOINC11				= D31D, L: SPUPDATENOW
DRAWCHAR			= D341, L: SPUPDATENOW
NOTLOAD				= D36F, L: SPUPDATENOW
NOINC10				= D37A, L: SPUPDATENOW
SPRITELOOP			= D38F, L: SPUPDATENOW
DOSPRITE			= D393, L: SPUPDATENOW
COLOURSPRITE			= D4A4, L: SPUPDATENOW
SKIP_SPRITE_UPDATE		= D4A5, L: SPUPDATENOW
CLEAR				= D4A6, L: SPUPDATENOW
COPYBUFFER			= D4B1, L: SPUPDATENOW
NOMORESPRITES			= D4D3, L: SPUPDATENOW
SKIPUPDATECOL			= D4DE, L: SPUPDATENOW
MASKNOROTATE			= D4E1, L: SPUPDATENOW
LOADTYPE			= D52C, L: SPUPDATENOW
LOADNOROTATE			= D59A, L: SPUPDATENOW
XORTYPE				= D5B9, L: SPUPDATENOW
XORNOROTATE			= D63F, L: SPUPDATENOW
ORTYPE				= D671, L: SPUPDATENOW
ORNOROTATE			= D6F7, L: SPUPDATENOW
SP_UPDATENOWEX			= D729, G: SP_UPDATENOWEX
SP_WAITFORNOKEY			= D732, G: SP_WAITFORNOKEY
SPWAITFORNOKEY			= D736, G: SPWAITFORNOKEY
