ACFAIL				= CD30, L: SPADDCOLSPR
ACLOOP				= CCB3, L: SPADDCOLSPR
ACNOCRY				= CCA2, L: SPADDCOLSPR
ACNOCRY3			= CD03, L: SPADDCOLSPR
ADJLOOP				= CACE, L: SPMOVESPRABS
ADJUSTGRAPHICS			= CC11, L: SPMOVESPRABS
APBRANCH1			= 5F24, L: MK2
APBRANCH2			= 5F67, L: MK2
APBRANCH3			= 5F53, L: MK2
APBRANCH4			= 5F4A, L: MK2
APGET4BITS			= 5F3C, L: MK2
APLOOP				= 5F29, L: MK2
APLOOP0				= 5F26, L: MK2
APSKIP2				= 5F86, L: MK2
APSKIP3				= 5F8F, L: MK2
APWRITEBYTE			= 5F46, L: MK2
AP_FINISHUP			= 5F92, L: MK2
AP_FINISHUP2			= 5F95, L: MK2
AP_GETBIT			= 5FA8, L: MK2
AP_GETGAMMA			= 5FB4, L: MK2
AP_GETGAMMALOOP			= 5FB7, L: MK2
AP_R0_GAMMA			= 5F9C, L: MK2
ATMAXCOUNT			= CF5D, L: SPGETKEY
BAL1				= 8268, L: MK2
BASE_GRAPHICS			= 5EB6, G: ZX82_CRT0
BROKEN				= CAAC, L: SPINTRECT
CALL_ROM3			= 5EAA, G: ZX82_CRT0
CLEANUP				= 5E9F, G: ZX82_CRT0
CLEANUP_EXIT			= 5EA0, L: ZX82_CRT0
CLEAR				= D5DB, L: SPUPDATENOW
COLOURSPRITE			= D5D9, L: SPUPDATENOW
COMPUTEDISP			= CBEE, L: SPMOVESPRABS
CONT				= CED3, L: SPCREATESPR
CONT1				= D09D, L: SPINITIALIZE
COORDS				= 5EB4, G: ZX82_CRT0
COPYBUFFER			= D5E6, L: SPUPDATENOW
COUNT				= CF17, L: SPGETKEY
CSENTER				= CEBC, L: SPCREATESPR
CSFAIL1				= CEF4, L: SPCREATESPR
CSFAIL2				= CEF6, L: SPCREATESPR
CSLOOP				= CEA8, L: SPCREATESPR
CSNOCRY				= CEEA, L: SPCREATESPR
DEPACK				= 5F21, L: MK2
DIRTYAREA			= D406, L: SPUPDATENOW
DIRTYLOOP			= D3E0, L: SPUPDATENOW
DONE				= D39B, L: SPREGISTERHOOKLAST
DOSIGN				= BC98, L: L_DIV
DOSPRITE			= D4C8, L: SPUPDATENOW
DOSPRITES			= D3D3, L: SPUPDATENOW
DRAWCHAR			= D476, L: SPUPDATENOW
DRAW_SCR_BACKGROUND_NEW_BYTE	= AB37, L: MK2
DRAW_SCR_BACKGROUND_SET_T	= AB4A, L: MK2
ENEMS_LOOP_CONTINUE_A		= AA4B, L: MK2
ENTRY				= BCA3, L: L_DIV_U
ENTRYLP				= D079, L: SPINITIALIZE
EXITCOUNT			= 5EBC, G: ZX82_CRT0
EXITSP				= 5EBA, G: ZX82_CRT0
FADE_OUT_BUCLE			= 835F, L: MK2
FADE_OUT_EXTERN			= 8358, L: MK2
FBSD_BUCLE			= 8602, L: MK2
FBSD_ESCAPED			= 85F5, L: MK2
FBSD_FIN			= 8610, L: MK2
FBSD_GETBIT			= 860A, L: MK2
FBSD_MAINB			= 85DF, L: MK2
FBSD_STOR			= 85ED, L: MK2
FBSD_STOR2			= 85FD, L: MK2
FBSD_UNPACKC			= 8600, L: MK2
FSCLIPSTRUCT			= 5EFD, L: MK2
GENERICISR			= CDFB, L: SPCREATEGENERICISR
HEAPBLOCKS			= 5EBF, G: ZX82_CRT0
HEAPLAST			= 5EBD, G: ZX82_CRT0
HIDE_SPRITES_BULLETS_LOOP	= ADFD, L: MK2
HIDE_SPRITES_COCOS_LOOP		= AE28, L: MK2
HIDE_SPRITES_ENEMS_LOOP		= ADD2, L: MK2
IB1				= CD7D, L: SPADDMEMORY
IB2				= CD84, L: SPADDMEMORY
INK_DONE			= 8366, L: MK2
INVALIDATE			= CBDF, L: SPMOVESPRABS
INVCOLLP			= C997, L: SPINVALIDATE
INVFULLCHAR			= C9AA, L: SPINVALIDATE
INVROWLP			= C9AC, L: SPINVALIDATE
I_1				= B600, L: MK2
I_100				= 8AC7, L: MK2
I_101				= 8AD8, L: MK2
I_102				= 8B19, L: MK2
I_103				= 8B1C, L: MK2
I_104				= 8B2D, L: MK2
I_105				= 8B48, L: MK2
I_106				= 8B60, L: MK2
I_107				= 8B63, L: MK2
I_108				= 8EEA, L: MK2
I_109				= 8B80, L: MK2
I_110				= 8EEA, L: MK2
I_112				= 8EE7, L: MK2
I_113				= 8B8E, L: MK2
I_114				= 8C0A, L: MK2
I_115				= 8C1E, L: MK2
I_116				= 8C34, L: MK2
I_117				= 8C4B, L: MK2
I_118				= 8C88, L: MK2
I_119				= 8CAF, L: MK2
I_120				= 8CB5, L: MK2
I_121				= 8CE7, L: MK2
I_122				= 8CFB, L: MK2
I_123				= 8D12, L: MK2
I_124				= 8D74, L: MK2
I_125				= 8D17, L: MK2
I_126				= 8D71, L: MK2
I_127				= 8D77, L: MK2
I_128				= 8D9D, L: MK2
I_129				= 8DA8, L: MK2
I_130				= 8DB3, L: MK2
I_131				= 8DDA, L: MK2
I_132				= 8DFF, L: MK2
I_133				= 8E0A, L: MK2
I_134				= 8E10, L: MK2
I_135				= 8E1A, L: MK2
I_136				= 8E27, L: MK2
I_137				= 8E30, L: MK2
I_138				= 8E41, L: MK2
I_139				= 8E44, L: MK2
I_14				= 7CE0, L: MK2
I_140				= 8E5F, L: MK2
I_141				= 8E71, L: MK2
I_142				= 8E74, L: MK2
I_143				= 8E75, L: MK2
I_144				= 8E80, L: MK2
I_145				= 8E80, L: MK2
I_146				= 8EDD, L: MK2
I_147				= 8EE0, L: MK2
I_148				= 8F46, L: MK2
I_149				= 8F43, L: MK2
I_15				= 7CE7, L: MK2
I_150				= 8F4D, L: MK2
I_153				= 8FDB, L: MK2
I_154				= 91C4, L: MK2
I_155				= 91CC, L: MK2
I_156				= 91ED, L: MK2
I_157				= 91F9, L: MK2
I_158				= 9203, L: MK2
I_159				= 92C3, L: MK2
I_16				= 7D40, L: MK2
I_160				= 9208, L: MK2
I_161				= 92C0, L: MK2
I_162				= 927F, L: MK2
I_163				= 92A4, L: MK2
I_164				= 92CE, L: MK2
I_165				= 93CC, L: MK2
I_166				= 92D3, L: MK2
I_167				= 93C9, L: MK2
I_168				= 9339, L: MK2
I_169				= 9339, L: MK2
I_17				= 7D24, L: MK2
I_170				= 939C, L: MK2
I_171				= 93BB, L: MK2
I_172				= 93C9, L: MK2
I_173				= 94D9, L: MK2
I_174				= 9556, L: MK2
I_175				= 953F, L: MK2
I_176				= 9539, L: MK2
I_177_I_176			= 953C, L: MK2
I_178				= 9553, L: MK2
I_179				= 9611, L: MK2
I_18				= 7D2B, L: MK2
I_180				= 9624, L: MK2
I_181				= 9701, L: MK2
I_182				= 9704, L: MK2
I_183				= 976E, L: MK2
I_185				= 9789, L: MK2
I_186				= 978C, L: MK2
I_187				= 97B1, L: MK2
I_188				= 97EB, L: MK2
I_189				= 97D8, L: MK2
I_19				= 7D43, L: MK2
I_190				= 97D6, L: MK2
I_192_I_189			= 97DB, L: MK2
I_193				= 9858, L: MK2
I_194				= 9800, L: MK2
I_195_I_194			= 9803, L: MK2
I_196				= 9844, L: MK2
I_197				= 9858, L: MK2
I_198				= 9876, L: MK2
I_199				= 98A7, L: MK2
I_20				= 8107, L: MK2
I_200				= 98AA, L: MK2
I_201				= 992C, L: MK2
I_202				= 98F5, L: MK2
I_203				= 98F2, L: MK2
I_204				= 992C, L: MK2
I_205				= 992C, L: MK2
I_206				= 992C, L: MK2
I_207				= 995C, L: MK2
I_208				= 995C, L: MK2
I_209				= 998E, L: MK2
I_210				= 998E, L: MK2
I_211				= 99B3, L: MK2
I_212				= 99C1, L: MK2
I_213				= 99D4, L: MK2
I_214				= 9AA8, L: MK2
I_215				= 9A9B, L: MK2
I_216_I_215			= 9A9E, L: MK2
I_217				= 9AC6, L: MK2
I_218				= 9AF5, L: MK2
I_219				= 9B1C, L: MK2
I_220				= 9B1C, L: MK2
I_221				= 9B31, L: MK2
I_222				= 9B31, L: MK2
I_223				= 9B62, L: MK2
I_224				= 9B46, L: MK2
I_225_I_224			= 9B49, L: MK2
I_226				= 9BD2, L: MK2
I_227				= 9B94, L: MK2
I_228				= 9BD2, L: MK2
I_229				= 9BB9, L: MK2
I_23				= 8310, L: MK2
I_230				= 9C4C, L: MK2
I_231				= 9C75, L: MK2
I_232				= 9C56, L: MK2
I_233				= 9C8F, L: MK2
I_234				= 9D78, L: MK2
I_235				= 9C99, L: MK2
I_236				= 9D75, L: MK2
I_237				= 9D75, L: MK2
I_237_UGE			= 9CE6, L: MK2
I_238				= 9D95, L: MK2
I_239				= 9ECB, L: MK2
I_24				= 8396, L: MK2
I_240				= 9D9A, L: MK2
I_241				= 9EC8, L: MK2
I_242				= 9E1E, L: MK2
I_243				= 9E13, L: MK2
I_245				= 9E65, L: MK2
I_246				= 9E65, L: MK2
I_247				= 9F22, L: MK2
I_248				= A12D, L: MK2
I_249				= 9F34, L: MK2
I_25				= 83B4, L: MK2
I_250				= A12D, L: MK2
I_251				= 9F39, L: MK2
I_252				= A12A, L: MK2
I_253				= 9FE6, L: MK2
I_254_I_253			= 9FE9, L: MK2
I_256				= A12A, L: MK2
I_257				= A008, L: MK2
I_258				= A016, L: MK2
I_259				= A0F7, L: MK2
I_26				= 83AD, L: MK2
I_260				= A12A, L: MK2
I_261				= A1B7, L: MK2
I_262				= AA85, L: MK2
I_263				= A1C1, L: MK2
I_264				= A252, L: MK2
I_265				= AA4B, L: MK2
I_266				= A2B2, L: MK2
I_267				= A290, L: MK2
I_268				= A2AF, L: MK2
I_269				= AA4B, L: MK2
I_27				= 83B4, L: MK2
I_270				= A2C5, L: MK2
I_271				= A2CC, L: MK2
I_272				= A30B, L: MK2
I_274				= A7D9, L: MK2
I_275				= A310, L: MK2
I_276				= A32D, L: MK2
I_277				= A334, L: MK2
I_278				= A3A1, L: MK2
I_279				= A399, L: MK2
I_28				= 83C6, L: MK2
I_280				= A39C, L: MK2
I_281				= A3A4, L: MK2
I_282				= A597, L: MK2
I_283				= A609, L: MK2
I_284				= A606, L: MK2
I_285				= A693, L: MK2
I_286				= A620, L: MK2
I_287				= A693, L: MK2
I_288				= A693, L: MK2
I_289				= A69D, L: MK2
I_29				= 83CB, L: MK2
I_290				= A715, L: MK2
I_291				= A6ED, L: MK2
I_292				= A6F0, L: MK2
I_293				= A712, L: MK2
I_294				= A7A0, L: MK2
I_295				= A7A0, L: MK2
I_296				= A791, L: MK2
I_297				= A787, L: MK2
I_298				= A78A, L: MK2
I_299				= A794, L: MK2
I_30				= 83E9, L: MK2
I_300				= A7BB, L: MK2
I_301				= A7C5, L: MK2
I_302				= AA4B, L: MK2
I_303				= A854, L: MK2
I_304				= A80B, L: MK2
I_305				= A821, L: MK2
I_306				= A8E9, L: MK2
I_307				= A8E9, L: MK2
I_308				= A86D, L: MK2
I_309				= A8E9, L: MK2
I_31				= 83F3, L: MK2
I_310				= A872, L: MK2
I_311				= A8E6, L: MK2
I_312				= A8E6, L: MK2
I_313				= AA4B, L: MK2
I_314				= A9E6, L: MK2
I_315				= AA0B, L: MK2
I_316				= AA04, L: MK2
I_318				= AA1B, L: MK2
I_319				= AA4B, L: MK2
I_32				= 83CC, L: MK2
I_320				= ABD9, L: MK2
I_321				= ABDC, L: MK2
I_322				= AC62, L: MK2
I_323				= AC92, L: MK2
I_324				= ACD7, L: MK2
I_325				= ACB8, L: MK2
I_326_I_325			= ACBB, L: MK2
I_327				= AD1A, L: MK2
I_328				= AD1A, L: MK2
I_329				= AD01, L: MK2
I_33				= 83E9, L: MK2
I_330_I_329			= AD04, L: MK2
I_331				= AD67, L: MK2
I_332				= AD3F, L: MK2
I_333_I_332			= AD42, L: MK2
I_334				= ADB0, L: MK2
I_335				= ADB0, L: MK2
I_336				= AD91, L: MK2
I_337_I_336			= AD94, L: MK2
I_338				= ADD1, L: MK2
I_339				= AECB, L: MK2
I_34				= 83E3, L: MK2
I_340				= AED5, L: MK2
I_341				= AEAD, L: MK2
I_342				= AF28, L: MK2
I_343				= AFC6, L: MK2
I_344				= AF2D, L: MK2
I_345				= AFD0, L: MK2
I_346				= B02E, L: MK2
I_347				= AFD5, L: MK2
I_348				= B038, L: MK2
I_349				= B096, L: MK2
I_350				= B03D, L: MK2
I_351				= B09D, L: MK2
I_352				= B5FF, L: MK2
I_353				= B0D9, L: MK2
I_354				= B5F9, L: MK2
I_355				= B13D, L: MK2
I_356				= B1AC, L: MK2
I_357				= B560, L: MK2
I_358				= B1EA, L: MK2
I_359				= B1EA, L: MK2
I_35_I_34			= 83E6, L: MK2
I_36				= 83FC, L: MK2
I_360				= B1E2, L: MK2
I_361				= B1EA, L: MK2
I_362				= B1FE, L: MK2
I_363				= B228, L: MK2
I_364				= B2AB, L: MK2
I_365				= B26D, L: MK2
I_367				= B2C8, L: MK2
I_368				= B2D8, L: MK2
I_369				= B37F, L: MK2
I_37				= 84DF, L: MK2
I_370				= B2DD, L: MK2
I_371				= B35A, L: MK2
I_372				= B37C, L: MK2
I_373				= B39C, L: MK2
I_374				= B39C, L: MK2
I_375				= B425, L: MK2
I_377				= B425, L: MK2
I_378				= B3FE, L: MK2
I_379				= B404, L: MK2
I_38				= 84BA, L: MK2
I_380				= B41F, L: MK2
I_381				= B473, L: MK2
I_382				= B479, L: MK2
I_383				= B4F6, L: MK2
I_384				= B49C, L: MK2
I_384_I_385			= B4A3, L: MK2
I_385				= B49E, L: MK2
I_386				= B4E2, L: MK2
I_387				= B4BC, L: MK2
I_387_I_388			= B4C3, L: MK2
I_388				= B4BE, L: MK2
I_389				= B4D8, L: MK2
I_39				= 8412, L: MK2
I_390				= B4DB, L: MK2
I_391				= B4E5, L: MK2
I_392				= B521, L: MK2
I_393				= B50A, L: MK2
I_394				= B50D, L: MK2
I_395				= B51A, L: MK2
I_397				= B53C, L: MK2
I_398				= B550, L: MK2
I_400				= B5F6, L: MK2
I_401				= B573, L: MK2
I_402				= B58B, L: MK2
I_403				= B5A4, L: MK2
I_404				= B5BD, L: MK2
I_405				= B5CC, L: MK2
I_41				= 842C, L: MK2
I_42				= 842F, L: MK2
I_43				= 84DC, L: MK2
I_44				= 84CB, L: MK2
I_45				= 84DC, L: MK2
I_46				= 84DC, L: MK2
I_48				= 85AE, L: MK2
I_49				= 8503, L: MK2
I_50				= 85AD, L: MK2
I_51				= 8508, L: MK2
I_52				= 851F, L: MK2
I_53				= 85A1, L: MK2
I_54				= 8524, L: MK2
I_55				= 859E, L: MK2
I_56				= 888C, L: MK2
I_57				= 87F6, L: MK2
I_58				= 86C3, L: MK2
I_59				= 8675, L: MK2
I_60				= 869D, L: MK2
I_61				= 867F, L: MK2
I_62				= 86CA, L: MK2
I_63				= 86DC, L: MK2
I_64				= 8790, L: MK2
I_65				= 870D, L: MK2
I_66				= 8740, L: MK2
I_67				= 8740, L: MK2
I_68				= 876D, L: MK2
I_69				= 8763, L: MK2
I_70				= 875A, L: MK2
I_71_I_70			= 875D, L: MK2
I_72				= 8786, L: MK2
I_73				= 8783, L: MK2
I_74				= 878D, L: MK2
I_75				= 879B, L: MK2
I_76				= 87A3, L: MK2
I_77				= 87F3, L: MK2
I_78				= 87BC, L: MK2
I_79				= 87F3, L: MK2
I_80				= 87C1, L: MK2
I_81				= 888C, L: MK2
I_82				= 8808, L: MK2
I_83				= 888C, L: MK2
I_84				= 881A, L: MK2
I_85				= 888C, L: MK2
I_86				= 8934, L: MK2
I_87				= 893F, L: MK2
I_88				= 8EF3, L: MK2
I_89				= 896C, L: MK2
I_90				= 8B72, L: MK2
I_92				= 8B6F, L: MK2
I_93				= 897A, L: MK2
I_94				= 89B0, L: MK2
I_95				= 89D5, L: MK2
I_96				= 89FA, L: MK2
I_97				= 8A1F, L: MK2
I_98				= 8A44, L: MK2
I_99				= 8AC4, L: MK2
JKLOOP				= D31D, L: SPJOYKEYBOARD
JPHL				= CEFF, L: SPCREATESPR
JPHL				= CE16, L: SPCREATEGENERICISR
JPHL				= CD5B, L: SPDELETESPR
JPHL				= CD41, L: SPADDCOLSPR
KEEPGOING			= 5F18, L: MK2
KEMPTBL				= D2E2, L: SPJOYKEMPSTON
KEYOK				= CF11, L: SP_GETKEY
KEYROWLOOP			= CF37, L: SPGETKEY
LOADNOROTATE			= D6CF, L: SPUPDATENOW
LOADTYPE			= D661, L: SPUPDATENOW
LOOP				= D390, L: SPREGISTERHOOKLAST
LOOP				= D095, L: SPINITIALIZE
LOOP				= CD46, L: SPDELETESPR
L_AND				= BC42, G: L_AND
L_ASL				= BC49, G: L_ASL
L_ASL1				= BC4A, L: L_ASL
L_ASR				= BC50, G: L_ASR
L_ASR1				= BC51, L: L_ASR
L_ASR_U				= BC5A, G: L_ASR_U
L_ASR_U_1			= BC5B, L: L_ASR_U
L_COM				= BC64, G: L_COM
L_DCAL				= 5EA9, G: ZX82_CRT0
L_DIV				= BC6B, G: L_DIV
L_DIV0				= BC7B, L: L_DIV
L_DIV01				= BC87, L: L_DIV
L_DIV1				= BCAA, L: L_DIV_U
L_DIV2				= BCB4, L: L_DIV_U
L_DIV_U				= BC9F, G: L_DIV_U
L_EQ				= BCBE, G: L_EQ
L_GCHAR				= BCC5, G: L_GCHAR
L_GE				= BCCB, G: L_GE
L_GINT				= BCD9, G: L_GINT
L_GINTSPSP			= BCDE, G: L_GINTSPSP
L_GT				= BCE7, G: L_GT
L_LE				= BCF3, G: L_LE
L_LNEG				= BD01, G: L_LNEG
L_LT				= BD06, G: L_LT
L_MULT				= BD12, G: L_MULT
L_MULT1				= BD19, L: L_MULT
L_MULT2				= BD20, L: L_MULT
L_NE				= BD23, G: L_NE
L_NEG				= BD2A, G: L_NEG
L_OR				= BD32, G: L_OR
L_PINT				= BD39, G: L_PINT
L_SXT				= BD3F, G: L_SXT
L_SXT				= BCC6, L: L_GCHAR
L_UGE				= BD44, G: L_UGE
L_ULE				= BD4C, G: L_ULE
L_ULT				= BD54, G: L_ULT
L_XOR				= BD5A, G: L_XOR
MASKNOROTATE			= D616, L: SPUPDATENOW
MVCOLLOOP			= CB1B, L: SPMOVESPRABS
MVROWLOOP			= CB21, L: SPMOVESPRABS
NEXTSCANROW			= CF4C, L: SPGETKEY
NOADD				= D0A7, L: SPINITIALIZE
NOCAPS				= CF8A, L: SPGETKEY
NODEC1				= CBAB, L: SPMOVESPRABS
NOFIRE				= D31D, L: SPJOYKEYBOARD
NOINC				= D3BB, L: SPTILEENTRY
NOINC				= CC76, L: SPTBLLOOKUP
NOINC1				= D3F8, L: SPUPDATENOW
NOINC1				= CCEF, L: SPADDCOLSPR
NOINC1				= CB43, L: SPMOVESPRABS
NOINC1				= C993, L: SPINVALIDATE
NOINC10				= D4AF, L: SPUPDATENOW
NOINC11				= D452, L: SPUPDATENOW
NOINC2				= CB7C, L: SPMOVESPRABS
NOINC2				= C9A6, L: SPINVALIDATE
NOINC3				= CB9D, L: SPMOVESPRABS
NOINC3				= C9B7, L: SPINVALIDATE
NOINC4				= CBB7, L: SPMOVESPRABS
NOINC5				= CC1D, L: SPMOVESPRABS
NOKEYS				= CF98, L: SPGETKEY
NOMORESPRITES			= D608, L: SPUPDATENOW
NONEXT1				= CB57, L: SPMOVESPRABS
NONEXT2				= CBC4, L: SPMOVESPRABS
NOPRESS				= D328, L: SPJOYKEYBOARD
NOPRESS				= CF47, L: SPGETKEY
NOSYM				= CF95, L: SPGETKEY
NOTACROSSBLK1			= D3F0, L: SPUPDATENOW
NOTACROSSBLK2			= D440, L: SPUPDATENOW
NOTCOMPRESS			= CECE, L: SPCREATESPR
NOTDISPLAYED			= CBC4, L: SPMOVESPRABS
NOTDONE				= CB2B, L: SPMOVESPRABS
NOTINDLIST			= CB57, L: SPMOVESPRABS
NOTLOAD				= D4A4, L: SPUPDATENOW
NOTNEGATIVE			= CC0C, L: SPMOVESPRABS
ORNOROTATE			= D82C, L: SPUPDATENOW
ORTYPE				= D7A6, L: SPUPDATENOW
PAPER_DONE			= 836E, L: MK2
PDLOOP				= CB74, L: SPMOVESPRABS
POPREG				= CE29, L: SPCREATEGENERICISR
POSITION			= CDFE, L: SPCREATEGENERICISR
PRINT_STR_LOOP			= 8245, L: MK2
PUSHREG				= CE07, L: SPCREATEGENERICISR
PUTHERE				= CB8E, L: SPMOVESPRABS
REENTER				= D3F8, L: SPUPDATENOW
RESTISR				= 5F14, L: MK2
RND				= 90EA, L: MK2
ROTLP				= D07C, L: SPINITIALIZE
ROTTBLLP			= D072, L: SPINITIALIZE
RUNHOOKS			= CE17, L: SPCREATEGENERICISR
SCANLOOP			= CF33, L: SPGETKEY
SETRAMBANK			= 5F09, L: MK2
SINC1TBL			= D342, L: SPJOYSINCLAIR1
SKIP				= CF74, L: SPGETKEY
SKIP1				= CC2D, L: SPMOVESPRABS
SKIP2				= CC3D, L: SPMOVESPRABS
SKIPUPDATECOL			= D613, L: SPUPDATENOW
SKIP_SPRITE_UPDATE		= D5DA, L: SPUPDATENOW
SND_TICK			= 5EC1, G: ZX82_CRT0
SPADDCOLSPR			= CC97, G: SPADDCOLSPR
SPADDMEMORY			= CD75, G: SPADDMEMORY
SPALLOC				= CDC6, G: SPBLOCKALLOC
SPBIT2MASK			= CC68, G: SPBIT2MASK
SPBITLEFT2MASK			= C9C5, G: SPBITLEFT2MASK
SPBITRIGHT2MASK			= C9CD, G: SPBITRIGHT2MASK
SPBLOCKALLOC			= CDBC, G: SPBLOCKALLOC
SPBORDER			= CDE1, G: SPBORDER
SPBORDERCLR			= CDE0, G: SPBORDER
SPCOMPDIRTYADDR			= C9D5, G: SPCOMPDIRTYADDR
SPCOMPDLISTADDR			= BD61, G: SPCOMPDLISTADDR
SPCREATEGENERICISR		= CDF2, G: SPCREATEGENERICISR
SPCREATESPR			= CE57, G: SPCREATESPR
SPDELETESPR			= CD42, G: SPDELETESPR
SPDIRTYCHARS			= C9EA, G: SPDIRTYCHARS
SPDISPLAYLIST			= BD72, G: SPDISPLAYLIST
SPDSLOOP			= CD53, G: SPDELETESPR
SPFB1				= CD96, G: SPFREEBLOCK
SPFB2				= CDA1, G: SPFREEBLOCK
SPFREEBLOCK			= CD91, G: SPFREEBLOCK
SPGETKEY			= CF2C, G: SPGETKEY
SPINITIALIZE			= D04C, G: SPINITIALIZE
SPINITIM2			= D2BA, G: SPINITIM2
SPINKEY				= CF1B, G: SPGETKEY
SPINTRECT			= CA4A, G: SPINTRECT
SPINTSMALLIVAL			= CA7B, G: SPINTRECT
SPINVALIDATE			= C972, G: SPINVALIDATE
SPINVALIDATEP			= C97A, G: SPINVALIDATE
SPJOYKEMPSTON			= D2D7, G: SPJOYKEMPSTON
SPJOYKEYBOARD			= D310, G: SPJOYKEYBOARD
SPJOYSINCLAIR1			= D336, G: SPJOYSINCLAIR1
SPKEYDEBOUNCE			= CF18, G: SPGETKEY
SPKEYREPEATPERIOD		= CF1A, G: SPGETKEY
SPKEYSTARTREPEAT		= CF19, G: SPGETKEY
SPKEYTRANSTBL			= CFA0, G: SPKEYTRANSTBL
SPMOVESPRABS			= CAB5, G: SPMOVESPRABS
SPMOVESPRABSC			= CADC, G: SPMOVESPRABS
SPMOVESPRABSNC			= CAC3, G: SPMOVESPRABS
SPNULLSPRPTR			= CC40, G: SPNULLSPRPTR
SPPRINTATINV			= CC50, G: SPPRINTATINV
SPPTINSMALLIVAL			= CAA0, G: SPINTRECT
SPQUEUETABLE			= CDAC, G: SPQUEUETABLE
SPREGISTERHOOK			= D387, G: SPREGISTERHOOKLAST
SPREGISTERHOOKLAST		= D387, G: SPREGISTERHOOKLAST
SPRITELOOP			= D4C4, L: SPUPDATENOW
SPTBLLOOKUP			= CC70, G: SPTBLLOOKUP
SPTILEARRAY			= D0AF, G: SPTILEARRAY
SPTILEENTRY			= D3B2, G: SPTILEENTRY
SPUPDATENOW			= D3D4, G: SPUPDATENOW
SPWAITFORNOKEY			= D86B, G: SPWAITFORNOKEY
SP_ADDCOLSPR			= CC78, G: SP_ADDCOLSPR
SP_ADDMEMORY			= CD5C, G: SP_ADDMEMORY
SP_BLOCKALLOC			= CDAE, G: SP_BLOCKALLOC
SP_BORDER			= CDD7, G: SP_BORDER
SP_CREATEGENERICISR		= CDE9, G: SP_CREATEGENERICISR
SP_CREATESPR			= CE3A, G: SP_CREATESPR
SP_FREEBLOCK			= CF00, G: SP_FREEBLOCK
SP_GETKEY			= CF0B, G: SP_GETKEY
SP_INITIALIZE			= D040, G: SP_INITIALIZE
SP_INITIM2			= D2AF, G: SP_INITIM2
SP_JOYKEMPSTON			= D2D0, G: SP_JOYKEMPSTON
SP_JOYKEYBOARD			= D302, G: SP_JOYKEYBOARD
SP_JOYSINCLAIR1			= D32F, G: SP_JOYSINCLAIR1
SP_REGISTERHOOK			= D362, G: SP_REGISTERHOOK
SP_REGISTERHOOKLAST		= D378, G: SP_REGISTERHOOKLAST
SP_TILEARRAY			= D3A4, G: SP_TILEARRAY
SP_UPDATENOW			= D3C3, G: SP_UPDATENOW
SP_UPDATENOWEX			= D85E, G: SP_UPDATENOWEX
SP_WAITFORNOKEY			= D867, G: SP_WAITFORNOKEY
START				= 5E88, L: ZX82_CRT0
START1				= 5EA5, L: ZX82_CRT0
STATE				= CF16, L: SPGETKEY
TEMPCOLOUR			= D3D1, L: SPUPDATENOW
TEMPGRAPHIC			= D3C9, L: SPUPDATENOW
TILEONLY			= D447, L: SPUPDATENOW
TOOMANYKEYS			= CF98, L: SPGETKEY
TRYOTHERWAY			= CA8F, L: SPINTRECT
UPDATE_ATTRS			= D3D2, G: SPUPDATENOW
USERTILE			= D0AA, L: SPINITIALIZE
VPCLIPSTRUCT			= 5EF9, L: MK2
XINSCREEN			= CB04, L: SPMOVESPRABS
XORNOROTATE			= D774, L: SPUPDATENOW
XORTYPE				= D6EE, L: SPUPDATENOW
YINSCREEN			= CAF4, L: SPMOVESPRABS
_ABS				= 83B5, G: MK2
_ACTION_PRESSED			= B829, G: MK2
_ACTIVE				= B7AC, G: MK2
_ACTIVE_SLEEP			= 83CC, G: MK2
_ADDONS_BETWEEN			= 7CC2, G: MK2
_ADDSIGN			= 8380, G: MK2
_ADVANCE_WORM			= AA8F, G: MK2
_ADVANCE_WORM_NO_INC_Y		= AAC6, L: MK2
_AD_FREE			= B850, G: MK2
_ANIMATE			= B832, G: MK2
_ARROW_SPRITES			= 7FA6, G: MK2
_AT1				= B827, G: MK2
_AT2				= B828, G: MK2
_ATTR				= 9083, G: MK2
_ATTR_DO			= 9095, L: MK2
_ATTR_RESET			= 9091, L: MK2
_BADDIES			= 786A, G: MK2
_BEHS				= 7AFE, G: MK2
_BLACKOUT_AREA			= 8263, G: MK2
_BREAK_WALL			= 917D, G: MK2
_BULLETS_ESTADO			= B7C1, G: MK2
_BULLETS_LIFE			= B7EB, G: MK2
_BULLETS_MX			= B6CE, G: MK2
_BULLETS_MY			= B6CF, G: MK2
_BULLETS_X			= B7E3, G: MK2
_BULLETS_Y			= B7E4, G: MK2
_BUTTON_PRESSED			= 833F, G: MK2
_CM_TWO_POINTS			= 9026, G: MK2
_CM_TWO_POINTS_AT1_DO		= 9037, L: MK2
_CM_TWO_POINTS_AT1_DONE		= 9051, L: MK2
_CM_TWO_POINTS_AT1_RESET	= 9034, L: MK2
_CM_TWO_POINTS_AT2_DO		= 9065, L: MK2
_CM_TWO_POINTS_AT2_DONE		= 907F, L: MK2
_CM_TWO_POINTS_AT2_RESET	= 9062, L: MK2
_COCO_CLEAR_SPRITE		= 9C1F, G: MK2
_COCO_D				= B7B6, G: MK2
_COCO_IT			= BC24, G: MK2
_COCO_S				= B7B7, G: MK2
_COCO_VX			= BC28, G: MK2
_COCO_VY			= BC2B, G: MK2
_COCO_X				= B7BA, G: MK2
_COCO_X0			= B837, G: MK2
_COCO_Y				= B7BD, G: MK2
_COLLIDE_PIXEL			= 8FF1, G: MK2
_COLLIDE_PIXEL_RETURN		= 9024, L: MK2
_CORTINA			= 8356, G: MK2
_CTIMER				= B7D3, G: MK2
_CTX				= B846, G: MK2
_CTY				= B847, G: MK2
_CX1				= B82B, G: MK2
_CX2				= B82C, G: MK2
_CY1				= B82D, G: MK2
_CY2				= B82E, G: MK2
_DESTROY_COCOS			= 9D79, G: MK2
_DISTANCE			= 9BD3, G: MK2
_DISTANCE_DX_SET		= 9BE1, L: MK2
_DISTANCE_DY_MIN		= 9BFC, L: MK2
_DISTANCE_DY_SET		= 9BF2, L: MK2
_DISTANCE_MN_SET		= 9BFD, L: MK2
_DO_EXTERN_ACTION		= 84EA, G: MK2
_DO_GRAVITY			= 5F03, G: MK2
_DO_INGAME_SCRIPTING		= 8F29, G: MK2
_DO_RESPAWN			= B7AE, G: MK2
_DRAW_COLOURED_TILE		= 814E, G: MK2
_DRAW_COLOURED_TILE_GAMEAREA	= 81C5, G: MK2
_DRAW_INVALIDATE_COLOURED_TILE_G= 81BE, G: MK2
_DRAW_SCR			= ABC3, G: MK2
_DRAW_SCR_BACKGROUND		= AACE, G: MK2
_DRAW_SCR_BACKGROUND_LOOP	= AB2C, L: MK2
_DRAW_SCR_PACKED_UNPACKED	= AB1E, L: MK2
_DROP_SPRITES			= 7D56, G: MK2
_ENEMS_COLLISION_SKIP		= AA4B, L: MK2
_ENEMS_INIT			= 9F23, G: MK2
_ENEMS_KILL			= 9ECC, G: MK2
_ENEMS_LM_CHANGE_AXIS_X		= A354, L: MK2
_ENEMS_LM_CHANGE_AXIS_X_DONE	= A35C, L: MK2
_ENEMS_LM_CHANGE_AXIS_Y		= A374, L: MK2
_ENEMS_LM_CHANGE_AXIS_Y_DONE	= A37C, L: MK2
_ENEMS_MOVE			= A18F, G: MK2
_ENEMS_MOVE_PREGOTTEN_NOT	= A307, L: MK2
_ENEMS_MOVE_PREGOTTEN_SET	= A308, L: MK2
_ENEMS_MOVE_SPR_ABS		= A12E, G: MK2
_ENEMS_PLATFORMS_DONE		= A996, L: MK2
_ENEMS_PLATS_GPY_SET		= A980, L: MK2
_ENEMS_PLATS_HORZ_DO		= A924, L: MK2
_ENEMS_PLATS_HORZ_DONE		= A939, L: MK2
_ENEMS_PLATS_VERT_CHECK_1	= A939, L: MK2
_ENEMS_PLATS_VERT_CHECK_2	= A958, L: MK2
_ENEMS_PLATS_VERT_DO		= A969, L: MK2
_ENEMS_PLATS_VERT_DONE		= A993, L: MK2
_ENEMY_SHOOTS			= B82F, G: MK2
_ENEM_FRAMES			= 8F62, G: MK2
_ENIT				= B7F0, G: MK2
_ENOFFS				= B7D0, G: MK2
_ENOFFSMASI			= BC2E, G: MK2
_EN_AN_BASE_FRAME		= B6D0, G: MK2
_EN_AN_COUNT			= BC3D, G: MK2
_EN_AN_C_F			= B6D5, G: MK2
_EN_AN_MORIDO			= B70D, G: MK2
_EN_AN_N_F			= B704, G: MK2
_EN_AN_STATE			= B6DF, G: MK2
_EN_AN_VX			= B7FC, G: MK2
_EN_AN_VY			= B800, G: MK2
_EN_AN_X			= B839, G: MK2
_EN_AN_Y			= B83F, G: MK2
_EXTERN_DEPACK_TEXT		= 85C8, L: MK2
_EXTI				= B813, G: MK2
_EXTX				= B81F, G: MK2
_EXTY				= B820, G: MK2
_FIRE_BULLET			= 91EE, G: MK2
_FLAGS				= B6E2, G: MK2
_FLAG_OLD			= B826, G: MK2
_FLICK_SCREEN			= AC93, G: MK2
_FONT				= 665A, L: MK2
_GAME_ENDING			= 911E, G: MK2
_GAME_FRAME_COUNTER		= B848, G: MK2
_GAME_OVER			= 912F, G: MK2
_GEN_PT				= B7C2, G: MK2
_GET_RESOURCE			= 6034, G: MK2
_GPAUX				= B715, G: MK2
_GPC				= B835, G: MK2
_GPCX				= B7F5, G: MK2
_GPCY				= B7F8, G: MK2
_GPD				= B836, G: MK2
_GPIT				= B7FB, G: MK2
_GPJT				= B803, G: MK2
_GPS				= B849, G: MK2
_GPT				= B84A, G: MK2
_GPX				= BC21, G: MK2
_GPXX				= B818, G: MK2
_GPY				= BC22, G: MK2
_GPYY				= B819, G: MK2
_GP_GEN				= B7CB, G: MK2
_HALF_LIFE			= 5F01, G: MK2
_HA_COLLISION_CHECKEVIL		= 9A82, L: MK2
_HA_COLLISION_DONE		= 9A82, L: MK2
_HA_COLLISION_VX_NEGATIVE	= 9A06, L: MK2
_HA_COLLISION_VX_POSITIVE	= 9A45, L: MK2
_HA_COL_VX_NEG_DO		= 9A20, L: MK2
_HA_COL_VX_POS_DO		= 9A5F, L: MK2
_HIDE_SPRITES			= ADB1, G: MK2
_HIT				= B845, G: MK2
_HIT_H				= B710, G: MK2
_HIT_V				= B711, G: MK2
_HOTSPOTS			= 7AC2, G: MK2
_HOTSPOTS_SETUP_DO		= AB88, L: MK2
_HOTSPOTS_SETUP_DONE		= ABC2, L: MK2
_HOTSPOTS_SETUP_SET		= ABBA, L: MK2
_HOTSPOTS_SETUP_SET_REFILL	= ABB9, L: MK2
_HOTSPOTS_SKIP			= B480, L: MK2
_HOTSPOT_X			= B6D3, G: MK2
_HOTSPOT_Y			= B6D4, G: MK2
_INIT_BULLETS			= 91C5, G: MK2
_INIT_COCOS			= 9C42, G: MK2
_INVALIDATE_TILE		= 8194, G: MK2
_INVALIDATE_VIEWPORT		= 81AE, G: MK2
_ISR				= 80C8, G: MK2
_IS_CUTSCENE			= 84E9, G: MK2
_IS_RENDERING			= BC34, G: MK2
_JOYFUNC			= B7F3, G: MK2
_KEYP				= B806, G: MK2
_KEYS				= B809, G: MK2
_KEYSCANCODES			= 5ED4, G: MK2
_KEYS_OLD			= BC30, G: MK2
_KILLABLE			= B7CF, G: MK2
_KILLED_OLD			= B712, G: MK2
_LASTTIMEHIT			= B7E9, G: MK2
_LEVEL				= 5F02, G: MK2
_LEVELS				= 7C9E, G: MK2
_LEVEL_DATA			= 606E, G: MK2
_LIFE_OLD			= B7B5, G: MK2
_MAIN				= AE53, G: MK2
_MAINCOUNTER			= B821, G: MK2
_MAIN_SCRIPT_OFFSET		= B7F9, G: MK2
_MAP				= 607E, G: MK2
_MAP_ATTR			= B716, G: MK2
_MAP_POINTER			= B6DD, G: MK2
_METATILESET			= 685A, L: MK2
_MLPLAYING			= B7B2, G: MK2
_MOVE_COCOS			= 9D8B, G: MK2
_MOVE_FANTY_AX_NEG		= A43D, L: MK2
_MOVE_FANTY_AX_POS		= A441, L: MK2
_MOVE_FANTY_AX_SET		= A443, L: MK2
_MOVE_FANTY_AY_NEG		= A48D, L: MK2
_MOVE_FANTY_AY_POS		= A491, L: MK2
_MOVE_FANTY_AY_SET		= A493, L: MK2
_MOVE_FANTY_IDLE		= A414, L: MK2
_MOVE_FANTY_PURSUING		= A424, L: MK2
_MOVE_FANTY_PURSUING_DO		= A433, L: MK2
_MOVE_FANTY_RETREATING		= A4D6, L: MK2
_MOVE_FANTY_R_CHSTATE_DONE	= A52E, L: MK2
_MOVE_FANTY_R_X_DONE		= A4F8, L: MK2
_MOVE_FANTY_R_X_NEG		= A4F2, L: MK2
_MOVE_FANTY_R_X_POS		= A4EF, L: MK2
_MOVE_FANTY_R_X_SET		= A4F5, L: MK2
_MOVE_FANTY_R_Y_DONE		= A513, L: MK2
_MOVE_FANTY_R_Y_NEG		= A50D, L: MK2
_MOVE_FANTY_R_Y_POS		= A50A, L: MK2
_MOVE_FANTY_R_Y_SET		= A510, L: MK2
_MOVE_FANTY_STATE_DONE		= A53A, L: MK2
_MOVE_FANTY_VX_LIMIT_NEG	= A454, L: MK2
_MOVE_FANTY_VX_LIMIT_NEG_OK	= A45E, L: MK2
_MOVE_FANTY_VX_LIMIT_POS	= A44C, L: MK2
_MOVE_FANTY_VX_LIMIT_SET	= A460, L: MK2
_MOVE_FANTY_VY_LIMIT_NEG	= A4A4, L: MK2
_MOVE_FANTY_VY_LIMIT_NEG_OK	= A4AE, L: MK2
_MOVE_FANTY_VY_LIMIT_POS	= A49C, L: MK2
_MOVE_FANTY_VY_LIMIT_SET	= A4B0, L: MK2
_MOVE_FANTY_X_LIMIT_0		= A474, L: MK2
_MOVE_FANTY_X_LIMIT_224		= A47D, L: MK2
_MOVE_FANTY_X_SET		= A480, L: MK2
_MOVE_FANTY_Y_LIMIT_0		= A4C4, L: MK2
_MOVE_FANTY_Y_LIMIT_144		= A4CD, L: MK2
_MOVE_FANTY_Y_SET		= A4D0, L: MK2
_MUEVE_BULLETS			= 92C4, G: MK2
_MY_MALLOC			= 5EEC, G: MK2
_NEXT_SCRIPT			= B833, G: MK2
_NO_DRAW			= B7C4, G: MK2
_N_PANT				= B7EC, G: MK2
_OBJS_OLD			= B81A, G: MK2
_ORIG_TILE			= BC3B, G: MK2
_O_PANT				= B7EE, G: MK2
_PAD0				= B7E5, G: MK2
_PAD_THIS_FRAME			= B7D1, G: MK2
_PLAYER_CALC_BOUNDING_BOX	= 9459, G: MK2
_PLAYER_FRAMES			= 8F4E, G: MK2
_PLAYER_GRAVITY_ADD		= 95E4, L: MK2
_PLAYER_GRAVITY_DONE		= 95ED, L: MK2
_PLAYER_GRAVITY_MAXIMUM		= 95E8, L: MK2
_PLAYER_GRAVITY_P_GOTTEN_DONE	= 95F7, L: MK2
_PLAYER_GRAVITY_VY_SET		= 95EA, L: MK2
_PLAYER_INIT			= 93CD, G: MK2
_PLAYER_KILL			= 9496, G: MK2
_PLAYER_MOVE			= 95C6, G: MK2
_PLAYING			= B804, G: MK2
_POSSEE				= BC3A, G: MK2
_PREGOTTEN			= B70C, G: MK2
_PREPARE_LEVEL			= 8F72, G: MK2
_PRINT_MESSAGE			= 82AB, G: MK2
_PRINT_NUMBER2			= 81F3, G: MK2
_PRINT_STR			= 8242, G: MK2
_PTGMX				= B7C6, G: MK2
_PTGMY				= B7C7, G: MK2
_PTX1				= B822, G: MK2
_PTX2				= B823, G: MK2
_PTY1				= B824, G: MK2
_PTY2				= B825, G: MK2
_P_C_F				= B70A, G: MK2
_P_DISPARANDO			= BC40, G: MK2
_P_ENGINE			= B7C0, G: MK2
_P_FACING			= B702, G: MK2
_P_FACING_H			= BC35, G: MK2
_P_FACING_V			= BC39, G: MK2
_P_FRAME			= B703, G: MK2
_P_G				= B838, G: MK2
_P_GOTTEN			= B7F7, G: MK2
_P_JMP_CT			= B7EA, G: MK2
_P_JMP_ON			= B7ED, G: MK2
_P_KEYS				= B7FF, G: MK2
_P_KILLED			= B7E2, G: MK2
_P_KILLME			= B7E8, G: MK2
_P_LIFE				= B7EF, G: MK2
_P_N_F				= B713, G: MK2
_P_OBJS				= B7F6, G: MK2
_P_SAFE_PANT			= BC41, G: MK2
_P_SAFE_X			= B7F1, G: MK2
_P_SAFE_Y			= B7F2, G: MK2
_P_STATE			= B7C5, G: MK2
_P_STATE_CT			= B831, G: MK2
_P_SUBFRAME			= B830, G: MK2
_P_VX				= B816, G: MK2
_P_VY				= B817, G: MK2
_P_X				= B84E, G: MK2
_P_Y				= BC1F, G: MK2
_QTILE				= 90B4, G: MK2
_QTILE_DO			= 90C6, L: MK2
_QTILE_RESET			= 90C2, L: MK2
_RAM_ADDRESS			= 5FC4, G: MK2
_RAM_DESTINATION		= 5FC6, G: MK2
_RAM_PAGE			= 5FC8, G: MK2
_RAND				= 90EA, G: MK2
_RANDRES			= 90E9, G: MK2
_RDA				= B84B, G: MK2
_RDB				= B84C, G: MK2
_RDS				= BC23, G: MK2
_RDX				= BC25, G: MK2
_RDY				= BC26, G: MK2
_READXY				= 88C0, G: MK2
_READ_BYTE			= 888D, G: MK2
_READ_CONTROLLER		= 82F6, G: MK2
_READ_VBYTE			= 88AA, G: MK2
_RELOC_PLAYER			= 88E7, G: MK2
_RESOURCES			= 6007, G: MK2
_RUN_ENTERING_SCRIPT		= 8EF4, G: MK2
_RUN_FIRE_SCRIPT		= 8F0E, G: MK2
_RUN_SCRIPT			= 88FD, G: MK2
_SCRIPT				= 5F07, G: MK2
_SCRIPT_RESULT			= 5F04, G: MK2
_SC_C				= B805, G: MK2
_SC_CONTINUAR			= 5F06, G: MK2
_SC_M				= B807, G: MK2
_SC_N				= B808, G: MK2
_SC_TERMINADO			= 5F05, G: MK2
_SC_X				= B814, G: MK2
_SC_Y				= B815, G: MK2
_SEED1				= 90E5, G: MK2
_SEED2				= 90E7, G: MK2
_SELECT_JOYFUNC			= 83FC, G: MK2
_SETRAMBANK			= 5F09, G: MK2
_SHOOT_COCO			= 9C76, G: MK2
_SILENT_LEVEL			= B7D2, G: MK2
_SPACER				= 814C, G: MK2
_SPRITESET			= 6F5A, G: MK2
_SPRITE_10_A			= 747A, G: MK2
_SPRITE_10_B			= 74AA, G: MK2
_SPRITE_10_C			= 74DA, G: MK2
_SPRITE_11_A			= 750A, G: MK2
_SPRITE_11_B			= 753A, G: MK2
_SPRITE_11_C			= 756A, G: MK2
_SPRITE_12_A			= 759A, G: MK2
_SPRITE_12_B			= 75CA, G: MK2
_SPRITE_12_C			= 75FA, G: MK2
_SPRITE_13_A			= 762A, G: MK2
_SPRITE_13_B			= 765A, G: MK2
_SPRITE_13_C			= 768A, G: MK2
_SPRITE_14_A			= 76BA, G: MK2
_SPRITE_14_B			= 76EA, G: MK2
_SPRITE_14_C			= 771A, G: MK2
_SPRITE_15_A			= 774A, G: MK2
_SPRITE_15_B			= 777A, G: MK2
_SPRITE_15_C			= 77AA, G: MK2
_SPRITE_16_A			= 77DA, G: MK2
_SPRITE_16_B			= 780A, G: MK2
_SPRITE_16_C			= 783A, G: MK2
_SPRITE_17_A			= 7B3E, G: MK2
_SPRITE_17_B			= 7B6E, L: MK2
_SPRITE_17_C			= 7B9E, L: MK2
_SPRITE_18_A			= 7BCE, G: MK2
_SPRITE_18_B			= 7BFE, L: MK2
_SPRITE_18_C			= 7C2E, L: MK2
_SPRITE_19_A			= 7C5E, G: MK2
_SPRITE_19_B			= 7C7E, G: MK2
_SPRITE_1_A			= 6F6A, G: MK2
_SPRITE_1_B			= 6F9A, G: MK2
_SPRITE_1_C			= 6FCA, G: MK2
_SPRITE_2_A			= 6FFA, G: MK2
_SPRITE_2_B			= 702A, G: MK2
_SPRITE_2_C			= 705A, G: MK2
_SPRITE_3_A			= 708A, G: MK2
_SPRITE_3_B			= 70BA, G: MK2
_SPRITE_3_C			= 70EA, G: MK2
_SPRITE_4_A			= 711A, G: MK2
_SPRITE_4_B			= 714A, G: MK2
_SPRITE_4_C			= 717A, G: MK2
_SPRITE_5_A			= 71AA, G: MK2
_SPRITE_5_B			= 71DA, G: MK2
_SPRITE_5_C			= 720A, G: MK2
_SPRITE_6_A			= 723A, G: MK2
_SPRITE_6_B			= 726A, G: MK2
_SPRITE_6_C			= 729A, G: MK2
_SPRITE_7_A			= 72CA, G: MK2
_SPRITE_7_B			= 72FA, G: MK2
_SPRITE_7_C			= 732A, G: MK2
_SPRITE_8_A			= 735A, G: MK2
_SPRITE_8_B			= 738A, G: MK2
_SPRITE_8_C			= 73BA, G: MK2
_SPRITE_9_A			= 73EA, G: MK2
_SPRITE_9_B			= 741A, G: MK2
_SPRITE_9_C			= 744A, G: MK2
_SP_BULLETS			= B7CD, G: MK2
_SP_COCOS			= B7D8, G: MK2
_SP_MOVILES			= B6C4, G: MK2
_SP_PLAYER			= B7C9, G: MK2
_SRAND				= 9111, G: MK2
_STD_SEED			= 5EB8, G: ZX82_CRT0
_STEPBYSTEP			= BC2F, G: MK2
_STOP_PLAYER			= 88D3, G: MK2
_SUCCESS			= BC3C, G: MK2
_TILESET			= 665A, G: MK2
_TOCADO				= BC32, G: MK2
_TV_FRAME_COUNTER		= B84D, G: MK2
_UNPACK_RAMN			= 5FC9, G: MK2
_UPDATE_HUD			= AC32, G: MK2
_UPDATE_TILE			= 827A, G: MK2
_UTAUX				= 8279, G: MK2
_U_FREE				= 5EF7, G: MK2
_U_MALLOC			= 5EF5, G: MK2
_VA_COLLISION_CHECKEVIL		= 96EC, L: MK2
_VA_COLLISION_DONE		= 970A, L: MK2
_VA_COLLISION_VY_NEGATIVE	= 9656, L: MK2
_VA_COLLISION_VY_POSITIVE	= 9695, L: MK2
_VA_COL_VY_NEG_DO		= 9670, L: MK2
_VA_COL_VY_POS_DO		= 96C7, L: MK2
_VFPRINTF			= 5EAA, G: ZX82_CRT0
_WALL_BROKEN			= 914F, G: MK2
_WALL_H				= BC27, G: MK2
_WALL_V				= BC31, G: MK2
_WARP_TO_LEVEL			= B7C8, G: MK2
_WYZ_INIT			= 8108, G: MK2
_WYZ_PLAY_MUSIC			= 8129, G: MK2
_WYZ_PLAY_SOUND			= 8116, G: MK2
_WYZ_STOP_SOUND			= 813C, G: MK2
_X_PANT				= BC33, G: MK2
_Y_PANT				= BC36, G: MK2
__BADDIES_POINTER		= BC37, G: MK2
__EN_AN_VX			= B7B3, G: MK2
__EN_AN_VY			= B7B4, G: MK2
__EN_AN_X			= B81B, G: MK2
__EN_AN_Y			= B81D, G: MK2
__EN_LIFE			= B82A, G: MK2
__EN_MX				= B6DB, G: MK2
__EN_MY				= B6DC, G: MK2
__EN_T				= B6C1, G: MK2
__EN_X				= B6C2, G: MK2
__EN_X1				= B6CA, G: MK2
__EN_X2				= B6CC, G: MK2
__EN_Y				= B6C3, G: MK2
__EN_Y1				= B6CB, G: MK2
__EN_Y2				= B6CD, G: MK2
__MAX				= B7DE, G: MK2
__MIN				= B7E0, G: MK2
__N				= B7AD, G: MK2
__SGOIOBLK			= 5EC2, G: ZX82_CRT0
__T				= B7AF, G: MK2
__VAL				= B7E6, G: MK2
__X				= B7B0, G: MK2
__Y				= B7B1, G: MK2


START				= 5E88, L: ZX82_CRT0
CLEANUP				= 5E9F, G: ZX82_CRT0
CLEANUP_EXIT			= 5EA0, L: ZX82_CRT0
START1				= 5EA5, L: ZX82_CRT0
L_DCAL				= 5EA9, G: ZX82_CRT0
_VFPRINTF			= 5EAA, G: ZX82_CRT0
CALL_ROM3			= 5EAA, G: ZX82_CRT0
COORDS				= 5EB4, G: ZX82_CRT0
BASE_GRAPHICS			= 5EB6, G: ZX82_CRT0
_STD_SEED			= 5EB8, G: ZX82_CRT0
EXITSP				= 5EBA, G: ZX82_CRT0
EXITCOUNT			= 5EBC, G: ZX82_CRT0
HEAPLAST			= 5EBD, G: ZX82_CRT0
HEAPBLOCKS			= 5EBF, G: ZX82_CRT0
SND_TICK			= 5EC1, G: ZX82_CRT0
__SGOIOBLK			= 5EC2, G: ZX82_CRT0
_KEYSCANCODES			= 5ED4, G: MK2
_MY_MALLOC			= 5EEC, G: MK2
_U_MALLOC			= 5EF5, G: MK2
_U_FREE				= 5EF7, G: MK2
VPCLIPSTRUCT			= 5EF9, L: MK2
FSCLIPSTRUCT			= 5EFD, L: MK2
_HALF_LIFE			= 5F01, G: MK2
_LEVEL				= 5F02, G: MK2
_DO_GRAVITY			= 5F03, G: MK2
_SCRIPT_RESULT			= 5F04, G: MK2
_SC_TERMINADO			= 5F05, G: MK2
_SC_CONTINUAR			= 5F06, G: MK2
_SCRIPT				= 5F07, G: MK2
_SETRAMBANK			= 5F09, G: MK2
SETRAMBANK			= 5F09, L: MK2
RESTISR				= 5F14, L: MK2
KEEPGOING			= 5F18, L: MK2
DEPACK				= 5F21, L: MK2
APBRANCH1			= 5F24, L: MK2
APLOOP0				= 5F26, L: MK2
APLOOP				= 5F29, L: MK2
APGET4BITS			= 5F3C, L: MK2
APWRITEBYTE			= 5F46, L: MK2
APBRANCH4			= 5F4A, L: MK2
APBRANCH3			= 5F53, L: MK2
APBRANCH2			= 5F67, L: MK2
APSKIP2				= 5F86, L: MK2
APSKIP3				= 5F8F, L: MK2
AP_FINISHUP			= 5F92, L: MK2
AP_FINISHUP2			= 5F95, L: MK2
AP_R0_GAMMA			= 5F9C, L: MK2
AP_GETBIT			= 5FA8, L: MK2
AP_GETGAMMA			= 5FB4, L: MK2
AP_GETGAMMALOOP			= 5FB7, L: MK2
_RAM_ADDRESS			= 5FC4, G: MK2
_RAM_DESTINATION		= 5FC6, G: MK2
_RAM_PAGE			= 5FC8, G: MK2
_UNPACK_RAMN			= 5FC9, G: MK2
_RESOURCES			= 6007, G: MK2
_GET_RESOURCE			= 6034, G: MK2
_LEVEL_DATA			= 606E, G: MK2
_MAP				= 607E, G: MK2
_TILESET			= 665A, G: MK2
_FONT				= 665A, L: MK2
_METATILESET			= 685A, L: MK2
_SPRITESET			= 6F5A, G: MK2
_SPRITE_1_A			= 6F6A, G: MK2
_SPRITE_1_B			= 6F9A, G: MK2
_SPRITE_1_C			= 6FCA, G: MK2
_SPRITE_2_A			= 6FFA, G: MK2
_SPRITE_2_B			= 702A, G: MK2
_SPRITE_2_C			= 705A, G: MK2
_SPRITE_3_A			= 708A, G: MK2
_SPRITE_3_B			= 70BA, G: MK2
_SPRITE_3_C			= 70EA, G: MK2
_SPRITE_4_A			= 711A, G: MK2
_SPRITE_4_B			= 714A, G: MK2
_SPRITE_4_C			= 717A, G: MK2
_SPRITE_5_A			= 71AA, G: MK2
_SPRITE_5_B			= 71DA, G: MK2
_SPRITE_5_C			= 720A, G: MK2
_SPRITE_6_A			= 723A, G: MK2
_SPRITE_6_B			= 726A, G: MK2
_SPRITE_6_C			= 729A, G: MK2
_SPRITE_7_A			= 72CA, G: MK2
_SPRITE_7_B			= 72FA, G: MK2
_SPRITE_7_C			= 732A, G: MK2
_SPRITE_8_A			= 735A, G: MK2
_SPRITE_8_B			= 738A, G: MK2
_SPRITE_8_C			= 73BA, G: MK2
_SPRITE_9_A			= 73EA, G: MK2
_SPRITE_9_B			= 741A, G: MK2
_SPRITE_9_C			= 744A, G: MK2
_SPRITE_10_A			= 747A, G: MK2
_SPRITE_10_B			= 74AA, G: MK2
_SPRITE_10_C			= 74DA, G: MK2
_SPRITE_11_A			= 750A, G: MK2
_SPRITE_11_B			= 753A, G: MK2
_SPRITE_11_C			= 756A, G: MK2
_SPRITE_12_A			= 759A, G: MK2
_SPRITE_12_B			= 75CA, G: MK2
_SPRITE_12_C			= 75FA, G: MK2
_SPRITE_13_A			= 762A, G: MK2
_SPRITE_13_B			= 765A, G: MK2
_SPRITE_13_C			= 768A, G: MK2
_SPRITE_14_A			= 76BA, G: MK2
_SPRITE_14_B			= 76EA, G: MK2
_SPRITE_14_C			= 771A, G: MK2
_SPRITE_15_A			= 774A, G: MK2
_SPRITE_15_B			= 777A, G: MK2
_SPRITE_15_C			= 77AA, G: MK2
_SPRITE_16_A			= 77DA, G: MK2
_SPRITE_16_B			= 780A, G: MK2
_SPRITE_16_C			= 783A, G: MK2
_BADDIES			= 786A, G: MK2
_HOTSPOTS			= 7AC2, G: MK2
_BEHS				= 7AFE, G: MK2
_SPRITE_17_A			= 7B3E, G: MK2
_SPRITE_17_B			= 7B6E, L: MK2
_SPRITE_17_C			= 7B9E, L: MK2
_SPRITE_18_A			= 7BCE, G: MK2
_SPRITE_18_B			= 7BFE, L: MK2
_SPRITE_18_C			= 7C2E, L: MK2
_SPRITE_19_A			= 7C5E, G: MK2
_SPRITE_19_B			= 7C7E, G: MK2
_LEVELS				= 7C9E, G: MK2
_ADDONS_BETWEEN			= 7CC2, G: MK2
I_14				= 7CE0, L: MK2
I_15				= 7CE7, L: MK2
I_17				= 7D24, L: MK2
I_18				= 7D2B, L: MK2
I_16				= 7D40, L: MK2
I_19				= 7D43, L: MK2
_DROP_SPRITES			= 7D56, G: MK2
_ARROW_SPRITES			= 7FA6, G: MK2
_ISR				= 80C8, G: MK2
I_20				= 8107, L: MK2
_WYZ_INIT			= 8108, G: MK2
_WYZ_PLAY_SOUND			= 8116, G: MK2
_WYZ_PLAY_MUSIC			= 8129, G: MK2
_WYZ_STOP_SOUND			= 813C, G: MK2
_SPACER				= 814C, G: MK2
_DRAW_COLOURED_TILE		= 814E, G: MK2
_INVALIDATE_TILE		= 8194, G: MK2
_INVALIDATE_VIEWPORT		= 81AE, G: MK2
_DRAW_INVALIDATE_COLOURED_TILE_G= 81BE, G: MK2
_DRAW_COLOURED_TILE_GAMEAREA	= 81C5, G: MK2
_PRINT_NUMBER2			= 81F3, G: MK2
_PRINT_STR			= 8242, G: MK2
PRINT_STR_LOOP			= 8245, L: MK2
_BLACKOUT_AREA			= 8263, G: MK2
BAL1				= 8268, L: MK2
_UTAUX				= 8279, G: MK2
_UPDATE_TILE			= 827A, G: MK2
_PRINT_MESSAGE			= 82AB, G: MK2
_READ_CONTROLLER		= 82F6, G: MK2
I_23				= 8310, L: MK2
_BUTTON_PRESSED			= 833F, G: MK2
_CORTINA			= 8356, G: MK2
FADE_OUT_EXTERN			= 8358, L: MK2
FADE_OUT_BUCLE			= 835F, L: MK2
INK_DONE			= 8366, L: MK2
PAPER_DONE			= 836E, L: MK2
_ADDSIGN			= 8380, G: MK2
I_24				= 8396, L: MK2
I_26				= 83AD, L: MK2
I_27				= 83B4, L: MK2
I_25				= 83B4, L: MK2
_ABS				= 83B5, G: MK2
I_28				= 83C6, L: MK2
I_29				= 83CB, L: MK2
_ACTIVE_SLEEP			= 83CC, G: MK2
I_32				= 83CC, L: MK2
I_34				= 83E3, L: MK2
I_35_I_34			= 83E6, L: MK2
I_33				= 83E9, L: MK2
I_30				= 83E9, L: MK2
I_31				= 83F3, L: MK2
_SELECT_JOYFUNC			= 83FC, G: MK2
I_36				= 83FC, L: MK2
I_39				= 8412, L: MK2
I_41				= 842C, L: MK2
I_42				= 842F, L: MK2
I_38				= 84BA, L: MK2
I_44				= 84CB, L: MK2
I_46				= 84DC, L: MK2
I_45				= 84DC, L: MK2
I_43				= 84DC, L: MK2
I_37				= 84DF, L: MK2
_IS_CUTSCENE			= 84E9, G: MK2
_DO_EXTERN_ACTION		= 84EA, G: MK2
I_49				= 8503, L: MK2
I_51				= 8508, L: MK2
I_52				= 851F, L: MK2
I_54				= 8524, L: MK2
I_55				= 859E, L: MK2
I_53				= 85A1, L: MK2
I_50				= 85AD, L: MK2
I_48				= 85AE, L: MK2
_EXTERN_DEPACK_TEXT		= 85C8, L: MK2
FBSD_MAINB			= 85DF, L: MK2
FBSD_STOR			= 85ED, L: MK2
FBSD_ESCAPED			= 85F5, L: MK2
FBSD_STOR2			= 85FD, L: MK2
FBSD_UNPACKC			= 8600, L: MK2
FBSD_BUCLE			= 8602, L: MK2
FBSD_GETBIT			= 860A, L: MK2
FBSD_FIN			= 8610, L: MK2
I_59				= 8675, L: MK2
I_61				= 867F, L: MK2
I_60				= 869D, L: MK2
I_58				= 86C3, L: MK2
I_62				= 86CA, L: MK2
I_63				= 86DC, L: MK2
I_65				= 870D, L: MK2
I_67				= 8740, L: MK2
I_66				= 8740, L: MK2
I_70				= 875A, L: MK2
I_71_I_70			= 875D, L: MK2
I_69				= 8763, L: MK2
I_68				= 876D, L: MK2
I_73				= 8783, L: MK2
I_72				= 8786, L: MK2
I_74				= 878D, L: MK2
I_64				= 8790, L: MK2
I_75				= 879B, L: MK2
I_76				= 87A3, L: MK2
I_78				= 87BC, L: MK2
I_80				= 87C1, L: MK2
I_79				= 87F3, L: MK2
I_77				= 87F3, L: MK2
I_57				= 87F6, L: MK2
I_82				= 8808, L: MK2
I_84				= 881A, L: MK2
I_83				= 888C, L: MK2
I_85				= 888C, L: MK2
I_81				= 888C, L: MK2
I_56				= 888C, L: MK2
_READ_BYTE			= 888D, G: MK2
_READ_VBYTE			= 88AA, G: MK2
_READXY				= 88C0, G: MK2
_STOP_PLAYER			= 88D3, G: MK2
_RELOC_PLAYER			= 88E7, G: MK2
_RUN_SCRIPT			= 88FD, G: MK2
I_86				= 8934, L: MK2
I_87				= 893F, L: MK2
I_89				= 896C, L: MK2
I_93				= 897A, L: MK2
I_94				= 89B0, L: MK2
I_95				= 89D5, L: MK2
I_96				= 89FA, L: MK2
I_97				= 8A1F, L: MK2
I_98				= 8A44, L: MK2
I_99				= 8AC4, L: MK2
I_100				= 8AC7, L: MK2
I_101				= 8AD8, L: MK2
I_102				= 8B19, L: MK2
I_103				= 8B1C, L: MK2
I_104				= 8B2D, L: MK2
I_105				= 8B48, L: MK2
I_106				= 8B60, L: MK2
I_107				= 8B63, L: MK2
I_92				= 8B6F, L: MK2
I_90				= 8B72, L: MK2
I_109				= 8B80, L: MK2
I_113				= 8B8E, L: MK2
I_114				= 8C0A, L: MK2
I_115				= 8C1E, L: MK2
I_116				= 8C34, L: MK2
I_117				= 8C4B, L: MK2
I_118				= 8C88, L: MK2
I_119				= 8CAF, L: MK2
I_120				= 8CB5, L: MK2
I_121				= 8CE7, L: MK2
I_122				= 8CFB, L: MK2
I_123				= 8D12, L: MK2
I_125				= 8D17, L: MK2
I_126				= 8D71, L: MK2
I_124				= 8D74, L: MK2
I_127				= 8D77, L: MK2
I_128				= 8D9D, L: MK2
I_129				= 8DA8, L: MK2
I_130				= 8DB3, L: MK2
I_131				= 8DDA, L: MK2
I_132				= 8DFF, L: MK2
I_133				= 8E0A, L: MK2
I_134				= 8E10, L: MK2
I_135				= 8E1A, L: MK2
I_136				= 8E27, L: MK2
I_137				= 8E30, L: MK2
I_138				= 8E41, L: MK2
I_139				= 8E44, L: MK2
I_140				= 8E5F, L: MK2
I_141				= 8E71, L: MK2
I_142				= 8E74, L: MK2
I_143				= 8E75, L: MK2
I_145				= 8E80, L: MK2
I_144				= 8E80, L: MK2
I_146				= 8EDD, L: MK2
I_147				= 8EE0, L: MK2
I_112				= 8EE7, L: MK2
I_110				= 8EEA, L: MK2
I_108				= 8EEA, L: MK2
I_88				= 8EF3, L: MK2
_RUN_ENTERING_SCRIPT		= 8EF4, G: MK2
_RUN_FIRE_SCRIPT		= 8F0E, G: MK2
_DO_INGAME_SCRIPTING		= 8F29, G: MK2
I_149				= 8F43, L: MK2
I_148				= 8F46, L: MK2
I_150				= 8F4D, L: MK2
_PLAYER_FRAMES			= 8F4E, G: MK2
_ENEM_FRAMES			= 8F62, G: MK2
_PREPARE_LEVEL			= 8F72, G: MK2
I_153				= 8FDB, L: MK2
_COLLIDE_PIXEL			= 8FF1, G: MK2
_COLLIDE_PIXEL_RETURN		= 9024, L: MK2
_CM_TWO_POINTS			= 9026, G: MK2
_CM_TWO_POINTS_AT1_RESET	= 9034, L: MK2
_CM_TWO_POINTS_AT1_DO		= 9037, L: MK2
_CM_TWO_POINTS_AT1_DONE		= 9051, L: MK2
_CM_TWO_POINTS_AT2_RESET	= 9062, L: MK2
_CM_TWO_POINTS_AT2_DO		= 9065, L: MK2
_CM_TWO_POINTS_AT2_DONE		= 907F, L: MK2
_ATTR				= 9083, G: MK2
_ATTR_RESET			= 9091, L: MK2
_ATTR_DO			= 9095, L: MK2
_QTILE				= 90B4, G: MK2
_QTILE_RESET			= 90C2, L: MK2
_QTILE_DO			= 90C6, L: MK2
_SEED1				= 90E5, G: MK2
_SEED2				= 90E7, G: MK2
_RANDRES			= 90E9, G: MK2
RND				= 90EA, L: MK2
_RAND				= 90EA, G: MK2
_SRAND				= 9111, G: MK2
_GAME_ENDING			= 911E, G: MK2
_GAME_OVER			= 912F, G: MK2
_WALL_BROKEN			= 914F, G: MK2
_BREAK_WALL			= 917D, G: MK2
I_154				= 91C4, L: MK2
_INIT_BULLETS			= 91C5, G: MK2
I_155				= 91CC, L: MK2
I_156				= 91ED, L: MK2
_FIRE_BULLET			= 91EE, G: MK2
I_157				= 91F9, L: MK2
I_158				= 9203, L: MK2
I_160				= 9208, L: MK2
I_162				= 927F, L: MK2
I_163				= 92A4, L: MK2
I_161				= 92C0, L: MK2
I_159				= 92C3, L: MK2
_MUEVE_BULLETS			= 92C4, G: MK2
I_164				= 92CE, L: MK2
I_166				= 92D3, L: MK2
I_169				= 9339, L: MK2
I_168				= 9339, L: MK2
I_170				= 939C, L: MK2
I_171				= 93BB, L: MK2
I_172				= 93C9, L: MK2
I_167				= 93C9, L: MK2
I_165				= 93CC, L: MK2
_PLAYER_INIT			= 93CD, G: MK2
_PLAYER_CALC_BOUNDING_BOX	= 9459, G: MK2
_PLAYER_KILL			= 9496, G: MK2
I_173				= 94D9, L: MK2
I_176				= 9539, L: MK2
I_177_I_176			= 953C, L: MK2
I_175				= 953F, L: MK2
I_178				= 9553, L: MK2
I_174				= 9556, L: MK2
_PLAYER_MOVE			= 95C6, G: MK2
_PLAYER_GRAVITY_ADD		= 95E4, L: MK2
_PLAYER_GRAVITY_MAXIMUM		= 95E8, L: MK2
_PLAYER_GRAVITY_VY_SET		= 95EA, L: MK2
_PLAYER_GRAVITY_DONE		= 95ED, L: MK2
_PLAYER_GRAVITY_P_GOTTEN_DONE	= 95F7, L: MK2
I_179				= 9611, L: MK2
I_180				= 9624, L: MK2
_VA_COLLISION_VY_NEGATIVE	= 9656, L: MK2
_VA_COL_VY_NEG_DO		= 9670, L: MK2
_VA_COLLISION_VY_POSITIVE	= 9695, L: MK2
_VA_COL_VY_POS_DO		= 96C7, L: MK2
_VA_COLLISION_CHECKEVIL		= 96EC, L: MK2
I_181				= 9701, L: MK2
I_182				= 9704, L: MK2
_VA_COLLISION_DONE		= 970A, L: MK2
I_183				= 976E, L: MK2
I_185				= 9789, L: MK2
I_186				= 978C, L: MK2
I_187				= 97B1, L: MK2
I_190				= 97D6, L: MK2
I_189				= 97D8, L: MK2
I_192_I_189			= 97DB, L: MK2
I_188				= 97EB, L: MK2
I_194				= 9800, L: MK2
I_195_I_194			= 9803, L: MK2
I_196				= 9844, L: MK2
I_197				= 9858, L: MK2
I_193				= 9858, L: MK2
I_198				= 9876, L: MK2
I_199				= 98A7, L: MK2
I_200				= 98AA, L: MK2
I_203				= 98F2, L: MK2
I_202				= 98F5, L: MK2
I_205				= 992C, L: MK2
I_206				= 992C, L: MK2
I_204				= 992C, L: MK2
I_201				= 992C, L: MK2
I_207				= 995C, L: MK2
I_208				= 995C, L: MK2
I_209				= 998E, L: MK2
I_210				= 998E, L: MK2
I_211				= 99B3, L: MK2
I_212				= 99C1, L: MK2
I_213				= 99D4, L: MK2
_HA_COLLISION_VX_NEGATIVE	= 9A06, L: MK2
_HA_COL_VX_NEG_DO		= 9A20, L: MK2
_HA_COLLISION_VX_POSITIVE	= 9A45, L: MK2
_HA_COL_VX_POS_DO		= 9A5F, L: MK2
_HA_COLLISION_CHECKEVIL		= 9A82, L: MK2
_HA_COLLISION_DONE		= 9A82, L: MK2
I_215				= 9A9B, L: MK2
I_216_I_215			= 9A9E, L: MK2
I_214				= 9AA8, L: MK2
I_217				= 9AC6, L: MK2
I_218				= 9AF5, L: MK2
I_219				= 9B1C, L: MK2
I_220				= 9B1C, L: MK2
I_221				= 9B31, L: MK2
I_222				= 9B31, L: MK2
I_224				= 9B46, L: MK2
I_225_I_224			= 9B49, L: MK2
I_223				= 9B62, L: MK2
I_227				= 9B94, L: MK2
I_229				= 9BB9, L: MK2
I_228				= 9BD2, L: MK2
I_226				= 9BD2, L: MK2
_DISTANCE			= 9BD3, G: MK2
_DISTANCE_DX_SET		= 9BE1, L: MK2
_DISTANCE_DY_SET		= 9BF2, L: MK2
_DISTANCE_DY_MIN		= 9BFC, L: MK2
_DISTANCE_MN_SET		= 9BFD, L: MK2
_COCO_CLEAR_SPRITE		= 9C1F, G: MK2
_INIT_COCOS			= 9C42, G: MK2
I_230				= 9C4C, L: MK2
I_232				= 9C56, L: MK2
I_231				= 9C75, L: MK2
_SHOOT_COCO			= 9C76, G: MK2
I_233				= 9C8F, L: MK2
I_235				= 9C99, L: MK2
I_237_UGE			= 9CE6, L: MK2
I_236				= 9D75, L: MK2
I_237				= 9D75, L: MK2
I_234				= 9D78, L: MK2
_DESTROY_COCOS			= 9D79, G: MK2
_MOVE_COCOS			= 9D8B, G: MK2
I_238				= 9D95, L: MK2
I_240				= 9D9A, L: MK2
I_243				= 9E13, L: MK2
I_242				= 9E1E, L: MK2
I_245				= 9E65, L: MK2
I_246				= 9E65, L: MK2
I_241				= 9EC8, L: MK2
I_239				= 9ECB, L: MK2
_ENEMS_KILL			= 9ECC, G: MK2
I_247				= 9F22, L: MK2
_ENEMS_INIT			= 9F23, G: MK2
I_249				= 9F34, L: MK2
I_251				= 9F39, L: MK2
I_253				= 9FE6, L: MK2
I_254_I_253			= 9FE9, L: MK2
I_257				= A008, L: MK2
I_258				= A016, L: MK2
I_259				= A0F7, L: MK2
I_260				= A12A, L: MK2
I_252				= A12A, L: MK2
I_256				= A12A, L: MK2
I_250				= A12D, L: MK2
I_248				= A12D, L: MK2
_ENEMS_MOVE_SPR_ABS		= A12E, G: MK2
_ENEMS_MOVE			= A18F, G: MK2
I_261				= A1B7, L: MK2
I_263				= A1C1, L: MK2
I_264				= A252, L: MK2
I_267				= A290, L: MK2
I_268				= A2AF, L: MK2
I_266				= A2B2, L: MK2
I_270				= A2C5, L: MK2
I_271				= A2CC, L: MK2
_ENEMS_MOVE_PREGOTTEN_NOT	= A307, L: MK2
_ENEMS_MOVE_PREGOTTEN_SET	= A308, L: MK2
I_272				= A30B, L: MK2
I_275				= A310, L: MK2
I_276				= A32D, L: MK2
I_277				= A334, L: MK2
_ENEMS_LM_CHANGE_AXIS_X		= A354, L: MK2
_ENEMS_LM_CHANGE_AXIS_X_DONE	= A35C, L: MK2
_ENEMS_LM_CHANGE_AXIS_Y		= A374, L: MK2
_ENEMS_LM_CHANGE_AXIS_Y_DONE	= A37C, L: MK2
I_279				= A399, L: MK2
I_280				= A39C, L: MK2
I_278				= A3A1, L: MK2
I_281				= A3A4, L: MK2
_MOVE_FANTY_IDLE		= A414, L: MK2
_MOVE_FANTY_PURSUING		= A424, L: MK2
_MOVE_FANTY_PURSUING_DO		= A433, L: MK2
_MOVE_FANTY_AX_NEG		= A43D, L: MK2
_MOVE_FANTY_AX_POS		= A441, L: MK2
_MOVE_FANTY_AX_SET		= A443, L: MK2
_MOVE_FANTY_VX_LIMIT_POS	= A44C, L: MK2
_MOVE_FANTY_VX_LIMIT_NEG	= A454, L: MK2
_MOVE_FANTY_VX_LIMIT_NEG_OK	= A45E, L: MK2
_MOVE_FANTY_VX_LIMIT_SET	= A460, L: MK2
_MOVE_FANTY_X_LIMIT_0		= A474, L: MK2
_MOVE_FANTY_X_LIMIT_224		= A47D, L: MK2
_MOVE_FANTY_X_SET		= A480, L: MK2
_MOVE_FANTY_AY_NEG		= A48D, L: MK2
_MOVE_FANTY_AY_POS		= A491, L: MK2
_MOVE_FANTY_AY_SET		= A493, L: MK2
_MOVE_FANTY_VY_LIMIT_POS	= A49C, L: MK2
_MOVE_FANTY_VY_LIMIT_NEG	= A4A4, L: MK2
_MOVE_FANTY_VY_LIMIT_NEG_OK	= A4AE, L: MK2
_MOVE_FANTY_VY_LIMIT_SET	= A4B0, L: MK2
_MOVE_FANTY_Y_LIMIT_0		= A4C4, L: MK2
_MOVE_FANTY_Y_LIMIT_144		= A4CD, L: MK2
_MOVE_FANTY_Y_SET		= A4D0, L: MK2
_MOVE_FANTY_RETREATING		= A4D6, L: MK2
_MOVE_FANTY_R_X_POS		= A4EF, L: MK2
_MOVE_FANTY_R_X_NEG		= A4F2, L: MK2
_MOVE_FANTY_R_X_SET		= A4F5, L: MK2
_MOVE_FANTY_R_X_DONE		= A4F8, L: MK2
_MOVE_FANTY_R_Y_POS		= A50A, L: MK2
_MOVE_FANTY_R_Y_NEG		= A50D, L: MK2
_MOVE_FANTY_R_Y_SET		= A510, L: MK2
_MOVE_FANTY_R_Y_DONE		= A513, L: MK2
_MOVE_FANTY_R_CHSTATE_DONE	= A52E, L: MK2
_MOVE_FANTY_STATE_DONE		= A53A, L: MK2
I_282				= A597, L: MK2
I_284				= A606, L: MK2
I_283				= A609, L: MK2
I_286				= A620, L: MK2
I_287				= A693, L: MK2
I_288				= A693, L: MK2
I_285				= A693, L: MK2
I_289				= A69D, L: MK2
I_291				= A6ED, L: MK2
I_292				= A6F0, L: MK2
I_293				= A712, L: MK2
I_290				= A715, L: MK2
I_297				= A787, L: MK2
I_298				= A78A, L: MK2
I_296				= A791, L: MK2
I_299				= A794, L: MK2
I_294				= A7A0, L: MK2
I_295				= A7A0, L: MK2
I_300				= A7BB, L: MK2
I_301				= A7C5, L: MK2
I_274				= A7D9, L: MK2
I_304				= A80B, L: MK2
I_305				= A821, L: MK2
I_303				= A854, L: MK2
I_308				= A86D, L: MK2
I_310				= A872, L: MK2
I_312				= A8E6, L: MK2
I_311				= A8E6, L: MK2
I_309				= A8E9, L: MK2
I_307				= A8E9, L: MK2
I_306				= A8E9, L: MK2
_ENEMS_PLATS_HORZ_DO		= A924, L: MK2
_ENEMS_PLATS_VERT_CHECK_1	= A939, L: MK2
_ENEMS_PLATS_HORZ_DONE		= A939, L: MK2
_ENEMS_PLATS_VERT_CHECK_2	= A958, L: MK2
_ENEMS_PLATS_VERT_DO		= A969, L: MK2
_ENEMS_PLATS_GPY_SET		= A980, L: MK2
_ENEMS_PLATS_VERT_DONE		= A993, L: MK2
_ENEMS_PLATFORMS_DONE		= A996, L: MK2
I_314				= A9E6, L: MK2
I_316				= AA04, L: MK2
I_315				= AA0B, L: MK2
I_318				= AA1B, L: MK2
_ENEMS_COLLISION_SKIP		= AA4B, L: MK2
I_319				= AA4B, L: MK2
I_313				= AA4B, L: MK2
I_302				= AA4B, L: MK2
I_269				= AA4B, L: MK2
I_265				= AA4B, L: MK2
ENEMS_LOOP_CONTINUE_A		= AA4B, L: MK2
I_262				= AA85, L: MK2
_ADVANCE_WORM			= AA8F, G: MK2
_ADVANCE_WORM_NO_INC_Y		= AAC6, L: MK2
_DRAW_SCR_BACKGROUND		= AACE, G: MK2
_DRAW_SCR_PACKED_UNPACKED	= AB1E, L: MK2
_DRAW_SCR_BACKGROUND_LOOP	= AB2C, L: MK2
DRAW_SCR_BACKGROUND_NEW_BYTE	= AB37, L: MK2
DRAW_SCR_BACKGROUND_SET_T	= AB4A, L: MK2
_HOTSPOTS_SETUP_DO		= AB88, L: MK2
_HOTSPOTS_SETUP_SET_REFILL	= ABB9, L: MK2
_HOTSPOTS_SETUP_SET		= ABBA, L: MK2
_HOTSPOTS_SETUP_DONE		= ABC2, L: MK2
_DRAW_SCR			= ABC3, G: MK2
I_320				= ABD9, L: MK2
I_321				= ABDC, L: MK2
_UPDATE_HUD			= AC32, G: MK2
I_322				= AC62, L: MK2
I_323				= AC92, L: MK2
_FLICK_SCREEN			= AC93, G: MK2
I_325				= ACB8, L: MK2
I_326_I_325			= ACBB, L: MK2
I_324				= ACD7, L: MK2
I_329				= AD01, L: MK2
I_330_I_329			= AD04, L: MK2
I_328				= AD1A, L: MK2
I_327				= AD1A, L: MK2
I_332				= AD3F, L: MK2
I_333_I_332			= AD42, L: MK2
I_331				= AD67, L: MK2
I_336				= AD91, L: MK2
I_337_I_336			= AD94, L: MK2
I_335				= ADB0, L: MK2
I_334				= ADB0, L: MK2
_HIDE_SPRITES			= ADB1, G: MK2
I_338				= ADD1, L: MK2
HIDE_SPRITES_ENEMS_LOOP		= ADD2, L: MK2
HIDE_SPRITES_BULLETS_LOOP	= ADFD, L: MK2
HIDE_SPRITES_COCOS_LOOP		= AE28, L: MK2
_MAIN				= AE53, G: MK2
I_341				= AEAD, L: MK2
I_339				= AECB, L: MK2
I_340				= AED5, L: MK2
I_342				= AF28, L: MK2
I_344				= AF2D, L: MK2
I_343				= AFC6, L: MK2
I_345				= AFD0, L: MK2
I_347				= AFD5, L: MK2
I_346				= B02E, L: MK2
I_348				= B038, L: MK2
I_350				= B03D, L: MK2
I_349				= B096, L: MK2
I_351				= B09D, L: MK2
I_353				= B0D9, L: MK2
I_355				= B13D, L: MK2
I_356				= B1AC, L: MK2
I_360				= B1E2, L: MK2
I_361				= B1EA, L: MK2
I_358				= B1EA, L: MK2
I_359				= B1EA, L: MK2
I_362				= B1FE, L: MK2
I_363				= B228, L: MK2
I_365				= B26D, L: MK2
I_364				= B2AB, L: MK2
I_367				= B2C8, L: MK2
I_368				= B2D8, L: MK2
I_370				= B2DD, L: MK2
I_371				= B35A, L: MK2
I_372				= B37C, L: MK2
I_369				= B37F, L: MK2
I_374				= B39C, L: MK2
I_373				= B39C, L: MK2
I_378				= B3FE, L: MK2
I_379				= B404, L: MK2
I_380				= B41F, L: MK2
I_377				= B425, L: MK2
I_375				= B425, L: MK2
I_381				= B473, L: MK2
I_382				= B479, L: MK2
_HOTSPOTS_SKIP			= B480, L: MK2
I_384				= B49C, L: MK2
I_385				= B49E, L: MK2
I_384_I_385			= B4A3, L: MK2
I_387				= B4BC, L: MK2
I_388				= B4BE, L: MK2
I_387_I_388			= B4C3, L: MK2
I_389				= B4D8, L: MK2
I_390				= B4DB, L: MK2
I_386				= B4E2, L: MK2
I_391				= B4E5, L: MK2
I_383				= B4F6, L: MK2
I_393				= B50A, L: MK2
I_394				= B50D, L: MK2
I_395				= B51A, L: MK2
I_392				= B521, L: MK2
I_397				= B53C, L: MK2
I_398				= B550, L: MK2
I_357				= B560, L: MK2
I_401				= B573, L: MK2
I_402				= B58B, L: MK2
I_403				= B5A4, L: MK2
I_404				= B5BD, L: MK2
I_405				= B5CC, L: MK2
I_400				= B5F6, L: MK2
I_354				= B5F9, L: MK2
I_352				= B5FF, L: MK2
I_1				= B600, L: MK2
__EN_T				= B6C1, G: MK2
__EN_X				= B6C2, G: MK2
__EN_Y				= B6C3, G: MK2
_SP_MOVILES			= B6C4, G: MK2
__EN_X1				= B6CA, G: MK2
__EN_Y1				= B6CB, G: MK2
__EN_X2				= B6CC, G: MK2
__EN_Y2				= B6CD, G: MK2
_BULLETS_MX			= B6CE, G: MK2
_BULLETS_MY			= B6CF, G: MK2
_EN_AN_BASE_FRAME		= B6D0, G: MK2
_HOTSPOT_X			= B6D3, G: MK2
_HOTSPOT_Y			= B6D4, G: MK2
_EN_AN_C_F			= B6D5, G: MK2
__EN_MX				= B6DB, G: MK2
__EN_MY				= B6DC, G: MK2
_MAP_POINTER			= B6DD, G: MK2
_EN_AN_STATE			= B6DF, G: MK2
_FLAGS				= B6E2, G: MK2
_P_FACING			= B702, G: MK2
_P_FRAME			= B703, G: MK2
_EN_AN_N_F			= B704, G: MK2
_P_C_F				= B70A, G: MK2
_PREGOTTEN			= B70C, G: MK2
_EN_AN_MORIDO			= B70D, G: MK2
_HIT_H				= B710, G: MK2
_HIT_V				= B711, G: MK2
_KILLED_OLD			= B712, G: MK2
_P_N_F				= B713, G: MK2
_GPAUX				= B715, G: MK2
_MAP_ATTR			= B716, G: MK2
_ACTIVE				= B7AC, G: MK2
__N				= B7AD, G: MK2
_DO_RESPAWN			= B7AE, G: MK2
__T				= B7AF, G: MK2
__X				= B7B0, G: MK2
__Y				= B7B1, G: MK2
_MLPLAYING			= B7B2, G: MK2
__EN_AN_VX			= B7B3, G: MK2
__EN_AN_VY			= B7B4, G: MK2
_LIFE_OLD			= B7B5, G: MK2
_COCO_D				= B7B6, G: MK2
_COCO_S				= B7B7, G: MK2
_COCO_X				= B7BA, G: MK2
_COCO_Y				= B7BD, G: MK2
_P_ENGINE			= B7C0, G: MK2
_BULLETS_ESTADO			= B7C1, G: MK2
_GEN_PT				= B7C2, G: MK2
_NO_DRAW			= B7C4, G: MK2
_P_STATE			= B7C5, G: MK2
_PTGMX				= B7C6, G: MK2
_PTGMY				= B7C7, G: MK2
_WARP_TO_LEVEL			= B7C8, G: MK2
_SP_PLAYER			= B7C9, G: MK2
_GP_GEN				= B7CB, G: MK2
_SP_BULLETS			= B7CD, G: MK2
_KILLABLE			= B7CF, G: MK2
_ENOFFS				= B7D0, G: MK2
_PAD_THIS_FRAME			= B7D1, G: MK2
_SILENT_LEVEL			= B7D2, G: MK2
_CTIMER				= B7D3, G: MK2
_SP_COCOS			= B7D8, G: MK2
__MAX				= B7DE, G: MK2
__MIN				= B7E0, G: MK2
_P_KILLED			= B7E2, G: MK2
_BULLETS_X			= B7E3, G: MK2
_BULLETS_Y			= B7E4, G: MK2
_PAD0				= B7E5, G: MK2
__VAL				= B7E6, G: MK2
_P_KILLME			= B7E8, G: MK2
_LASTTIMEHIT			= B7E9, G: MK2
_P_JMP_CT			= B7EA, G: MK2
_BULLETS_LIFE			= B7EB, G: MK2
_N_PANT				= B7EC, G: MK2
_P_JMP_ON			= B7ED, G: MK2
_O_PANT				= B7EE, G: MK2
_P_LIFE				= B7EF, G: MK2
_ENIT				= B7F0, G: MK2
_P_SAFE_X			= B7F1, G: MK2
_P_SAFE_Y			= B7F2, G: MK2
_JOYFUNC			= B7F3, G: MK2
_GPCX				= B7F5, G: MK2
_P_OBJS				= B7F6, G: MK2
_P_GOTTEN			= B7F7, G: MK2
_GPCY				= B7F8, G: MK2
_MAIN_SCRIPT_OFFSET		= B7F9, G: MK2
_GPIT				= B7FB, G: MK2
_EN_AN_VX			= B7FC, G: MK2
_P_KEYS				= B7FF, G: MK2
_EN_AN_VY			= B800, G: MK2
_GPJT				= B803, G: MK2
_PLAYING			= B804, G: MK2
_SC_C				= B805, G: MK2
_KEYP				= B806, G: MK2
_SC_M				= B807, G: MK2
_SC_N				= B808, G: MK2
_KEYS				= B809, G: MK2
_EXTI				= B813, G: MK2
_SC_X				= B814, G: MK2
_SC_Y				= B815, G: MK2
_P_VX				= B816, G: MK2
_P_VY				= B817, G: MK2
_GPXX				= B818, G: MK2
_GPYY				= B819, G: MK2
_OBJS_OLD			= B81A, G: MK2
__EN_AN_X			= B81B, G: MK2
__EN_AN_Y			= B81D, G: MK2
_EXTX				= B81F, G: MK2
_EXTY				= B820, G: MK2
_MAINCOUNTER			= B821, G: MK2
_PTX1				= B822, G: MK2
_PTX2				= B823, G: MK2
_PTY1				= B824, G: MK2
_PTY2				= B825, G: MK2
_FLAG_OLD			= B826, G: MK2
_AT1				= B827, G: MK2
_AT2				= B828, G: MK2
_ACTION_PRESSED			= B829, G: MK2
__EN_LIFE			= B82A, G: MK2
_CX1				= B82B, G: MK2
_CX2				= B82C, G: MK2
_CY1				= B82D, G: MK2
_CY2				= B82E, G: MK2
_ENEMY_SHOOTS			= B82F, G: MK2
_P_SUBFRAME			= B830, G: MK2
_P_STATE_CT			= B831, G: MK2
_ANIMATE			= B832, G: MK2
_NEXT_SCRIPT			= B833, G: MK2
_GPC				= B835, G: MK2
_GPD				= B836, G: MK2
_COCO_X0			= B837, G: MK2
_P_G				= B838, G: MK2
_EN_AN_X			= B839, G: MK2
_EN_AN_Y			= B83F, G: MK2
_HIT				= B845, G: MK2
_CTX				= B846, G: MK2
_CTY				= B847, G: MK2
_GAME_FRAME_COUNTER		= B848, G: MK2
_GPS				= B849, G: MK2
_GPT				= B84A, G: MK2
_RDA				= B84B, G: MK2
_RDB				= B84C, G: MK2
_TV_FRAME_COUNTER		= B84D, G: MK2
_P_X				= B84E, G: MK2
_AD_FREE			= B850, G: MK2
_P_Y				= BC1F, G: MK2
_GPX				= BC21, G: MK2
_GPY				= BC22, G: MK2
_RDS				= BC23, G: MK2
_COCO_IT			= BC24, G: MK2
_RDX				= BC25, G: MK2
_RDY				= BC26, G: MK2
_WALL_H				= BC27, G: MK2
_COCO_VX			= BC28, G: MK2
_COCO_VY			= BC2B, G: MK2
_ENOFFSMASI			= BC2E, G: MK2
_STEPBYSTEP			= BC2F, G: MK2
_KEYS_OLD			= BC30, G: MK2
_WALL_V				= BC31, G: MK2
_TOCADO				= BC32, G: MK2
_X_PANT				= BC33, G: MK2
_IS_RENDERING			= BC34, G: MK2
_P_FACING_H			= BC35, G: MK2
_Y_PANT				= BC36, G: MK2
__BADDIES_POINTER		= BC37, G: MK2
_P_FACING_V			= BC39, G: MK2
_POSSEE				= BC3A, G: MK2
_ORIG_TILE			= BC3B, G: MK2
_SUCCESS			= BC3C, G: MK2
_EN_AN_COUNT			= BC3D, G: MK2
_P_DISPARANDO			= BC40, G: MK2
_P_SAFE_PANT			= BC41, G: MK2
L_AND				= BC42, G: L_AND
L_ASL				= BC49, G: L_ASL
L_ASL1				= BC4A, L: L_ASL
L_ASR				= BC50, G: L_ASR
L_ASR1				= BC51, L: L_ASR
L_ASR_U				= BC5A, G: L_ASR_U
L_ASR_U_1			= BC5B, L: L_ASR_U
L_COM				= BC64, G: L_COM
L_DIV				= BC6B, G: L_DIV
L_DIV0				= BC7B, L: L_DIV
L_DIV01				= BC87, L: L_DIV
DOSIGN				= BC98, L: L_DIV
L_DIV_U				= BC9F, G: L_DIV_U
ENTRY				= BCA3, L: L_DIV_U
L_DIV1				= BCAA, L: L_DIV_U
L_DIV2				= BCB4, L: L_DIV_U
L_EQ				= BCBE, G: L_EQ
L_GCHAR				= BCC5, G: L_GCHAR
L_SXT				= BCC6, L: L_GCHAR
L_GE				= BCCB, G: L_GE
L_GINT				= BCD9, G: L_GINT
L_GINTSPSP			= BCDE, G: L_GINTSPSP
L_GT				= BCE7, G: L_GT
L_LE				= BCF3, G: L_LE
L_LNEG				= BD01, G: L_LNEG
L_LT				= BD06, G: L_LT
L_MULT				= BD12, G: L_MULT
L_MULT1				= BD19, L: L_MULT
L_MULT2				= BD20, L: L_MULT
L_NE				= BD23, G: L_NE
L_NEG				= BD2A, G: L_NEG
L_OR				= BD32, G: L_OR
L_PINT				= BD39, G: L_PINT
L_SXT				= BD3F, G: L_SXT
L_UGE				= BD44, G: L_UGE
L_ULE				= BD4C, G: L_ULE
L_ULT				= BD54, G: L_ULT
L_XOR				= BD5A, G: L_XOR
SPCOMPDLISTADDR			= BD61, G: SPCOMPDLISTADDR
SPDISPLAYLIST			= BD72, G: SPDISPLAYLIST
SPINVALIDATE			= C972, G: SPINVALIDATE
SPINVALIDATEP			= C97A, G: SPINVALIDATE
NOINC1				= C993, L: SPINVALIDATE
INVCOLLP			= C997, L: SPINVALIDATE
NOINC2				= C9A6, L: SPINVALIDATE
INVFULLCHAR			= C9AA, L: SPINVALIDATE
INVROWLP			= C9AC, L: SPINVALIDATE
NOINC3				= C9B7, L: SPINVALIDATE
SPBITLEFT2MASK			= C9C5, G: SPBITLEFT2MASK
SPBITRIGHT2MASK			= C9CD, G: SPBITRIGHT2MASK
SPCOMPDIRTYADDR			= C9D5, G: SPCOMPDIRTYADDR
SPDIRTYCHARS			= C9EA, G: SPDIRTYCHARS
SPINTRECT			= CA4A, G: SPINTRECT
SPINTSMALLIVAL			= CA7B, G: SPINTRECT
TRYOTHERWAY			= CA8F, L: SPINTRECT
SPPTINSMALLIVAL			= CAA0, G: SPINTRECT
BROKEN				= CAAC, L: SPINTRECT
SPMOVESPRABS			= CAB5, G: SPMOVESPRABS
SPMOVESPRABSNC			= CAC3, G: SPMOVESPRABS
ADJLOOP				= CACE, L: SPMOVESPRABS
SPMOVESPRABSC			= CADC, G: SPMOVESPRABS
YINSCREEN			= CAF4, L: SPMOVESPRABS
XINSCREEN			= CB04, L: SPMOVESPRABS
MVCOLLOOP			= CB1B, L: SPMOVESPRABS
MVROWLOOP			= CB21, L: SPMOVESPRABS
NOTDONE				= CB2B, L: SPMOVESPRABS
NOINC1				= CB43, L: SPMOVESPRABS
NOTINDLIST			= CB57, L: SPMOVESPRABS
NONEXT1				= CB57, L: SPMOVESPRABS
PDLOOP				= CB74, L: SPMOVESPRABS
NOINC2				= CB7C, L: SPMOVESPRABS
PUTHERE				= CB8E, L: SPMOVESPRABS
NOINC3				= CB9D, L: SPMOVESPRABS
NODEC1				= CBAB, L: SPMOVESPRABS
NOINC4				= CBB7, L: SPMOVESPRABS
NONEXT2				= CBC4, L: SPMOVESPRABS
NOTDISPLAYED			= CBC4, L: SPMOVESPRABS
INVALIDATE			= CBDF, L: SPMOVESPRABS
COMPUTEDISP			= CBEE, L: SPMOVESPRABS
NOTNEGATIVE			= CC0C, L: SPMOVESPRABS
ADJUSTGRAPHICS			= CC11, L: SPMOVESPRABS
NOINC5				= CC1D, L: SPMOVESPRABS
SKIP1				= CC2D, L: SPMOVESPRABS
SKIP2				= CC3D, L: SPMOVESPRABS
SPNULLSPRPTR			= CC40, G: SPNULLSPRPTR
SPPRINTATINV			= CC50, G: SPPRINTATINV
SPBIT2MASK			= CC68, G: SPBIT2MASK
SPTBLLOOKUP			= CC70, G: SPTBLLOOKUP
NOINC				= CC76, L: SPTBLLOOKUP
SP_ADDCOLSPR			= CC78, G: SP_ADDCOLSPR
SPADDCOLSPR			= CC97, G: SPADDCOLSPR
ACNOCRY				= CCA2, L: SPADDCOLSPR
ACLOOP				= CCB3, L: SPADDCOLSPR
NOINC1				= CCEF, L: SPADDCOLSPR
ACNOCRY3			= CD03, L: SPADDCOLSPR
ACFAIL				= CD30, L: SPADDCOLSPR
JPHL				= CD41, L: SPADDCOLSPR
SPDELETESPR			= CD42, G: SPDELETESPR
LOOP				= CD46, L: SPDELETESPR
SPDSLOOP			= CD53, G: SPDELETESPR
JPHL				= CD5B, L: SPDELETESPR
SP_ADDMEMORY			= CD5C, G: SP_ADDMEMORY
SPADDMEMORY			= CD75, G: SPADDMEMORY
IB1				= CD7D, L: SPADDMEMORY
IB2				= CD84, L: SPADDMEMORY
SPFREEBLOCK			= CD91, G: SPFREEBLOCK
SPFB1				= CD96, G: SPFREEBLOCK
SPFB2				= CDA1, G: SPFREEBLOCK
SPQUEUETABLE			= CDAC, G: SPQUEUETABLE
SP_BLOCKALLOC			= CDAE, G: SP_BLOCKALLOC
SPBLOCKALLOC			= CDBC, G: SPBLOCKALLOC
SPALLOC				= CDC6, G: SPBLOCKALLOC
SP_BORDER			= CDD7, G: SP_BORDER
SPBORDERCLR			= CDE0, G: SPBORDER
SPBORDER			= CDE1, G: SPBORDER
SP_CREATEGENERICISR		= CDE9, G: SP_CREATEGENERICISR
SPCREATEGENERICISR		= CDF2, G: SPCREATEGENERICISR
GENERICISR			= CDFB, L: SPCREATEGENERICISR
POSITION			= CDFE, L: SPCREATEGENERICISR
PUSHREG				= CE07, L: SPCREATEGENERICISR
JPHL				= CE16, L: SPCREATEGENERICISR
RUNHOOKS			= CE17, L: SPCREATEGENERICISR
POPREG				= CE29, L: SPCREATEGENERICISR
SP_CREATESPR			= CE3A, G: SP_CREATESPR
SPCREATESPR			= CE57, G: SPCREATESPR
CSLOOP				= CEA8, L: SPCREATESPR
CSENTER				= CEBC, L: SPCREATESPR
NOTCOMPRESS			= CECE, L: SPCREATESPR
CONT				= CED3, L: SPCREATESPR
CSNOCRY				= CEEA, L: SPCREATESPR
CSFAIL1				= CEF4, L: SPCREATESPR
CSFAIL2				= CEF6, L: SPCREATESPR
JPHL				= CEFF, L: SPCREATESPR
SP_FREEBLOCK			= CF00, G: SP_FREEBLOCK
SP_GETKEY			= CF0B, G: SP_GETKEY
KEYOK				= CF11, L: SP_GETKEY
STATE				= CF16, L: SPGETKEY
COUNT				= CF17, L: SPGETKEY
SPKEYDEBOUNCE			= CF18, G: SPGETKEY
SPKEYSTARTREPEAT		= CF19, G: SPGETKEY
SPKEYREPEATPERIOD		= CF1A, G: SPGETKEY
SPINKEY				= CF1B, G: SPGETKEY
SPGETKEY			= CF2C, G: SPGETKEY
SCANLOOP			= CF33, L: SPGETKEY
KEYROWLOOP			= CF37, L: SPGETKEY
NOPRESS				= CF47, L: SPGETKEY
NEXTSCANROW			= CF4C, L: SPGETKEY
ATMAXCOUNT			= CF5D, L: SPGETKEY
SKIP				= CF74, L: SPGETKEY
NOCAPS				= CF8A, L: SPGETKEY
NOSYM				= CF95, L: SPGETKEY
TOOMANYKEYS			= CF98, L: SPGETKEY
NOKEYS				= CF98, L: SPGETKEY
SPKEYTRANSTBL			= CFA0, G: SPKEYTRANSTBL
SP_INITIALIZE			= D040, G: SP_INITIALIZE
SPINITIALIZE			= D04C, G: SPINITIALIZE
ROTTBLLP			= D072, L: SPINITIALIZE
ENTRYLP				= D079, L: SPINITIALIZE
ROTLP				= D07C, L: SPINITIALIZE
LOOP				= D095, L: SPINITIALIZE
CONT1				= D09D, L: SPINITIALIZE
NOADD				= D0A7, L: SPINITIALIZE
USERTILE			= D0AA, L: SPINITIALIZE
SPTILEARRAY			= D0AF, G: SPTILEARRAY
SP_INITIM2			= D2AF, G: SP_INITIM2
SPINITIM2			= D2BA, G: SPINITIM2
SP_JOYKEMPSTON			= D2D0, G: SP_JOYKEMPSTON
SPJOYKEMPSTON			= D2D7, G: SPJOYKEMPSTON
KEMPTBL				= D2E2, L: SPJOYKEMPSTON
SP_JOYKEYBOARD			= D302, G: SP_JOYKEYBOARD
SPJOYKEYBOARD			= D310, G: SPJOYKEYBOARD
NOFIRE				= D31D, L: SPJOYKEYBOARD
JKLOOP				= D31D, L: SPJOYKEYBOARD
NOPRESS				= D328, L: SPJOYKEYBOARD
SP_JOYSINCLAIR1			= D32F, G: SP_JOYSINCLAIR1
SPJOYSINCLAIR1			= D336, G: SPJOYSINCLAIR1
SINC1TBL			= D342, L: SPJOYSINCLAIR1
SP_REGISTERHOOK			= D362, G: SP_REGISTERHOOK
SP_REGISTERHOOKLAST		= D378, G: SP_REGISTERHOOKLAST
SPREGISTERHOOKLAST		= D387, G: SPREGISTERHOOKLAST
SPREGISTERHOOK			= D387, G: SPREGISTERHOOKLAST
LOOP				= D390, L: SPREGISTERHOOKLAST
DONE				= D39B, L: SPREGISTERHOOKLAST
SP_TILEARRAY			= D3A4, G: SP_TILEARRAY
SPTILEENTRY			= D3B2, G: SPTILEENTRY
NOINC				= D3BB, L: SPTILEENTRY
SP_UPDATENOW			= D3C3, G: SP_UPDATENOW
TEMPGRAPHIC			= D3C9, L: SPUPDATENOW
TEMPCOLOUR			= D3D1, L: SPUPDATENOW
UPDATE_ATTRS			= D3D2, G: SPUPDATENOW
DOSPRITES			= D3D3, L: SPUPDATENOW
SPUPDATENOW			= D3D4, G: SPUPDATENOW
DIRTYLOOP			= D3E0, L: SPUPDATENOW
NOTACROSSBLK1			= D3F0, L: SPUPDATENOW
REENTER				= D3F8, L: SPUPDATENOW
NOINC1				= D3F8, L: SPUPDATENOW
DIRTYAREA			= D406, L: SPUPDATENOW
NOTACROSSBLK2			= D440, L: SPUPDATENOW
TILEONLY			= D447, L: SPUPDATENOW
NOINC11				= D452, L: SPUPDATENOW
DRAWCHAR			= D476, L: SPUPDATENOW
NOTLOAD				= D4A4, L: SPUPDATENOW
NOINC10				= D4AF, L: SPUPDATENOW
SPRITELOOP			= D4C4, L: SPUPDATENOW
DOSPRITE			= D4C8, L: SPUPDATENOW
COLOURSPRITE			= D5D9, L: SPUPDATENOW
SKIP_SPRITE_UPDATE		= D5DA, L: SPUPDATENOW
CLEAR				= D5DB, L: SPUPDATENOW
COPYBUFFER			= D5E6, L: SPUPDATENOW
NOMORESPRITES			= D608, L: SPUPDATENOW
SKIPUPDATECOL			= D613, L: SPUPDATENOW
MASKNOROTATE			= D616, L: SPUPDATENOW
LOADTYPE			= D661, L: SPUPDATENOW
LOADNOROTATE			= D6CF, L: SPUPDATENOW
XORTYPE				= D6EE, L: SPUPDATENOW
XORNOROTATE			= D774, L: SPUPDATENOW
ORTYPE				= D7A6, L: SPUPDATENOW
ORNOROTATE			= D82C, L: SPUPDATENOW
SP_UPDATENOWEX			= D85E, G: SP_UPDATENOWEX
SP_WAITFORNOKEY			= D867, G: SP_WAITFORNOKEY
SPWAITFORNOKEY			= D86B, G: SPWAITFORNOKEY
